
> copilot-bootcamp@1.0.0 test
> npm run test:frontend && npm run test:backend --watchAll=false


> copilot-bootcamp@1.0.0 test:frontend
> npm run test --workspace=frontend


> frontend@0.1.0 test
> react-scripts test --coverage --watchAll=false

  console.error
    Warning: An update to ForwardRef(FormControl) inside a test was not wrapped in act(...).
    
    When testing, code that causes React state updates should be wrapped into act(...):
    
    act(() => {
      /* fire events that update state */
    });
    /* assert on the output */
    
    This ensures that you're testing the behavior the user would see in the browser. Learn more at https://reactjs.org/link/wrap-tests-with-act
        at FormControl (/workspaces/dajp-ae-bootcamp-session-3/node_modules/@mui/material/FormControl/FormControl.js:104:59)
        at /workspaces/dajp-ae-bootcamp-session-3/node_modules/@emotion/react/dist/emotion-element-a1829a1e.cjs.js:58:23
        at TextField (/workspaces/dajp-ae-bootcamp-session-3/node_modules/@mui/material/TextField/TextField.js:80:59)
        at form
        at /workspaces/dajp-ae-bootcamp-session-3/node_modules/@emotion/react/dist/emotion-element-a1829a1e.cjs.js:58:23
        at Box (/workspaces/dajp-ae-bootcamp-session-3/node_modules/@mui/system/createBox/createBox.js:27:41)
        at div
        at /workspaces/dajp-ae-bootcamp-session-3/node_modules/@emotion/react/dist/emotion-element-a1829a1e.cjs.js:58:23
        at Paper (/workspaces/dajp-ae-bootcamp-session-3/node_modules/@mui/material/Paper/Paper.js:75:59)
        at TaskForm (/workspaces/dajp-ae-bootcamp-session-3/packages/frontend/src/TaskForm.js:6:21)
        at div
        at /workspaces/dajp-ae-bootcamp-session-3/node_modules/@emotion/react/dist/emotion-element-a1829a1e.cjs.js:58:23
        at Box (/workspaces/dajp-ae-bootcamp-session-3/node_modules/@mui/system/createBox/createBox.js:27:41)
        at div
        at /workspaces/dajp-ae-bootcamp-session-3/node_modules/@emotion/react/dist/emotion-element-a1829a1e.cjs.js:58:23
        at Container (/workspaces/dajp-ae-bootcamp-session-3/node_modules/@mui/system/Container/createContainer.js:111:19)
        at div
        at /workspaces/dajp-ae-bootcamp-session-3/node_modules/@emotion/react/dist/emotion-element-a1829a1e.cjs.js:58:23
        at Box (/workspaces/dajp-ae-bootcamp-session-3/node_modules/@mui/system/createBox/createBox.js:27:41)
        at App (/workspaces/dajp-ae-bootcamp-session-3/packages/frontend/src/App.js:8:49)

      116 |       expect(screen.getByText('Test Task 1')).toBeInTheDocument();
      117 |     });
    > 118 |     await user.type(screen.getByTestId('title-input'), 'New Test Task');
          |     ^
      119 |     await user.type(screen.getByTestId('description-input'), 'Task description');
      120 |     await user.click(screen.getByTestId('submit-task'));
      121 |     await waitFor(() => {

      at printWarning (../../node_modules/react-dom/cjs/react-dom.development.js:86:30)
      at error (../../node_modules/react-dom/cjs/react-dom.development.js:60:7)
      at warnIfUpdatesNotWrappedWithActDEV (../../node_modules/react-dom/cjs/react-dom.development.js:27628:9)
      at scheduleUpdateOnFiber (../../node_modules/react-dom/cjs/react-dom.development.js:25547:5)
      at dispatchSetState (../../node_modules/react-dom/cjs/react-dom.development.js:16708:7)
      at Object.onFocus (../../node_modules/@mui/material/FormControl/FormControl.js:211:9)
      at handleFocus (../../node_modules/@mui/material/InputBase/InputBase.js:362:22)
      at HTMLUnknownElement.callCallback (../../node_modules/react-dom/cjs/react-dom.development.js:4164:14)
      at HTMLUnknownElement.callTheUserObjectsOperation (../../node_modules/jsdom/lib/jsdom/living/generated/EventListener.js:26:30)
      at innerInvokeEventListeners (../../node_modules/jsdom/lib/jsdom/living/events/EventTarget-impl.js:338:25)
      at invokeEventListeners (../../node_modules/jsdom/lib/jsdom/living/events/EventTarget-impl.js:274:3)
      at HTMLUnknownElementImpl._dispatch (../../node_modules/jsdom/lib/jsdom/living/events/EventTarget-impl.js:221:9)
      at HTMLUnknownElementImpl.dispatchEvent (../../node_modules/jsdom/lib/jsdom/living/events/EventTarget-impl.js:94:17)
      at HTMLUnknownElement.dispatchEvent (../../node_modules/jsdom/lib/jsdom/living/generated/EventTarget.js:231:34)
      at Object.invokeGuardedCallbackDev (../../node_modules/react-dom/cjs/react-dom.development.js:4213:16)
      at invokeGuardedCallback (../../node_modules/react-dom/cjs/react-dom.development.js:4277:31)
      at invokeGuardedCallbackAndCatchFirstError (../../node_modules/react-dom/cjs/react-dom.development.js:4291:25)
      at executeDispatch (../../node_modules/react-dom/cjs/react-dom.development.js:9041:3)
      at processDispatchQueueItemsInOrder (../../node_modules/react-dom/cjs/react-dom.development.js:9073:7)
      at processDispatchQueue (../../node_modules/react-dom/cjs/react-dom.development.js:9086:5)
      at dispatchEventsForPlugins (../../node_modules/react-dom/cjs/react-dom.development.js:9097:3)
      at ../../node_modules/react-dom/cjs/react-dom.development.js:9288:12
      at batchedUpdates$1 (../../node_modules/react-dom/cjs/react-dom.development.js:26179:12)
      at batchedUpdates (../../node_modules/react-dom/cjs/react-dom.development.js:3991:12)
      at dispatchEventForPluginEventSystem (../../node_modules/react-dom/cjs/react-dom.development.js:9287:3)
      at dispatchEventWithEnableCapturePhaseSelectiveHydrationWithoutDiscreteEventReplay (../../node_modules/react-dom/cjs/react-dom.development.js:6465:5)
      at dispatchEvent (../../node_modules/react-dom/cjs/react-dom.development.js:6457:5)
      at dispatchDiscreteEvent (../../node_modules/react-dom/cjs/react-dom.development.js:6430:5)
      at HTMLDivElement.callTheUserObjectsOperation (../../node_modules/jsdom/lib/jsdom/living/generated/EventListener.js:26:30)
      at innerInvokeEventListeners (../../node_modules/jsdom/lib/jsdom/living/events/EventTarget-impl.js:338:25)
      at invokeEventListeners (../../node_modules/jsdom/lib/jsdom/living/events/EventTarget-impl.js:274:3)
      at HTMLInputElementImpl._dispatch (../../node_modules/jsdom/lib/jsdom/living/events/EventTarget-impl.js:221:9)
      at Object.exports.fireFocusEventWithTargetAdjustment (../../node_modules/jsdom/lib/jsdom/living/helpers/focusing.js:103:10)
      at HTMLInputElementImpl.focus (../../node_modules/jsdom/lib/jsdom/living/nodes/HTMLOrSVGElement-impl.js:69:14)
      at HTMLInputElement.focus (../../node_modules/jsdom/lib/jsdom/living/generated/HTMLElement.js:119:34)
      at HTMLInputElement.patchedFocus (../../node_modules/@testing-library/user-event/dist/cjs/document/patchFocus.js:35:26)
      at ../../node_modules/@testing-library/user-event/dist/cjs/event/focus.js:20:40
      at Object.eventWrapper (../../node_modules/@testing-library/dom/dist/config.js:25:23)
      at Object.wrapEvent (../../node_modules/@testing-library/user-event/dist/cjs/event/wrapEvent.js:6:28)
      at Object.focusElement (../../node_modules/@testing-library/user-event/dist/cjs/event/focus.js:20:19)
      at Mouse.down (../../node_modules/@testing-library/user-event/dist/cjs/system/pointer/mouse.js:78:19)
      at PointerHost.press (../../node_modules/@testing-library/user-event/dist/cjs/system/pointer/index.js:40:24)
      at pointerAction (../../node_modules/@testing-library/user-event/dist/cjs/pointer/index.js:51:43)
      at Object.pointer (../../node_modules/@testing-library/user-event/dist/cjs/pointer/index.js:27:15)
      at Object.type (../../node_modules/@testing-library/user-event/dist/cjs/utility/type.js:12:9)
      at Object.<anonymous> (src/__tests__/App.test.js:118:5)

  console.error
    Warning: An update to ForwardRef(FormControl) inside a test was not wrapped in act(...).
    
    When testing, code that causes React state updates should be wrapped into act(...):
    
    act(() => {
      /* fire events that update state */
    });
    /* assert on the output */
    
    This ensures that you're testing the behavior the user would see in the browser. Learn more at https://reactjs.org/link/wrap-tests-with-act
        at FormControl (/workspaces/dajp-ae-bootcamp-session-3/node_modules/@mui/material/FormControl/FormControl.js:104:59)
        at /workspaces/dajp-ae-bootcamp-session-3/node_modules/@emotion/react/dist/emotion-element-a1829a1e.cjs.js:58:23
        at TextField (/workspaces/dajp-ae-bootcamp-session-3/node_modules/@mui/material/TextField/TextField.js:80:59)
        at form
        at /workspaces/dajp-ae-bootcamp-session-3/node_modules/@emotion/react/dist/emotion-element-a1829a1e.cjs.js:58:23
        at Box (/workspaces/dajp-ae-bootcamp-session-3/node_modules/@mui/system/createBox/createBox.js:27:41)
        at div
        at /workspaces/dajp-ae-bootcamp-session-3/node_modules/@emotion/react/dist/emotion-element-a1829a1e.cjs.js:58:23
        at Paper (/workspaces/dajp-ae-bootcamp-session-3/node_modules/@mui/material/Paper/Paper.js:75:59)
        at TaskForm (/workspaces/dajp-ae-bootcamp-session-3/packages/frontend/src/TaskForm.js:6:21)
        at div
        at /workspaces/dajp-ae-bootcamp-session-3/node_modules/@emotion/react/dist/emotion-element-a1829a1e.cjs.js:58:23
        at Box (/workspaces/dajp-ae-bootcamp-session-3/node_modules/@mui/system/createBox/createBox.js:27:41)
        at div
        at /workspaces/dajp-ae-bootcamp-session-3/node_modules/@emotion/react/dist/emotion-element-a1829a1e.cjs.js:58:23
        at Container (/workspaces/dajp-ae-bootcamp-session-3/node_modules/@mui/system/Container/createContainer.js:111:19)
        at div
        at /workspaces/dajp-ae-bootcamp-session-3/node_modules/@emotion/react/dist/emotion-element-a1829a1e.cjs.js:58:23
        at Box (/workspaces/dajp-ae-bootcamp-session-3/node_modules/@mui/system/createBox/createBox.js:27:41)
        at App (/workspaces/dajp-ae-bootcamp-session-3/packages/frontend/src/App.js:8:49)

      at printWarning (../../node_modules/react-dom/cjs/react-dom.development.js:86:30)
      at error (../../node_modules/react-dom/cjs/react-dom.development.js:60:7)
      at warnIfUpdatesNotWrappedWithActDEV (../../node_modules/react-dom/cjs/react-dom.development.js:27628:9)
      at scheduleUpdateOnFiber (../../node_modules/react-dom/cjs/react-dom.development.js:25547:5)
      at dispatchSetState (../../node_modules/react-dom/cjs/react-dom.development.js:16708:7)
      at ../../node_modules/@mui/material/InputBase/InputBase.js:448:22
      at commitHookEffectListMount (../../node_modules/react-dom/cjs/react-dom.development.js:23189:26)
      at commitPassiveMountOnFiber (../../node_modules/react-dom/cjs/react-dom.development.js:24970:11)
      at commitPassiveMountEffects_complete (../../node_modules/react-dom/cjs/react-dom.development.js:24930:9)
      at commitPassiveMountEffects_begin (../../node_modules/react-dom/cjs/react-dom.development.js:24917:7)
      at commitPassiveMountEffects (../../node_modules/react-dom/cjs/react-dom.development.js:24905:3)
      at flushPassiveEffectsImpl (../../node_modules/react-dom/cjs/react-dom.development.js:27078:3)
      at flushPassiveEffects (../../node_modules/react-dom/cjs/react-dom.development.js:27023:14)
      at commitRootImpl (../../node_modules/react-dom/cjs/react-dom.development.js:26974:5)
      at commitRoot (../../node_modules/react-dom/cjs/react-dom.development.js:26721:5)
      at performSyncWorkOnRoot (../../node_modules/react-dom/cjs/react-dom.development.js:26156:3)
      at flushSyncCallbacks (../../node_modules/react-dom/cjs/react-dom.development.js:12042:22)
      at ../../node_modules/react-dom/cjs/react-dom.development.js:25690:13
      at ../../node_modules/jsdom/lib/jsdom/browser/Window.js:550:9

  console.error
    Warning: An update to TaskForm inside a test was not wrapped in act(...).
    
    When testing, code that causes React state updates should be wrapped into act(...):
    
    act(() => {
      /* fire events that update state */
    });
    /* assert on the output */
    
    This ensures that you're testing the behavior the user would see in the browser. Learn more at https://reactjs.org/link/wrap-tests-with-act
        at TaskForm (/workspaces/dajp-ae-bootcamp-session-3/packages/frontend/src/TaskForm.js:6:21)
        at div
        at /workspaces/dajp-ae-bootcamp-session-3/node_modules/@emotion/react/dist/emotion-element-a1829a1e.cjs.js:58:23
        at Box (/workspaces/dajp-ae-bootcamp-session-3/node_modules/@mui/system/createBox/createBox.js:27:41)
        at div
        at /workspaces/dajp-ae-bootcamp-session-3/node_modules/@emotion/react/dist/emotion-element-a1829a1e.cjs.js:58:23
        at Container (/workspaces/dajp-ae-bootcamp-session-3/node_modules/@mui/system/Container/createContainer.js:111:19)
        at div
        at /workspaces/dajp-ae-bootcamp-session-3/node_modules/@emotion/react/dist/emotion-element-a1829a1e.cjs.js:58:23
        at Box (/workspaces/dajp-ae-bootcamp-session-3/node_modules/@mui/system/createBox/createBox.js:27:41)
        at App (/workspaces/dajp-ae-bootcamp-session-3/packages/frontend/src/App.js:8:49)

      84 |           label="Task Title"
      85 |           value={title}
    > 86 |           onChange={e => setTitle(e.target.value)}
         |                          ^
      87 |           required
      88 |           variant="outlined"
      89 |           fullWidth

      at printWarning (../../node_modules/react-dom/cjs/react-dom.development.js:86:30)
      at error (../../node_modules/react-dom/cjs/react-dom.development.js:60:7)
      at warnIfUpdatesNotWrappedWithActDEV (../../node_modules/react-dom/cjs/react-dom.development.js:27628:9)
      at scheduleUpdateOnFiber (../../node_modules/react-dom/cjs/react-dom.development.js:25547:5)
      at setTitle (../../node_modules/react-dom/cjs/react-dom.development.js:16708:7)
      at onChange (src/TaskForm.js:86:26)
      at handleChange (../../node_modules/@mui/material/InputBase/InputBase.js:396:7)
      at HTMLUnknownElement.callCallback (../../node_modules/react-dom/cjs/react-dom.development.js:4164:14)
      at HTMLUnknownElement.callTheUserObjectsOperation (../../node_modules/jsdom/lib/jsdom/living/generated/EventListener.js:26:30)
      at innerInvokeEventListeners (../../node_modules/jsdom/lib/jsdom/living/events/EventTarget-impl.js:338:25)
      at invokeEventListeners (../../node_modules/jsdom/lib/jsdom/living/events/EventTarget-impl.js:274:3)
      at HTMLUnknownElementImpl._dispatch (../../node_modules/jsdom/lib/jsdom/living/events/EventTarget-impl.js:221:9)
      at HTMLUnknownElementImpl.dispatchEvent (../../node_modules/jsdom/lib/jsdom/living/events/EventTarget-impl.js:94:17)
      at HTMLUnknownElement.dispatchEvent (../../node_modules/jsdom/lib/jsdom/living/generated/EventTarget.js:231:34)
      at Object.invokeGuardedCallbackDev (../../node_modules/react-dom/cjs/react-dom.development.js:4213:16)
      at invokeGuardedCallback (../../node_modules/react-dom/cjs/react-dom.development.js:4277:31)
      at invokeGuardedCallbackAndCatchFirstError (../../node_modules/react-dom/cjs/react-dom.development.js:4291:25)
      at executeDispatch (../../node_modules/react-dom/cjs/react-dom.development.js:9041:3)
      at processDispatchQueueItemsInOrder (../../node_modules/react-dom/cjs/react-dom.development.js:9073:7)
      at processDispatchQueue (../../node_modules/react-dom/cjs/react-dom.development.js:9086:5)
      at dispatchEventsForPlugins (../../node_modules/react-dom/cjs/react-dom.development.js:9097:3)
      at ../../node_modules/react-dom/cjs/react-dom.development.js:9288:12
      at batchedUpdates$1 (../../node_modules/react-dom/cjs/react-dom.development.js:26179:12)
      at batchedUpdates (../../node_modules/react-dom/cjs/react-dom.development.js:3991:12)
      at dispatchEventForPluginEventSystem (../../node_modules/react-dom/cjs/react-dom.development.js:9287:3)
      at dispatchEventWithEnableCapturePhaseSelectiveHydrationWithoutDiscreteEventReplay (../../node_modules/react-dom/cjs/react-dom.development.js:6465:5)
      at dispatchEvent (../../node_modules/react-dom/cjs/react-dom.development.js:6457:5)
      at dispatchDiscreteEvent (../../node_modules/react-dom/cjs/react-dom.development.js:6430:5)
      at HTMLDivElement.callTheUserObjectsOperation (../../node_modules/jsdom/lib/jsdom/living/generated/EventListener.js:26:30)
      at innerInvokeEventListeners (../../node_modules/jsdom/lib/jsdom/living/events/EventTarget-impl.js:338:25)
      at invokeEventListeners (../../node_modules/jsdom/lib/jsdom/living/events/EventTarget-impl.js:274:3)
      at HTMLInputElementImpl._dispatch (../../node_modules/jsdom/lib/jsdom/living/events/EventTarget-impl.js:221:9)
      at HTMLInputElementImpl.dispatchEvent (../../node_modules/jsdom/lib/jsdom/living/events/EventTarget-impl.js:94:17)
      at HTMLInputElement.dispatchEvent (../../node_modules/jsdom/lib/jsdom/living/generated/EventTarget.js:231:34)
      at ../../node_modules/@testing-library/user-event/dist/cjs/event/dispatchEvent.js:45:43
      at Object.eventWrapper (../../node_modules/@testing-library/dom/dist/config.js:25:23)
      at Object.wrapEvent (../../node_modules/@testing-library/user-event/dist/cjs/event/wrapEvent.js:6:28)
      at Object.dispatchEvent (../../node_modules/@testing-library/user-event/dist/cjs/event/dispatchEvent.js:45:22)
      at Object.dispatchUIEvent (../../node_modules/@testing-library/user-event/dist/cjs/event/dispatchEvent.js:22:26)
      at commitInput (../../node_modules/@testing-library/user-event/dist/cjs/event/input.js:145:14)
      at editInputElement (../../node_modules/@testing-library/user-event/dist/cjs/event/input.js:115:9)
      at Object.input (../../node_modules/@testing-library/user-event/dist/cjs/event/input.js:37:9)
      at ../../node_modules/@testing-library/user-event/dist/cjs/event/behavior/keypress.js:31:26
      at Object.dispatchEvent (../../node_modules/@testing-library/user-event/dist/cjs/event/dispatchEvent.js:41:13)
      at Object.dispatchUIEvent (../../node_modules/@testing-library/user-event/dist/cjs/event/dispatchEvent.js:22:26)
      at KeyboardHost.keydown (../../node_modules/@testing-library/user-event/dist/cjs/system/keyboard.js:76:22)
      at keyboardAction (../../node_modules/@testing-library/user-event/dist/cjs/keyboard/index.js:22:35)

  console.error
    Warning: An update to ForwardRef(FormControl) inside a test was not wrapped in act(...).
    
    When testing, code that causes React state updates should be wrapped into act(...):
    
    act(() => {
      /* fire events that update state */
    });
    /* assert on the output */
    
    This ensures that you're testing the behavior the user would see in the browser. Learn more at https://reactjs.org/link/wrap-tests-with-act
        at FormControl (/workspaces/dajp-ae-bootcamp-session-3/node_modules/@mui/material/FormControl/FormControl.js:104:59)
        at /workspaces/dajp-ae-bootcamp-session-3/node_modules/@emotion/react/dist/emotion-element-a1829a1e.cjs.js:58:23
        at TextField (/workspaces/dajp-ae-bootcamp-session-3/node_modules/@mui/material/TextField/TextField.js:80:59)
        at form
        at /workspaces/dajp-ae-bootcamp-session-3/node_modules/@emotion/react/dist/emotion-element-a1829a1e.cjs.js:58:23
        at Box (/workspaces/dajp-ae-bootcamp-session-3/node_modules/@mui/system/createBox/createBox.js:27:41)
        at div
        at /workspaces/dajp-ae-bootcamp-session-3/node_modules/@emotion/react/dist/emotion-element-a1829a1e.cjs.js:58:23
        at Paper (/workspaces/dajp-ae-bootcamp-session-3/node_modules/@mui/material/Paper/Paper.js:75:59)
        at TaskForm (/workspaces/dajp-ae-bootcamp-session-3/packages/frontend/src/TaskForm.js:6:21)
        at div
        at /workspaces/dajp-ae-bootcamp-session-3/node_modules/@emotion/react/dist/emotion-element-a1829a1e.cjs.js:58:23
        at Box (/workspaces/dajp-ae-bootcamp-session-3/node_modules/@mui/system/createBox/createBox.js:27:41)
        at div
        at /workspaces/dajp-ae-bootcamp-session-3/node_modules/@emotion/react/dist/emotion-element-a1829a1e.cjs.js:58:23
        at Container (/workspaces/dajp-ae-bootcamp-session-3/node_modules/@mui/system/Container/createContainer.js:111:19)
        at div
        at /workspaces/dajp-ae-bootcamp-session-3/node_modules/@emotion/react/dist/emotion-element-a1829a1e.cjs.js:58:23
        at Box (/workspaces/dajp-ae-bootcamp-session-3/node_modules/@mui/system/createBox/createBox.js:27:41)
        at App (/workspaces/dajp-ae-bootcamp-session-3/packages/frontend/src/App.js:8:49)

      116 |       expect(screen.getByText('Test Task 1')).toBeInTheDocument();
      117 |     });
    > 118 |     await user.type(screen.getByTestId('title-input'), 'New Test Task');
          |     ^
      119 |     await user.type(screen.getByTestId('description-input'), 'Task description');
      120 |     await user.click(screen.getByTestId('submit-task'));
      121 |     await waitFor(() => {

      at printWarning (../../node_modules/react-dom/cjs/react-dom.development.js:86:30)
      at error (../../node_modules/react-dom/cjs/react-dom.development.js:60:7)
      at warnIfUpdatesNotWrappedWithActDEV (../../node_modules/react-dom/cjs/react-dom.development.js:27628:9)
      at scheduleUpdateOnFiber (../../node_modules/react-dom/cjs/react-dom.development.js:25547:5)
      at dispatchSetState (../../node_modules/react-dom/cjs/react-dom.development.js:16708:7)
      at ../../node_modules/@mui/material/FormControl/FormControl.js:190:5
      at ../../node_modules/@mui/material/InputBase/InputBase.js:341:9
      at ../../node_modules/@mui/material/InputBase/InputBase.js:349:7
      at commitHookEffectListMount (../../node_modules/react-dom/cjs/react-dom.development.js:23189:26)
      at commitLayoutEffectOnFiber (../../node_modules/react-dom/cjs/react-dom.development.js:23312:15)
      at commitLayoutMountEffects_complete (../../node_modules/react-dom/cjs/react-dom.development.js:24727:9)
      at commitLayoutEffects_begin (../../node_modules/react-dom/cjs/react-dom.development.js:24713:7)
      at commitLayoutEffects (../../node_modules/react-dom/cjs/react-dom.development.js:24651:3)
      at commitRootImpl (../../node_modules/react-dom/cjs/react-dom.development.js:26862:5)
      at commitRoot (../../node_modules/react-dom/cjs/react-dom.development.js:26721:5)
      at performSyncWorkOnRoot (../../node_modules/react-dom/cjs/react-dom.development.js:26156:3)
      at flushSyncCallbacks (../../node_modules/react-dom/cjs/react-dom.development.js:12042:22)
      at flushSync (../../node_modules/react-dom/cjs/react-dom.development.js:26240:7)
      at finishEventHandler (../../node_modules/react-dom/cjs/react-dom.development.js:3976:5)
      at batchedUpdates (../../node_modules/react-dom/cjs/react-dom.development.js:3994:5)
      at dispatchEventForPluginEventSystem (../../node_modules/react-dom/cjs/react-dom.development.js:9287:3)
      at dispatchEventWithEnableCapturePhaseSelectiveHydrationWithoutDiscreteEventReplay (../../node_modules/react-dom/cjs/react-dom.development.js:6465:5)
      at dispatchEvent (../../node_modules/react-dom/cjs/react-dom.development.js:6457:5)
      at dispatchDiscreteEvent (../../node_modules/react-dom/cjs/react-dom.development.js:6430:5)
      at HTMLDivElement.callTheUserObjectsOperation (../../node_modules/jsdom/lib/jsdom/living/generated/EventListener.js:26:30)
      at innerInvokeEventListeners (../../node_modules/jsdom/lib/jsdom/living/events/EventTarget-impl.js:338:25)
      at invokeEventListeners (../../node_modules/jsdom/lib/jsdom/living/events/EventTarget-impl.js:274:3)
      at HTMLInputElementImpl._dispatch (../../node_modules/jsdom/lib/jsdom/living/events/EventTarget-impl.js:221:9)
      at HTMLInputElementImpl.dispatchEvent (../../node_modules/jsdom/lib/jsdom/living/events/EventTarget-impl.js:94:17)
      at HTMLInputElement.dispatchEvent (../../node_modules/jsdom/lib/jsdom/living/generated/EventTarget.js:231:34)
      at ../../node_modules/@testing-library/user-event/dist/cjs/event/dispatchEvent.js:45:43
      at Object.eventWrapper (../../node_modules/@testing-library/dom/dist/config.js:25:23)
      at Object.wrapEvent (../../node_modules/@testing-library/user-event/dist/cjs/event/wrapEvent.js:6:28)
      at Object.dispatchEvent (../../node_modules/@testing-library/user-event/dist/cjs/event/dispatchEvent.js:45:22)
      at Object.dispatchUIEvent (../../node_modules/@testing-library/user-event/dist/cjs/event/dispatchEvent.js:22:26)
      at commitInput (../../node_modules/@testing-library/user-event/dist/cjs/event/input.js:145:14)
      at editInputElement (../../node_modules/@testing-library/user-event/dist/cjs/event/input.js:115:9)
      at Object.input (../../node_modules/@testing-library/user-event/dist/cjs/event/input.js:37:9)
      at ../../node_modules/@testing-library/user-event/dist/cjs/event/behavior/keypress.js:31:26
      at Object.dispatchEvent (../../node_modules/@testing-library/user-event/dist/cjs/event/dispatchEvent.js:41:13)
      at Object.dispatchUIEvent (../../node_modules/@testing-library/user-event/dist/cjs/event/dispatchEvent.js:22:26)
      at KeyboardHost.keydown (../../node_modules/@testing-library/user-event/dist/cjs/system/keyboard.js:76:22)
      at keyboardAction (../../node_modules/@testing-library/user-event/dist/cjs/keyboard/index.js:22:35)
      at Object.keyboard (../../node_modules/@testing-library/user-event/dist/cjs/keyboard/index.js:11:15)
      at Object.type (../../node_modules/@testing-library/user-event/dist/cjs/utility/type.js:17:5)
      at Object.<anonymous> (src/__tests__/App.test.js:118:5)

  console.error
    Warning: An update to ForwardRef(FormControl) inside a test was not wrapped in act(...).
    
    When testing, code that causes React state updates should be wrapped into act(...):
    
    act(() => {
      /* fire events that update state */
    });
    /* assert on the output */
    
    This ensures that you're testing the behavior the user would see in the browser. Learn more at https://reactjs.org/link/wrap-tests-with-act
        at FormControl (/workspaces/dajp-ae-bootcamp-session-3/node_modules/@mui/material/FormControl/FormControl.js:104:59)
        at /workspaces/dajp-ae-bootcamp-session-3/node_modules/@emotion/react/dist/emotion-element-a1829a1e.cjs.js:58:23
        at TextField (/workspaces/dajp-ae-bootcamp-session-3/node_modules/@mui/material/TextField/TextField.js:80:59)
        at form
        at /workspaces/dajp-ae-bootcamp-session-3/node_modules/@emotion/react/dist/emotion-element-a1829a1e.cjs.js:58:23
        at Box (/workspaces/dajp-ae-bootcamp-session-3/node_modules/@mui/system/createBox/createBox.js:27:41)
        at div
        at /workspaces/dajp-ae-bootcamp-session-3/node_modules/@emotion/react/dist/emotion-element-a1829a1e.cjs.js:58:23
        at Paper (/workspaces/dajp-ae-bootcamp-session-3/node_modules/@mui/material/Paper/Paper.js:75:59)
        at TaskForm (/workspaces/dajp-ae-bootcamp-session-3/packages/frontend/src/TaskForm.js:6:21)
        at div
        at /workspaces/dajp-ae-bootcamp-session-3/node_modules/@emotion/react/dist/emotion-element-a1829a1e.cjs.js:58:23
        at Box (/workspaces/dajp-ae-bootcamp-session-3/node_modules/@mui/system/createBox/createBox.js:27:41)
        at div
        at /workspaces/dajp-ae-bootcamp-session-3/node_modules/@emotion/react/dist/emotion-element-a1829a1e.cjs.js:58:23
        at Container (/workspaces/dajp-ae-bootcamp-session-3/node_modules/@mui/system/Container/createContainer.js:111:19)
        at div
        at /workspaces/dajp-ae-bootcamp-session-3/node_modules/@emotion/react/dist/emotion-element-a1829a1e.cjs.js:58:23
        at Box (/workspaces/dajp-ae-bootcamp-session-3/node_modules/@mui/system/createBox/createBox.js:27:41)
        at App (/workspaces/dajp-ae-bootcamp-session-3/packages/frontend/src/App.js:8:49)

      116 |       expect(screen.getByText('Test Task 1')).toBeInTheDocument();
      117 |     });
    > 118 |     await user.type(screen.getByTestId('title-input'), 'New Test Task');
          |     ^
      119 |     await user.type(screen.getByTestId('description-input'), 'Task description');
      120 |     await user.click(screen.getByTestId('submit-task'));
      121 |     await waitFor(() => {

      at printWarning (../../node_modules/react-dom/cjs/react-dom.development.js:86:30)
      at error (../../node_modules/react-dom/cjs/react-dom.development.js:60:7)
      at warnIfUpdatesNotWrappedWithActDEV (../../node_modules/react-dom/cjs/react-dom.development.js:27628:9)
      at scheduleUpdateOnFiber (../../node_modules/react-dom/cjs/react-dom.development.js:25547:5)
      at dispatchSetState (../../node_modules/react-dom/cjs/react-dom.development.js:16708:7)
      at ../../node_modules/@mui/material/InputBase/InputBase.js:448:22
      at commitHookEffectListMount (../../node_modules/react-dom/cjs/react-dom.development.js:23189:26)
      at commitPassiveMountOnFiber (../../node_modules/react-dom/cjs/react-dom.development.js:24970:11)
      at commitPassiveMountEffects_complete (../../node_modules/react-dom/cjs/react-dom.development.js:24930:9)
      at commitPassiveMountEffects_begin (../../node_modules/react-dom/cjs/react-dom.development.js:24917:7)
      at commitPassiveMountEffects (../../node_modules/react-dom/cjs/react-dom.development.js:24905:3)
      at flushPassiveEffectsImpl (../../node_modules/react-dom/cjs/react-dom.development.js:27078:3)
      at flushPassiveEffects (../../node_modules/react-dom/cjs/react-dom.development.js:27023:14)
      at commitRootImpl (../../node_modules/react-dom/cjs/react-dom.development.js:26974:5)
      at commitRoot (../../node_modules/react-dom/cjs/react-dom.development.js:26721:5)
      at performSyncWorkOnRoot (../../node_modules/react-dom/cjs/react-dom.development.js:26156:3)
      at flushSyncCallbacks (../../node_modules/react-dom/cjs/react-dom.development.js:12042:22)
      at flushSync (../../node_modules/react-dom/cjs/react-dom.development.js:26240:7)
      at finishEventHandler (../../node_modules/react-dom/cjs/react-dom.development.js:3976:5)
      at batchedUpdates (../../node_modules/react-dom/cjs/react-dom.development.js:3994:5)
      at dispatchEventForPluginEventSystem (../../node_modules/react-dom/cjs/react-dom.development.js:9287:3)
      at dispatchEventWithEnableCapturePhaseSelectiveHydrationWithoutDiscreteEventReplay (../../node_modules/react-dom/cjs/react-dom.development.js:6465:5)
      at dispatchEvent (../../node_modules/react-dom/cjs/react-dom.development.js:6457:5)
      at dispatchDiscreteEvent (../../node_modules/react-dom/cjs/react-dom.development.js:6430:5)
      at HTMLDivElement.callTheUserObjectsOperation (../../node_modules/jsdom/lib/jsdom/living/generated/EventListener.js:26:30)
      at innerInvokeEventListeners (../../node_modules/jsdom/lib/jsdom/living/events/EventTarget-impl.js:338:25)
      at invokeEventListeners (../../node_modules/jsdom/lib/jsdom/living/events/EventTarget-impl.js:274:3)
      at HTMLInputElementImpl._dispatch (../../node_modules/jsdom/lib/jsdom/living/events/EventTarget-impl.js:221:9)
      at HTMLInputElementImpl.dispatchEvent (../../node_modules/jsdom/lib/jsdom/living/events/EventTarget-impl.js:94:17)
      at HTMLInputElement.dispatchEvent (../../node_modules/jsdom/lib/jsdom/living/generated/EventTarget.js:231:34)
      at ../../node_modules/@testing-library/user-event/dist/cjs/event/dispatchEvent.js:45:43
      at Object.eventWrapper (../../node_modules/@testing-library/dom/dist/config.js:25:23)
      at Object.wrapEvent (../../node_modules/@testing-library/user-event/dist/cjs/event/wrapEvent.js:6:28)
      at Object.dispatchEvent (../../node_modules/@testing-library/user-event/dist/cjs/event/dispatchEvent.js:45:22)
      at Object.dispatchUIEvent (../../node_modules/@testing-library/user-event/dist/cjs/event/dispatchEvent.js:22:26)
      at commitInput (../../node_modules/@testing-library/user-event/dist/cjs/event/input.js:145:14)
      at editInputElement (../../node_modules/@testing-library/user-event/dist/cjs/event/input.js:115:9)
      at Object.input (../../node_modules/@testing-library/user-event/dist/cjs/event/input.js:37:9)
      at ../../node_modules/@testing-library/user-event/dist/cjs/event/behavior/keypress.js:31:26
      at Object.dispatchEvent (../../node_modules/@testing-library/user-event/dist/cjs/event/dispatchEvent.js:41:13)
      at Object.dispatchUIEvent (../../node_modules/@testing-library/user-event/dist/cjs/event/dispatchEvent.js:22:26)
      at KeyboardHost.keydown (../../node_modules/@testing-library/user-event/dist/cjs/system/keyboard.js:76:22)
      at keyboardAction (../../node_modules/@testing-library/user-event/dist/cjs/keyboard/index.js:22:35)
      at Object.keyboard (../../node_modules/@testing-library/user-event/dist/cjs/keyboard/index.js:11:15)
      at Object.type (../../node_modules/@testing-library/user-event/dist/cjs/utility/type.js:17:5)
      at Object.<anonymous> (src/__tests__/App.test.js:118:5)

  console.error
    Warning: An update to ForwardRef(FormControl) inside a test was not wrapped in act(...).
    
    When testing, code that causes React state updates should be wrapped into act(...):
    
    act(() => {
      /* fire events that update state */
    });
    /* assert on the output */
    
    This ensures that you're testing the behavior the user would see in the browser. Learn more at https://reactjs.org/link/wrap-tests-with-act
        at FormControl (/workspaces/dajp-ae-bootcamp-session-3/node_modules/@mui/material/FormControl/FormControl.js:104:59)
        at /workspaces/dajp-ae-bootcamp-session-3/node_modules/@emotion/react/dist/emotion-element-a1829a1e.cjs.js:58:23
        at TextField (/workspaces/dajp-ae-bootcamp-session-3/node_modules/@mui/material/TextField/TextField.js:80:59)
        at form
        at /workspaces/dajp-ae-bootcamp-session-3/node_modules/@emotion/react/dist/emotion-element-a1829a1e.cjs.js:58:23
        at Box (/workspaces/dajp-ae-bootcamp-session-3/node_modules/@mui/system/createBox/createBox.js:27:41)
        at div
        at /workspaces/dajp-ae-bootcamp-session-3/node_modules/@emotion/react/dist/emotion-element-a1829a1e.cjs.js:58:23
        at Paper (/workspaces/dajp-ae-bootcamp-session-3/node_modules/@mui/material/Paper/Paper.js:75:59)
        at TaskForm (/workspaces/dajp-ae-bootcamp-session-3/packages/frontend/src/TaskForm.js:6:21)
        at div
        at /workspaces/dajp-ae-bootcamp-session-3/node_modules/@emotion/react/dist/emotion-element-a1829a1e.cjs.js:58:23
        at Box (/workspaces/dajp-ae-bootcamp-session-3/node_modules/@mui/system/createBox/createBox.js:27:41)
        at div
        at /workspaces/dajp-ae-bootcamp-session-3/node_modules/@emotion/react/dist/emotion-element-a1829a1e.cjs.js:58:23
        at Container (/workspaces/dajp-ae-bootcamp-session-3/node_modules/@mui/system/Container/createContainer.js:111:19)
        at div
        at /workspaces/dajp-ae-bootcamp-session-3/node_modules/@emotion/react/dist/emotion-element-a1829a1e.cjs.js:58:23
        at Box (/workspaces/dajp-ae-bootcamp-session-3/node_modules/@mui/system/createBox/createBox.js:27:41)
        at App (/workspaces/dajp-ae-bootcamp-session-3/packages/frontend/src/App.js:8:49)

      116 |       expect(screen.getByText('Test Task 1')).toBeInTheDocument();
      117 |     });
    > 118 |     await user.type(screen.getByTestId('title-input'), 'New Test Task');
          |     ^
      119 |     await user.type(screen.getByTestId('description-input'), 'Task description');
      120 |     await user.click(screen.getByTestId('submit-task'));
      121 |     await waitFor(() => {

      at printWarning (../../node_modules/react-dom/cjs/react-dom.development.js:86:30)
      at error (../../node_modules/react-dom/cjs/react-dom.development.js:60:7)
      at warnIfUpdatesNotWrappedWithActDEV (../../node_modules/react-dom/cjs/react-dom.development.js:27628:9)
      at scheduleUpdateOnFiber (../../node_modules/react-dom/cjs/react-dom.development.js:25547:5)
      at dispatchSetState (../../node_modules/react-dom/cjs/react-dom.development.js:16708:7)
      at ../../node_modules/@mui/material/InputBase/InputBase.js:448:22
      at commitHookEffectListMount (../../node_modules/react-dom/cjs/react-dom.development.js:23189:26)
      at commitPassiveMountOnFiber (../../node_modules/react-dom/cjs/react-dom.development.js:24970:11)
      at commitPassiveMountEffects_complete (../../node_modules/react-dom/cjs/react-dom.development.js:24930:9)
      at commitPassiveMountEffects_begin (../../node_modules/react-dom/cjs/react-dom.development.js:24917:7)
      at commitPassiveMountEffects (../../node_modules/react-dom/cjs/react-dom.development.js:24905:3)
      at flushPassiveEffectsImpl (../../node_modules/react-dom/cjs/react-dom.development.js:27078:3)
      at flushPassiveEffects (../../node_modules/react-dom/cjs/react-dom.development.js:27023:14)
      at commitRootImpl (../../node_modules/react-dom/cjs/react-dom.development.js:26974:5)
      at commitRoot (../../node_modules/react-dom/cjs/react-dom.development.js:26721:5)
      at performSyncWorkOnRoot (../../node_modules/react-dom/cjs/react-dom.development.js:26156:3)
      at flushSyncCallbacks (../../node_modules/react-dom/cjs/react-dom.development.js:12042:22)
      at flushSync (../../node_modules/react-dom/cjs/react-dom.development.js:26240:7)
      at finishEventHandler (../../node_modules/react-dom/cjs/react-dom.development.js:3976:5)
      at batchedUpdates (../../node_modules/react-dom/cjs/react-dom.development.js:3994:5)
      at dispatchEventForPluginEventSystem (../../node_modules/react-dom/cjs/react-dom.development.js:9287:3)
      at dispatchEventWithEnableCapturePhaseSelectiveHydrationWithoutDiscreteEventReplay (../../node_modules/react-dom/cjs/react-dom.development.js:6465:5)
      at dispatchEvent (../../node_modules/react-dom/cjs/react-dom.development.js:6457:5)
      at dispatchDiscreteEvent (../../node_modules/react-dom/cjs/react-dom.development.js:6430:5)
      at HTMLDivElement.callTheUserObjectsOperation (../../node_modules/jsdom/lib/jsdom/living/generated/EventListener.js:26:30)
      at innerInvokeEventListeners (../../node_modules/jsdom/lib/jsdom/living/events/EventTarget-impl.js:338:25)
      at invokeEventListeners (../../node_modules/jsdom/lib/jsdom/living/events/EventTarget-impl.js:274:3)
      at HTMLInputElementImpl._dispatch (../../node_modules/jsdom/lib/jsdom/living/events/EventTarget-impl.js:221:9)
      at HTMLInputElementImpl.dispatchEvent (../../node_modules/jsdom/lib/jsdom/living/events/EventTarget-impl.js:94:17)
      at HTMLInputElement.dispatchEvent (../../node_modules/jsdom/lib/jsdom/living/generated/EventTarget.js:231:34)
      at ../../node_modules/@testing-library/user-event/dist/cjs/event/dispatchEvent.js:45:43
      at Object.eventWrapper (../../node_modules/@testing-library/dom/dist/config.js:25:23)
      at Object.wrapEvent (../../node_modules/@testing-library/user-event/dist/cjs/event/wrapEvent.js:6:28)
      at Object.dispatchEvent (../../node_modules/@testing-library/user-event/dist/cjs/event/dispatchEvent.js:45:22)
      at Object.dispatchUIEvent (../../node_modules/@testing-library/user-event/dist/cjs/event/dispatchEvent.js:22:26)
      at commitInput (../../node_modules/@testing-library/user-event/dist/cjs/event/input.js:145:14)
      at editInputElement (../../node_modules/@testing-library/user-event/dist/cjs/event/input.js:115:9)
      at Object.input (../../node_modules/@testing-library/user-event/dist/cjs/event/input.js:37:9)
      at ../../node_modules/@testing-library/user-event/dist/cjs/event/behavior/keypress.js:31:26
      at Object.dispatchEvent (../../node_modules/@testing-library/user-event/dist/cjs/event/dispatchEvent.js:41:13)
      at Object.dispatchUIEvent (../../node_modules/@testing-library/user-event/dist/cjs/event/dispatchEvent.js:22:26)
      at KeyboardHost.keydown (../../node_modules/@testing-library/user-event/dist/cjs/system/keyboard.js:76:22)
      at keyboardAction (../../node_modules/@testing-library/user-event/dist/cjs/keyboard/index.js:22:35)
      at Object.keyboard (../../node_modules/@testing-library/user-event/dist/cjs/keyboard/index.js:11:15)
      at Object.type (../../node_modules/@testing-library/user-event/dist/cjs/utility/type.js:17:5)
      at Object.<anonymous> (src/__tests__/App.test.js:118:5)

  console.error
    Warning: An update to ForwardRef(FormControl) inside a test was not wrapped in act(...).
    
    When testing, code that causes React state updates should be wrapped into act(...):
    
    act(() => {
      /* fire events that update state */
    });
    /* assert on the output */
    
    This ensures that you're testing the behavior the user would see in the browser. Learn more at https://reactjs.org/link/wrap-tests-with-act
        at FormControl (/workspaces/dajp-ae-bootcamp-session-3/node_modules/@mui/material/FormControl/FormControl.js:104:59)
        at /workspaces/dajp-ae-bootcamp-session-3/node_modules/@emotion/react/dist/emotion-element-a1829a1e.cjs.js:58:23
        at TextField (/workspaces/dajp-ae-bootcamp-session-3/node_modules/@mui/material/TextField/TextField.js:80:59)
        at form
        at /workspaces/dajp-ae-bootcamp-session-3/node_modules/@emotion/react/dist/emotion-element-a1829a1e.cjs.js:58:23
        at Box (/workspaces/dajp-ae-bootcamp-session-3/node_modules/@mui/system/createBox/createBox.js:27:41)
        at div
        at /workspaces/dajp-ae-bootcamp-session-3/node_modules/@emotion/react/dist/emotion-element-a1829a1e.cjs.js:58:23
        at Paper (/workspaces/dajp-ae-bootcamp-session-3/node_modules/@mui/material/Paper/Paper.js:75:59)
        at TaskForm (/workspaces/dajp-ae-bootcamp-session-3/packages/frontend/src/TaskForm.js:6:21)
        at div
        at /workspaces/dajp-ae-bootcamp-session-3/node_modules/@emotion/react/dist/emotion-element-a1829a1e.cjs.js:58:23
        at Box (/workspaces/dajp-ae-bootcamp-session-3/node_modules/@mui/system/createBox/createBox.js:27:41)
        at div
        at /workspaces/dajp-ae-bootcamp-session-3/node_modules/@emotion/react/dist/emotion-element-a1829a1e.cjs.js:58:23
        at Container (/workspaces/dajp-ae-bootcamp-session-3/node_modules/@mui/system/Container/createContainer.js:111:19)
        at div
        at /workspaces/dajp-ae-bootcamp-session-3/node_modules/@emotion/react/dist/emotion-element-a1829a1e.cjs.js:58:23
        at Box (/workspaces/dajp-ae-bootcamp-session-3/node_modules/@mui/system/createBox/createBox.js:27:41)
        at App (/workspaces/dajp-ae-bootcamp-session-3/packages/frontend/src/App.js:8:49)

      116 |       expect(screen.getByText('Test Task 1')).toBeInTheDocument();
      117 |     });
    > 118 |     await user.type(screen.getByTestId('title-input'), 'New Test Task');
          |     ^
      119 |     await user.type(screen.getByTestId('description-input'), 'Task description');
      120 |     await user.click(screen.getByTestId('submit-task'));
      121 |     await waitFor(() => {

      at printWarning (../../node_modules/react-dom/cjs/react-dom.development.js:86:30)
      at error (../../node_modules/react-dom/cjs/react-dom.development.js:60:7)
      at warnIfUpdatesNotWrappedWithActDEV (../../node_modules/react-dom/cjs/react-dom.development.js:27628:9)
      at scheduleUpdateOnFiber (../../node_modules/react-dom/cjs/react-dom.development.js:25547:5)
      at dispatchSetState (../../node_modules/react-dom/cjs/react-dom.development.js:16708:7)
      at ../../node_modules/@mui/material/InputBase/InputBase.js:448:22
      at commitHookEffectListMount (../../node_modules/react-dom/cjs/react-dom.development.js:23189:26)
      at commitPassiveMountOnFiber (../../node_modules/react-dom/cjs/react-dom.development.js:24970:11)
      at commitPassiveMountEffects_complete (../../node_modules/react-dom/cjs/react-dom.development.js:24930:9)
      at commitPassiveMountEffects_begin (../../node_modules/react-dom/cjs/react-dom.development.js:24917:7)
      at commitPassiveMountEffects (../../node_modules/react-dom/cjs/react-dom.development.js:24905:3)
      at flushPassiveEffectsImpl (../../node_modules/react-dom/cjs/react-dom.development.js:27078:3)
      at flushPassiveEffects (../../node_modules/react-dom/cjs/react-dom.development.js:27023:14)
      at commitRootImpl (../../node_modules/react-dom/cjs/react-dom.development.js:26974:5)
      at commitRoot (../../node_modules/react-dom/cjs/react-dom.development.js:26721:5)
      at performSyncWorkOnRoot (../../node_modules/react-dom/cjs/react-dom.development.js:26156:3)
      at flushSyncCallbacks (../../node_modules/react-dom/cjs/react-dom.development.js:12042:22)
      at flushSync (../../node_modules/react-dom/cjs/react-dom.development.js:26240:7)
      at finishEventHandler (../../node_modules/react-dom/cjs/react-dom.development.js:3976:5)
      at batchedUpdates (../../node_modules/react-dom/cjs/react-dom.development.js:3994:5)
      at dispatchEventForPluginEventSystem (../../node_modules/react-dom/cjs/react-dom.development.js:9287:3)
      at dispatchEventWithEnableCapturePhaseSelectiveHydrationWithoutDiscreteEventReplay (../../node_modules/react-dom/cjs/react-dom.development.js:6465:5)
      at dispatchEvent (../../node_modules/react-dom/cjs/react-dom.development.js:6457:5)
      at dispatchDiscreteEvent (../../node_modules/react-dom/cjs/react-dom.development.js:6430:5)
      at HTMLDivElement.callTheUserObjectsOperation (../../node_modules/jsdom/lib/jsdom/living/generated/EventListener.js:26:30)
      at innerInvokeEventListeners (../../node_modules/jsdom/lib/jsdom/living/events/EventTarget-impl.js:338:25)
      at invokeEventListeners (../../node_modules/jsdom/lib/jsdom/living/events/EventTarget-impl.js:274:3)
      at HTMLInputElementImpl._dispatch (../../node_modules/jsdom/lib/jsdom/living/events/EventTarget-impl.js:221:9)
      at HTMLInputElementImpl.dispatchEvent (../../node_modules/jsdom/lib/jsdom/living/events/EventTarget-impl.js:94:17)
      at HTMLInputElement.dispatchEvent (../../node_modules/jsdom/lib/jsdom/living/generated/EventTarget.js:231:34)
      at ../../node_modules/@testing-library/user-event/dist/cjs/event/dispatchEvent.js:45:43
      at Object.eventWrapper (../../node_modules/@testing-library/dom/dist/config.js:25:23)
      at Object.wrapEvent (../../node_modules/@testing-library/user-event/dist/cjs/event/wrapEvent.js:6:28)
      at Object.dispatchEvent (../../node_modules/@testing-library/user-event/dist/cjs/event/dispatchEvent.js:45:22)
      at Object.dispatchUIEvent (../../node_modules/@testing-library/user-event/dist/cjs/event/dispatchEvent.js:22:26)
      at commitInput (../../node_modules/@testing-library/user-event/dist/cjs/event/input.js:145:14)
      at editInputElement (../../node_modules/@testing-library/user-event/dist/cjs/event/input.js:115:9)
      at Object.input (../../node_modules/@testing-library/user-event/dist/cjs/event/input.js:37:9)
      at ../../node_modules/@testing-library/user-event/dist/cjs/event/behavior/keypress.js:31:26
      at Object.dispatchEvent (../../node_modules/@testing-library/user-event/dist/cjs/event/dispatchEvent.js:41:13)
      at Object.dispatchUIEvent (../../node_modules/@testing-library/user-event/dist/cjs/event/dispatchEvent.js:22:26)
      at KeyboardHost.keydown (../../node_modules/@testing-library/user-event/dist/cjs/system/keyboard.js:76:22)
      at keyboardAction (../../node_modules/@testing-library/user-event/dist/cjs/keyboard/index.js:22:35)
      at Object.keyboard (../../node_modules/@testing-library/user-event/dist/cjs/keyboard/index.js:11:15)
      at Object.type (../../node_modules/@testing-library/user-event/dist/cjs/utility/type.js:17:5)
      at Object.<anonymous> (src/__tests__/App.test.js:118:5)

  console.error
    Warning: An update to ForwardRef(FormControl) inside a test was not wrapped in act(...).
    
    When testing, code that causes React state updates should be wrapped into act(...):
    
    act(() => {
      /* fire events that update state */
    });
    /* assert on the output */
    
    This ensures that you're testing the behavior the user would see in the browser. Learn more at https://reactjs.org/link/wrap-tests-with-act
        at FormControl (/workspaces/dajp-ae-bootcamp-session-3/node_modules/@mui/material/FormControl/FormControl.js:104:59)
        at /workspaces/dajp-ae-bootcamp-session-3/node_modules/@emotion/react/dist/emotion-element-a1829a1e.cjs.js:58:23
        at TextField (/workspaces/dajp-ae-bootcamp-session-3/node_modules/@mui/material/TextField/TextField.js:80:59)
        at form
        at /workspaces/dajp-ae-bootcamp-session-3/node_modules/@emotion/react/dist/emotion-element-a1829a1e.cjs.js:58:23
        at Box (/workspaces/dajp-ae-bootcamp-session-3/node_modules/@mui/system/createBox/createBox.js:27:41)
        at div
        at /workspaces/dajp-ae-bootcamp-session-3/node_modules/@emotion/react/dist/emotion-element-a1829a1e.cjs.js:58:23
        at Paper (/workspaces/dajp-ae-bootcamp-session-3/node_modules/@mui/material/Paper/Paper.js:75:59)
        at TaskForm (/workspaces/dajp-ae-bootcamp-session-3/packages/frontend/src/TaskForm.js:6:21)
        at div
        at /workspaces/dajp-ae-bootcamp-session-3/node_modules/@emotion/react/dist/emotion-element-a1829a1e.cjs.js:58:23
        at Box (/workspaces/dajp-ae-bootcamp-session-3/node_modules/@mui/system/createBox/createBox.js:27:41)
        at div
        at /workspaces/dajp-ae-bootcamp-session-3/node_modules/@emotion/react/dist/emotion-element-a1829a1e.cjs.js:58:23
        at Container (/workspaces/dajp-ae-bootcamp-session-3/node_modules/@mui/system/Container/createContainer.js:111:19)
        at div
        at /workspaces/dajp-ae-bootcamp-session-3/node_modules/@emotion/react/dist/emotion-element-a1829a1e.cjs.js:58:23
        at Box (/workspaces/dajp-ae-bootcamp-session-3/node_modules/@mui/system/createBox/createBox.js:27:41)
        at App (/workspaces/dajp-ae-bootcamp-session-3/packages/frontend/src/App.js:8:49)

      116 |       expect(screen.getByText('Test Task 1')).toBeInTheDocument();
      117 |     });
    > 118 |     await user.type(screen.getByTestId('title-input'), 'New Test Task');
          |     ^
      119 |     await user.type(screen.getByTestId('description-input'), 'Task description');
      120 |     await user.click(screen.getByTestId('submit-task'));
      121 |     await waitFor(() => {

      at printWarning (../../node_modules/react-dom/cjs/react-dom.development.js:86:30)
      at error (../../node_modules/react-dom/cjs/react-dom.development.js:60:7)
      at warnIfUpdatesNotWrappedWithActDEV (../../node_modules/react-dom/cjs/react-dom.development.js:27628:9)
      at scheduleUpdateOnFiber (../../node_modules/react-dom/cjs/react-dom.development.js:25547:5)
      at dispatchSetState (../../node_modules/react-dom/cjs/react-dom.development.js:16708:7)
      at ../../node_modules/@mui/material/InputBase/InputBase.js:448:22
      at commitHookEffectListMount (../../node_modules/react-dom/cjs/react-dom.development.js:23189:26)
      at commitPassiveMountOnFiber (../../node_modules/react-dom/cjs/react-dom.development.js:24970:11)
      at commitPassiveMountEffects_complete (../../node_modules/react-dom/cjs/react-dom.development.js:24930:9)
      at commitPassiveMountEffects_begin (../../node_modules/react-dom/cjs/react-dom.development.js:24917:7)
      at commitPassiveMountEffects (../../node_modules/react-dom/cjs/react-dom.development.js:24905:3)
      at flushPassiveEffectsImpl (../../node_modules/react-dom/cjs/react-dom.development.js:27078:3)
      at flushPassiveEffects (../../node_modules/react-dom/cjs/react-dom.development.js:27023:14)
      at commitRootImpl (../../node_modules/react-dom/cjs/react-dom.development.js:26974:5)
      at commitRoot (../../node_modules/react-dom/cjs/react-dom.development.js:26721:5)
      at performSyncWorkOnRoot (../../node_modules/react-dom/cjs/react-dom.development.js:26156:3)
      at flushSyncCallbacks (../../node_modules/react-dom/cjs/react-dom.development.js:12042:22)
      at flushSync (../../node_modules/react-dom/cjs/react-dom.development.js:26240:7)
      at finishEventHandler (../../node_modules/react-dom/cjs/react-dom.development.js:3976:5)
      at batchedUpdates (../../node_modules/react-dom/cjs/react-dom.development.js:3994:5)
      at dispatchEventForPluginEventSystem (../../node_modules/react-dom/cjs/react-dom.development.js:9287:3)
      at dispatchEventWithEnableCapturePhaseSelectiveHydrationWithoutDiscreteEventReplay (../../node_modules/react-dom/cjs/react-dom.development.js:6465:5)
      at dispatchEvent (../../node_modules/react-dom/cjs/react-dom.development.js:6457:5)
      at dispatchDiscreteEvent (../../node_modules/react-dom/cjs/react-dom.development.js:6430:5)
      at HTMLDivElement.callTheUserObjectsOperation (../../node_modules/jsdom/lib/jsdom/living/generated/EventListener.js:26:30)
      at innerInvokeEventListeners (../../node_modules/jsdom/lib/jsdom/living/events/EventTarget-impl.js:338:25)
      at invokeEventListeners (../../node_modules/jsdom/lib/jsdom/living/events/EventTarget-impl.js:274:3)
      at HTMLInputElementImpl._dispatch (../../node_modules/jsdom/lib/jsdom/living/events/EventTarget-impl.js:221:9)
      at HTMLInputElementImpl.dispatchEvent (../../node_modules/jsdom/lib/jsdom/living/events/EventTarget-impl.js:94:17)
      at HTMLInputElement.dispatchEvent (../../node_modules/jsdom/lib/jsdom/living/generated/EventTarget.js:231:34)
      at ../../node_modules/@testing-library/user-event/dist/cjs/event/dispatchEvent.js:45:43
      at Object.eventWrapper (../../node_modules/@testing-library/dom/dist/config.js:25:23)
      at Object.wrapEvent (../../node_modules/@testing-library/user-event/dist/cjs/event/wrapEvent.js:6:28)
      at Object.dispatchEvent (../../node_modules/@testing-library/user-event/dist/cjs/event/dispatchEvent.js:45:22)
      at Object.dispatchUIEvent (../../node_modules/@testing-library/user-event/dist/cjs/event/dispatchEvent.js:22:26)
      at commitInput (../../node_modules/@testing-library/user-event/dist/cjs/event/input.js:145:14)
      at editInputElement (../../node_modules/@testing-library/user-event/dist/cjs/event/input.js:115:9)
      at Object.input (../../node_modules/@testing-library/user-event/dist/cjs/event/input.js:37:9)
      at ../../node_modules/@testing-library/user-event/dist/cjs/event/behavior/keypress.js:31:26
      at Object.dispatchEvent (../../node_modules/@testing-library/user-event/dist/cjs/event/dispatchEvent.js:41:13)
      at Object.dispatchUIEvent (../../node_modules/@testing-library/user-event/dist/cjs/event/dispatchEvent.js:22:26)
      at KeyboardHost.keydown (../../node_modules/@testing-library/user-event/dist/cjs/system/keyboard.js:76:22)
      at keyboardAction (../../node_modules/@testing-library/user-event/dist/cjs/keyboard/index.js:22:35)
      at Object.keyboard (../../node_modules/@testing-library/user-event/dist/cjs/keyboard/index.js:11:15)
      at Object.type (../../node_modules/@testing-library/user-event/dist/cjs/utility/type.js:17:5)
      at Object.<anonymous> (src/__tests__/App.test.js:118:5)

  console.error
    Warning: An update to TaskForm inside a test was not wrapped in act(...).
    
    When testing, code that causes React state updates should be wrapped into act(...):
    
    act(() => {
      /* fire events that update state */
    });
    /* assert on the output */
    
    This ensures that you're testing the behavior the user would see in the browser. Learn more at https://reactjs.org/link/wrap-tests-with-act
        at TaskForm (/workspaces/dajp-ae-bootcamp-session-3/packages/frontend/src/TaskForm.js:6:21)
        at div
        at /workspaces/dajp-ae-bootcamp-session-3/node_modules/@emotion/react/dist/emotion-element-a1829a1e.cjs.js:58:23
        at Box (/workspaces/dajp-ae-bootcamp-session-3/node_modules/@mui/system/createBox/createBox.js:27:41)
        at div
        at /workspaces/dajp-ae-bootcamp-session-3/node_modules/@emotion/react/dist/emotion-element-a1829a1e.cjs.js:58:23
        at Container (/workspaces/dajp-ae-bootcamp-session-3/node_modules/@mui/system/Container/createContainer.js:111:19)
        at div
        at /workspaces/dajp-ae-bootcamp-session-3/node_modules/@emotion/react/dist/emotion-element-a1829a1e.cjs.js:58:23
        at Box (/workspaces/dajp-ae-bootcamp-session-3/node_modules/@mui/system/createBox/createBox.js:27:41)
        at App (/workspaces/dajp-ae-bootcamp-session-3/packages/frontend/src/App.js:8:49)

      84 |           label="Task Title"
      85 |           value={title}
    > 86 |           onChange={e => setTitle(e.target.value)}
         |                          ^
      87 |           required
      88 |           variant="outlined"
      89 |           fullWidth

      at printWarning (../../node_modules/react-dom/cjs/react-dom.development.js:86:30)
      at error (../../node_modules/react-dom/cjs/react-dom.development.js:60:7)
      at warnIfUpdatesNotWrappedWithActDEV (../../node_modules/react-dom/cjs/react-dom.development.js:27628:9)
      at scheduleUpdateOnFiber (../../node_modules/react-dom/cjs/react-dom.development.js:25547:5)
      at setTitle (../../node_modules/react-dom/cjs/react-dom.development.js:16708:7)
      at onChange (src/TaskForm.js:86:26)
      at handleChange (../../node_modules/@mui/material/InputBase/InputBase.js:396:7)
      at HTMLUnknownElement.callCallback (../../node_modules/react-dom/cjs/react-dom.development.js:4164:14)
      at HTMLUnknownElement.callTheUserObjectsOperation (../../node_modules/jsdom/lib/jsdom/living/generated/EventListener.js:26:30)
      at innerInvokeEventListeners (../../node_modules/jsdom/lib/jsdom/living/events/EventTarget-impl.js:338:25)
      at invokeEventListeners (../../node_modules/jsdom/lib/jsdom/living/events/EventTarget-impl.js:274:3)
      at HTMLUnknownElementImpl._dispatch (../../node_modules/jsdom/lib/jsdom/living/events/EventTarget-impl.js:221:9)
      at HTMLUnknownElementImpl.dispatchEvent (../../node_modules/jsdom/lib/jsdom/living/events/EventTarget-impl.js:94:17)
      at HTMLUnknownElement.dispatchEvent (../../node_modules/jsdom/lib/jsdom/living/generated/EventTarget.js:231:34)
      at Object.invokeGuardedCallbackDev (../../node_modules/react-dom/cjs/react-dom.development.js:4213:16)
      at invokeGuardedCallback (../../node_modules/react-dom/cjs/react-dom.development.js:4277:31)
      at invokeGuardedCallbackAndCatchFirstError (../../node_modules/react-dom/cjs/react-dom.development.js:4291:25)
      at executeDispatch (../../node_modules/react-dom/cjs/react-dom.development.js:9041:3)
      at processDispatchQueueItemsInOrder (../../node_modules/react-dom/cjs/react-dom.development.js:9073:7)
      at processDispatchQueue (../../node_modules/react-dom/cjs/react-dom.development.js:9086:5)
      at dispatchEventsForPlugins (../../node_modules/react-dom/cjs/react-dom.development.js:9097:3)
      at ../../node_modules/react-dom/cjs/react-dom.development.js:9288:12
      at batchedUpdates$1 (../../node_modules/react-dom/cjs/react-dom.development.js:26179:12)
      at batchedUpdates (../../node_modules/react-dom/cjs/react-dom.development.js:3991:12)
      at dispatchEventForPluginEventSystem (../../node_modules/react-dom/cjs/react-dom.development.js:9287:3)
      at dispatchEventWithEnableCapturePhaseSelectiveHydrationWithoutDiscreteEventReplay (../../node_modules/react-dom/cjs/react-dom.development.js:6465:5)
      at dispatchEvent (../../node_modules/react-dom/cjs/react-dom.development.js:6457:5)
      at dispatchDiscreteEvent (../../node_modules/react-dom/cjs/react-dom.development.js:6430:5)
      at HTMLDivElement.callTheUserObjectsOperation (../../node_modules/jsdom/lib/jsdom/living/generated/EventListener.js:26:30)
      at innerInvokeEventListeners (../../node_modules/jsdom/lib/jsdom/living/events/EventTarget-impl.js:338:25)
      at invokeEventListeners (../../node_modules/jsdom/lib/jsdom/living/events/EventTarget-impl.js:274:3)
      at HTMLInputElementImpl._dispatch (../../node_modules/jsdom/lib/jsdom/living/events/EventTarget-impl.js:221:9)
      at HTMLInputElementImpl.dispatchEvent (../../node_modules/jsdom/lib/jsdom/living/events/EventTarget-impl.js:94:17)
      at HTMLInputElement.dispatchEvent (../../node_modules/jsdom/lib/jsdom/living/generated/EventTarget.js:231:34)
      at ../../node_modules/@testing-library/user-event/dist/cjs/event/dispatchEvent.js:45:43
      at Object.eventWrapper (../../node_modules/@testing-library/dom/dist/config.js:25:23)
      at Object.wrapEvent (../../node_modules/@testing-library/user-event/dist/cjs/event/wrapEvent.js:6:28)
      at Object.dispatchEvent (../../node_modules/@testing-library/user-event/dist/cjs/event/dispatchEvent.js:45:22)
      at Object.dispatchUIEvent (../../node_modules/@testing-library/user-event/dist/cjs/event/dispatchEvent.js:22:26)
      at commitInput (../../node_modules/@testing-library/user-event/dist/cjs/event/input.js:145:14)
      at editInputElement (../../node_modules/@testing-library/user-event/dist/cjs/event/input.js:115:9)
      at Object.input (../../node_modules/@testing-library/user-event/dist/cjs/event/input.js:37:9)
      at ../../node_modules/@testing-library/user-event/dist/cjs/event/behavior/keypress.js:31:26
      at Object.dispatchEvent (../../node_modules/@testing-library/user-event/dist/cjs/event/dispatchEvent.js:41:13)
      at Object.dispatchUIEvent (../../node_modules/@testing-library/user-event/dist/cjs/event/dispatchEvent.js:22:26)
      at KeyboardHost.keydown (../../node_modules/@testing-library/user-event/dist/cjs/system/keyboard.js:76:22)
      at keyboardAction (../../node_modules/@testing-library/user-event/dist/cjs/keyboard/index.js:22:35)

  console.error
    Warning: An update to TaskForm inside a test was not wrapped in act(...).
    
    When testing, code that causes React state updates should be wrapped into act(...):
    
    act(() => {
      /* fire events that update state */
    });
    /* assert on the output */
    
    This ensures that you're testing the behavior the user would see in the browser. Learn more at https://reactjs.org/link/wrap-tests-with-act
        at TaskForm (/workspaces/dajp-ae-bootcamp-session-3/packages/frontend/src/TaskForm.js:6:21)
        at div
        at /workspaces/dajp-ae-bootcamp-session-3/node_modules/@emotion/react/dist/emotion-element-a1829a1e.cjs.js:58:23
        at Box (/workspaces/dajp-ae-bootcamp-session-3/node_modules/@mui/system/createBox/createBox.js:27:41)
        at div
        at /workspaces/dajp-ae-bootcamp-session-3/node_modules/@emotion/react/dist/emotion-element-a1829a1e.cjs.js:58:23
        at Container (/workspaces/dajp-ae-bootcamp-session-3/node_modules/@mui/system/Container/createContainer.js:111:19)
        at div
        at /workspaces/dajp-ae-bootcamp-session-3/node_modules/@emotion/react/dist/emotion-element-a1829a1e.cjs.js:58:23
        at Box (/workspaces/dajp-ae-bootcamp-session-3/node_modules/@mui/system/createBox/createBox.js:27:41)
        at App (/workspaces/dajp-ae-bootcamp-session-3/packages/frontend/src/App.js:8:49)

      84 |           label="Task Title"
      85 |           value={title}
    > 86 |           onChange={e => setTitle(e.target.value)}
         |                          ^
      87 |           required
      88 |           variant="outlined"
      89 |           fullWidth

      at printWarning (../../node_modules/react-dom/cjs/react-dom.development.js:86:30)
      at error (../../node_modules/react-dom/cjs/react-dom.development.js:60:7)
      at warnIfUpdatesNotWrappedWithActDEV (../../node_modules/react-dom/cjs/react-dom.development.js:27628:9)
      at scheduleUpdateOnFiber (../../node_modules/react-dom/cjs/react-dom.development.js:25547:5)
      at setTitle (../../node_modules/react-dom/cjs/react-dom.development.js:16708:7)
      at onChange (src/TaskForm.js:86:26)
      at handleChange (../../node_modules/@mui/material/InputBase/InputBase.js:396:7)
      at HTMLUnknownElement.callCallback (../../node_modules/react-dom/cjs/react-dom.development.js:4164:14)
      at HTMLUnknownElement.callTheUserObjectsOperation (../../node_modules/jsdom/lib/jsdom/living/generated/EventListener.js:26:30)
      at innerInvokeEventListeners (../../node_modules/jsdom/lib/jsdom/living/events/EventTarget-impl.js:338:25)
      at invokeEventListeners (../../node_modules/jsdom/lib/jsdom/living/events/EventTarget-impl.js:274:3)
      at HTMLUnknownElementImpl._dispatch (../../node_modules/jsdom/lib/jsdom/living/events/EventTarget-impl.js:221:9)
      at HTMLUnknownElementImpl.dispatchEvent (../../node_modules/jsdom/lib/jsdom/living/events/EventTarget-impl.js:94:17)
      at HTMLUnknownElement.dispatchEvent (../../node_modules/jsdom/lib/jsdom/living/generated/EventTarget.js:231:34)
      at Object.invokeGuardedCallbackDev (../../node_modules/react-dom/cjs/react-dom.development.js:4213:16)
      at invokeGuardedCallback (../../node_modules/react-dom/cjs/react-dom.development.js:4277:31)
      at invokeGuardedCallbackAndCatchFirstError (../../node_modules/react-dom/cjs/react-dom.development.js:4291:25)
      at executeDispatch (../../node_modules/react-dom/cjs/react-dom.development.js:9041:3)
      at processDispatchQueueItemsInOrder (../../node_modules/react-dom/cjs/react-dom.development.js:9073:7)
      at processDispatchQueue (../../node_modules/react-dom/cjs/react-dom.development.js:9086:5)
      at dispatchEventsForPlugins (../../node_modules/react-dom/cjs/react-dom.development.js:9097:3)
      at ../../node_modules/react-dom/cjs/react-dom.development.js:9288:12
      at batchedUpdates$1 (../../node_modules/react-dom/cjs/react-dom.development.js:26179:12)
      at batchedUpdates (../../node_modules/react-dom/cjs/react-dom.development.js:3991:12)
      at dispatchEventForPluginEventSystem (../../node_modules/react-dom/cjs/react-dom.development.js:9287:3)
      at dispatchEventWithEnableCapturePhaseSelectiveHydrationWithoutDiscreteEventReplay (../../node_modules/react-dom/cjs/react-dom.development.js:6465:5)
      at dispatchEvent (../../node_modules/react-dom/cjs/react-dom.development.js:6457:5)
      at dispatchDiscreteEvent (../../node_modules/react-dom/cjs/react-dom.development.js:6430:5)
      at HTMLDivElement.callTheUserObjectsOperation (../../node_modules/jsdom/lib/jsdom/living/generated/EventListener.js:26:30)
      at innerInvokeEventListeners (../../node_modules/jsdom/lib/jsdom/living/events/EventTarget-impl.js:338:25)
      at invokeEventListeners (../../node_modules/jsdom/lib/jsdom/living/events/EventTarget-impl.js:274:3)
      at HTMLInputElementImpl._dispatch (../../node_modules/jsdom/lib/jsdom/living/events/EventTarget-impl.js:221:9)
      at HTMLInputElementImpl.dispatchEvent (../../node_modules/jsdom/lib/jsdom/living/events/EventTarget-impl.js:94:17)
      at HTMLInputElement.dispatchEvent (../../node_modules/jsdom/lib/jsdom/living/generated/EventTarget.js:231:34)
      at ../../node_modules/@testing-library/user-event/dist/cjs/event/dispatchEvent.js:45:43
      at Object.eventWrapper (../../node_modules/@testing-library/dom/dist/config.js:25:23)
      at Object.wrapEvent (../../node_modules/@testing-library/user-event/dist/cjs/event/wrapEvent.js:6:28)
      at Object.dispatchEvent (../../node_modules/@testing-library/user-event/dist/cjs/event/dispatchEvent.js:45:22)
      at Object.dispatchUIEvent (../../node_modules/@testing-library/user-event/dist/cjs/event/dispatchEvent.js:22:26)
      at commitInput (../../node_modules/@testing-library/user-event/dist/cjs/event/input.js:145:14)
      at editInputElement (../../node_modules/@testing-library/user-event/dist/cjs/event/input.js:115:9)
      at Object.input (../../node_modules/@testing-library/user-event/dist/cjs/event/input.js:37:9)
      at ../../node_modules/@testing-library/user-event/dist/cjs/event/behavior/keypress.js:31:26
      at Object.dispatchEvent (../../node_modules/@testing-library/user-event/dist/cjs/event/dispatchEvent.js:41:13)
      at Object.dispatchUIEvent (../../node_modules/@testing-library/user-event/dist/cjs/event/dispatchEvent.js:22:26)
      at KeyboardHost.keydown (../../node_modules/@testing-library/user-event/dist/cjs/system/keyboard.js:76:22)
      at keyboardAction (../../node_modules/@testing-library/user-event/dist/cjs/keyboard/index.js:22:35)

  console.error
    Warning: An update to ForwardRef(FormControl) inside a test was not wrapped in act(...).
    
    When testing, code that causes React state updates should be wrapped into act(...):
    
    act(() => {
      /* fire events that update state */
    });
    /* assert on the output */
    
    This ensures that you're testing the behavior the user would see in the browser. Learn more at https://reactjs.org/link/wrap-tests-with-act
        at FormControl (/workspaces/dajp-ae-bootcamp-session-3/node_modules/@mui/material/FormControl/FormControl.js:104:59)
        at /workspaces/dajp-ae-bootcamp-session-3/node_modules/@emotion/react/dist/emotion-element-a1829a1e.cjs.js:58:23
        at TextField (/workspaces/dajp-ae-bootcamp-session-3/node_modules/@mui/material/TextField/TextField.js:80:59)
        at form
        at /workspaces/dajp-ae-bootcamp-session-3/node_modules/@emotion/react/dist/emotion-element-a1829a1e.cjs.js:58:23
        at Box (/workspaces/dajp-ae-bootcamp-session-3/node_modules/@mui/system/createBox/createBox.js:27:41)
        at div
        at /workspaces/dajp-ae-bootcamp-session-3/node_modules/@emotion/react/dist/emotion-element-a1829a1e.cjs.js:58:23
        at Paper (/workspaces/dajp-ae-bootcamp-session-3/node_modules/@mui/material/Paper/Paper.js:75:59)
        at TaskForm (/workspaces/dajp-ae-bootcamp-session-3/packages/frontend/src/TaskForm.js:6:21)
        at div
        at /workspaces/dajp-ae-bootcamp-session-3/node_modules/@emotion/react/dist/emotion-element-a1829a1e.cjs.js:58:23
        at Box (/workspaces/dajp-ae-bootcamp-session-3/node_modules/@mui/system/createBox/createBox.js:27:41)
        at div
        at /workspaces/dajp-ae-bootcamp-session-3/node_modules/@emotion/react/dist/emotion-element-a1829a1e.cjs.js:58:23
        at Container (/workspaces/dajp-ae-bootcamp-session-3/node_modules/@mui/system/Container/createContainer.js:111:19)
        at div
        at /workspaces/dajp-ae-bootcamp-session-3/node_modules/@emotion/react/dist/emotion-element-a1829a1e.cjs.js:58:23
        at Box (/workspaces/dajp-ae-bootcamp-session-3/node_modules/@mui/system/createBox/createBox.js:27:41)
        at App (/workspaces/dajp-ae-bootcamp-session-3/packages/frontend/src/App.js:8:49)

      116 |       expect(screen.getByText('Test Task 1')).toBeInTheDocument();
      117 |     });
    > 118 |     await user.type(screen.getByTestId('title-input'), 'New Test Task');
          |     ^
      119 |     await user.type(screen.getByTestId('description-input'), 'Task description');
      120 |     await user.click(screen.getByTestId('submit-task'));
      121 |     await waitFor(() => {

      at printWarning (../../node_modules/react-dom/cjs/react-dom.development.js:86:30)
      at error (../../node_modules/react-dom/cjs/react-dom.development.js:60:7)
      at warnIfUpdatesNotWrappedWithActDEV (../../node_modules/react-dom/cjs/react-dom.development.js:27628:9)
      at scheduleUpdateOnFiber (../../node_modules/react-dom/cjs/react-dom.development.js:25547:5)
      at dispatchSetState (../../node_modules/react-dom/cjs/react-dom.development.js:16708:7)
      at ../../node_modules/@mui/material/FormControl/FormControl.js:190:5
      at ../../node_modules/@mui/material/InputBase/InputBase.js:341:9
      at ../../node_modules/@mui/material/InputBase/InputBase.js:349:7
      at commitHookEffectListMount (../../node_modules/react-dom/cjs/react-dom.development.js:23189:26)
      at commitLayoutEffectOnFiber (../../node_modules/react-dom/cjs/react-dom.development.js:23312:15)
      at commitLayoutMountEffects_complete (../../node_modules/react-dom/cjs/react-dom.development.js:24727:9)
      at commitLayoutEffects_begin (../../node_modules/react-dom/cjs/react-dom.development.js:24713:7)
      at commitLayoutEffects (../../node_modules/react-dom/cjs/react-dom.development.js:24651:3)
      at commitRootImpl (../../node_modules/react-dom/cjs/react-dom.development.js:26862:5)
      at commitRoot (../../node_modules/react-dom/cjs/react-dom.development.js:26721:5)
      at performSyncWorkOnRoot (../../node_modules/react-dom/cjs/react-dom.development.js:26156:3)
      at flushSyncCallbacks (../../node_modules/react-dom/cjs/react-dom.development.js:12042:22)
      at flushSync (../../node_modules/react-dom/cjs/react-dom.development.js:26240:7)
      at finishEventHandler (../../node_modules/react-dom/cjs/react-dom.development.js:3976:5)
      at batchedUpdates (../../node_modules/react-dom/cjs/react-dom.development.js:3994:5)
      at dispatchEventForPluginEventSystem (../../node_modules/react-dom/cjs/react-dom.development.js:9287:3)
      at dispatchEventWithEnableCapturePhaseSelectiveHydrationWithoutDiscreteEventReplay (../../node_modules/react-dom/cjs/react-dom.development.js:6465:5)
      at dispatchEvent (../../node_modules/react-dom/cjs/react-dom.development.js:6457:5)
      at dispatchDiscreteEvent (../../node_modules/react-dom/cjs/react-dom.development.js:6430:5)
      at HTMLDivElement.callTheUserObjectsOperation (../../node_modules/jsdom/lib/jsdom/living/generated/EventListener.js:26:30)
      at innerInvokeEventListeners (../../node_modules/jsdom/lib/jsdom/living/events/EventTarget-impl.js:338:25)
      at invokeEventListeners (../../node_modules/jsdom/lib/jsdom/living/events/EventTarget-impl.js:274:3)
      at HTMLInputElementImpl._dispatch (../../node_modules/jsdom/lib/jsdom/living/events/EventTarget-impl.js:221:9)
      at HTMLInputElementImpl.dispatchEvent (../../node_modules/jsdom/lib/jsdom/living/events/EventTarget-impl.js:94:17)
      at HTMLInputElement.dispatchEvent (../../node_modules/jsdom/lib/jsdom/living/generated/EventTarget.js:231:34)
      at ../../node_modules/@testing-library/user-event/dist/cjs/event/dispatchEvent.js:45:43
      at Object.eventWrapper (../../node_modules/@testing-library/dom/dist/config.js:25:23)
      at Object.wrapEvent (../../node_modules/@testing-library/user-event/dist/cjs/event/wrapEvent.js:6:28)
      at Object.dispatchEvent (../../node_modules/@testing-library/user-event/dist/cjs/event/dispatchEvent.js:45:22)
      at Object.dispatchUIEvent (../../node_modules/@testing-library/user-event/dist/cjs/event/dispatchEvent.js:22:26)
      at commitInput (../../node_modules/@testing-library/user-event/dist/cjs/event/input.js:145:14)
      at editInputElement (../../node_modules/@testing-library/user-event/dist/cjs/event/input.js:115:9)
      at Object.input (../../node_modules/@testing-library/user-event/dist/cjs/event/input.js:37:9)
      at ../../node_modules/@testing-library/user-event/dist/cjs/event/behavior/keypress.js:31:26
      at Object.dispatchEvent (../../node_modules/@testing-library/user-event/dist/cjs/event/dispatchEvent.js:41:13)
      at Object.dispatchUIEvent (../../node_modules/@testing-library/user-event/dist/cjs/event/dispatchEvent.js:22:26)
      at KeyboardHost.keydown (../../node_modules/@testing-library/user-event/dist/cjs/system/keyboard.js:76:22)
      at keyboardAction (../../node_modules/@testing-library/user-event/dist/cjs/keyboard/index.js:22:35)
      at Object.keyboard (../../node_modules/@testing-library/user-event/dist/cjs/keyboard/index.js:11:15)
      at Object.type (../../node_modules/@testing-library/user-event/dist/cjs/utility/type.js:17:5)
      at Object.<anonymous> (src/__tests__/App.test.js:118:5)

  console.error
    Warning: An update to ForwardRef(FormControl) inside a test was not wrapped in act(...).
    
    When testing, code that causes React state updates should be wrapped into act(...):
    
    act(() => {
      /* fire events that update state */
    });
    /* assert on the output */
    
    This ensures that you're testing the behavior the user would see in the browser. Learn more at https://reactjs.org/link/wrap-tests-with-act
        at FormControl (/workspaces/dajp-ae-bootcamp-session-3/node_modules/@mui/material/FormControl/FormControl.js:104:59)
        at /workspaces/dajp-ae-bootcamp-session-3/node_modules/@emotion/react/dist/emotion-element-a1829a1e.cjs.js:58:23
        at TextField (/workspaces/dajp-ae-bootcamp-session-3/node_modules/@mui/material/TextField/TextField.js:80:59)
        at form
        at /workspaces/dajp-ae-bootcamp-session-3/node_modules/@emotion/react/dist/emotion-element-a1829a1e.cjs.js:58:23
        at Box (/workspaces/dajp-ae-bootcamp-session-3/node_modules/@mui/system/createBox/createBox.js:27:41)
        at div
        at /workspaces/dajp-ae-bootcamp-session-3/node_modules/@emotion/react/dist/emotion-element-a1829a1e.cjs.js:58:23
        at Paper (/workspaces/dajp-ae-bootcamp-session-3/node_modules/@mui/material/Paper/Paper.js:75:59)
        at TaskForm (/workspaces/dajp-ae-bootcamp-session-3/packages/frontend/src/TaskForm.js:6:21)
        at div
        at /workspaces/dajp-ae-bootcamp-session-3/node_modules/@emotion/react/dist/emotion-element-a1829a1e.cjs.js:58:23
        at Box (/workspaces/dajp-ae-bootcamp-session-3/node_modules/@mui/system/createBox/createBox.js:27:41)
        at div
        at /workspaces/dajp-ae-bootcamp-session-3/node_modules/@emotion/react/dist/emotion-element-a1829a1e.cjs.js:58:23
        at Container (/workspaces/dajp-ae-bootcamp-session-3/node_modules/@mui/system/Container/createContainer.js:111:19)
        at div
        at /workspaces/dajp-ae-bootcamp-session-3/node_modules/@emotion/react/dist/emotion-element-a1829a1e.cjs.js:58:23
        at Box (/workspaces/dajp-ae-bootcamp-session-3/node_modules/@mui/system/createBox/createBox.js:27:41)
        at App (/workspaces/dajp-ae-bootcamp-session-3/packages/frontend/src/App.js:8:49)

      116 |       expect(screen.getByText('Test Task 1')).toBeInTheDocument();
      117 |     });
    > 118 |     await user.type(screen.getByTestId('title-input'), 'New Test Task');
          |     ^
      119 |     await user.type(screen.getByTestId('description-input'), 'Task description');
      120 |     await user.click(screen.getByTestId('submit-task'));
      121 |     await waitFor(() => {

      at printWarning (../../node_modules/react-dom/cjs/react-dom.development.js:86:30)
      at error (../../node_modules/react-dom/cjs/react-dom.development.js:60:7)
      at warnIfUpdatesNotWrappedWithActDEV (../../node_modules/react-dom/cjs/react-dom.development.js:27628:9)
      at scheduleUpdateOnFiber (../../node_modules/react-dom/cjs/react-dom.development.js:25547:5)
      at dispatchSetState (../../node_modules/react-dom/cjs/react-dom.development.js:16708:7)
      at ../../node_modules/@mui/material/InputBase/InputBase.js:448:22
      at commitHookEffectListMount (../../node_modules/react-dom/cjs/react-dom.development.js:23189:26)
      at commitPassiveMountOnFiber (../../node_modules/react-dom/cjs/react-dom.development.js:24970:11)
      at commitPassiveMountEffects_complete (../../node_modules/react-dom/cjs/react-dom.development.js:24930:9)
      at commitPassiveMountEffects_begin (../../node_modules/react-dom/cjs/react-dom.development.js:24917:7)
      at commitPassiveMountEffects (../../node_modules/react-dom/cjs/react-dom.development.js:24905:3)
      at flushPassiveEffectsImpl (../../node_modules/react-dom/cjs/react-dom.development.js:27078:3)
      at flushPassiveEffects (../../node_modules/react-dom/cjs/react-dom.development.js:27023:14)
      at commitRootImpl (../../node_modules/react-dom/cjs/react-dom.development.js:26974:5)
      at commitRoot (../../node_modules/react-dom/cjs/react-dom.development.js:26721:5)
      at performSyncWorkOnRoot (../../node_modules/react-dom/cjs/react-dom.development.js:26156:3)
      at flushSyncCallbacks (../../node_modules/react-dom/cjs/react-dom.development.js:12042:22)
      at flushSync (../../node_modules/react-dom/cjs/react-dom.development.js:26240:7)
      at finishEventHandler (../../node_modules/react-dom/cjs/react-dom.development.js:3976:5)
      at batchedUpdates (../../node_modules/react-dom/cjs/react-dom.development.js:3994:5)
      at dispatchEventForPluginEventSystem (../../node_modules/react-dom/cjs/react-dom.development.js:9287:3)
      at dispatchEventWithEnableCapturePhaseSelectiveHydrationWithoutDiscreteEventReplay (../../node_modules/react-dom/cjs/react-dom.development.js:6465:5)
      at dispatchEvent (../../node_modules/react-dom/cjs/react-dom.development.js:6457:5)
      at dispatchDiscreteEvent (../../node_modules/react-dom/cjs/react-dom.development.js:6430:5)
      at HTMLDivElement.callTheUserObjectsOperation (../../node_modules/jsdom/lib/jsdom/living/generated/EventListener.js:26:30)
      at innerInvokeEventListeners (../../node_modules/jsdom/lib/jsdom/living/events/EventTarget-impl.js:338:25)
      at invokeEventListeners (../../node_modules/jsdom/lib/jsdom/living/events/EventTarget-impl.js:274:3)
      at HTMLInputElementImpl._dispatch (../../node_modules/jsdom/lib/jsdom/living/events/EventTarget-impl.js:221:9)
      at HTMLInputElementImpl.dispatchEvent (../../node_modules/jsdom/lib/jsdom/living/events/EventTarget-impl.js:94:17)
      at HTMLInputElement.dispatchEvent (../../node_modules/jsdom/lib/jsdom/living/generated/EventTarget.js:231:34)
      at ../../node_modules/@testing-library/user-event/dist/cjs/event/dispatchEvent.js:45:43
      at Object.eventWrapper (../../node_modules/@testing-library/dom/dist/config.js:25:23)
      at Object.wrapEvent (../../node_modules/@testing-library/user-event/dist/cjs/event/wrapEvent.js:6:28)
      at Object.dispatchEvent (../../node_modules/@testing-library/user-event/dist/cjs/event/dispatchEvent.js:45:22)
      at Object.dispatchUIEvent (../../node_modules/@testing-library/user-event/dist/cjs/event/dispatchEvent.js:22:26)
      at commitInput (../../node_modules/@testing-library/user-event/dist/cjs/event/input.js:145:14)
      at editInputElement (../../node_modules/@testing-library/user-event/dist/cjs/event/input.js:115:9)
      at Object.input (../../node_modules/@testing-library/user-event/dist/cjs/event/input.js:37:9)
      at ../../node_modules/@testing-library/user-event/dist/cjs/event/behavior/keypress.js:31:26
      at Object.dispatchEvent (../../node_modules/@testing-library/user-event/dist/cjs/event/dispatchEvent.js:41:13)
      at Object.dispatchUIEvent (../../node_modules/@testing-library/user-event/dist/cjs/event/dispatchEvent.js:22:26)
      at KeyboardHost.keydown (../../node_modules/@testing-library/user-event/dist/cjs/system/keyboard.js:76:22)
      at keyboardAction (../../node_modules/@testing-library/user-event/dist/cjs/keyboard/index.js:22:35)
      at Object.keyboard (../../node_modules/@testing-library/user-event/dist/cjs/keyboard/index.js:11:15)
      at Object.type (../../node_modules/@testing-library/user-event/dist/cjs/utility/type.js:17:5)
      at Object.<anonymous> (src/__tests__/App.test.js:118:5)

  console.error
    Warning: An update to ForwardRef(FormControl) inside a test was not wrapped in act(...).
    
    When testing, code that causes React state updates should be wrapped into act(...):
    
    act(() => {
      /* fire events that update state */
    });
    /* assert on the output */
    
    This ensures that you're testing the behavior the user would see in the browser. Learn more at https://reactjs.org/link/wrap-tests-with-act
        at FormControl (/workspaces/dajp-ae-bootcamp-session-3/node_modules/@mui/material/FormControl/FormControl.js:104:59)
        at /workspaces/dajp-ae-bootcamp-session-3/node_modules/@emotion/react/dist/emotion-element-a1829a1e.cjs.js:58:23
        at TextField (/workspaces/dajp-ae-bootcamp-session-3/node_modules/@mui/material/TextField/TextField.js:80:59)
        at form
        at /workspaces/dajp-ae-bootcamp-session-3/node_modules/@emotion/react/dist/emotion-element-a1829a1e.cjs.js:58:23
        at Box (/workspaces/dajp-ae-bootcamp-session-3/node_modules/@mui/system/createBox/createBox.js:27:41)
        at div
        at /workspaces/dajp-ae-bootcamp-session-3/node_modules/@emotion/react/dist/emotion-element-a1829a1e.cjs.js:58:23
        at Paper (/workspaces/dajp-ae-bootcamp-session-3/node_modules/@mui/material/Paper/Paper.js:75:59)
        at TaskForm (/workspaces/dajp-ae-bootcamp-session-3/packages/frontend/src/TaskForm.js:6:21)
        at div
        at /workspaces/dajp-ae-bootcamp-session-3/node_modules/@emotion/react/dist/emotion-element-a1829a1e.cjs.js:58:23
        at Box (/workspaces/dajp-ae-bootcamp-session-3/node_modules/@mui/system/createBox/createBox.js:27:41)
        at div
        at /workspaces/dajp-ae-bootcamp-session-3/node_modules/@emotion/react/dist/emotion-element-a1829a1e.cjs.js:58:23
        at Container (/workspaces/dajp-ae-bootcamp-session-3/node_modules/@mui/system/Container/createContainer.js:111:19)
        at div
        at /workspaces/dajp-ae-bootcamp-session-3/node_modules/@emotion/react/dist/emotion-element-a1829a1e.cjs.js:58:23
        at Box (/workspaces/dajp-ae-bootcamp-session-3/node_modules/@mui/system/createBox/createBox.js:27:41)
        at App (/workspaces/dajp-ae-bootcamp-session-3/packages/frontend/src/App.js:8:49)

      116 |       expect(screen.getByText('Test Task 1')).toBeInTheDocument();
      117 |     });
    > 118 |     await user.type(screen.getByTestId('title-input'), 'New Test Task');
          |     ^
      119 |     await user.type(screen.getByTestId('description-input'), 'Task description');
      120 |     await user.click(screen.getByTestId('submit-task'));
      121 |     await waitFor(() => {

      at printWarning (../../node_modules/react-dom/cjs/react-dom.development.js:86:30)
      at error (../../node_modules/react-dom/cjs/react-dom.development.js:60:7)
      at warnIfUpdatesNotWrappedWithActDEV (../../node_modules/react-dom/cjs/react-dom.development.js:27628:9)
      at scheduleUpdateOnFiber (../../node_modules/react-dom/cjs/react-dom.development.js:25547:5)
      at dispatchSetState (../../node_modules/react-dom/cjs/react-dom.development.js:16708:7)
      at ../../node_modules/@mui/material/InputBase/InputBase.js:448:22
      at commitHookEffectListMount (../../node_modules/react-dom/cjs/react-dom.development.js:23189:26)
      at commitPassiveMountOnFiber (../../node_modules/react-dom/cjs/react-dom.development.js:24970:11)
      at commitPassiveMountEffects_complete (../../node_modules/react-dom/cjs/react-dom.development.js:24930:9)
      at commitPassiveMountEffects_begin (../../node_modules/react-dom/cjs/react-dom.development.js:24917:7)
      at commitPassiveMountEffects (../../node_modules/react-dom/cjs/react-dom.development.js:24905:3)
      at flushPassiveEffectsImpl (../../node_modules/react-dom/cjs/react-dom.development.js:27078:3)
      at flushPassiveEffects (../../node_modules/react-dom/cjs/react-dom.development.js:27023:14)
      at commitRootImpl (../../node_modules/react-dom/cjs/react-dom.development.js:26974:5)
      at commitRoot (../../node_modules/react-dom/cjs/react-dom.development.js:26721:5)
      at performSyncWorkOnRoot (../../node_modules/react-dom/cjs/react-dom.development.js:26156:3)
      at flushSyncCallbacks (../../node_modules/react-dom/cjs/react-dom.development.js:12042:22)
      at flushSync (../../node_modules/react-dom/cjs/react-dom.development.js:26240:7)
      at finishEventHandler (../../node_modules/react-dom/cjs/react-dom.development.js:3976:5)
      at batchedUpdates (../../node_modules/react-dom/cjs/react-dom.development.js:3994:5)
      at dispatchEventForPluginEventSystem (../../node_modules/react-dom/cjs/react-dom.development.js:9287:3)
      at dispatchEventWithEnableCapturePhaseSelectiveHydrationWithoutDiscreteEventReplay (../../node_modules/react-dom/cjs/react-dom.development.js:6465:5)
      at dispatchEvent (../../node_modules/react-dom/cjs/react-dom.development.js:6457:5)
      at dispatchDiscreteEvent (../../node_modules/react-dom/cjs/react-dom.development.js:6430:5)
      at HTMLDivElement.callTheUserObjectsOperation (../../node_modules/jsdom/lib/jsdom/living/generated/EventListener.js:26:30)
      at innerInvokeEventListeners (../../node_modules/jsdom/lib/jsdom/living/events/EventTarget-impl.js:338:25)
      at invokeEventListeners (../../node_modules/jsdom/lib/jsdom/living/events/EventTarget-impl.js:274:3)
      at HTMLInputElementImpl._dispatch (../../node_modules/jsdom/lib/jsdom/living/events/EventTarget-impl.js:221:9)
      at HTMLInputElementImpl.dispatchEvent (../../node_modules/jsdom/lib/jsdom/living/events/EventTarget-impl.js:94:17)
      at HTMLInputElement.dispatchEvent (../../node_modules/jsdom/lib/jsdom/living/generated/EventTarget.js:231:34)
      at ../../node_modules/@testing-library/user-event/dist/cjs/event/dispatchEvent.js:45:43
      at Object.eventWrapper (../../node_modules/@testing-library/dom/dist/config.js:25:23)
      at Object.wrapEvent (../../node_modules/@testing-library/user-event/dist/cjs/event/wrapEvent.js:6:28)
      at Object.dispatchEvent (../../node_modules/@testing-library/user-event/dist/cjs/event/dispatchEvent.js:45:22)
      at Object.dispatchUIEvent (../../node_modules/@testing-library/user-event/dist/cjs/event/dispatchEvent.js:22:26)
      at commitInput (../../node_modules/@testing-library/user-event/dist/cjs/event/input.js:145:14)
      at editInputElement (../../node_modules/@testing-library/user-event/dist/cjs/event/input.js:115:9)
      at Object.input (../../node_modules/@testing-library/user-event/dist/cjs/event/input.js:37:9)
      at ../../node_modules/@testing-library/user-event/dist/cjs/event/behavior/keypress.js:31:26
      at Object.dispatchEvent (../../node_modules/@testing-library/user-event/dist/cjs/event/dispatchEvent.js:41:13)
      at Object.dispatchUIEvent (../../node_modules/@testing-library/user-event/dist/cjs/event/dispatchEvent.js:22:26)
      at KeyboardHost.keydown (../../node_modules/@testing-library/user-event/dist/cjs/system/keyboard.js:76:22)
      at keyboardAction (../../node_modules/@testing-library/user-event/dist/cjs/keyboard/index.js:22:35)
      at Object.keyboard (../../node_modules/@testing-library/user-event/dist/cjs/keyboard/index.js:11:15)
      at Object.type (../../node_modules/@testing-library/user-event/dist/cjs/utility/type.js:17:5)
      at Object.<anonymous> (src/__tests__/App.test.js:118:5)

  console.error
    Warning: An update to ForwardRef(FormControl) inside a test was not wrapped in act(...).
    
    When testing, code that causes React state updates should be wrapped into act(...):
    
    act(() => {
      /* fire events that update state */
    });
    /* assert on the output */
    
    This ensures that you're testing the behavior the user would see in the browser. Learn more at https://reactjs.org/link/wrap-tests-with-act
        at FormControl (/workspaces/dajp-ae-bootcamp-session-3/node_modules/@mui/material/FormControl/FormControl.js:104:59)
        at /workspaces/dajp-ae-bootcamp-session-3/node_modules/@emotion/react/dist/emotion-element-a1829a1e.cjs.js:58:23
        at TextField (/workspaces/dajp-ae-bootcamp-session-3/node_modules/@mui/material/TextField/TextField.js:80:59)
        at form
        at /workspaces/dajp-ae-bootcamp-session-3/node_modules/@emotion/react/dist/emotion-element-a1829a1e.cjs.js:58:23
        at Box (/workspaces/dajp-ae-bootcamp-session-3/node_modules/@mui/system/createBox/createBox.js:27:41)
        at div
        at /workspaces/dajp-ae-bootcamp-session-3/node_modules/@emotion/react/dist/emotion-element-a1829a1e.cjs.js:58:23
        at Paper (/workspaces/dajp-ae-bootcamp-session-3/node_modules/@mui/material/Paper/Paper.js:75:59)
        at TaskForm (/workspaces/dajp-ae-bootcamp-session-3/packages/frontend/src/TaskForm.js:6:21)
        at div
        at /workspaces/dajp-ae-bootcamp-session-3/node_modules/@emotion/react/dist/emotion-element-a1829a1e.cjs.js:58:23
        at Box (/workspaces/dajp-ae-bootcamp-session-3/node_modules/@mui/system/createBox/createBox.js:27:41)
        at div
        at /workspaces/dajp-ae-bootcamp-session-3/node_modules/@emotion/react/dist/emotion-element-a1829a1e.cjs.js:58:23
        at Container (/workspaces/dajp-ae-bootcamp-session-3/node_modules/@mui/system/Container/createContainer.js:111:19)
        at div
        at /workspaces/dajp-ae-bootcamp-session-3/node_modules/@emotion/react/dist/emotion-element-a1829a1e.cjs.js:58:23
        at Box (/workspaces/dajp-ae-bootcamp-session-3/node_modules/@mui/system/createBox/createBox.js:27:41)
        at App (/workspaces/dajp-ae-bootcamp-session-3/packages/frontend/src/App.js:8:49)

      116 |       expect(screen.getByText('Test Task 1')).toBeInTheDocument();
      117 |     });
    > 118 |     await user.type(screen.getByTestId('title-input'), 'New Test Task');
          |     ^
      119 |     await user.type(screen.getByTestId('description-input'), 'Task description');
      120 |     await user.click(screen.getByTestId('submit-task'));
      121 |     await waitFor(() => {

      at printWarning (../../node_modules/react-dom/cjs/react-dom.development.js:86:30)
      at error (../../node_modules/react-dom/cjs/react-dom.development.js:60:7)
      at warnIfUpdatesNotWrappedWithActDEV (../../node_modules/react-dom/cjs/react-dom.development.js:27628:9)
      at scheduleUpdateOnFiber (../../node_modules/react-dom/cjs/react-dom.development.js:25547:5)
      at dispatchSetState (../../node_modules/react-dom/cjs/react-dom.development.js:16708:7)
      at ../../node_modules/@mui/material/InputBase/InputBase.js:448:22
      at commitHookEffectListMount (../../node_modules/react-dom/cjs/react-dom.development.js:23189:26)
      at commitPassiveMountOnFiber (../../node_modules/react-dom/cjs/react-dom.development.js:24970:11)
      at commitPassiveMountEffects_complete (../../node_modules/react-dom/cjs/react-dom.development.js:24930:9)
      at commitPassiveMountEffects_begin (../../node_modules/react-dom/cjs/react-dom.development.js:24917:7)
      at commitPassiveMountEffects (../../node_modules/react-dom/cjs/react-dom.development.js:24905:3)
      at flushPassiveEffectsImpl (../../node_modules/react-dom/cjs/react-dom.development.js:27078:3)
      at flushPassiveEffects (../../node_modules/react-dom/cjs/react-dom.development.js:27023:14)
      at commitRootImpl (../../node_modules/react-dom/cjs/react-dom.development.js:26974:5)
      at commitRoot (../../node_modules/react-dom/cjs/react-dom.development.js:26721:5)
      at performSyncWorkOnRoot (../../node_modules/react-dom/cjs/react-dom.development.js:26156:3)
      at flushSyncCallbacks (../../node_modules/react-dom/cjs/react-dom.development.js:12042:22)
      at flushSync (../../node_modules/react-dom/cjs/react-dom.development.js:26240:7)
      at finishEventHandler (../../node_modules/react-dom/cjs/react-dom.development.js:3976:5)
      at batchedUpdates (../../node_modules/react-dom/cjs/react-dom.development.js:3994:5)
      at dispatchEventForPluginEventSystem (../../node_modules/react-dom/cjs/react-dom.development.js:9287:3)
      at dispatchEventWithEnableCapturePhaseSelectiveHydrationWithoutDiscreteEventReplay (../../node_modules/react-dom/cjs/react-dom.development.js:6465:5)
      at dispatchEvent (../../node_modules/react-dom/cjs/react-dom.development.js:6457:5)
      at dispatchDiscreteEvent (../../node_modules/react-dom/cjs/react-dom.development.js:6430:5)
      at HTMLDivElement.callTheUserObjectsOperation (../../node_modules/jsdom/lib/jsdom/living/generated/EventListener.js:26:30)
      at innerInvokeEventListeners (../../node_modules/jsdom/lib/jsdom/living/events/EventTarget-impl.js:338:25)
      at invokeEventListeners (../../node_modules/jsdom/lib/jsdom/living/events/EventTarget-impl.js:274:3)
      at HTMLInputElementImpl._dispatch (../../node_modules/jsdom/lib/jsdom/living/events/EventTarget-impl.js:221:9)
      at HTMLInputElementImpl.dispatchEvent (../../node_modules/jsdom/lib/jsdom/living/events/EventTarget-impl.js:94:17)
      at HTMLInputElement.dispatchEvent (../../node_modules/jsdom/lib/jsdom/living/generated/EventTarget.js:231:34)
      at ../../node_modules/@testing-library/user-event/dist/cjs/event/dispatchEvent.js:45:43
      at Object.eventWrapper (../../node_modules/@testing-library/dom/dist/config.js:25:23)
      at Object.wrapEvent (../../node_modules/@testing-library/user-event/dist/cjs/event/wrapEvent.js:6:28)
      at Object.dispatchEvent (../../node_modules/@testing-library/user-event/dist/cjs/event/dispatchEvent.js:45:22)
      at Object.dispatchUIEvent (../../node_modules/@testing-library/user-event/dist/cjs/event/dispatchEvent.js:22:26)
      at commitInput (../../node_modules/@testing-library/user-event/dist/cjs/event/input.js:145:14)
      at editInputElement (../../node_modules/@testing-library/user-event/dist/cjs/event/input.js:115:9)
      at Object.input (../../node_modules/@testing-library/user-event/dist/cjs/event/input.js:37:9)
      at ../../node_modules/@testing-library/user-event/dist/cjs/event/behavior/keypress.js:31:26
      at Object.dispatchEvent (../../node_modules/@testing-library/user-event/dist/cjs/event/dispatchEvent.js:41:13)
      at Object.dispatchUIEvent (../../node_modules/@testing-library/user-event/dist/cjs/event/dispatchEvent.js:22:26)
      at KeyboardHost.keydown (../../node_modules/@testing-library/user-event/dist/cjs/system/keyboard.js:76:22)
      at keyboardAction (../../node_modules/@testing-library/user-event/dist/cjs/keyboard/index.js:22:35)
      at Object.keyboard (../../node_modules/@testing-library/user-event/dist/cjs/keyboard/index.js:11:15)
      at Object.type (../../node_modules/@testing-library/user-event/dist/cjs/utility/type.js:17:5)
      at Object.<anonymous> (src/__tests__/App.test.js:118:5)

  console.error
    Warning: An update to TaskForm inside a test was not wrapped in act(...).
    
    When testing, code that causes React state updates should be wrapped into act(...):
    
    act(() => {
      /* fire events that update state */
    });
    /* assert on the output */
    
    This ensures that you're testing the behavior the user would see in the browser. Learn more at https://reactjs.org/link/wrap-tests-with-act
        at TaskForm (/workspaces/dajp-ae-bootcamp-session-3/packages/frontend/src/TaskForm.js:6:21)
        at div
        at /workspaces/dajp-ae-bootcamp-session-3/node_modules/@emotion/react/dist/emotion-element-a1829a1e.cjs.js:58:23
        at Box (/workspaces/dajp-ae-bootcamp-session-3/node_modules/@mui/system/createBox/createBox.js:27:41)
        at div
        at /workspaces/dajp-ae-bootcamp-session-3/node_modules/@emotion/react/dist/emotion-element-a1829a1e.cjs.js:58:23
        at Container (/workspaces/dajp-ae-bootcamp-session-3/node_modules/@mui/system/Container/createContainer.js:111:19)
        at div
        at /workspaces/dajp-ae-bootcamp-session-3/node_modules/@emotion/react/dist/emotion-element-a1829a1e.cjs.js:58:23
        at Box (/workspaces/dajp-ae-bootcamp-session-3/node_modules/@mui/system/createBox/createBox.js:27:41)
        at App (/workspaces/dajp-ae-bootcamp-session-3/packages/frontend/src/App.js:8:49)

      84 |           label="Task Title"
      85 |           value={title}
    > 86 |           onChange={e => setTitle(e.target.value)}
         |                          ^
      87 |           required
      88 |           variant="outlined"
      89 |           fullWidth

      at printWarning (../../node_modules/react-dom/cjs/react-dom.development.js:86:30)
      at error (../../node_modules/react-dom/cjs/react-dom.development.js:60:7)
      at warnIfUpdatesNotWrappedWithActDEV (../../node_modules/react-dom/cjs/react-dom.development.js:27628:9)
      at scheduleUpdateOnFiber (../../node_modules/react-dom/cjs/react-dom.development.js:25547:5)
      at setTitle (../../node_modules/react-dom/cjs/react-dom.development.js:16708:7)
      at onChange (src/TaskForm.js:86:26)
      at handleChange (../../node_modules/@mui/material/InputBase/InputBase.js:396:7)
      at HTMLUnknownElement.callCallback (../../node_modules/react-dom/cjs/react-dom.development.js:4164:14)
      at HTMLUnknownElement.callTheUserObjectsOperation (../../node_modules/jsdom/lib/jsdom/living/generated/EventListener.js:26:30)
      at innerInvokeEventListeners (../../node_modules/jsdom/lib/jsdom/living/events/EventTarget-impl.js:338:25)
      at invokeEventListeners (../../node_modules/jsdom/lib/jsdom/living/events/EventTarget-impl.js:274:3)
      at HTMLUnknownElementImpl._dispatch (../../node_modules/jsdom/lib/jsdom/living/events/EventTarget-impl.js:221:9)
      at HTMLUnknownElementImpl.dispatchEvent (../../node_modules/jsdom/lib/jsdom/living/events/EventTarget-impl.js:94:17)
      at HTMLUnknownElement.dispatchEvent (../../node_modules/jsdom/lib/jsdom/living/generated/EventTarget.js:231:34)
      at Object.invokeGuardedCallbackDev (../../node_modules/react-dom/cjs/react-dom.development.js:4213:16)
      at invokeGuardedCallback (../../node_modules/react-dom/cjs/react-dom.development.js:4277:31)
      at invokeGuardedCallbackAndCatchFirstError (../../node_modules/react-dom/cjs/react-dom.development.js:4291:25)
      at executeDispatch (../../node_modules/react-dom/cjs/react-dom.development.js:9041:3)
      at processDispatchQueueItemsInOrder (../../node_modules/react-dom/cjs/react-dom.development.js:9073:7)
      at processDispatchQueue (../../node_modules/react-dom/cjs/react-dom.development.js:9086:5)
      at dispatchEventsForPlugins (../../node_modules/react-dom/cjs/react-dom.development.js:9097:3)
      at ../../node_modules/react-dom/cjs/react-dom.development.js:9288:12
      at batchedUpdates$1 (../../node_modules/react-dom/cjs/react-dom.development.js:26179:12)
      at batchedUpdates (../../node_modules/react-dom/cjs/react-dom.development.js:3991:12)
      at dispatchEventForPluginEventSystem (../../node_modules/react-dom/cjs/react-dom.development.js:9287:3)
      at dispatchEventWithEnableCapturePhaseSelectiveHydrationWithoutDiscreteEventReplay (../../node_modules/react-dom/cjs/react-dom.development.js:6465:5)
      at dispatchEvent (../../node_modules/react-dom/cjs/react-dom.development.js:6457:5)
      at dispatchDiscreteEvent (../../node_modules/react-dom/cjs/react-dom.development.js:6430:5)
      at HTMLDivElement.callTheUserObjectsOperation (../../node_modules/jsdom/lib/jsdom/living/generated/EventListener.js:26:30)
      at innerInvokeEventListeners (../../node_modules/jsdom/lib/jsdom/living/events/EventTarget-impl.js:338:25)
      at invokeEventListeners (../../node_modules/jsdom/lib/jsdom/living/events/EventTarget-impl.js:274:3)
      at HTMLInputElementImpl._dispatch (../../node_modules/jsdom/lib/jsdom/living/events/EventTarget-impl.js:221:9)
      at HTMLInputElementImpl.dispatchEvent (../../node_modules/jsdom/lib/jsdom/living/events/EventTarget-impl.js:94:17)
      at HTMLInputElement.dispatchEvent (../../node_modules/jsdom/lib/jsdom/living/generated/EventTarget.js:231:34)
      at ../../node_modules/@testing-library/user-event/dist/cjs/event/dispatchEvent.js:45:43
      at Object.eventWrapper (../../node_modules/@testing-library/dom/dist/config.js:25:23)
      at Object.wrapEvent (../../node_modules/@testing-library/user-event/dist/cjs/event/wrapEvent.js:6:28)
      at Object.dispatchEvent (../../node_modules/@testing-library/user-event/dist/cjs/event/dispatchEvent.js:45:22)
      at Object.dispatchUIEvent (../../node_modules/@testing-library/user-event/dist/cjs/event/dispatchEvent.js:22:26)
      at commitInput (../../node_modules/@testing-library/user-event/dist/cjs/event/input.js:145:14)
      at editInputElement (../../node_modules/@testing-library/user-event/dist/cjs/event/input.js:115:9)
      at Object.input (../../node_modules/@testing-library/user-event/dist/cjs/event/input.js:37:9)
      at ../../node_modules/@testing-library/user-event/dist/cjs/event/behavior/keypress.js:31:26
      at Object.dispatchEvent (../../node_modules/@testing-library/user-event/dist/cjs/event/dispatchEvent.js:41:13)
      at Object.dispatchUIEvent (../../node_modules/@testing-library/user-event/dist/cjs/event/dispatchEvent.js:22:26)
      at KeyboardHost.keydown (../../node_modules/@testing-library/user-event/dist/cjs/system/keyboard.js:76:22)
      at keyboardAction (../../node_modules/@testing-library/user-event/dist/cjs/keyboard/index.js:22:35)

  console.error
    Warning: An update to TaskForm inside a test was not wrapped in act(...).
    
    When testing, code that causes React state updates should be wrapped into act(...):
    
    act(() => {
      /* fire events that update state */
    });
    /* assert on the output */
    
    This ensures that you're testing the behavior the user would see in the browser. Learn more at https://reactjs.org/link/wrap-tests-with-act
        at TaskForm (/workspaces/dajp-ae-bootcamp-session-3/packages/frontend/src/TaskForm.js:6:21)
        at div
        at /workspaces/dajp-ae-bootcamp-session-3/node_modules/@emotion/react/dist/emotion-element-a1829a1e.cjs.js:58:23
        at Box (/workspaces/dajp-ae-bootcamp-session-3/node_modules/@mui/system/createBox/createBox.js:27:41)
        at div
        at /workspaces/dajp-ae-bootcamp-session-3/node_modules/@emotion/react/dist/emotion-element-a1829a1e.cjs.js:58:23
        at Container (/workspaces/dajp-ae-bootcamp-session-3/node_modules/@mui/system/Container/createContainer.js:111:19)
        at div
        at /workspaces/dajp-ae-bootcamp-session-3/node_modules/@emotion/react/dist/emotion-element-a1829a1e.cjs.js:58:23
        at Box (/workspaces/dajp-ae-bootcamp-session-3/node_modules/@mui/system/createBox/createBox.js:27:41)
        at App (/workspaces/dajp-ae-bootcamp-session-3/packages/frontend/src/App.js:8:49)

      84 |           label="Task Title"
      85 |           value={title}
    > 86 |           onChange={e => setTitle(e.target.value)}
         |                          ^
      87 |           required
      88 |           variant="outlined"
      89 |           fullWidth

      at printWarning (../../node_modules/react-dom/cjs/react-dom.development.js:86:30)
      at error (../../node_modules/react-dom/cjs/react-dom.development.js:60:7)
      at warnIfUpdatesNotWrappedWithActDEV (../../node_modules/react-dom/cjs/react-dom.development.js:27628:9)
      at scheduleUpdateOnFiber (../../node_modules/react-dom/cjs/react-dom.development.js:25547:5)
      at setTitle (../../node_modules/react-dom/cjs/react-dom.development.js:16708:7)
      at onChange (src/TaskForm.js:86:26)
      at handleChange (../../node_modules/@mui/material/InputBase/InputBase.js:396:7)
      at HTMLUnknownElement.callCallback (../../node_modules/react-dom/cjs/react-dom.development.js:4164:14)
      at HTMLUnknownElement.callTheUserObjectsOperation (../../node_modules/jsdom/lib/jsdom/living/generated/EventListener.js:26:30)
      at innerInvokeEventListeners (../../node_modules/jsdom/lib/jsdom/living/events/EventTarget-impl.js:338:25)
      at invokeEventListeners (../../node_modules/jsdom/lib/jsdom/living/events/EventTarget-impl.js:274:3)
      at HTMLUnknownElementImpl._dispatch (../../node_modules/jsdom/lib/jsdom/living/events/EventTarget-impl.js:221:9)
      at HTMLUnknownElementImpl.dispatchEvent (../../node_modules/jsdom/lib/jsdom/living/events/EventTarget-impl.js:94:17)
      at HTMLUnknownElement.dispatchEvent (../../node_modules/jsdom/lib/jsdom/living/generated/EventTarget.js:231:34)
      at Object.invokeGuardedCallbackDev (../../node_modules/react-dom/cjs/react-dom.development.js:4213:16)
      at invokeGuardedCallback (../../node_modules/react-dom/cjs/react-dom.development.js:4277:31)
      at invokeGuardedCallbackAndCatchFirstError (../../node_modules/react-dom/cjs/react-dom.development.js:4291:25)
      at executeDispatch (../../node_modules/react-dom/cjs/react-dom.development.js:9041:3)
      at processDispatchQueueItemsInOrder (../../node_modules/react-dom/cjs/react-dom.development.js:9073:7)
      at processDispatchQueue (../../node_modules/react-dom/cjs/react-dom.development.js:9086:5)
      at dispatchEventsForPlugins (../../node_modules/react-dom/cjs/react-dom.development.js:9097:3)
      at ../../node_modules/react-dom/cjs/react-dom.development.js:9288:12
      at batchedUpdates$1 (../../node_modules/react-dom/cjs/react-dom.development.js:26179:12)
      at batchedUpdates (../../node_modules/react-dom/cjs/react-dom.development.js:3991:12)
      at dispatchEventForPluginEventSystem (../../node_modules/react-dom/cjs/react-dom.development.js:9287:3)
      at dispatchEventWithEnableCapturePhaseSelectiveHydrationWithoutDiscreteEventReplay (../../node_modules/react-dom/cjs/react-dom.development.js:6465:5)
      at dispatchEvent (../../node_modules/react-dom/cjs/react-dom.development.js:6457:5)
      at dispatchDiscreteEvent (../../node_modules/react-dom/cjs/react-dom.development.js:6430:5)
      at HTMLDivElement.callTheUserObjectsOperation (../../node_modules/jsdom/lib/jsdom/living/generated/EventListener.js:26:30)
      at innerInvokeEventListeners (../../node_modules/jsdom/lib/jsdom/living/events/EventTarget-impl.js:338:25)
      at invokeEventListeners (../../node_modules/jsdom/lib/jsdom/living/events/EventTarget-impl.js:274:3)
      at HTMLInputElementImpl._dispatch (../../node_modules/jsdom/lib/jsdom/living/events/EventTarget-impl.js:221:9)
      at HTMLInputElementImpl.dispatchEvent (../../node_modules/jsdom/lib/jsdom/living/events/EventTarget-impl.js:94:17)
      at HTMLInputElement.dispatchEvent (../../node_modules/jsdom/lib/jsdom/living/generated/EventTarget.js:231:34)
      at ../../node_modules/@testing-library/user-event/dist/cjs/event/dispatchEvent.js:45:43
      at Object.eventWrapper (../../node_modules/@testing-library/dom/dist/config.js:25:23)
      at Object.wrapEvent (../../node_modules/@testing-library/user-event/dist/cjs/event/wrapEvent.js:6:28)
      at Object.dispatchEvent (../../node_modules/@testing-library/user-event/dist/cjs/event/dispatchEvent.js:45:22)
      at Object.dispatchUIEvent (../../node_modules/@testing-library/user-event/dist/cjs/event/dispatchEvent.js:22:26)
      at commitInput (../../node_modules/@testing-library/user-event/dist/cjs/event/input.js:145:14)
      at editInputElement (../../node_modules/@testing-library/user-event/dist/cjs/event/input.js:115:9)
      at Object.input (../../node_modules/@testing-library/user-event/dist/cjs/event/input.js:37:9)
      at ../../node_modules/@testing-library/user-event/dist/cjs/event/behavior/keypress.js:31:26
      at Object.dispatchEvent (../../node_modules/@testing-library/user-event/dist/cjs/event/dispatchEvent.js:41:13)
      at Object.dispatchUIEvent (../../node_modules/@testing-library/user-event/dist/cjs/event/dispatchEvent.js:22:26)
      at KeyboardHost.keydown (../../node_modules/@testing-library/user-event/dist/cjs/system/keyboard.js:76:22)
      at keyboardAction (../../node_modules/@testing-library/user-event/dist/cjs/keyboard/index.js:22:35)

  console.error
    Warning: An update to ForwardRef(FormControl) inside a test was not wrapped in act(...).
    
    When testing, code that causes React state updates should be wrapped into act(...):
    
    act(() => {
      /* fire events that update state */
    });
    /* assert on the output */
    
    This ensures that you're testing the behavior the user would see in the browser. Learn more at https://reactjs.org/link/wrap-tests-with-act
        at FormControl (/workspaces/dajp-ae-bootcamp-session-3/node_modules/@mui/material/FormControl/FormControl.js:104:59)
        at /workspaces/dajp-ae-bootcamp-session-3/node_modules/@emotion/react/dist/emotion-element-a1829a1e.cjs.js:58:23
        at TextField (/workspaces/dajp-ae-bootcamp-session-3/node_modules/@mui/material/TextField/TextField.js:80:59)
        at form
        at /workspaces/dajp-ae-bootcamp-session-3/node_modules/@emotion/react/dist/emotion-element-a1829a1e.cjs.js:58:23
        at Box (/workspaces/dajp-ae-bootcamp-session-3/node_modules/@mui/system/createBox/createBox.js:27:41)
        at div
        at /workspaces/dajp-ae-bootcamp-session-3/node_modules/@emotion/react/dist/emotion-element-a1829a1e.cjs.js:58:23
        at Paper (/workspaces/dajp-ae-bootcamp-session-3/node_modules/@mui/material/Paper/Paper.js:75:59)
        at TaskForm (/workspaces/dajp-ae-bootcamp-session-3/packages/frontend/src/TaskForm.js:6:21)
        at div
        at /workspaces/dajp-ae-bootcamp-session-3/node_modules/@emotion/react/dist/emotion-element-a1829a1e.cjs.js:58:23
        at Box (/workspaces/dajp-ae-bootcamp-session-3/node_modules/@mui/system/createBox/createBox.js:27:41)
        at div
        at /workspaces/dajp-ae-bootcamp-session-3/node_modules/@emotion/react/dist/emotion-element-a1829a1e.cjs.js:58:23
        at Container (/workspaces/dajp-ae-bootcamp-session-3/node_modules/@mui/system/Container/createContainer.js:111:19)
        at div
        at /workspaces/dajp-ae-bootcamp-session-3/node_modules/@emotion/react/dist/emotion-element-a1829a1e.cjs.js:58:23
        at Box (/workspaces/dajp-ae-bootcamp-session-3/node_modules/@mui/system/createBox/createBox.js:27:41)
        at App (/workspaces/dajp-ae-bootcamp-session-3/packages/frontend/src/App.js:8:49)

      116 |       expect(screen.getByText('Test Task 1')).toBeInTheDocument();
      117 |     });
    > 118 |     await user.type(screen.getByTestId('title-input'), 'New Test Task');
          |     ^
      119 |     await user.type(screen.getByTestId('description-input'), 'Task description');
      120 |     await user.click(screen.getByTestId('submit-task'));
      121 |     await waitFor(() => {

      at printWarning (../../node_modules/react-dom/cjs/react-dom.development.js:86:30)
      at error (../../node_modules/react-dom/cjs/react-dom.development.js:60:7)
      at warnIfUpdatesNotWrappedWithActDEV (../../node_modules/react-dom/cjs/react-dom.development.js:27628:9)
      at scheduleUpdateOnFiber (../../node_modules/react-dom/cjs/react-dom.development.js:25547:5)
      at dispatchSetState (../../node_modules/react-dom/cjs/react-dom.development.js:16708:7)
      at ../../node_modules/@mui/material/FormControl/FormControl.js:190:5
      at ../../node_modules/@mui/material/InputBase/InputBase.js:341:9
      at ../../node_modules/@mui/material/InputBase/InputBase.js:349:7
      at commitHookEffectListMount (../../node_modules/react-dom/cjs/react-dom.development.js:23189:26)
      at commitLayoutEffectOnFiber (../../node_modules/react-dom/cjs/react-dom.development.js:23312:15)
      at commitLayoutMountEffects_complete (../../node_modules/react-dom/cjs/react-dom.development.js:24727:9)
      at commitLayoutEffects_begin (../../node_modules/react-dom/cjs/react-dom.development.js:24713:7)
      at commitLayoutEffects (../../node_modules/react-dom/cjs/react-dom.development.js:24651:3)
      at commitRootImpl (../../node_modules/react-dom/cjs/react-dom.development.js:26862:5)
      at commitRoot (../../node_modules/react-dom/cjs/react-dom.development.js:26721:5)
      at performSyncWorkOnRoot (../../node_modules/react-dom/cjs/react-dom.development.js:26156:3)
      at flushSyncCallbacks (../../node_modules/react-dom/cjs/react-dom.development.js:12042:22)
      at flushSync (../../node_modules/react-dom/cjs/react-dom.development.js:26240:7)
      at finishEventHandler (../../node_modules/react-dom/cjs/react-dom.development.js:3976:5)
      at batchedUpdates (../../node_modules/react-dom/cjs/react-dom.development.js:3994:5)
      at dispatchEventForPluginEventSystem (../../node_modules/react-dom/cjs/react-dom.development.js:9287:3)
      at dispatchEventWithEnableCapturePhaseSelectiveHydrationWithoutDiscreteEventReplay (../../node_modules/react-dom/cjs/react-dom.development.js:6465:5)
      at dispatchEvent (../../node_modules/react-dom/cjs/react-dom.development.js:6457:5)
      at dispatchDiscreteEvent (../../node_modules/react-dom/cjs/react-dom.development.js:6430:5)
      at HTMLDivElement.callTheUserObjectsOperation (../../node_modules/jsdom/lib/jsdom/living/generated/EventListener.js:26:30)
      at innerInvokeEventListeners (../../node_modules/jsdom/lib/jsdom/living/events/EventTarget-impl.js:338:25)
      at invokeEventListeners (../../node_modules/jsdom/lib/jsdom/living/events/EventTarget-impl.js:274:3)
      at HTMLInputElementImpl._dispatch (../../node_modules/jsdom/lib/jsdom/living/events/EventTarget-impl.js:221:9)
      at HTMLInputElementImpl.dispatchEvent (../../node_modules/jsdom/lib/jsdom/living/events/EventTarget-impl.js:94:17)
      at HTMLInputElement.dispatchEvent (../../node_modules/jsdom/lib/jsdom/living/generated/EventTarget.js:231:34)
      at ../../node_modules/@testing-library/user-event/dist/cjs/event/dispatchEvent.js:45:43
      at Object.eventWrapper (../../node_modules/@testing-library/dom/dist/config.js:25:23)
      at Object.wrapEvent (../../node_modules/@testing-library/user-event/dist/cjs/event/wrapEvent.js:6:28)
      at Object.dispatchEvent (../../node_modules/@testing-library/user-event/dist/cjs/event/dispatchEvent.js:45:22)
      at Object.dispatchUIEvent (../../node_modules/@testing-library/user-event/dist/cjs/event/dispatchEvent.js:22:26)
      at commitInput (../../node_modules/@testing-library/user-event/dist/cjs/event/input.js:145:14)
      at editInputElement (../../node_modules/@testing-library/user-event/dist/cjs/event/input.js:115:9)
      at Object.input (../../node_modules/@testing-library/user-event/dist/cjs/event/input.js:37:9)
      at ../../node_modules/@testing-library/user-event/dist/cjs/event/behavior/keypress.js:31:26
      at Object.dispatchEvent (../../node_modules/@testing-library/user-event/dist/cjs/event/dispatchEvent.js:41:13)
      at Object.dispatchUIEvent (../../node_modules/@testing-library/user-event/dist/cjs/event/dispatchEvent.js:22:26)
      at KeyboardHost.keydown (../../node_modules/@testing-library/user-event/dist/cjs/system/keyboard.js:76:22)
      at keyboardAction (../../node_modules/@testing-library/user-event/dist/cjs/keyboard/index.js:22:35)
      at Object.keyboard (../../node_modules/@testing-library/user-event/dist/cjs/keyboard/index.js:11:15)
      at Object.type (../../node_modules/@testing-library/user-event/dist/cjs/utility/type.js:17:5)
      at Object.<anonymous> (src/__tests__/App.test.js:118:5)

  console.error
    Warning: An update to ForwardRef(FormControl) inside a test was not wrapped in act(...).
    
    When testing, code that causes React state updates should be wrapped into act(...):
    
    act(() => {
      /* fire events that update state */
    });
    /* assert on the output */
    
    This ensures that you're testing the behavior the user would see in the browser. Learn more at https://reactjs.org/link/wrap-tests-with-act
        at FormControl (/workspaces/dajp-ae-bootcamp-session-3/node_modules/@mui/material/FormControl/FormControl.js:104:59)
        at /workspaces/dajp-ae-bootcamp-session-3/node_modules/@emotion/react/dist/emotion-element-a1829a1e.cjs.js:58:23
        at TextField (/workspaces/dajp-ae-bootcamp-session-3/node_modules/@mui/material/TextField/TextField.js:80:59)
        at form
        at /workspaces/dajp-ae-bootcamp-session-3/node_modules/@emotion/react/dist/emotion-element-a1829a1e.cjs.js:58:23
        at Box (/workspaces/dajp-ae-bootcamp-session-3/node_modules/@mui/system/createBox/createBox.js:27:41)
        at div
        at /workspaces/dajp-ae-bootcamp-session-3/node_modules/@emotion/react/dist/emotion-element-a1829a1e.cjs.js:58:23
        at Paper (/workspaces/dajp-ae-bootcamp-session-3/node_modules/@mui/material/Paper/Paper.js:75:59)
        at TaskForm (/workspaces/dajp-ae-bootcamp-session-3/packages/frontend/src/TaskForm.js:6:21)
        at div
        at /workspaces/dajp-ae-bootcamp-session-3/node_modules/@emotion/react/dist/emotion-element-a1829a1e.cjs.js:58:23
        at Box (/workspaces/dajp-ae-bootcamp-session-3/node_modules/@mui/system/createBox/createBox.js:27:41)
        at div
        at /workspaces/dajp-ae-bootcamp-session-3/node_modules/@emotion/react/dist/emotion-element-a1829a1e.cjs.js:58:23
        at Container (/workspaces/dajp-ae-bootcamp-session-3/node_modules/@mui/system/Container/createContainer.js:111:19)
        at div
        at /workspaces/dajp-ae-bootcamp-session-3/node_modules/@emotion/react/dist/emotion-element-a1829a1e.cjs.js:58:23
        at Box (/workspaces/dajp-ae-bootcamp-session-3/node_modules/@mui/system/createBox/createBox.js:27:41)
        at App (/workspaces/dajp-ae-bootcamp-session-3/packages/frontend/src/App.js:8:49)

      116 |       expect(screen.getByText('Test Task 1')).toBeInTheDocument();
      117 |     });
    > 118 |     await user.type(screen.getByTestId('title-input'), 'New Test Task');
          |     ^
      119 |     await user.type(screen.getByTestId('description-input'), 'Task description');
      120 |     await user.click(screen.getByTestId('submit-task'));
      121 |     await waitFor(() => {

      at printWarning (../../node_modules/react-dom/cjs/react-dom.development.js:86:30)
      at error (../../node_modules/react-dom/cjs/react-dom.development.js:60:7)
      at warnIfUpdatesNotWrappedWithActDEV (../../node_modules/react-dom/cjs/react-dom.development.js:27628:9)
      at scheduleUpdateOnFiber (../../node_modules/react-dom/cjs/react-dom.development.js:25547:5)
      at dispatchSetState (../../node_modules/react-dom/cjs/react-dom.development.js:16708:7)
      at ../../node_modules/@mui/material/InputBase/InputBase.js:448:22
      at commitHookEffectListMount (../../node_modules/react-dom/cjs/react-dom.development.js:23189:26)
      at commitPassiveMountOnFiber (../../node_modules/react-dom/cjs/react-dom.development.js:24970:11)
      at commitPassiveMountEffects_complete (../../node_modules/react-dom/cjs/react-dom.development.js:24930:9)
      at commitPassiveMountEffects_begin (../../node_modules/react-dom/cjs/react-dom.development.js:24917:7)
      at commitPassiveMountEffects (../../node_modules/react-dom/cjs/react-dom.development.js:24905:3)
      at flushPassiveEffectsImpl (../../node_modules/react-dom/cjs/react-dom.development.js:27078:3)
      at flushPassiveEffects (../../node_modules/react-dom/cjs/react-dom.development.js:27023:14)
      at commitRootImpl (../../node_modules/react-dom/cjs/react-dom.development.js:26974:5)
      at commitRoot (../../node_modules/react-dom/cjs/react-dom.development.js:26721:5)
      at performSyncWorkOnRoot (../../node_modules/react-dom/cjs/react-dom.development.js:26156:3)
      at flushSyncCallbacks (../../node_modules/react-dom/cjs/react-dom.development.js:12042:22)
      at flushSync (../../node_modules/react-dom/cjs/react-dom.development.js:26240:7)
      at finishEventHandler (../../node_modules/react-dom/cjs/react-dom.development.js:3976:5)
      at batchedUpdates (../../node_modules/react-dom/cjs/react-dom.development.js:3994:5)
      at dispatchEventForPluginEventSystem (../../node_modules/react-dom/cjs/react-dom.development.js:9287:3)
      at dispatchEventWithEnableCapturePhaseSelectiveHydrationWithoutDiscreteEventReplay (../../node_modules/react-dom/cjs/react-dom.development.js:6465:5)
      at dispatchEvent (../../node_modules/react-dom/cjs/react-dom.development.js:6457:5)
      at dispatchDiscreteEvent (../../node_modules/react-dom/cjs/react-dom.development.js:6430:5)
      at HTMLDivElement.callTheUserObjectsOperation (../../node_modules/jsdom/lib/jsdom/living/generated/EventListener.js:26:30)
      at innerInvokeEventListeners (../../node_modules/jsdom/lib/jsdom/living/events/EventTarget-impl.js:338:25)
      at invokeEventListeners (../../node_modules/jsdom/lib/jsdom/living/events/EventTarget-impl.js:274:3)
      at HTMLInputElementImpl._dispatch (../../node_modules/jsdom/lib/jsdom/living/events/EventTarget-impl.js:221:9)
      at HTMLInputElementImpl.dispatchEvent (../../node_modules/jsdom/lib/jsdom/living/events/EventTarget-impl.js:94:17)
      at HTMLInputElement.dispatchEvent (../../node_modules/jsdom/lib/jsdom/living/generated/EventTarget.js:231:34)
      at ../../node_modules/@testing-library/user-event/dist/cjs/event/dispatchEvent.js:45:43
      at Object.eventWrapper (../../node_modules/@testing-library/dom/dist/config.js:25:23)
      at Object.wrapEvent (../../node_modules/@testing-library/user-event/dist/cjs/event/wrapEvent.js:6:28)
      at Object.dispatchEvent (../../node_modules/@testing-library/user-event/dist/cjs/event/dispatchEvent.js:45:22)
      at Object.dispatchUIEvent (../../node_modules/@testing-library/user-event/dist/cjs/event/dispatchEvent.js:22:26)
      at commitInput (../../node_modules/@testing-library/user-event/dist/cjs/event/input.js:145:14)
      at editInputElement (../../node_modules/@testing-library/user-event/dist/cjs/event/input.js:115:9)
      at Object.input (../../node_modules/@testing-library/user-event/dist/cjs/event/input.js:37:9)
      at ../../node_modules/@testing-library/user-event/dist/cjs/event/behavior/keypress.js:31:26
      at Object.dispatchEvent (../../node_modules/@testing-library/user-event/dist/cjs/event/dispatchEvent.js:41:13)
      at Object.dispatchUIEvent (../../node_modules/@testing-library/user-event/dist/cjs/event/dispatchEvent.js:22:26)
      at KeyboardHost.keydown (../../node_modules/@testing-library/user-event/dist/cjs/system/keyboard.js:76:22)
      at keyboardAction (../../node_modules/@testing-library/user-event/dist/cjs/keyboard/index.js:22:35)
      at Object.keyboard (../../node_modules/@testing-library/user-event/dist/cjs/keyboard/index.js:11:15)
      at Object.type (../../node_modules/@testing-library/user-event/dist/cjs/utility/type.js:17:5)
      at Object.<anonymous> (src/__tests__/App.test.js:118:5)

  console.error
    Warning: An update to ForwardRef(FormControl) inside a test was not wrapped in act(...).
    
    When testing, code that causes React state updates should be wrapped into act(...):
    
    act(() => {
      /* fire events that update state */
    });
    /* assert on the output */
    
    This ensures that you're testing the behavior the user would see in the browser. Learn more at https://reactjs.org/link/wrap-tests-with-act
        at FormControl (/workspaces/dajp-ae-bootcamp-session-3/node_modules/@mui/material/FormControl/FormControl.js:104:59)
        at /workspaces/dajp-ae-bootcamp-session-3/node_modules/@emotion/react/dist/emotion-element-a1829a1e.cjs.js:58:23
        at TextField (/workspaces/dajp-ae-bootcamp-session-3/node_modules/@mui/material/TextField/TextField.js:80:59)
        at form
        at /workspaces/dajp-ae-bootcamp-session-3/node_modules/@emotion/react/dist/emotion-element-a1829a1e.cjs.js:58:23
        at Box (/workspaces/dajp-ae-bootcamp-session-3/node_modules/@mui/system/createBox/createBox.js:27:41)
        at div
        at /workspaces/dajp-ae-bootcamp-session-3/node_modules/@emotion/react/dist/emotion-element-a1829a1e.cjs.js:58:23
        at Paper (/workspaces/dajp-ae-bootcamp-session-3/node_modules/@mui/material/Paper/Paper.js:75:59)
        at TaskForm (/workspaces/dajp-ae-bootcamp-session-3/packages/frontend/src/TaskForm.js:6:21)
        at div
        at /workspaces/dajp-ae-bootcamp-session-3/node_modules/@emotion/react/dist/emotion-element-a1829a1e.cjs.js:58:23
        at Box (/workspaces/dajp-ae-bootcamp-session-3/node_modules/@mui/system/createBox/createBox.js:27:41)
        at div
        at /workspaces/dajp-ae-bootcamp-session-3/node_modules/@emotion/react/dist/emotion-element-a1829a1e.cjs.js:58:23
        at Container (/workspaces/dajp-ae-bootcamp-session-3/node_modules/@mui/system/Container/createContainer.js:111:19)
        at div
        at /workspaces/dajp-ae-bootcamp-session-3/node_modules/@emotion/react/dist/emotion-element-a1829a1e.cjs.js:58:23
        at Box (/workspaces/dajp-ae-bootcamp-session-3/node_modules/@mui/system/createBox/createBox.js:27:41)
        at App (/workspaces/dajp-ae-bootcamp-session-3/packages/frontend/src/App.js:8:49)

      116 |       expect(screen.getByText('Test Task 1')).toBeInTheDocument();
      117 |     });
    > 118 |     await user.type(screen.getByTestId('title-input'), 'New Test Task');
          |     ^
      119 |     await user.type(screen.getByTestId('description-input'), 'Task description');
      120 |     await user.click(screen.getByTestId('submit-task'));
      121 |     await waitFor(() => {

      at printWarning (../../node_modules/react-dom/cjs/react-dom.development.js:86:30)
      at error (../../node_modules/react-dom/cjs/react-dom.development.js:60:7)
      at warnIfUpdatesNotWrappedWithActDEV (../../node_modules/react-dom/cjs/react-dom.development.js:27628:9)
      at scheduleUpdateOnFiber (../../node_modules/react-dom/cjs/react-dom.development.js:25547:5)
      at dispatchSetState (../../node_modules/react-dom/cjs/react-dom.development.js:16708:7)
      at ../../node_modules/@mui/material/InputBase/InputBase.js:448:22
      at commitHookEffectListMount (../../node_modules/react-dom/cjs/react-dom.development.js:23189:26)
      at commitPassiveMountOnFiber (../../node_modules/react-dom/cjs/react-dom.development.js:24970:11)
      at commitPassiveMountEffects_complete (../../node_modules/react-dom/cjs/react-dom.development.js:24930:9)
      at commitPassiveMountEffects_begin (../../node_modules/react-dom/cjs/react-dom.development.js:24917:7)
      at commitPassiveMountEffects (../../node_modules/react-dom/cjs/react-dom.development.js:24905:3)
      at flushPassiveEffectsImpl (../../node_modules/react-dom/cjs/react-dom.development.js:27078:3)
      at flushPassiveEffects (../../node_modules/react-dom/cjs/react-dom.development.js:27023:14)
      at commitRootImpl (../../node_modules/react-dom/cjs/react-dom.development.js:26974:5)
      at commitRoot (../../node_modules/react-dom/cjs/react-dom.development.js:26721:5)
      at performSyncWorkOnRoot (../../node_modules/react-dom/cjs/react-dom.development.js:26156:3)
      at flushSyncCallbacks (../../node_modules/react-dom/cjs/react-dom.development.js:12042:22)
      at flushSync (../../node_modules/react-dom/cjs/react-dom.development.js:26240:7)
      at finishEventHandler (../../node_modules/react-dom/cjs/react-dom.development.js:3976:5)
      at batchedUpdates (../../node_modules/react-dom/cjs/react-dom.development.js:3994:5)
      at dispatchEventForPluginEventSystem (../../node_modules/react-dom/cjs/react-dom.development.js:9287:3)
      at dispatchEventWithEnableCapturePhaseSelectiveHydrationWithoutDiscreteEventReplay (../../node_modules/react-dom/cjs/react-dom.development.js:6465:5)
      at dispatchEvent (../../node_modules/react-dom/cjs/react-dom.development.js:6457:5)
      at dispatchDiscreteEvent (../../node_modules/react-dom/cjs/react-dom.development.js:6430:5)
      at HTMLDivElement.callTheUserObjectsOperation (../../node_modules/jsdom/lib/jsdom/living/generated/EventListener.js:26:30)
      at innerInvokeEventListeners (../../node_modules/jsdom/lib/jsdom/living/events/EventTarget-impl.js:338:25)
      at invokeEventListeners (../../node_modules/jsdom/lib/jsdom/living/events/EventTarget-impl.js:274:3)
      at HTMLInputElementImpl._dispatch (../../node_modules/jsdom/lib/jsdom/living/events/EventTarget-impl.js:221:9)
      at HTMLInputElementImpl.dispatchEvent (../../node_modules/jsdom/lib/jsdom/living/events/EventTarget-impl.js:94:17)
      at HTMLInputElement.dispatchEvent (../../node_modules/jsdom/lib/jsdom/living/generated/EventTarget.js:231:34)
      at ../../node_modules/@testing-library/user-event/dist/cjs/event/dispatchEvent.js:45:43
      at Object.eventWrapper (../../node_modules/@testing-library/dom/dist/config.js:25:23)
      at Object.wrapEvent (../../node_modules/@testing-library/user-event/dist/cjs/event/wrapEvent.js:6:28)
      at Object.dispatchEvent (../../node_modules/@testing-library/user-event/dist/cjs/event/dispatchEvent.js:45:22)
      at Object.dispatchUIEvent (../../node_modules/@testing-library/user-event/dist/cjs/event/dispatchEvent.js:22:26)
      at commitInput (../../node_modules/@testing-library/user-event/dist/cjs/event/input.js:145:14)
      at editInputElement (../../node_modules/@testing-library/user-event/dist/cjs/event/input.js:115:9)
      at Object.input (../../node_modules/@testing-library/user-event/dist/cjs/event/input.js:37:9)
      at ../../node_modules/@testing-library/user-event/dist/cjs/event/behavior/keypress.js:31:26
      at Object.dispatchEvent (../../node_modules/@testing-library/user-event/dist/cjs/event/dispatchEvent.js:41:13)
      at Object.dispatchUIEvent (../../node_modules/@testing-library/user-event/dist/cjs/event/dispatchEvent.js:22:26)
      at KeyboardHost.keydown (../../node_modules/@testing-library/user-event/dist/cjs/system/keyboard.js:76:22)
      at keyboardAction (../../node_modules/@testing-library/user-event/dist/cjs/keyboard/index.js:22:35)
      at Object.keyboard (../../node_modules/@testing-library/user-event/dist/cjs/keyboard/index.js:11:15)
      at Object.type (../../node_modules/@testing-library/user-event/dist/cjs/utility/type.js:17:5)
      at Object.<anonymous> (src/__tests__/App.test.js:118:5)

  console.error
    Warning: An update to ForwardRef(FormControl) inside a test was not wrapped in act(...).
    
    When testing, code that causes React state updates should be wrapped into act(...):
    
    act(() => {
      /* fire events that update state */
    });
    /* assert on the output */
    
    This ensures that you're testing the behavior the user would see in the browser. Learn more at https://reactjs.org/link/wrap-tests-with-act
        at FormControl (/workspaces/dajp-ae-bootcamp-session-3/node_modules/@mui/material/FormControl/FormControl.js:104:59)
        at /workspaces/dajp-ae-bootcamp-session-3/node_modules/@emotion/react/dist/emotion-element-a1829a1e.cjs.js:58:23
        at TextField (/workspaces/dajp-ae-bootcamp-session-3/node_modules/@mui/material/TextField/TextField.js:80:59)
        at form
        at /workspaces/dajp-ae-bootcamp-session-3/node_modules/@emotion/react/dist/emotion-element-a1829a1e.cjs.js:58:23
        at Box (/workspaces/dajp-ae-bootcamp-session-3/node_modules/@mui/system/createBox/createBox.js:27:41)
        at div
        at /workspaces/dajp-ae-bootcamp-session-3/node_modules/@emotion/react/dist/emotion-element-a1829a1e.cjs.js:58:23
        at Paper (/workspaces/dajp-ae-bootcamp-session-3/node_modules/@mui/material/Paper/Paper.js:75:59)
        at TaskForm (/workspaces/dajp-ae-bootcamp-session-3/packages/frontend/src/TaskForm.js:6:21)
        at div
        at /workspaces/dajp-ae-bootcamp-session-3/node_modules/@emotion/react/dist/emotion-element-a1829a1e.cjs.js:58:23
        at Box (/workspaces/dajp-ae-bootcamp-session-3/node_modules/@mui/system/createBox/createBox.js:27:41)
        at div
        at /workspaces/dajp-ae-bootcamp-session-3/node_modules/@emotion/react/dist/emotion-element-a1829a1e.cjs.js:58:23
        at Container (/workspaces/dajp-ae-bootcamp-session-3/node_modules/@mui/system/Container/createContainer.js:111:19)
        at div
        at /workspaces/dajp-ae-bootcamp-session-3/node_modules/@emotion/react/dist/emotion-element-a1829a1e.cjs.js:58:23
        at Box (/workspaces/dajp-ae-bootcamp-session-3/node_modules/@mui/system/createBox/createBox.js:27:41)
        at App (/workspaces/dajp-ae-bootcamp-session-3/packages/frontend/src/App.js:8:49)

      116 |       expect(screen.getByText('Test Task 1')).toBeInTheDocument();
      117 |     });
    > 118 |     await user.type(screen.getByTestId('title-input'), 'New Test Task');
          |     ^
      119 |     await user.type(screen.getByTestId('description-input'), 'Task description');
      120 |     await user.click(screen.getByTestId('submit-task'));
      121 |     await waitFor(() => {

      at printWarning (../../node_modules/react-dom/cjs/react-dom.development.js:86:30)
      at error (../../node_modules/react-dom/cjs/react-dom.development.js:60:7)
      at warnIfUpdatesNotWrappedWithActDEV (../../node_modules/react-dom/cjs/react-dom.development.js:27628:9)
      at scheduleUpdateOnFiber (../../node_modules/react-dom/cjs/react-dom.development.js:25547:5)
      at dispatchSetState (../../node_modules/react-dom/cjs/react-dom.development.js:16708:7)
      at ../../node_modules/@mui/material/InputBase/InputBase.js:448:22
      at commitHookEffectListMount (../../node_modules/react-dom/cjs/react-dom.development.js:23189:26)
      at commitPassiveMountOnFiber (../../node_modules/react-dom/cjs/react-dom.development.js:24970:11)
      at commitPassiveMountEffects_complete (../../node_modules/react-dom/cjs/react-dom.development.js:24930:9)
      at commitPassiveMountEffects_begin (../../node_modules/react-dom/cjs/react-dom.development.js:24917:7)
      at commitPassiveMountEffects (../../node_modules/react-dom/cjs/react-dom.development.js:24905:3)
      at flushPassiveEffectsImpl (../../node_modules/react-dom/cjs/react-dom.development.js:27078:3)
      at flushPassiveEffects (../../node_modules/react-dom/cjs/react-dom.development.js:27023:14)
      at commitRootImpl (../../node_modules/react-dom/cjs/react-dom.development.js:26974:5)
      at commitRoot (../../node_modules/react-dom/cjs/react-dom.development.js:26721:5)
      at performSyncWorkOnRoot (../../node_modules/react-dom/cjs/react-dom.development.js:26156:3)
      at flushSyncCallbacks (../../node_modules/react-dom/cjs/react-dom.development.js:12042:22)
      at flushSync (../../node_modules/react-dom/cjs/react-dom.development.js:26240:7)
      at finishEventHandler (../../node_modules/react-dom/cjs/react-dom.development.js:3976:5)
      at batchedUpdates (../../node_modules/react-dom/cjs/react-dom.development.js:3994:5)
      at dispatchEventForPluginEventSystem (../../node_modules/react-dom/cjs/react-dom.development.js:9287:3)
      at dispatchEventWithEnableCapturePhaseSelectiveHydrationWithoutDiscreteEventReplay (../../node_modules/react-dom/cjs/react-dom.development.js:6465:5)
      at dispatchEvent (../../node_modules/react-dom/cjs/react-dom.development.js:6457:5)
      at dispatchDiscreteEvent (../../node_modules/react-dom/cjs/react-dom.development.js:6430:5)
      at HTMLDivElement.callTheUserObjectsOperation (../../node_modules/jsdom/lib/jsdom/living/generated/EventListener.js:26:30)
      at innerInvokeEventListeners (../../node_modules/jsdom/lib/jsdom/living/events/EventTarget-impl.js:338:25)
      at invokeEventListeners (../../node_modules/jsdom/lib/jsdom/living/events/EventTarget-impl.js:274:3)
      at HTMLInputElementImpl._dispatch (../../node_modules/jsdom/lib/jsdom/living/events/EventTarget-impl.js:221:9)
      at HTMLInputElementImpl.dispatchEvent (../../node_modules/jsdom/lib/jsdom/living/events/EventTarget-impl.js:94:17)
      at HTMLInputElement.dispatchEvent (../../node_modules/jsdom/lib/jsdom/living/generated/EventTarget.js:231:34)
      at ../../node_modules/@testing-library/user-event/dist/cjs/event/dispatchEvent.js:45:43
      at Object.eventWrapper (../../node_modules/@testing-library/dom/dist/config.js:25:23)
      at Object.wrapEvent (../../node_modules/@testing-library/user-event/dist/cjs/event/wrapEvent.js:6:28)
      at Object.dispatchEvent (../../node_modules/@testing-library/user-event/dist/cjs/event/dispatchEvent.js:45:22)
      at Object.dispatchUIEvent (../../node_modules/@testing-library/user-event/dist/cjs/event/dispatchEvent.js:22:26)
      at commitInput (../../node_modules/@testing-library/user-event/dist/cjs/event/input.js:145:14)
      at editInputElement (../../node_modules/@testing-library/user-event/dist/cjs/event/input.js:115:9)
      at Object.input (../../node_modules/@testing-library/user-event/dist/cjs/event/input.js:37:9)
      at ../../node_modules/@testing-library/user-event/dist/cjs/event/behavior/keypress.js:31:26
      at Object.dispatchEvent (../../node_modules/@testing-library/user-event/dist/cjs/event/dispatchEvent.js:41:13)
      at Object.dispatchUIEvent (../../node_modules/@testing-library/user-event/dist/cjs/event/dispatchEvent.js:22:26)
      at KeyboardHost.keydown (../../node_modules/@testing-library/user-event/dist/cjs/system/keyboard.js:76:22)
      at keyboardAction (../../node_modules/@testing-library/user-event/dist/cjs/keyboard/index.js:22:35)
      at Object.keyboard (../../node_modules/@testing-library/user-event/dist/cjs/keyboard/index.js:11:15)
      at Object.type (../../node_modules/@testing-library/user-event/dist/cjs/utility/type.js:17:5)
      at Object.<anonymous> (src/__tests__/App.test.js:118:5)

  console.error
    Warning: An update to TaskForm inside a test was not wrapped in act(...).
    
    When testing, code that causes React state updates should be wrapped into act(...):
    
    act(() => {
      /* fire events that update state */
    });
    /* assert on the output */
    
    This ensures that you're testing the behavior the user would see in the browser. Learn more at https://reactjs.org/link/wrap-tests-with-act
        at TaskForm (/workspaces/dajp-ae-bootcamp-session-3/packages/frontend/src/TaskForm.js:6:21)
        at div
        at /workspaces/dajp-ae-bootcamp-session-3/node_modules/@emotion/react/dist/emotion-element-a1829a1e.cjs.js:58:23
        at Box (/workspaces/dajp-ae-bootcamp-session-3/node_modules/@mui/system/createBox/createBox.js:27:41)
        at div
        at /workspaces/dajp-ae-bootcamp-session-3/node_modules/@emotion/react/dist/emotion-element-a1829a1e.cjs.js:58:23
        at Container (/workspaces/dajp-ae-bootcamp-session-3/node_modules/@mui/system/Container/createContainer.js:111:19)
        at div
        at /workspaces/dajp-ae-bootcamp-session-3/node_modules/@emotion/react/dist/emotion-element-a1829a1e.cjs.js:58:23
        at Box (/workspaces/dajp-ae-bootcamp-session-3/node_modules/@mui/system/createBox/createBox.js:27:41)
        at App (/workspaces/dajp-ae-bootcamp-session-3/packages/frontend/src/App.js:8:49)

      84 |           label="Task Title"
      85 |           value={title}
    > 86 |           onChange={e => setTitle(e.target.value)}
         |                          ^
      87 |           required
      88 |           variant="outlined"
      89 |           fullWidth

      at printWarning (../../node_modules/react-dom/cjs/react-dom.development.js:86:30)
      at error (../../node_modules/react-dom/cjs/react-dom.development.js:60:7)
      at warnIfUpdatesNotWrappedWithActDEV (../../node_modules/react-dom/cjs/react-dom.development.js:27628:9)
      at scheduleUpdateOnFiber (../../node_modules/react-dom/cjs/react-dom.development.js:25547:5)
      at setTitle (../../node_modules/react-dom/cjs/react-dom.development.js:16708:7)
      at onChange (src/TaskForm.js:86:26)
      at handleChange (../../node_modules/@mui/material/InputBase/InputBase.js:396:7)
      at HTMLUnknownElement.callCallback (../../node_modules/react-dom/cjs/react-dom.development.js:4164:14)
      at HTMLUnknownElement.callTheUserObjectsOperation (../../node_modules/jsdom/lib/jsdom/living/generated/EventListener.js:26:30)
      at innerInvokeEventListeners (../../node_modules/jsdom/lib/jsdom/living/events/EventTarget-impl.js:338:25)
      at invokeEventListeners (../../node_modules/jsdom/lib/jsdom/living/events/EventTarget-impl.js:274:3)
      at HTMLUnknownElementImpl._dispatch (../../node_modules/jsdom/lib/jsdom/living/events/EventTarget-impl.js:221:9)
      at HTMLUnknownElementImpl.dispatchEvent (../../node_modules/jsdom/lib/jsdom/living/events/EventTarget-impl.js:94:17)
      at HTMLUnknownElement.dispatchEvent (../../node_modules/jsdom/lib/jsdom/living/generated/EventTarget.js:231:34)
      at Object.invokeGuardedCallbackDev (../../node_modules/react-dom/cjs/react-dom.development.js:4213:16)
      at invokeGuardedCallback (../../node_modules/react-dom/cjs/react-dom.development.js:4277:31)
      at invokeGuardedCallbackAndCatchFirstError (../../node_modules/react-dom/cjs/react-dom.development.js:4291:25)
      at executeDispatch (../../node_modules/react-dom/cjs/react-dom.development.js:9041:3)
      at processDispatchQueueItemsInOrder (../../node_modules/react-dom/cjs/react-dom.development.js:9073:7)
      at processDispatchQueue (../../node_modules/react-dom/cjs/react-dom.development.js:9086:5)
      at dispatchEventsForPlugins (../../node_modules/react-dom/cjs/react-dom.development.js:9097:3)
      at ../../node_modules/react-dom/cjs/react-dom.development.js:9288:12
      at batchedUpdates$1 (../../node_modules/react-dom/cjs/react-dom.development.js:26179:12)
      at batchedUpdates (../../node_modules/react-dom/cjs/react-dom.development.js:3991:12)
      at dispatchEventForPluginEventSystem (../../node_modules/react-dom/cjs/react-dom.development.js:9287:3)
      at dispatchEventWithEnableCapturePhaseSelectiveHydrationWithoutDiscreteEventReplay (../../node_modules/react-dom/cjs/react-dom.development.js:6465:5)
      at dispatchEvent (../../node_modules/react-dom/cjs/react-dom.development.js:6457:5)
      at dispatchDiscreteEvent (../../node_modules/react-dom/cjs/react-dom.development.js:6430:5)
      at HTMLDivElement.callTheUserObjectsOperation (../../node_modules/jsdom/lib/jsdom/living/generated/EventListener.js:26:30)
      at innerInvokeEventListeners (../../node_modules/jsdom/lib/jsdom/living/events/EventTarget-impl.js:338:25)
      at invokeEventListeners (../../node_modules/jsdom/lib/jsdom/living/events/EventTarget-impl.js:274:3)
      at HTMLInputElementImpl._dispatch (../../node_modules/jsdom/lib/jsdom/living/events/EventTarget-impl.js:221:9)
      at HTMLInputElementImpl.dispatchEvent (../../node_modules/jsdom/lib/jsdom/living/events/EventTarget-impl.js:94:17)
      at HTMLInputElement.dispatchEvent (../../node_modules/jsdom/lib/jsdom/living/generated/EventTarget.js:231:34)
      at ../../node_modules/@testing-library/user-event/dist/cjs/event/dispatchEvent.js:45:43
      at Object.eventWrapper (../../node_modules/@testing-library/dom/dist/config.js:25:23)
      at Object.wrapEvent (../../node_modules/@testing-library/user-event/dist/cjs/event/wrapEvent.js:6:28)
      at Object.dispatchEvent (../../node_modules/@testing-library/user-event/dist/cjs/event/dispatchEvent.js:45:22)
      at Object.dispatchUIEvent (../../node_modules/@testing-library/user-event/dist/cjs/event/dispatchEvent.js:22:26)
      at commitInput (../../node_modules/@testing-library/user-event/dist/cjs/event/input.js:145:14)
      at editInputElement (../../node_modules/@testing-library/user-event/dist/cjs/event/input.js:115:9)
      at Object.input (../../node_modules/@testing-library/user-event/dist/cjs/event/input.js:37:9)
      at ../../node_modules/@testing-library/user-event/dist/cjs/event/behavior/keypress.js:31:26
      at Object.dispatchEvent (../../node_modules/@testing-library/user-event/dist/cjs/event/dispatchEvent.js:41:13)
      at Object.dispatchUIEvent (../../node_modules/@testing-library/user-event/dist/cjs/event/dispatchEvent.js:22:26)
      at KeyboardHost.keydown (../../node_modules/@testing-library/user-event/dist/cjs/system/keyboard.js:76:22)
      at keyboardAction (../../node_modules/@testing-library/user-event/dist/cjs/keyboard/index.js:22:35)

  console.error
    Warning: An update to TaskForm inside a test was not wrapped in act(...).
    
    When testing, code that causes React state updates should be wrapped into act(...):
    
    act(() => {
      /* fire events that update state */
    });
    /* assert on the output */
    
    This ensures that you're testing the behavior the user would see in the browser. Learn more at https://reactjs.org/link/wrap-tests-with-act
        at TaskForm (/workspaces/dajp-ae-bootcamp-session-3/packages/frontend/src/TaskForm.js:6:21)
        at div
        at /workspaces/dajp-ae-bootcamp-session-3/node_modules/@emotion/react/dist/emotion-element-a1829a1e.cjs.js:58:23
        at Box (/workspaces/dajp-ae-bootcamp-session-3/node_modules/@mui/system/createBox/createBox.js:27:41)
        at div
        at /workspaces/dajp-ae-bootcamp-session-3/node_modules/@emotion/react/dist/emotion-element-a1829a1e.cjs.js:58:23
        at Container (/workspaces/dajp-ae-bootcamp-session-3/node_modules/@mui/system/Container/createContainer.js:111:19)
        at div
        at /workspaces/dajp-ae-bootcamp-session-3/node_modules/@emotion/react/dist/emotion-element-a1829a1e.cjs.js:58:23
        at Box (/workspaces/dajp-ae-bootcamp-session-3/node_modules/@mui/system/createBox/createBox.js:27:41)
        at App (/workspaces/dajp-ae-bootcamp-session-3/packages/frontend/src/App.js:8:49)

      84 |           label="Task Title"
      85 |           value={title}
    > 86 |           onChange={e => setTitle(e.target.value)}
         |                          ^
      87 |           required
      88 |           variant="outlined"
      89 |           fullWidth

      at printWarning (../../node_modules/react-dom/cjs/react-dom.development.js:86:30)
      at error (../../node_modules/react-dom/cjs/react-dom.development.js:60:7)
      at warnIfUpdatesNotWrappedWithActDEV (../../node_modules/react-dom/cjs/react-dom.development.js:27628:9)
      at scheduleUpdateOnFiber (../../node_modules/react-dom/cjs/react-dom.development.js:25547:5)
      at setTitle (../../node_modules/react-dom/cjs/react-dom.development.js:16708:7)
      at onChange (src/TaskForm.js:86:26)
      at handleChange (../../node_modules/@mui/material/InputBase/InputBase.js:396:7)
      at HTMLUnknownElement.callCallback (../../node_modules/react-dom/cjs/react-dom.development.js:4164:14)
      at HTMLUnknownElement.callTheUserObjectsOperation (../../node_modules/jsdom/lib/jsdom/living/generated/EventListener.js:26:30)
      at innerInvokeEventListeners (../../node_modules/jsdom/lib/jsdom/living/events/EventTarget-impl.js:338:25)
      at invokeEventListeners (../../node_modules/jsdom/lib/jsdom/living/events/EventTarget-impl.js:274:3)
      at HTMLUnknownElementImpl._dispatch (../../node_modules/jsdom/lib/jsdom/living/events/EventTarget-impl.js:221:9)
      at HTMLUnknownElementImpl.dispatchEvent (../../node_modules/jsdom/lib/jsdom/living/events/EventTarget-impl.js:94:17)
      at HTMLUnknownElement.dispatchEvent (../../node_modules/jsdom/lib/jsdom/living/generated/EventTarget.js:231:34)
      at Object.invokeGuardedCallbackDev (../../node_modules/react-dom/cjs/react-dom.development.js:4213:16)
      at invokeGuardedCallback (../../node_modules/react-dom/cjs/react-dom.development.js:4277:31)
      at invokeGuardedCallbackAndCatchFirstError (../../node_modules/react-dom/cjs/react-dom.development.js:4291:25)
      at executeDispatch (../../node_modules/react-dom/cjs/react-dom.development.js:9041:3)
      at processDispatchQueueItemsInOrder (../../node_modules/react-dom/cjs/react-dom.development.js:9073:7)
      at processDispatchQueue (../../node_modules/react-dom/cjs/react-dom.development.js:9086:5)
      at dispatchEventsForPlugins (../../node_modules/react-dom/cjs/react-dom.development.js:9097:3)
      at ../../node_modules/react-dom/cjs/react-dom.development.js:9288:12
      at batchedUpdates$1 (../../node_modules/react-dom/cjs/react-dom.development.js:26179:12)
      at batchedUpdates (../../node_modules/react-dom/cjs/react-dom.development.js:3991:12)
      at dispatchEventForPluginEventSystem (../../node_modules/react-dom/cjs/react-dom.development.js:9287:3)
      at dispatchEventWithEnableCapturePhaseSelectiveHydrationWithoutDiscreteEventReplay (../../node_modules/react-dom/cjs/react-dom.development.js:6465:5)
      at dispatchEvent (../../node_modules/react-dom/cjs/react-dom.development.js:6457:5)
      at dispatchDiscreteEvent (../../node_modules/react-dom/cjs/react-dom.development.js:6430:5)
      at HTMLDivElement.callTheUserObjectsOperation (../../node_modules/jsdom/lib/jsdom/living/generated/EventListener.js:26:30)
      at innerInvokeEventListeners (../../node_modules/jsdom/lib/jsdom/living/events/EventTarget-impl.js:338:25)
      at invokeEventListeners (../../node_modules/jsdom/lib/jsdom/living/events/EventTarget-impl.js:274:3)
      at HTMLInputElementImpl._dispatch (../../node_modules/jsdom/lib/jsdom/living/events/EventTarget-impl.js:221:9)
      at HTMLInputElementImpl.dispatchEvent (../../node_modules/jsdom/lib/jsdom/living/events/EventTarget-impl.js:94:17)
      at HTMLInputElement.dispatchEvent (../../node_modules/jsdom/lib/jsdom/living/generated/EventTarget.js:231:34)
      at ../../node_modules/@testing-library/user-event/dist/cjs/event/dispatchEvent.js:45:43
      at Object.eventWrapper (../../node_modules/@testing-library/dom/dist/config.js:25:23)
      at Object.wrapEvent (../../node_modules/@testing-library/user-event/dist/cjs/event/wrapEvent.js:6:28)
      at Object.dispatchEvent (../../node_modules/@testing-library/user-event/dist/cjs/event/dispatchEvent.js:45:22)
      at Object.dispatchUIEvent (../../node_modules/@testing-library/user-event/dist/cjs/event/dispatchEvent.js:22:26)
      at commitInput (../../node_modules/@testing-library/user-event/dist/cjs/event/input.js:145:14)
      at editInputElement (../../node_modules/@testing-library/user-event/dist/cjs/event/input.js:115:9)
      at Object.input (../../node_modules/@testing-library/user-event/dist/cjs/event/input.js:37:9)
      at ../../node_modules/@testing-library/user-event/dist/cjs/event/behavior/keypress.js:31:26
      at Object.dispatchEvent (../../node_modules/@testing-library/user-event/dist/cjs/event/dispatchEvent.js:41:13)
      at Object.dispatchUIEvent (../../node_modules/@testing-library/user-event/dist/cjs/event/dispatchEvent.js:22:26)
      at KeyboardHost.keydown (../../node_modules/@testing-library/user-event/dist/cjs/system/keyboard.js:76:22)
      at keyboardAction (../../node_modules/@testing-library/user-event/dist/cjs/keyboard/index.js:22:35)

  console.error
    Warning: An update to ForwardRef(FormControl) inside a test was not wrapped in act(...).
    
    When testing, code that causes React state updates should be wrapped into act(...):
    
    act(() => {
      /* fire events that update state */
    });
    /* assert on the output */
    
    This ensures that you're testing the behavior the user would see in the browser. Learn more at https://reactjs.org/link/wrap-tests-with-act
        at FormControl (/workspaces/dajp-ae-bootcamp-session-3/node_modules/@mui/material/FormControl/FormControl.js:104:59)
        at /workspaces/dajp-ae-bootcamp-session-3/node_modules/@emotion/react/dist/emotion-element-a1829a1e.cjs.js:58:23
        at TextField (/workspaces/dajp-ae-bootcamp-session-3/node_modules/@mui/material/TextField/TextField.js:80:59)
        at form
        at /workspaces/dajp-ae-bootcamp-session-3/node_modules/@emotion/react/dist/emotion-element-a1829a1e.cjs.js:58:23
        at Box (/workspaces/dajp-ae-bootcamp-session-3/node_modules/@mui/system/createBox/createBox.js:27:41)
        at div
        at /workspaces/dajp-ae-bootcamp-session-3/node_modules/@emotion/react/dist/emotion-element-a1829a1e.cjs.js:58:23
        at Paper (/workspaces/dajp-ae-bootcamp-session-3/node_modules/@mui/material/Paper/Paper.js:75:59)
        at TaskForm (/workspaces/dajp-ae-bootcamp-session-3/packages/frontend/src/TaskForm.js:6:21)
        at div
        at /workspaces/dajp-ae-bootcamp-session-3/node_modules/@emotion/react/dist/emotion-element-a1829a1e.cjs.js:58:23
        at Box (/workspaces/dajp-ae-bootcamp-session-3/node_modules/@mui/system/createBox/createBox.js:27:41)
        at div
        at /workspaces/dajp-ae-bootcamp-session-3/node_modules/@emotion/react/dist/emotion-element-a1829a1e.cjs.js:58:23
        at Container (/workspaces/dajp-ae-bootcamp-session-3/node_modules/@mui/system/Container/createContainer.js:111:19)
        at div
        at /workspaces/dajp-ae-bootcamp-session-3/node_modules/@emotion/react/dist/emotion-element-a1829a1e.cjs.js:58:23
        at Box (/workspaces/dajp-ae-bootcamp-session-3/node_modules/@mui/system/createBox/createBox.js:27:41)
        at App (/workspaces/dajp-ae-bootcamp-session-3/packages/frontend/src/App.js:8:49)

      116 |       expect(screen.getByText('Test Task 1')).toBeInTheDocument();
      117 |     });
    > 118 |     await user.type(screen.getByTestId('title-input'), 'New Test Task');
          |     ^
      119 |     await user.type(screen.getByTestId('description-input'), 'Task description');
      120 |     await user.click(screen.getByTestId('submit-task'));
      121 |     await waitFor(() => {

      at printWarning (../../node_modules/react-dom/cjs/react-dom.development.js:86:30)
      at error (../../node_modules/react-dom/cjs/react-dom.development.js:60:7)
      at warnIfUpdatesNotWrappedWithActDEV (../../node_modules/react-dom/cjs/react-dom.development.js:27628:9)
      at scheduleUpdateOnFiber (../../node_modules/react-dom/cjs/react-dom.development.js:25547:5)
      at dispatchSetState (../../node_modules/react-dom/cjs/react-dom.development.js:16708:7)
      at ../../node_modules/@mui/material/FormControl/FormControl.js:190:5
      at ../../node_modules/@mui/material/InputBase/InputBase.js:341:9
      at ../../node_modules/@mui/material/InputBase/InputBase.js:349:7
      at commitHookEffectListMount (../../node_modules/react-dom/cjs/react-dom.development.js:23189:26)
      at commitLayoutEffectOnFiber (../../node_modules/react-dom/cjs/react-dom.development.js:23312:15)
      at commitLayoutMountEffects_complete (../../node_modules/react-dom/cjs/react-dom.development.js:24727:9)
      at commitLayoutEffects_begin (../../node_modules/react-dom/cjs/react-dom.development.js:24713:7)
      at commitLayoutEffects (../../node_modules/react-dom/cjs/react-dom.development.js:24651:3)
      at commitRootImpl (../../node_modules/react-dom/cjs/react-dom.development.js:26862:5)
      at commitRoot (../../node_modules/react-dom/cjs/react-dom.development.js:26721:5)
      at performSyncWorkOnRoot (../../node_modules/react-dom/cjs/react-dom.development.js:26156:3)
      at flushSyncCallbacks (../../node_modules/react-dom/cjs/react-dom.development.js:12042:22)
      at flushSync (../../node_modules/react-dom/cjs/react-dom.development.js:26240:7)
      at finishEventHandler (../../node_modules/react-dom/cjs/react-dom.development.js:3976:5)
      at batchedUpdates (../../node_modules/react-dom/cjs/react-dom.development.js:3994:5)
      at dispatchEventForPluginEventSystem (../../node_modules/react-dom/cjs/react-dom.development.js:9287:3)
      at dispatchEventWithEnableCapturePhaseSelectiveHydrationWithoutDiscreteEventReplay (../../node_modules/react-dom/cjs/react-dom.development.js:6465:5)
      at dispatchEvent (../../node_modules/react-dom/cjs/react-dom.development.js:6457:5)
      at dispatchDiscreteEvent (../../node_modules/react-dom/cjs/react-dom.development.js:6430:5)
      at HTMLDivElement.callTheUserObjectsOperation (../../node_modules/jsdom/lib/jsdom/living/generated/EventListener.js:26:30)
      at innerInvokeEventListeners (../../node_modules/jsdom/lib/jsdom/living/events/EventTarget-impl.js:338:25)
      at invokeEventListeners (../../node_modules/jsdom/lib/jsdom/living/events/EventTarget-impl.js:274:3)
      at HTMLInputElementImpl._dispatch (../../node_modules/jsdom/lib/jsdom/living/events/EventTarget-impl.js:221:9)
      at HTMLInputElementImpl.dispatchEvent (../../node_modules/jsdom/lib/jsdom/living/events/EventTarget-impl.js:94:17)
      at HTMLInputElement.dispatchEvent (../../node_modules/jsdom/lib/jsdom/living/generated/EventTarget.js:231:34)
      at ../../node_modules/@testing-library/user-event/dist/cjs/event/dispatchEvent.js:45:43
      at Object.eventWrapper (../../node_modules/@testing-library/dom/dist/config.js:25:23)
      at Object.wrapEvent (../../node_modules/@testing-library/user-event/dist/cjs/event/wrapEvent.js:6:28)
      at Object.dispatchEvent (../../node_modules/@testing-library/user-event/dist/cjs/event/dispatchEvent.js:45:22)
      at Object.dispatchUIEvent (../../node_modules/@testing-library/user-event/dist/cjs/event/dispatchEvent.js:22:26)
      at commitInput (../../node_modules/@testing-library/user-event/dist/cjs/event/input.js:145:14)
      at editInputElement (../../node_modules/@testing-library/user-event/dist/cjs/event/input.js:115:9)
      at Object.input (../../node_modules/@testing-library/user-event/dist/cjs/event/input.js:37:9)
      at ../../node_modules/@testing-library/user-event/dist/cjs/event/behavior/keypress.js:31:26
      at Object.dispatchEvent (../../node_modules/@testing-library/user-event/dist/cjs/event/dispatchEvent.js:41:13)
      at Object.dispatchUIEvent (../../node_modules/@testing-library/user-event/dist/cjs/event/dispatchEvent.js:22:26)
      at KeyboardHost.keydown (../../node_modules/@testing-library/user-event/dist/cjs/system/keyboard.js:76:22)
      at keyboardAction (../../node_modules/@testing-library/user-event/dist/cjs/keyboard/index.js:22:35)
      at Object.keyboard (../../node_modules/@testing-library/user-event/dist/cjs/keyboard/index.js:11:15)
      at Object.type (../../node_modules/@testing-library/user-event/dist/cjs/utility/type.js:17:5)
      at Object.<anonymous> (src/__tests__/App.test.js:118:5)

  console.error
    Warning: An update to ForwardRef(FormControl) inside a test was not wrapped in act(...).
    
    When testing, code that causes React state updates should be wrapped into act(...):
    
    act(() => {
      /* fire events that update state */
    });
    /* assert on the output */
    
    This ensures that you're testing the behavior the user would see in the browser. Learn more at https://reactjs.org/link/wrap-tests-with-act
        at FormControl (/workspaces/dajp-ae-bootcamp-session-3/node_modules/@mui/material/FormControl/FormControl.js:104:59)
        at /workspaces/dajp-ae-bootcamp-session-3/node_modules/@emotion/react/dist/emotion-element-a1829a1e.cjs.js:58:23
        at TextField (/workspaces/dajp-ae-bootcamp-session-3/node_modules/@mui/material/TextField/TextField.js:80:59)
        at form
        at /workspaces/dajp-ae-bootcamp-session-3/node_modules/@emotion/react/dist/emotion-element-a1829a1e.cjs.js:58:23
        at Box (/workspaces/dajp-ae-bootcamp-session-3/node_modules/@mui/system/createBox/createBox.js:27:41)
        at div
        at /workspaces/dajp-ae-bootcamp-session-3/node_modules/@emotion/react/dist/emotion-element-a1829a1e.cjs.js:58:23
        at Paper (/workspaces/dajp-ae-bootcamp-session-3/node_modules/@mui/material/Paper/Paper.js:75:59)
        at TaskForm (/workspaces/dajp-ae-bootcamp-session-3/packages/frontend/src/TaskForm.js:6:21)
        at div
        at /workspaces/dajp-ae-bootcamp-session-3/node_modules/@emotion/react/dist/emotion-element-a1829a1e.cjs.js:58:23
        at Box (/workspaces/dajp-ae-bootcamp-session-3/node_modules/@mui/system/createBox/createBox.js:27:41)
        at div
        at /workspaces/dajp-ae-bootcamp-session-3/node_modules/@emotion/react/dist/emotion-element-a1829a1e.cjs.js:58:23
        at Container (/workspaces/dajp-ae-bootcamp-session-3/node_modules/@mui/system/Container/createContainer.js:111:19)
        at div
        at /workspaces/dajp-ae-bootcamp-session-3/node_modules/@emotion/react/dist/emotion-element-a1829a1e.cjs.js:58:23
        at Box (/workspaces/dajp-ae-bootcamp-session-3/node_modules/@mui/system/createBox/createBox.js:27:41)
        at App (/workspaces/dajp-ae-bootcamp-session-3/packages/frontend/src/App.js:8:49)

      116 |       expect(screen.getByText('Test Task 1')).toBeInTheDocument();
      117 |     });
    > 118 |     await user.type(screen.getByTestId('title-input'), 'New Test Task');
          |     ^
      119 |     await user.type(screen.getByTestId('description-input'), 'Task description');
      120 |     await user.click(screen.getByTestId('submit-task'));
      121 |     await waitFor(() => {

      at printWarning (../../node_modules/react-dom/cjs/react-dom.development.js:86:30)
      at error (../../node_modules/react-dom/cjs/react-dom.development.js:60:7)
      at warnIfUpdatesNotWrappedWithActDEV (../../node_modules/react-dom/cjs/react-dom.development.js:27628:9)
      at scheduleUpdateOnFiber (../../node_modules/react-dom/cjs/react-dom.development.js:25547:5)
      at dispatchSetState (../../node_modules/react-dom/cjs/react-dom.development.js:16708:7)
      at ../../node_modules/@mui/material/InputBase/InputBase.js:448:22
      at commitHookEffectListMount (../../node_modules/react-dom/cjs/react-dom.development.js:23189:26)
      at commitPassiveMountOnFiber (../../node_modules/react-dom/cjs/react-dom.development.js:24970:11)
      at commitPassiveMountEffects_complete (../../node_modules/react-dom/cjs/react-dom.development.js:24930:9)
      at commitPassiveMountEffects_begin (../../node_modules/react-dom/cjs/react-dom.development.js:24917:7)
      at commitPassiveMountEffects (../../node_modules/react-dom/cjs/react-dom.development.js:24905:3)
      at flushPassiveEffectsImpl (../../node_modules/react-dom/cjs/react-dom.development.js:27078:3)
      at flushPassiveEffects (../../node_modules/react-dom/cjs/react-dom.development.js:27023:14)
      at commitRootImpl (../../node_modules/react-dom/cjs/react-dom.development.js:26974:5)
      at commitRoot (../../node_modules/react-dom/cjs/react-dom.development.js:26721:5)
      at performSyncWorkOnRoot (../../node_modules/react-dom/cjs/react-dom.development.js:26156:3)
      at flushSyncCallbacks (../../node_modules/react-dom/cjs/react-dom.development.js:12042:22)
      at flushSync (../../node_modules/react-dom/cjs/react-dom.development.js:26240:7)
      at finishEventHandler (../../node_modules/react-dom/cjs/react-dom.development.js:3976:5)
      at batchedUpdates (../../node_modules/react-dom/cjs/react-dom.development.js:3994:5)
      at dispatchEventForPluginEventSystem (../../node_modules/react-dom/cjs/react-dom.development.js:9287:3)
      at dispatchEventWithEnableCapturePhaseSelectiveHydrationWithoutDiscreteEventReplay (../../node_modules/react-dom/cjs/react-dom.development.js:6465:5)
      at dispatchEvent (../../node_modules/react-dom/cjs/react-dom.development.js:6457:5)
      at dispatchDiscreteEvent (../../node_modules/react-dom/cjs/react-dom.development.js:6430:5)
      at HTMLDivElement.callTheUserObjectsOperation (../../node_modules/jsdom/lib/jsdom/living/generated/EventListener.js:26:30)
      at innerInvokeEventListeners (../../node_modules/jsdom/lib/jsdom/living/events/EventTarget-impl.js:338:25)
      at invokeEventListeners (../../node_modules/jsdom/lib/jsdom/living/events/EventTarget-impl.js:274:3)
      at HTMLInputElementImpl._dispatch (../../node_modules/jsdom/lib/jsdom/living/events/EventTarget-impl.js:221:9)
      at HTMLInputElementImpl.dispatchEvent (../../node_modules/jsdom/lib/jsdom/living/events/EventTarget-impl.js:94:17)
      at HTMLInputElement.dispatchEvent (../../node_modules/jsdom/lib/jsdom/living/generated/EventTarget.js:231:34)
      at ../../node_modules/@testing-library/user-event/dist/cjs/event/dispatchEvent.js:45:43
      at Object.eventWrapper (../../node_modules/@testing-library/dom/dist/config.js:25:23)
      at Object.wrapEvent (../../node_modules/@testing-library/user-event/dist/cjs/event/wrapEvent.js:6:28)
      at Object.dispatchEvent (../../node_modules/@testing-library/user-event/dist/cjs/event/dispatchEvent.js:45:22)
      at Object.dispatchUIEvent (../../node_modules/@testing-library/user-event/dist/cjs/event/dispatchEvent.js:22:26)
      at commitInput (../../node_modules/@testing-library/user-event/dist/cjs/event/input.js:145:14)
      at editInputElement (../../node_modules/@testing-library/user-event/dist/cjs/event/input.js:115:9)
      at Object.input (../../node_modules/@testing-library/user-event/dist/cjs/event/input.js:37:9)
      at ../../node_modules/@testing-library/user-event/dist/cjs/event/behavior/keypress.js:31:26
      at Object.dispatchEvent (../../node_modules/@testing-library/user-event/dist/cjs/event/dispatchEvent.js:41:13)
      at Object.dispatchUIEvent (../../node_modules/@testing-library/user-event/dist/cjs/event/dispatchEvent.js:22:26)
      at KeyboardHost.keydown (../../node_modules/@testing-library/user-event/dist/cjs/system/keyboard.js:76:22)
      at keyboardAction (../../node_modules/@testing-library/user-event/dist/cjs/keyboard/index.js:22:35)
      at Object.keyboard (../../node_modules/@testing-library/user-event/dist/cjs/keyboard/index.js:11:15)
      at Object.type (../../node_modules/@testing-library/user-event/dist/cjs/utility/type.js:17:5)
      at Object.<anonymous> (src/__tests__/App.test.js:118:5)

  console.error
    Warning: An update to ForwardRef(FormControl) inside a test was not wrapped in act(...).
    
    When testing, code that causes React state updates should be wrapped into act(...):
    
    act(() => {
      /* fire events that update state */
    });
    /* assert on the output */
    
    This ensures that you're testing the behavior the user would see in the browser. Learn more at https://reactjs.org/link/wrap-tests-with-act
        at FormControl (/workspaces/dajp-ae-bootcamp-session-3/node_modules/@mui/material/FormControl/FormControl.js:104:59)
        at /workspaces/dajp-ae-bootcamp-session-3/node_modules/@emotion/react/dist/emotion-element-a1829a1e.cjs.js:58:23
        at TextField (/workspaces/dajp-ae-bootcamp-session-3/node_modules/@mui/material/TextField/TextField.js:80:59)
        at form
        at /workspaces/dajp-ae-bootcamp-session-3/node_modules/@emotion/react/dist/emotion-element-a1829a1e.cjs.js:58:23
        at Box (/workspaces/dajp-ae-bootcamp-session-3/node_modules/@mui/system/createBox/createBox.js:27:41)
        at div
        at /workspaces/dajp-ae-bootcamp-session-3/node_modules/@emotion/react/dist/emotion-element-a1829a1e.cjs.js:58:23
        at Paper (/workspaces/dajp-ae-bootcamp-session-3/node_modules/@mui/material/Paper/Paper.js:75:59)
        at TaskForm (/workspaces/dajp-ae-bootcamp-session-3/packages/frontend/src/TaskForm.js:6:21)
        at div
        at /workspaces/dajp-ae-bootcamp-session-3/node_modules/@emotion/react/dist/emotion-element-a1829a1e.cjs.js:58:23
        at Box (/workspaces/dajp-ae-bootcamp-session-3/node_modules/@mui/system/createBox/createBox.js:27:41)
        at div
        at /workspaces/dajp-ae-bootcamp-session-3/node_modules/@emotion/react/dist/emotion-element-a1829a1e.cjs.js:58:23
        at Container (/workspaces/dajp-ae-bootcamp-session-3/node_modules/@mui/system/Container/createContainer.js:111:19)
        at div
        at /workspaces/dajp-ae-bootcamp-session-3/node_modules/@emotion/react/dist/emotion-element-a1829a1e.cjs.js:58:23
        at Box (/workspaces/dajp-ae-bootcamp-session-3/node_modules/@mui/system/createBox/createBox.js:27:41)
        at App (/workspaces/dajp-ae-bootcamp-session-3/packages/frontend/src/App.js:8:49)

      116 |       expect(screen.getByText('Test Task 1')).toBeInTheDocument();
      117 |     });
    > 118 |     await user.type(screen.getByTestId('title-input'), 'New Test Task');
          |     ^
      119 |     await user.type(screen.getByTestId('description-input'), 'Task description');
      120 |     await user.click(screen.getByTestId('submit-task'));
      121 |     await waitFor(() => {

      at printWarning (../../node_modules/react-dom/cjs/react-dom.development.js:86:30)
      at error (../../node_modules/react-dom/cjs/react-dom.development.js:60:7)
      at warnIfUpdatesNotWrappedWithActDEV (../../node_modules/react-dom/cjs/react-dom.development.js:27628:9)
      at scheduleUpdateOnFiber (../../node_modules/react-dom/cjs/react-dom.development.js:25547:5)
      at dispatchSetState (../../node_modules/react-dom/cjs/react-dom.development.js:16708:7)
      at ../../node_modules/@mui/material/InputBase/InputBase.js:448:22
      at commitHookEffectListMount (../../node_modules/react-dom/cjs/react-dom.development.js:23189:26)
      at commitPassiveMountOnFiber (../../node_modules/react-dom/cjs/react-dom.development.js:24970:11)
      at commitPassiveMountEffects_complete (../../node_modules/react-dom/cjs/react-dom.development.js:24930:9)
      at commitPassiveMountEffects_begin (../../node_modules/react-dom/cjs/react-dom.development.js:24917:7)
      at commitPassiveMountEffects (../../node_modules/react-dom/cjs/react-dom.development.js:24905:3)
      at flushPassiveEffectsImpl (../../node_modules/react-dom/cjs/react-dom.development.js:27078:3)
      at flushPassiveEffects (../../node_modules/react-dom/cjs/react-dom.development.js:27023:14)
      at commitRootImpl (../../node_modules/react-dom/cjs/react-dom.development.js:26974:5)
      at commitRoot (../../node_modules/react-dom/cjs/react-dom.development.js:26721:5)
      at performSyncWorkOnRoot (../../node_modules/react-dom/cjs/react-dom.development.js:26156:3)
      at flushSyncCallbacks (../../node_modules/react-dom/cjs/react-dom.development.js:12042:22)
      at flushSync (../../node_modules/react-dom/cjs/react-dom.development.js:26240:7)
      at finishEventHandler (../../node_modules/react-dom/cjs/react-dom.development.js:3976:5)
      at batchedUpdates (../../node_modules/react-dom/cjs/react-dom.development.js:3994:5)
      at dispatchEventForPluginEventSystem (../../node_modules/react-dom/cjs/react-dom.development.js:9287:3)
      at dispatchEventWithEnableCapturePhaseSelectiveHydrationWithoutDiscreteEventReplay (../../node_modules/react-dom/cjs/react-dom.development.js:6465:5)
      at dispatchEvent (../../node_modules/react-dom/cjs/react-dom.development.js:6457:5)
      at dispatchDiscreteEvent (../../node_modules/react-dom/cjs/react-dom.development.js:6430:5)
      at HTMLDivElement.callTheUserObjectsOperation (../../node_modules/jsdom/lib/jsdom/living/generated/EventListener.js:26:30)
      at innerInvokeEventListeners (../../node_modules/jsdom/lib/jsdom/living/events/EventTarget-impl.js:338:25)
      at invokeEventListeners (../../node_modules/jsdom/lib/jsdom/living/events/EventTarget-impl.js:274:3)
      at HTMLInputElementImpl._dispatch (../../node_modules/jsdom/lib/jsdom/living/events/EventTarget-impl.js:221:9)
      at HTMLInputElementImpl.dispatchEvent (../../node_modules/jsdom/lib/jsdom/living/events/EventTarget-impl.js:94:17)
      at HTMLInputElement.dispatchEvent (../../node_modules/jsdom/lib/jsdom/living/generated/EventTarget.js:231:34)
      at ../../node_modules/@testing-library/user-event/dist/cjs/event/dispatchEvent.js:45:43
      at Object.eventWrapper (../../node_modules/@testing-library/dom/dist/config.js:25:23)
      at Object.wrapEvent (../../node_modules/@testing-library/user-event/dist/cjs/event/wrapEvent.js:6:28)
      at Object.dispatchEvent (../../node_modules/@testing-library/user-event/dist/cjs/event/dispatchEvent.js:45:22)
      at Object.dispatchUIEvent (../../node_modules/@testing-library/user-event/dist/cjs/event/dispatchEvent.js:22:26)
      at commitInput (../../node_modules/@testing-library/user-event/dist/cjs/event/input.js:145:14)
      at editInputElement (../../node_modules/@testing-library/user-event/dist/cjs/event/input.js:115:9)
      at Object.input (../../node_modules/@testing-library/user-event/dist/cjs/event/input.js:37:9)
      at ../../node_modules/@testing-library/user-event/dist/cjs/event/behavior/keypress.js:31:26
      at Object.dispatchEvent (../../node_modules/@testing-library/user-event/dist/cjs/event/dispatchEvent.js:41:13)
      at Object.dispatchUIEvent (../../node_modules/@testing-library/user-event/dist/cjs/event/dispatchEvent.js:22:26)
      at KeyboardHost.keydown (../../node_modules/@testing-library/user-event/dist/cjs/system/keyboard.js:76:22)
      at keyboardAction (../../node_modules/@testing-library/user-event/dist/cjs/keyboard/index.js:22:35)
      at Object.keyboard (../../node_modules/@testing-library/user-event/dist/cjs/keyboard/index.js:11:15)
      at Object.type (../../node_modules/@testing-library/user-event/dist/cjs/utility/type.js:17:5)
      at Object.<anonymous> (src/__tests__/App.test.js:118:5)

  console.error
    Warning: An update to ForwardRef(FormControl) inside a test was not wrapped in act(...).
    
    When testing, code that causes React state updates should be wrapped into act(...):
    
    act(() => {
      /* fire events that update state */
    });
    /* assert on the output */
    
    This ensures that you're testing the behavior the user would see in the browser. Learn more at https://reactjs.org/link/wrap-tests-with-act
        at FormControl (/workspaces/dajp-ae-bootcamp-session-3/node_modules/@mui/material/FormControl/FormControl.js:104:59)
        at /workspaces/dajp-ae-bootcamp-session-3/node_modules/@emotion/react/dist/emotion-element-a1829a1e.cjs.js:58:23
        at TextField (/workspaces/dajp-ae-bootcamp-session-3/node_modules/@mui/material/TextField/TextField.js:80:59)
        at form
        at /workspaces/dajp-ae-bootcamp-session-3/node_modules/@emotion/react/dist/emotion-element-a1829a1e.cjs.js:58:23
        at Box (/workspaces/dajp-ae-bootcamp-session-3/node_modules/@mui/system/createBox/createBox.js:27:41)
        at div
        at /workspaces/dajp-ae-bootcamp-session-3/node_modules/@emotion/react/dist/emotion-element-a1829a1e.cjs.js:58:23
        at Paper (/workspaces/dajp-ae-bootcamp-session-3/node_modules/@mui/material/Paper/Paper.js:75:59)
        at TaskForm (/workspaces/dajp-ae-bootcamp-session-3/packages/frontend/src/TaskForm.js:6:21)
        at div
        at /workspaces/dajp-ae-bootcamp-session-3/node_modules/@emotion/react/dist/emotion-element-a1829a1e.cjs.js:58:23
        at Box (/workspaces/dajp-ae-bootcamp-session-3/node_modules/@mui/system/createBox/createBox.js:27:41)
        at div
        at /workspaces/dajp-ae-bootcamp-session-3/node_modules/@emotion/react/dist/emotion-element-a1829a1e.cjs.js:58:23
        at Container (/workspaces/dajp-ae-bootcamp-session-3/node_modules/@mui/system/Container/createContainer.js:111:19)
        at div
        at /workspaces/dajp-ae-bootcamp-session-3/node_modules/@emotion/react/dist/emotion-element-a1829a1e.cjs.js:58:23
        at Box (/workspaces/dajp-ae-bootcamp-session-3/node_modules/@mui/system/createBox/createBox.js:27:41)
        at App (/workspaces/dajp-ae-bootcamp-session-3/packages/frontend/src/App.js:8:49)

      116 |       expect(screen.getByText('Test Task 1')).toBeInTheDocument();
      117 |     });
    > 118 |     await user.type(screen.getByTestId('title-input'), 'New Test Task');
          |     ^
      119 |     await user.type(screen.getByTestId('description-input'), 'Task description');
      120 |     await user.click(screen.getByTestId('submit-task'));
      121 |     await waitFor(() => {

      at printWarning (../../node_modules/react-dom/cjs/react-dom.development.js:86:30)
      at error (../../node_modules/react-dom/cjs/react-dom.development.js:60:7)
      at warnIfUpdatesNotWrappedWithActDEV (../../node_modules/react-dom/cjs/react-dom.development.js:27628:9)
      at scheduleUpdateOnFiber (../../node_modules/react-dom/cjs/react-dom.development.js:25547:5)
      at dispatchSetState (../../node_modules/react-dom/cjs/react-dom.development.js:16708:7)
      at ../../node_modules/@mui/material/InputBase/InputBase.js:448:22
      at commitHookEffectListMount (../../node_modules/react-dom/cjs/react-dom.development.js:23189:26)
      at commitPassiveMountOnFiber (../../node_modules/react-dom/cjs/react-dom.development.js:24970:11)
      at commitPassiveMountEffects_complete (../../node_modules/react-dom/cjs/react-dom.development.js:24930:9)
      at commitPassiveMountEffects_begin (../../node_modules/react-dom/cjs/react-dom.development.js:24917:7)
      at commitPassiveMountEffects (../../node_modules/react-dom/cjs/react-dom.development.js:24905:3)
      at flushPassiveEffectsImpl (../../node_modules/react-dom/cjs/react-dom.development.js:27078:3)
      at flushPassiveEffects (../../node_modules/react-dom/cjs/react-dom.development.js:27023:14)
      at commitRootImpl (../../node_modules/react-dom/cjs/react-dom.development.js:26974:5)
      at commitRoot (../../node_modules/react-dom/cjs/react-dom.development.js:26721:5)
      at performSyncWorkOnRoot (../../node_modules/react-dom/cjs/react-dom.development.js:26156:3)
      at flushSyncCallbacks (../../node_modules/react-dom/cjs/react-dom.development.js:12042:22)
      at flushSync (../../node_modules/react-dom/cjs/react-dom.development.js:26240:7)
      at finishEventHandler (../../node_modules/react-dom/cjs/react-dom.development.js:3976:5)
      at batchedUpdates (../../node_modules/react-dom/cjs/react-dom.development.js:3994:5)
      at dispatchEventForPluginEventSystem (../../node_modules/react-dom/cjs/react-dom.development.js:9287:3)
      at dispatchEventWithEnableCapturePhaseSelectiveHydrationWithoutDiscreteEventReplay (../../node_modules/react-dom/cjs/react-dom.development.js:6465:5)
      at dispatchEvent (../../node_modules/react-dom/cjs/react-dom.development.js:6457:5)
      at dispatchDiscreteEvent (../../node_modules/react-dom/cjs/react-dom.development.js:6430:5)
      at HTMLDivElement.callTheUserObjectsOperation (../../node_modules/jsdom/lib/jsdom/living/generated/EventListener.js:26:30)
      at innerInvokeEventListeners (../../node_modules/jsdom/lib/jsdom/living/events/EventTarget-impl.js:338:25)
      at invokeEventListeners (../../node_modules/jsdom/lib/jsdom/living/events/EventTarget-impl.js:274:3)
      at HTMLInputElementImpl._dispatch (../../node_modules/jsdom/lib/jsdom/living/events/EventTarget-impl.js:221:9)
      at HTMLInputElementImpl.dispatchEvent (../../node_modules/jsdom/lib/jsdom/living/events/EventTarget-impl.js:94:17)
      at HTMLInputElement.dispatchEvent (../../node_modules/jsdom/lib/jsdom/living/generated/EventTarget.js:231:34)
      at ../../node_modules/@testing-library/user-event/dist/cjs/event/dispatchEvent.js:45:43
      at Object.eventWrapper (../../node_modules/@testing-library/dom/dist/config.js:25:23)
      at Object.wrapEvent (../../node_modules/@testing-library/user-event/dist/cjs/event/wrapEvent.js:6:28)
      at Object.dispatchEvent (../../node_modules/@testing-library/user-event/dist/cjs/event/dispatchEvent.js:45:22)
      at Object.dispatchUIEvent (../../node_modules/@testing-library/user-event/dist/cjs/event/dispatchEvent.js:22:26)
      at commitInput (../../node_modules/@testing-library/user-event/dist/cjs/event/input.js:145:14)
      at editInputElement (../../node_modules/@testing-library/user-event/dist/cjs/event/input.js:115:9)
      at Object.input (../../node_modules/@testing-library/user-event/dist/cjs/event/input.js:37:9)
      at ../../node_modules/@testing-library/user-event/dist/cjs/event/behavior/keypress.js:31:26
      at Object.dispatchEvent (../../node_modules/@testing-library/user-event/dist/cjs/event/dispatchEvent.js:41:13)
      at Object.dispatchUIEvent (../../node_modules/@testing-library/user-event/dist/cjs/event/dispatchEvent.js:22:26)
      at KeyboardHost.keydown (../../node_modules/@testing-library/user-event/dist/cjs/system/keyboard.js:76:22)
      at keyboardAction (../../node_modules/@testing-library/user-event/dist/cjs/keyboard/index.js:22:35)
      at Object.keyboard (../../node_modules/@testing-library/user-event/dist/cjs/keyboard/index.js:11:15)
      at Object.type (../../node_modules/@testing-library/user-event/dist/cjs/utility/type.js:17:5)
      at Object.<anonymous> (src/__tests__/App.test.js:118:5)

  console.error
    Warning: An update to TaskForm inside a test was not wrapped in act(...).
    
    When testing, code that causes React state updates should be wrapped into act(...):
    
    act(() => {
      /* fire events that update state */
    });
    /* assert on the output */
    
    This ensures that you're testing the behavior the user would see in the browser. Learn more at https://reactjs.org/link/wrap-tests-with-act
        at TaskForm (/workspaces/dajp-ae-bootcamp-session-3/packages/frontend/src/TaskForm.js:6:21)
        at div
        at /workspaces/dajp-ae-bootcamp-session-3/node_modules/@emotion/react/dist/emotion-element-a1829a1e.cjs.js:58:23
        at Box (/workspaces/dajp-ae-bootcamp-session-3/node_modules/@mui/system/createBox/createBox.js:27:41)
        at div
        at /workspaces/dajp-ae-bootcamp-session-3/node_modules/@emotion/react/dist/emotion-element-a1829a1e.cjs.js:58:23
        at Container (/workspaces/dajp-ae-bootcamp-session-3/node_modules/@mui/system/Container/createContainer.js:111:19)
        at div
        at /workspaces/dajp-ae-bootcamp-session-3/node_modules/@emotion/react/dist/emotion-element-a1829a1e.cjs.js:58:23
        at Box (/workspaces/dajp-ae-bootcamp-session-3/node_modules/@mui/system/createBox/createBox.js:27:41)
        at App (/workspaces/dajp-ae-bootcamp-session-3/packages/frontend/src/App.js:8:49)

      84 |           label="Task Title"
      85 |           value={title}
    > 86 |           onChange={e => setTitle(e.target.value)}
         |                          ^
      87 |           required
      88 |           variant="outlined"
      89 |           fullWidth

      at printWarning (../../node_modules/react-dom/cjs/react-dom.development.js:86:30)
      at error (../../node_modules/react-dom/cjs/react-dom.development.js:60:7)
      at warnIfUpdatesNotWrappedWithActDEV (../../node_modules/react-dom/cjs/react-dom.development.js:27628:9)
      at scheduleUpdateOnFiber (../../node_modules/react-dom/cjs/react-dom.development.js:25547:5)
      at setTitle (../../node_modules/react-dom/cjs/react-dom.development.js:16708:7)
      at onChange (src/TaskForm.js:86:26)
      at handleChange (../../node_modules/@mui/material/InputBase/InputBase.js:396:7)
      at HTMLUnknownElement.callCallback (../../node_modules/react-dom/cjs/react-dom.development.js:4164:14)
      at HTMLUnknownElement.callTheUserObjectsOperation (../../node_modules/jsdom/lib/jsdom/living/generated/EventListener.js:26:30)
      at innerInvokeEventListeners (../../node_modules/jsdom/lib/jsdom/living/events/EventTarget-impl.js:338:25)
      at invokeEventListeners (../../node_modules/jsdom/lib/jsdom/living/events/EventTarget-impl.js:274:3)
      at HTMLUnknownElementImpl._dispatch (../../node_modules/jsdom/lib/jsdom/living/events/EventTarget-impl.js:221:9)
      at HTMLUnknownElementImpl.dispatchEvent (../../node_modules/jsdom/lib/jsdom/living/events/EventTarget-impl.js:94:17)
      at HTMLUnknownElement.dispatchEvent (../../node_modules/jsdom/lib/jsdom/living/generated/EventTarget.js:231:34)
      at Object.invokeGuardedCallbackDev (../../node_modules/react-dom/cjs/react-dom.development.js:4213:16)
      at invokeGuardedCallback (../../node_modules/react-dom/cjs/react-dom.development.js:4277:31)
      at invokeGuardedCallbackAndCatchFirstError (../../node_modules/react-dom/cjs/react-dom.development.js:4291:25)
      at executeDispatch (../../node_modules/react-dom/cjs/react-dom.development.js:9041:3)
      at processDispatchQueueItemsInOrder (../../node_modules/react-dom/cjs/react-dom.development.js:9073:7)
      at processDispatchQueue (../../node_modules/react-dom/cjs/react-dom.development.js:9086:5)
      at dispatchEventsForPlugins (../../node_modules/react-dom/cjs/react-dom.development.js:9097:3)
      at ../../node_modules/react-dom/cjs/react-dom.development.js:9288:12
      at batchedUpdates$1 (../../node_modules/react-dom/cjs/react-dom.development.js:26179:12)
      at batchedUpdates (../../node_modules/react-dom/cjs/react-dom.development.js:3991:12)
      at dispatchEventForPluginEventSystem (../../node_modules/react-dom/cjs/react-dom.development.js:9287:3)
      at dispatchEventWithEnableCapturePhaseSelectiveHydrationWithoutDiscreteEventReplay (../../node_modules/react-dom/cjs/react-dom.development.js:6465:5)
      at dispatchEvent (../../node_modules/react-dom/cjs/react-dom.development.js:6457:5)
      at dispatchDiscreteEvent (../../node_modules/react-dom/cjs/react-dom.development.js:6430:5)
      at HTMLDivElement.callTheUserObjectsOperation (../../node_modules/jsdom/lib/jsdom/living/generated/EventListener.js:26:30)
      at innerInvokeEventListeners (../../node_modules/jsdom/lib/jsdom/living/events/EventTarget-impl.js:338:25)
      at invokeEventListeners (../../node_modules/jsdom/lib/jsdom/living/events/EventTarget-impl.js:274:3)
      at HTMLInputElementImpl._dispatch (../../node_modules/jsdom/lib/jsdom/living/events/EventTarget-impl.js:221:9)
      at HTMLInputElementImpl.dispatchEvent (../../node_modules/jsdom/lib/jsdom/living/events/EventTarget-impl.js:94:17)
      at HTMLInputElement.dispatchEvent (../../node_modules/jsdom/lib/jsdom/living/generated/EventTarget.js:231:34)
      at ../../node_modules/@testing-library/user-event/dist/cjs/event/dispatchEvent.js:45:43
      at Object.eventWrapper (../../node_modules/@testing-library/dom/dist/config.js:25:23)
      at Object.wrapEvent (../../node_modules/@testing-library/user-event/dist/cjs/event/wrapEvent.js:6:28)
      at Object.dispatchEvent (../../node_modules/@testing-library/user-event/dist/cjs/event/dispatchEvent.js:45:22)
      at Object.dispatchUIEvent (../../node_modules/@testing-library/user-event/dist/cjs/event/dispatchEvent.js:22:26)
      at commitInput (../../node_modules/@testing-library/user-event/dist/cjs/event/input.js:145:14)
      at editInputElement (../../node_modules/@testing-library/user-event/dist/cjs/event/input.js:115:9)
      at Object.input (../../node_modules/@testing-library/user-event/dist/cjs/event/input.js:37:9)
      at ../../node_modules/@testing-library/user-event/dist/cjs/event/behavior/keypress.js:31:26
      at Object.dispatchEvent (../../node_modules/@testing-library/user-event/dist/cjs/event/dispatchEvent.js:41:13)
      at Object.dispatchUIEvent (../../node_modules/@testing-library/user-event/dist/cjs/event/dispatchEvent.js:22:26)
      at KeyboardHost.keydown (../../node_modules/@testing-library/user-event/dist/cjs/system/keyboard.js:76:22)
      at keyboardAction (../../node_modules/@testing-library/user-event/dist/cjs/keyboard/index.js:22:35)

  console.error
    Warning: An update to TaskForm inside a test was not wrapped in act(...).
    
    When testing, code that causes React state updates should be wrapped into act(...):
    
    act(() => {
      /* fire events that update state */
    });
    /* assert on the output */
    
    This ensures that you're testing the behavior the user would see in the browser. Learn more at https://reactjs.org/link/wrap-tests-with-act
        at TaskForm (/workspaces/dajp-ae-bootcamp-session-3/packages/frontend/src/TaskForm.js:6:21)
        at div
        at /workspaces/dajp-ae-bootcamp-session-3/node_modules/@emotion/react/dist/emotion-element-a1829a1e.cjs.js:58:23
        at Box (/workspaces/dajp-ae-bootcamp-session-3/node_modules/@mui/system/createBox/createBox.js:27:41)
        at div
        at /workspaces/dajp-ae-bootcamp-session-3/node_modules/@emotion/react/dist/emotion-element-a1829a1e.cjs.js:58:23
        at Container (/workspaces/dajp-ae-bootcamp-session-3/node_modules/@mui/system/Container/createContainer.js:111:19)
        at div
        at /workspaces/dajp-ae-bootcamp-session-3/node_modules/@emotion/react/dist/emotion-element-a1829a1e.cjs.js:58:23
        at Box (/workspaces/dajp-ae-bootcamp-session-3/node_modules/@mui/system/createBox/createBox.js:27:41)
        at App (/workspaces/dajp-ae-bootcamp-session-3/packages/frontend/src/App.js:8:49)

      84 |           label="Task Title"
      85 |           value={title}
    > 86 |           onChange={e => setTitle(e.target.value)}
         |                          ^
      87 |           required
      88 |           variant="outlined"
      89 |           fullWidth

      at printWarning (../../node_modules/react-dom/cjs/react-dom.development.js:86:30)
      at error (../../node_modules/react-dom/cjs/react-dom.development.js:60:7)
      at warnIfUpdatesNotWrappedWithActDEV (../../node_modules/react-dom/cjs/react-dom.development.js:27628:9)
      at scheduleUpdateOnFiber (../../node_modules/react-dom/cjs/react-dom.development.js:25547:5)
      at setTitle (../../node_modules/react-dom/cjs/react-dom.development.js:16708:7)
      at onChange (src/TaskForm.js:86:26)
      at handleChange (../../node_modules/@mui/material/InputBase/InputBase.js:396:7)
      at HTMLUnknownElement.callCallback (../../node_modules/react-dom/cjs/react-dom.development.js:4164:14)
      at HTMLUnknownElement.callTheUserObjectsOperation (../../node_modules/jsdom/lib/jsdom/living/generated/EventListener.js:26:30)
      at innerInvokeEventListeners (../../node_modules/jsdom/lib/jsdom/living/events/EventTarget-impl.js:338:25)
      at invokeEventListeners (../../node_modules/jsdom/lib/jsdom/living/events/EventTarget-impl.js:274:3)
      at HTMLUnknownElementImpl._dispatch (../../node_modules/jsdom/lib/jsdom/living/events/EventTarget-impl.js:221:9)
      at HTMLUnknownElementImpl.dispatchEvent (../../node_modules/jsdom/lib/jsdom/living/events/EventTarget-impl.js:94:17)
      at HTMLUnknownElement.dispatchEvent (../../node_modules/jsdom/lib/jsdom/living/generated/EventTarget.js:231:34)
      at Object.invokeGuardedCallbackDev (../../node_modules/react-dom/cjs/react-dom.development.js:4213:16)
      at invokeGuardedCallback (../../node_modules/react-dom/cjs/react-dom.development.js:4277:31)
      at invokeGuardedCallbackAndCatchFirstError (../../node_modules/react-dom/cjs/react-dom.development.js:4291:25)
      at executeDispatch (../../node_modules/react-dom/cjs/react-dom.development.js:9041:3)
      at processDispatchQueueItemsInOrder (../../node_modules/react-dom/cjs/react-dom.development.js:9073:7)
      at processDispatchQueue (../../node_modules/react-dom/cjs/react-dom.development.js:9086:5)
      at dispatchEventsForPlugins (../../node_modules/react-dom/cjs/react-dom.development.js:9097:3)
      at ../../node_modules/react-dom/cjs/react-dom.development.js:9288:12
      at batchedUpdates$1 (../../node_modules/react-dom/cjs/react-dom.development.js:26179:12)
      at batchedUpdates (../../node_modules/react-dom/cjs/react-dom.development.js:3991:12)
      at dispatchEventForPluginEventSystem (../../node_modules/react-dom/cjs/react-dom.development.js:9287:3)
      at dispatchEventWithEnableCapturePhaseSelectiveHydrationWithoutDiscreteEventReplay (../../node_modules/react-dom/cjs/react-dom.development.js:6465:5)
      at dispatchEvent (../../node_modules/react-dom/cjs/react-dom.development.js:6457:5)
      at dispatchDiscreteEvent (../../node_modules/react-dom/cjs/react-dom.development.js:6430:5)
      at HTMLDivElement.callTheUserObjectsOperation (../../node_modules/jsdom/lib/jsdom/living/generated/EventListener.js:26:30)
      at innerInvokeEventListeners (../../node_modules/jsdom/lib/jsdom/living/events/EventTarget-impl.js:338:25)
      at invokeEventListeners (../../node_modules/jsdom/lib/jsdom/living/events/EventTarget-impl.js:274:3)
      at HTMLInputElementImpl._dispatch (../../node_modules/jsdom/lib/jsdom/living/events/EventTarget-impl.js:221:9)
      at HTMLInputElementImpl.dispatchEvent (../../node_modules/jsdom/lib/jsdom/living/events/EventTarget-impl.js:94:17)
      at HTMLInputElement.dispatchEvent (../../node_modules/jsdom/lib/jsdom/living/generated/EventTarget.js:231:34)
      at ../../node_modules/@testing-library/user-event/dist/cjs/event/dispatchEvent.js:45:43
      at Object.eventWrapper (../../node_modules/@testing-library/dom/dist/config.js:25:23)
      at Object.wrapEvent (../../node_modules/@testing-library/user-event/dist/cjs/event/wrapEvent.js:6:28)
      at Object.dispatchEvent (../../node_modules/@testing-library/user-event/dist/cjs/event/dispatchEvent.js:45:22)
      at Object.dispatchUIEvent (../../node_modules/@testing-library/user-event/dist/cjs/event/dispatchEvent.js:22:26)
      at commitInput (../../node_modules/@testing-library/user-event/dist/cjs/event/input.js:145:14)
      at editInputElement (../../node_modules/@testing-library/user-event/dist/cjs/event/input.js:115:9)
      at Object.input (../../node_modules/@testing-library/user-event/dist/cjs/event/input.js:37:9)
      at ../../node_modules/@testing-library/user-event/dist/cjs/event/behavior/keypress.js:31:26
      at Object.dispatchEvent (../../node_modules/@testing-library/user-event/dist/cjs/event/dispatchEvent.js:41:13)
      at Object.dispatchUIEvent (../../node_modules/@testing-library/user-event/dist/cjs/event/dispatchEvent.js:22:26)
      at KeyboardHost.keydown (../../node_modules/@testing-library/user-event/dist/cjs/system/keyboard.js:76:22)
      at keyboardAction (../../node_modules/@testing-library/user-event/dist/cjs/keyboard/index.js:22:35)

  console.error
    Warning: An update to ForwardRef(FormControl) inside a test was not wrapped in act(...).
    
    When testing, code that causes React state updates should be wrapped into act(...):
    
    act(() => {
      /* fire events that update state */
    });
    /* assert on the output */
    
    This ensures that you're testing the behavior the user would see in the browser. Learn more at https://reactjs.org/link/wrap-tests-with-act
        at FormControl (/workspaces/dajp-ae-bootcamp-session-3/node_modules/@mui/material/FormControl/FormControl.js:104:59)
        at /workspaces/dajp-ae-bootcamp-session-3/node_modules/@emotion/react/dist/emotion-element-a1829a1e.cjs.js:58:23
        at TextField (/workspaces/dajp-ae-bootcamp-session-3/node_modules/@mui/material/TextField/TextField.js:80:59)
        at form
        at /workspaces/dajp-ae-bootcamp-session-3/node_modules/@emotion/react/dist/emotion-element-a1829a1e.cjs.js:58:23
        at Box (/workspaces/dajp-ae-bootcamp-session-3/node_modules/@mui/system/createBox/createBox.js:27:41)
        at div
        at /workspaces/dajp-ae-bootcamp-session-3/node_modules/@emotion/react/dist/emotion-element-a1829a1e.cjs.js:58:23
        at Paper (/workspaces/dajp-ae-bootcamp-session-3/node_modules/@mui/material/Paper/Paper.js:75:59)
        at TaskForm (/workspaces/dajp-ae-bootcamp-session-3/packages/frontend/src/TaskForm.js:6:21)
        at div
        at /workspaces/dajp-ae-bootcamp-session-3/node_modules/@emotion/react/dist/emotion-element-a1829a1e.cjs.js:58:23
        at Box (/workspaces/dajp-ae-bootcamp-session-3/node_modules/@mui/system/createBox/createBox.js:27:41)
        at div
        at /workspaces/dajp-ae-bootcamp-session-3/node_modules/@emotion/react/dist/emotion-element-a1829a1e.cjs.js:58:23
        at Container (/workspaces/dajp-ae-bootcamp-session-3/node_modules/@mui/system/Container/createContainer.js:111:19)
        at div
        at /workspaces/dajp-ae-bootcamp-session-3/node_modules/@emotion/react/dist/emotion-element-a1829a1e.cjs.js:58:23
        at Box (/workspaces/dajp-ae-bootcamp-session-3/node_modules/@mui/system/createBox/createBox.js:27:41)
        at App (/workspaces/dajp-ae-bootcamp-session-3/packages/frontend/src/App.js:8:49)

      116 |       expect(screen.getByText('Test Task 1')).toBeInTheDocument();
      117 |     });
    > 118 |     await user.type(screen.getByTestId('title-input'), 'New Test Task');
          |     ^
      119 |     await user.type(screen.getByTestId('description-input'), 'Task description');
      120 |     await user.click(screen.getByTestId('submit-task'));
      121 |     await waitFor(() => {

      at printWarning (../../node_modules/react-dom/cjs/react-dom.development.js:86:30)
      at error (../../node_modules/react-dom/cjs/react-dom.development.js:60:7)
      at warnIfUpdatesNotWrappedWithActDEV (../../node_modules/react-dom/cjs/react-dom.development.js:27628:9)
      at scheduleUpdateOnFiber (../../node_modules/react-dom/cjs/react-dom.development.js:25547:5)
      at dispatchSetState (../../node_modules/react-dom/cjs/react-dom.development.js:16708:7)
      at ../../node_modules/@mui/material/FormControl/FormControl.js:190:5
      at ../../node_modules/@mui/material/InputBase/InputBase.js:341:9
      at ../../node_modules/@mui/material/InputBase/InputBase.js:349:7
      at commitHookEffectListMount (../../node_modules/react-dom/cjs/react-dom.development.js:23189:26)
      at commitLayoutEffectOnFiber (../../node_modules/react-dom/cjs/react-dom.development.js:23312:15)
      at commitLayoutMountEffects_complete (../../node_modules/react-dom/cjs/react-dom.development.js:24727:9)
      at commitLayoutEffects_begin (../../node_modules/react-dom/cjs/react-dom.development.js:24713:7)
      at commitLayoutEffects (../../node_modules/react-dom/cjs/react-dom.development.js:24651:3)
      at commitRootImpl (../../node_modules/react-dom/cjs/react-dom.development.js:26862:5)
      at commitRoot (../../node_modules/react-dom/cjs/react-dom.development.js:26721:5)
      at performSyncWorkOnRoot (../../node_modules/react-dom/cjs/react-dom.development.js:26156:3)
      at flushSyncCallbacks (../../node_modules/react-dom/cjs/react-dom.development.js:12042:22)
      at flushSync (../../node_modules/react-dom/cjs/react-dom.development.js:26240:7)
      at finishEventHandler (../../node_modules/react-dom/cjs/react-dom.development.js:3976:5)
      at batchedUpdates (../../node_modules/react-dom/cjs/react-dom.development.js:3994:5)
      at dispatchEventForPluginEventSystem (../../node_modules/react-dom/cjs/react-dom.development.js:9287:3)
      at dispatchEventWithEnableCapturePhaseSelectiveHydrationWithoutDiscreteEventReplay (../../node_modules/react-dom/cjs/react-dom.development.js:6465:5)
      at dispatchEvent (../../node_modules/react-dom/cjs/react-dom.development.js:6457:5)
      at dispatchDiscreteEvent (../../node_modules/react-dom/cjs/react-dom.development.js:6430:5)
      at HTMLDivElement.callTheUserObjectsOperation (../../node_modules/jsdom/lib/jsdom/living/generated/EventListener.js:26:30)
      at innerInvokeEventListeners (../../node_modules/jsdom/lib/jsdom/living/events/EventTarget-impl.js:338:25)
      at invokeEventListeners (../../node_modules/jsdom/lib/jsdom/living/events/EventTarget-impl.js:274:3)
      at HTMLInputElementImpl._dispatch (../../node_modules/jsdom/lib/jsdom/living/events/EventTarget-impl.js:221:9)
      at HTMLInputElementImpl.dispatchEvent (../../node_modules/jsdom/lib/jsdom/living/events/EventTarget-impl.js:94:17)
      at HTMLInputElement.dispatchEvent (../../node_modules/jsdom/lib/jsdom/living/generated/EventTarget.js:231:34)
      at ../../node_modules/@testing-library/user-event/dist/cjs/event/dispatchEvent.js:45:43
      at Object.eventWrapper (../../node_modules/@testing-library/dom/dist/config.js:25:23)
      at Object.wrapEvent (../../node_modules/@testing-library/user-event/dist/cjs/event/wrapEvent.js:6:28)
      at Object.dispatchEvent (../../node_modules/@testing-library/user-event/dist/cjs/event/dispatchEvent.js:45:22)
      at Object.dispatchUIEvent (../../node_modules/@testing-library/user-event/dist/cjs/event/dispatchEvent.js:22:26)
      at commitInput (../../node_modules/@testing-library/user-event/dist/cjs/event/input.js:145:14)
      at editInputElement (../../node_modules/@testing-library/user-event/dist/cjs/event/input.js:115:9)
      at Object.input (../../node_modules/@testing-library/user-event/dist/cjs/event/input.js:37:9)
      at ../../node_modules/@testing-library/user-event/dist/cjs/event/behavior/keypress.js:31:26
      at Object.dispatchEvent (../../node_modules/@testing-library/user-event/dist/cjs/event/dispatchEvent.js:41:13)
      at Object.dispatchUIEvent (../../node_modules/@testing-library/user-event/dist/cjs/event/dispatchEvent.js:22:26)
      at KeyboardHost.keydown (../../node_modules/@testing-library/user-event/dist/cjs/system/keyboard.js:76:22)
      at keyboardAction (../../node_modules/@testing-library/user-event/dist/cjs/keyboard/index.js:22:35)
      at Object.keyboard (../../node_modules/@testing-library/user-event/dist/cjs/keyboard/index.js:11:15)
      at Object.type (../../node_modules/@testing-library/user-event/dist/cjs/utility/type.js:17:5)
      at Object.<anonymous> (src/__tests__/App.test.js:118:5)

  console.error
    Warning: An update to ForwardRef(FormControl) inside a test was not wrapped in act(...).
    
    When testing, code that causes React state updates should be wrapped into act(...):
    
    act(() => {
      /* fire events that update state */
    });
    /* assert on the output */
    
    This ensures that you're testing the behavior the user would see in the browser. Learn more at https://reactjs.org/link/wrap-tests-with-act
        at FormControl (/workspaces/dajp-ae-bootcamp-session-3/node_modules/@mui/material/FormControl/FormControl.js:104:59)
        at /workspaces/dajp-ae-bootcamp-session-3/node_modules/@emotion/react/dist/emotion-element-a1829a1e.cjs.js:58:23
        at TextField (/workspaces/dajp-ae-bootcamp-session-3/node_modules/@mui/material/TextField/TextField.js:80:59)
        at form
        at /workspaces/dajp-ae-bootcamp-session-3/node_modules/@emotion/react/dist/emotion-element-a1829a1e.cjs.js:58:23
        at Box (/workspaces/dajp-ae-bootcamp-session-3/node_modules/@mui/system/createBox/createBox.js:27:41)
        at div
        at /workspaces/dajp-ae-bootcamp-session-3/node_modules/@emotion/react/dist/emotion-element-a1829a1e.cjs.js:58:23
        at Paper (/workspaces/dajp-ae-bootcamp-session-3/node_modules/@mui/material/Paper/Paper.js:75:59)
        at TaskForm (/workspaces/dajp-ae-bootcamp-session-3/packages/frontend/src/TaskForm.js:6:21)
        at div
        at /workspaces/dajp-ae-bootcamp-session-3/node_modules/@emotion/react/dist/emotion-element-a1829a1e.cjs.js:58:23
        at Box (/workspaces/dajp-ae-bootcamp-session-3/node_modules/@mui/system/createBox/createBox.js:27:41)
        at div
        at /workspaces/dajp-ae-bootcamp-session-3/node_modules/@emotion/react/dist/emotion-element-a1829a1e.cjs.js:58:23
        at Container (/workspaces/dajp-ae-bootcamp-session-3/node_modules/@mui/system/Container/createContainer.js:111:19)
        at div
        at /workspaces/dajp-ae-bootcamp-session-3/node_modules/@emotion/react/dist/emotion-element-a1829a1e.cjs.js:58:23
        at Box (/workspaces/dajp-ae-bootcamp-session-3/node_modules/@mui/system/createBox/createBox.js:27:41)
        at App (/workspaces/dajp-ae-bootcamp-session-3/packages/frontend/src/App.js:8:49)

      116 |       expect(screen.getByText('Test Task 1')).toBeInTheDocument();
      117 |     });
    > 118 |     await user.type(screen.getByTestId('title-input'), 'New Test Task');
          |     ^
      119 |     await user.type(screen.getByTestId('description-input'), 'Task description');
      120 |     await user.click(screen.getByTestId('submit-task'));
      121 |     await waitFor(() => {

      at printWarning (../../node_modules/react-dom/cjs/react-dom.development.js:86:30)
      at error (../../node_modules/react-dom/cjs/react-dom.development.js:60:7)
      at warnIfUpdatesNotWrappedWithActDEV (../../node_modules/react-dom/cjs/react-dom.development.js:27628:9)
      at scheduleUpdateOnFiber (../../node_modules/react-dom/cjs/react-dom.development.js:25547:5)
      at dispatchSetState (../../node_modules/react-dom/cjs/react-dom.development.js:16708:7)
      at ../../node_modules/@mui/material/InputBase/InputBase.js:448:22
      at commitHookEffectListMount (../../node_modules/react-dom/cjs/react-dom.development.js:23189:26)
      at commitPassiveMountOnFiber (../../node_modules/react-dom/cjs/react-dom.development.js:24970:11)
      at commitPassiveMountEffects_complete (../../node_modules/react-dom/cjs/react-dom.development.js:24930:9)
      at commitPassiveMountEffects_begin (../../node_modules/react-dom/cjs/react-dom.development.js:24917:7)
      at commitPassiveMountEffects (../../node_modules/react-dom/cjs/react-dom.development.js:24905:3)
      at flushPassiveEffectsImpl (../../node_modules/react-dom/cjs/react-dom.development.js:27078:3)
      at flushPassiveEffects (../../node_modules/react-dom/cjs/react-dom.development.js:27023:14)
      at commitRootImpl (../../node_modules/react-dom/cjs/react-dom.development.js:26974:5)
      at commitRoot (../../node_modules/react-dom/cjs/react-dom.development.js:26721:5)
      at performSyncWorkOnRoot (../../node_modules/react-dom/cjs/react-dom.development.js:26156:3)
      at flushSyncCallbacks (../../node_modules/react-dom/cjs/react-dom.development.js:12042:22)
      at flushSync (../../node_modules/react-dom/cjs/react-dom.development.js:26240:7)
      at finishEventHandler (../../node_modules/react-dom/cjs/react-dom.development.js:3976:5)
      at batchedUpdates (../../node_modules/react-dom/cjs/react-dom.development.js:3994:5)
      at dispatchEventForPluginEventSystem (../../node_modules/react-dom/cjs/react-dom.development.js:9287:3)
      at dispatchEventWithEnableCapturePhaseSelectiveHydrationWithoutDiscreteEventReplay (../../node_modules/react-dom/cjs/react-dom.development.js:6465:5)
      at dispatchEvent (../../node_modules/react-dom/cjs/react-dom.development.js:6457:5)
      at dispatchDiscreteEvent (../../node_modules/react-dom/cjs/react-dom.development.js:6430:5)
      at HTMLDivElement.callTheUserObjectsOperation (../../node_modules/jsdom/lib/jsdom/living/generated/EventListener.js:26:30)
      at innerInvokeEventListeners (../../node_modules/jsdom/lib/jsdom/living/events/EventTarget-impl.js:338:25)
      at invokeEventListeners (../../node_modules/jsdom/lib/jsdom/living/events/EventTarget-impl.js:274:3)
      at HTMLInputElementImpl._dispatch (../../node_modules/jsdom/lib/jsdom/living/events/EventTarget-impl.js:221:9)
      at HTMLInputElementImpl.dispatchEvent (../../node_modules/jsdom/lib/jsdom/living/events/EventTarget-impl.js:94:17)
      at HTMLInputElement.dispatchEvent (../../node_modules/jsdom/lib/jsdom/living/generated/EventTarget.js:231:34)
      at ../../node_modules/@testing-library/user-event/dist/cjs/event/dispatchEvent.js:45:43
      at Object.eventWrapper (../../node_modules/@testing-library/dom/dist/config.js:25:23)
      at Object.wrapEvent (../../node_modules/@testing-library/user-event/dist/cjs/event/wrapEvent.js:6:28)
      at Object.dispatchEvent (../../node_modules/@testing-library/user-event/dist/cjs/event/dispatchEvent.js:45:22)
      at Object.dispatchUIEvent (../../node_modules/@testing-library/user-event/dist/cjs/event/dispatchEvent.js:22:26)
      at commitInput (../../node_modules/@testing-library/user-event/dist/cjs/event/input.js:145:14)
      at editInputElement (../../node_modules/@testing-library/user-event/dist/cjs/event/input.js:115:9)
      at Object.input (../../node_modules/@testing-library/user-event/dist/cjs/event/input.js:37:9)
      at ../../node_modules/@testing-library/user-event/dist/cjs/event/behavior/keypress.js:31:26
      at Object.dispatchEvent (../../node_modules/@testing-library/user-event/dist/cjs/event/dispatchEvent.js:41:13)
      at Object.dispatchUIEvent (../../node_modules/@testing-library/user-event/dist/cjs/event/dispatchEvent.js:22:26)
      at KeyboardHost.keydown (../../node_modules/@testing-library/user-event/dist/cjs/system/keyboard.js:76:22)
      at keyboardAction (../../node_modules/@testing-library/user-event/dist/cjs/keyboard/index.js:22:35)
      at Object.keyboard (../../node_modules/@testing-library/user-event/dist/cjs/keyboard/index.js:11:15)
      at Object.type (../../node_modules/@testing-library/user-event/dist/cjs/utility/type.js:17:5)
      at Object.<anonymous> (src/__tests__/App.test.js:118:5)

  console.error
    Warning: An update to ForwardRef(FormControl) inside a test was not wrapped in act(...).
    
    When testing, code that causes React state updates should be wrapped into act(...):
    
    act(() => {
      /* fire events that update state */
    });
    /* assert on the output */
    
    This ensures that you're testing the behavior the user would see in the browser. Learn more at https://reactjs.org/link/wrap-tests-with-act
        at FormControl (/workspaces/dajp-ae-bootcamp-session-3/node_modules/@mui/material/FormControl/FormControl.js:104:59)
        at /workspaces/dajp-ae-bootcamp-session-3/node_modules/@emotion/react/dist/emotion-element-a1829a1e.cjs.js:58:23
        at TextField (/workspaces/dajp-ae-bootcamp-session-3/node_modules/@mui/material/TextField/TextField.js:80:59)
        at form
        at /workspaces/dajp-ae-bootcamp-session-3/node_modules/@emotion/react/dist/emotion-element-a1829a1e.cjs.js:58:23
        at Box (/workspaces/dajp-ae-bootcamp-session-3/node_modules/@mui/system/createBox/createBox.js:27:41)
        at div
        at /workspaces/dajp-ae-bootcamp-session-3/node_modules/@emotion/react/dist/emotion-element-a1829a1e.cjs.js:58:23
        at Paper (/workspaces/dajp-ae-bootcamp-session-3/node_modules/@mui/material/Paper/Paper.js:75:59)
        at TaskForm (/workspaces/dajp-ae-bootcamp-session-3/packages/frontend/src/TaskForm.js:6:21)
        at div
        at /workspaces/dajp-ae-bootcamp-session-3/node_modules/@emotion/react/dist/emotion-element-a1829a1e.cjs.js:58:23
        at Box (/workspaces/dajp-ae-bootcamp-session-3/node_modules/@mui/system/createBox/createBox.js:27:41)
        at div
        at /workspaces/dajp-ae-bootcamp-session-3/node_modules/@emotion/react/dist/emotion-element-a1829a1e.cjs.js:58:23
        at Container (/workspaces/dajp-ae-bootcamp-session-3/node_modules/@mui/system/Container/createContainer.js:111:19)
        at div
        at /workspaces/dajp-ae-bootcamp-session-3/node_modules/@emotion/react/dist/emotion-element-a1829a1e.cjs.js:58:23
        at Box (/workspaces/dajp-ae-bootcamp-session-3/node_modules/@mui/system/createBox/createBox.js:27:41)
        at App (/workspaces/dajp-ae-bootcamp-session-3/packages/frontend/src/App.js:8:49)

      116 |       expect(screen.getByText('Test Task 1')).toBeInTheDocument();
      117 |     });
    > 118 |     await user.type(screen.getByTestId('title-input'), 'New Test Task');
          |     ^
      119 |     await user.type(screen.getByTestId('description-input'), 'Task description');
      120 |     await user.click(screen.getByTestId('submit-task'));
      121 |     await waitFor(() => {

      at printWarning (../../node_modules/react-dom/cjs/react-dom.development.js:86:30)
      at error (../../node_modules/react-dom/cjs/react-dom.development.js:60:7)
      at warnIfUpdatesNotWrappedWithActDEV (../../node_modules/react-dom/cjs/react-dom.development.js:27628:9)
      at scheduleUpdateOnFiber (../../node_modules/react-dom/cjs/react-dom.development.js:25547:5)
      at dispatchSetState (../../node_modules/react-dom/cjs/react-dom.development.js:16708:7)
      at ../../node_modules/@mui/material/InputBase/InputBase.js:448:22
      at commitHookEffectListMount (../../node_modules/react-dom/cjs/react-dom.development.js:23189:26)
      at commitPassiveMountOnFiber (../../node_modules/react-dom/cjs/react-dom.development.js:24970:11)
      at commitPassiveMountEffects_complete (../../node_modules/react-dom/cjs/react-dom.development.js:24930:9)
      at commitPassiveMountEffects_begin (../../node_modules/react-dom/cjs/react-dom.development.js:24917:7)
      at commitPassiveMountEffects (../../node_modules/react-dom/cjs/react-dom.development.js:24905:3)
      at flushPassiveEffectsImpl (../../node_modules/react-dom/cjs/react-dom.development.js:27078:3)
      at flushPassiveEffects (../../node_modules/react-dom/cjs/react-dom.development.js:27023:14)
      at commitRootImpl (../../node_modules/react-dom/cjs/react-dom.development.js:26974:5)
      at commitRoot (../../node_modules/react-dom/cjs/react-dom.development.js:26721:5)
      at performSyncWorkOnRoot (../../node_modules/react-dom/cjs/react-dom.development.js:26156:3)
      at flushSyncCallbacks (../../node_modules/react-dom/cjs/react-dom.development.js:12042:22)
      at flushSync (../../node_modules/react-dom/cjs/react-dom.development.js:26240:7)
      at finishEventHandler (../../node_modules/react-dom/cjs/react-dom.development.js:3976:5)
      at batchedUpdates (../../node_modules/react-dom/cjs/react-dom.development.js:3994:5)
      at dispatchEventForPluginEventSystem (../../node_modules/react-dom/cjs/react-dom.development.js:9287:3)
      at dispatchEventWithEnableCapturePhaseSelectiveHydrationWithoutDiscreteEventReplay (../../node_modules/react-dom/cjs/react-dom.development.js:6465:5)
      at dispatchEvent (../../node_modules/react-dom/cjs/react-dom.development.js:6457:5)
      at dispatchDiscreteEvent (../../node_modules/react-dom/cjs/react-dom.development.js:6430:5)
      at HTMLDivElement.callTheUserObjectsOperation (../../node_modules/jsdom/lib/jsdom/living/generated/EventListener.js:26:30)
      at innerInvokeEventListeners (../../node_modules/jsdom/lib/jsdom/living/events/EventTarget-impl.js:338:25)
      at invokeEventListeners (../../node_modules/jsdom/lib/jsdom/living/events/EventTarget-impl.js:274:3)
      at HTMLInputElementImpl._dispatch (../../node_modules/jsdom/lib/jsdom/living/events/EventTarget-impl.js:221:9)
      at HTMLInputElementImpl.dispatchEvent (../../node_modules/jsdom/lib/jsdom/living/events/EventTarget-impl.js:94:17)
      at HTMLInputElement.dispatchEvent (../../node_modules/jsdom/lib/jsdom/living/generated/EventTarget.js:231:34)
      at ../../node_modules/@testing-library/user-event/dist/cjs/event/dispatchEvent.js:45:43
      at Object.eventWrapper (../../node_modules/@testing-library/dom/dist/config.js:25:23)
      at Object.wrapEvent (../../node_modules/@testing-library/user-event/dist/cjs/event/wrapEvent.js:6:28)
      at Object.dispatchEvent (../../node_modules/@testing-library/user-event/dist/cjs/event/dispatchEvent.js:45:22)
      at Object.dispatchUIEvent (../../node_modules/@testing-library/user-event/dist/cjs/event/dispatchEvent.js:22:26)
      at commitInput (../../node_modules/@testing-library/user-event/dist/cjs/event/input.js:145:14)
      at editInputElement (../../node_modules/@testing-library/user-event/dist/cjs/event/input.js:115:9)
      at Object.input (../../node_modules/@testing-library/user-event/dist/cjs/event/input.js:37:9)
      at ../../node_modules/@testing-library/user-event/dist/cjs/event/behavior/keypress.js:31:26
      at Object.dispatchEvent (../../node_modules/@testing-library/user-event/dist/cjs/event/dispatchEvent.js:41:13)
      at Object.dispatchUIEvent (../../node_modules/@testing-library/user-event/dist/cjs/event/dispatchEvent.js:22:26)
      at KeyboardHost.keydown (../../node_modules/@testing-library/user-event/dist/cjs/system/keyboard.js:76:22)
      at keyboardAction (../../node_modules/@testing-library/user-event/dist/cjs/keyboard/index.js:22:35)
      at Object.keyboard (../../node_modules/@testing-library/user-event/dist/cjs/keyboard/index.js:11:15)
      at Object.type (../../node_modules/@testing-library/user-event/dist/cjs/utility/type.js:17:5)
      at Object.<anonymous> (src/__tests__/App.test.js:118:5)

  console.error
    Warning: An update to ForwardRef(FormControl) inside a test was not wrapped in act(...).
    
    When testing, code that causes React state updates should be wrapped into act(...):
    
    act(() => {
      /* fire events that update state */
    });
    /* assert on the output */
    
    This ensures that you're testing the behavior the user would see in the browser. Learn more at https://reactjs.org/link/wrap-tests-with-act
        at FormControl (/workspaces/dajp-ae-bootcamp-session-3/node_modules/@mui/material/FormControl/FormControl.js:104:59)
        at /workspaces/dajp-ae-bootcamp-session-3/node_modules/@emotion/react/dist/emotion-element-a1829a1e.cjs.js:58:23
        at TextField (/workspaces/dajp-ae-bootcamp-session-3/node_modules/@mui/material/TextField/TextField.js:80:59)
        at form
        at /workspaces/dajp-ae-bootcamp-session-3/node_modules/@emotion/react/dist/emotion-element-a1829a1e.cjs.js:58:23
        at Box (/workspaces/dajp-ae-bootcamp-session-3/node_modules/@mui/system/createBox/createBox.js:27:41)
        at div
        at /workspaces/dajp-ae-bootcamp-session-3/node_modules/@emotion/react/dist/emotion-element-a1829a1e.cjs.js:58:23
        at Paper (/workspaces/dajp-ae-bootcamp-session-3/node_modules/@mui/material/Paper/Paper.js:75:59)
        at TaskForm (/workspaces/dajp-ae-bootcamp-session-3/packages/frontend/src/TaskForm.js:6:21)
        at div
        at /workspaces/dajp-ae-bootcamp-session-3/node_modules/@emotion/react/dist/emotion-element-a1829a1e.cjs.js:58:23
        at Box (/workspaces/dajp-ae-bootcamp-session-3/node_modules/@mui/system/createBox/createBox.js:27:41)
        at div
        at /workspaces/dajp-ae-bootcamp-session-3/node_modules/@emotion/react/dist/emotion-element-a1829a1e.cjs.js:58:23
        at Container (/workspaces/dajp-ae-bootcamp-session-3/node_modules/@mui/system/Container/createContainer.js:111:19)
        at div
        at /workspaces/dajp-ae-bootcamp-session-3/node_modules/@emotion/react/dist/emotion-element-a1829a1e.cjs.js:58:23
        at Box (/workspaces/dajp-ae-bootcamp-session-3/node_modules/@mui/system/createBox/createBox.js:27:41)
        at App (/workspaces/dajp-ae-bootcamp-session-3/packages/frontend/src/App.js:8:49)

      116 |       expect(screen.getByText('Test Task 1')).toBeInTheDocument();
      117 |     });
    > 118 |     await user.type(screen.getByTestId('title-input'), 'New Test Task');
          |     ^
      119 |     await user.type(screen.getByTestId('description-input'), 'Task description');
      120 |     await user.click(screen.getByTestId('submit-task'));
      121 |     await waitFor(() => {

      at printWarning (../../node_modules/react-dom/cjs/react-dom.development.js:86:30)
      at error (../../node_modules/react-dom/cjs/react-dom.development.js:60:7)
      at warnIfUpdatesNotWrappedWithActDEV (../../node_modules/react-dom/cjs/react-dom.development.js:27628:9)
      at scheduleUpdateOnFiber (../../node_modules/react-dom/cjs/react-dom.development.js:25547:5)
      at dispatchSetState (../../node_modules/react-dom/cjs/react-dom.development.js:16708:7)
      at ../../node_modules/@mui/material/InputBase/InputBase.js:448:22
      at commitHookEffectListMount (../../node_modules/react-dom/cjs/react-dom.development.js:23189:26)
      at commitPassiveMountOnFiber (../../node_modules/react-dom/cjs/react-dom.development.js:24970:11)
      at commitPassiveMountEffects_complete (../../node_modules/react-dom/cjs/react-dom.development.js:24930:9)
      at commitPassiveMountEffects_begin (../../node_modules/react-dom/cjs/react-dom.development.js:24917:7)
      at commitPassiveMountEffects (../../node_modules/react-dom/cjs/react-dom.development.js:24905:3)
      at flushPassiveEffectsImpl (../../node_modules/react-dom/cjs/react-dom.development.js:27078:3)
      at flushPassiveEffects (../../node_modules/react-dom/cjs/react-dom.development.js:27023:14)
      at commitRootImpl (../../node_modules/react-dom/cjs/react-dom.development.js:26974:5)
      at commitRoot (../../node_modules/react-dom/cjs/react-dom.development.js:26721:5)
      at performSyncWorkOnRoot (../../node_modules/react-dom/cjs/react-dom.development.js:26156:3)
      at flushSyncCallbacks (../../node_modules/react-dom/cjs/react-dom.development.js:12042:22)
      at flushSync (../../node_modules/react-dom/cjs/react-dom.development.js:26240:7)
      at finishEventHandler (../../node_modules/react-dom/cjs/react-dom.development.js:3976:5)
      at batchedUpdates (../../node_modules/react-dom/cjs/react-dom.development.js:3994:5)
      at dispatchEventForPluginEventSystem (../../node_modules/react-dom/cjs/react-dom.development.js:9287:3)
      at dispatchEventWithEnableCapturePhaseSelectiveHydrationWithoutDiscreteEventReplay (../../node_modules/react-dom/cjs/react-dom.development.js:6465:5)
      at dispatchEvent (../../node_modules/react-dom/cjs/react-dom.development.js:6457:5)
      at dispatchDiscreteEvent (../../node_modules/react-dom/cjs/react-dom.development.js:6430:5)
      at HTMLDivElement.callTheUserObjectsOperation (../../node_modules/jsdom/lib/jsdom/living/generated/EventListener.js:26:30)
      at innerInvokeEventListeners (../../node_modules/jsdom/lib/jsdom/living/events/EventTarget-impl.js:338:25)
      at invokeEventListeners (../../node_modules/jsdom/lib/jsdom/living/events/EventTarget-impl.js:274:3)
      at HTMLInputElementImpl._dispatch (../../node_modules/jsdom/lib/jsdom/living/events/EventTarget-impl.js:221:9)
      at HTMLInputElementImpl.dispatchEvent (../../node_modules/jsdom/lib/jsdom/living/events/EventTarget-impl.js:94:17)
      at HTMLInputElement.dispatchEvent (../../node_modules/jsdom/lib/jsdom/living/generated/EventTarget.js:231:34)
      at ../../node_modules/@testing-library/user-event/dist/cjs/event/dispatchEvent.js:45:43
      at Object.eventWrapper (../../node_modules/@testing-library/dom/dist/config.js:25:23)
      at Object.wrapEvent (../../node_modules/@testing-library/user-event/dist/cjs/event/wrapEvent.js:6:28)
      at Object.dispatchEvent (../../node_modules/@testing-library/user-event/dist/cjs/event/dispatchEvent.js:45:22)
      at Object.dispatchUIEvent (../../node_modules/@testing-library/user-event/dist/cjs/event/dispatchEvent.js:22:26)
      at commitInput (../../node_modules/@testing-library/user-event/dist/cjs/event/input.js:145:14)
      at editInputElement (../../node_modules/@testing-library/user-event/dist/cjs/event/input.js:115:9)
      at Object.input (../../node_modules/@testing-library/user-event/dist/cjs/event/input.js:37:9)
      at ../../node_modules/@testing-library/user-event/dist/cjs/event/behavior/keypress.js:31:26
      at Object.dispatchEvent (../../node_modules/@testing-library/user-event/dist/cjs/event/dispatchEvent.js:41:13)
      at Object.dispatchUIEvent (../../node_modules/@testing-library/user-event/dist/cjs/event/dispatchEvent.js:22:26)
      at KeyboardHost.keydown (../../node_modules/@testing-library/user-event/dist/cjs/system/keyboard.js:76:22)
      at keyboardAction (../../node_modules/@testing-library/user-event/dist/cjs/keyboard/index.js:22:35)
      at Object.keyboard (../../node_modules/@testing-library/user-event/dist/cjs/keyboard/index.js:11:15)
      at Object.type (../../node_modules/@testing-library/user-event/dist/cjs/utility/type.js:17:5)
      at Object.<anonymous> (src/__tests__/App.test.js:118:5)

  console.error
    Warning: An update to TaskForm inside a test was not wrapped in act(...).
    
    When testing, code that causes React state updates should be wrapped into act(...):
    
    act(() => {
      /* fire events that update state */
    });
    /* assert on the output */
    
    This ensures that you're testing the behavior the user would see in the browser. Learn more at https://reactjs.org/link/wrap-tests-with-act
        at TaskForm (/workspaces/dajp-ae-bootcamp-session-3/packages/frontend/src/TaskForm.js:6:21)
        at div
        at /workspaces/dajp-ae-bootcamp-session-3/node_modules/@emotion/react/dist/emotion-element-a1829a1e.cjs.js:58:23
        at Box (/workspaces/dajp-ae-bootcamp-session-3/node_modules/@mui/system/createBox/createBox.js:27:41)
        at div
        at /workspaces/dajp-ae-bootcamp-session-3/node_modules/@emotion/react/dist/emotion-element-a1829a1e.cjs.js:58:23
        at Container (/workspaces/dajp-ae-bootcamp-session-3/node_modules/@mui/system/Container/createContainer.js:111:19)
        at div
        at /workspaces/dajp-ae-bootcamp-session-3/node_modules/@emotion/react/dist/emotion-element-a1829a1e.cjs.js:58:23
        at Box (/workspaces/dajp-ae-bootcamp-session-3/node_modules/@mui/system/createBox/createBox.js:27:41)
        at App (/workspaces/dajp-ae-bootcamp-session-3/packages/frontend/src/App.js:8:49)

      84 |           label="Task Title"
      85 |           value={title}
    > 86 |           onChange={e => setTitle(e.target.value)}
         |                          ^
      87 |           required
      88 |           variant="outlined"
      89 |           fullWidth

      at printWarning (../../node_modules/react-dom/cjs/react-dom.development.js:86:30)
      at error (../../node_modules/react-dom/cjs/react-dom.development.js:60:7)
      at warnIfUpdatesNotWrappedWithActDEV (../../node_modules/react-dom/cjs/react-dom.development.js:27628:9)
      at scheduleUpdateOnFiber (../../node_modules/react-dom/cjs/react-dom.development.js:25547:5)
      at setTitle (../../node_modules/react-dom/cjs/react-dom.development.js:16708:7)
      at onChange (src/TaskForm.js:86:26)
      at handleChange (../../node_modules/@mui/material/InputBase/InputBase.js:396:7)
      at HTMLUnknownElement.callCallback (../../node_modules/react-dom/cjs/react-dom.development.js:4164:14)
      at HTMLUnknownElement.callTheUserObjectsOperation (../../node_modules/jsdom/lib/jsdom/living/generated/EventListener.js:26:30)
      at innerInvokeEventListeners (../../node_modules/jsdom/lib/jsdom/living/events/EventTarget-impl.js:338:25)
      at invokeEventListeners (../../node_modules/jsdom/lib/jsdom/living/events/EventTarget-impl.js:274:3)
      at HTMLUnknownElementImpl._dispatch (../../node_modules/jsdom/lib/jsdom/living/events/EventTarget-impl.js:221:9)
      at HTMLUnknownElementImpl.dispatchEvent (../../node_modules/jsdom/lib/jsdom/living/events/EventTarget-impl.js:94:17)
      at HTMLUnknownElement.dispatchEvent (../../node_modules/jsdom/lib/jsdom/living/generated/EventTarget.js:231:34)
      at Object.invokeGuardedCallbackDev (../../node_modules/react-dom/cjs/react-dom.development.js:4213:16)
      at invokeGuardedCallback (../../node_modules/react-dom/cjs/react-dom.development.js:4277:31)
      at invokeGuardedCallbackAndCatchFirstError (../../node_modules/react-dom/cjs/react-dom.development.js:4291:25)
      at executeDispatch (../../node_modules/react-dom/cjs/react-dom.development.js:9041:3)
      at processDispatchQueueItemsInOrder (../../node_modules/react-dom/cjs/react-dom.development.js:9073:7)
      at processDispatchQueue (../../node_modules/react-dom/cjs/react-dom.development.js:9086:5)
      at dispatchEventsForPlugins (../../node_modules/react-dom/cjs/react-dom.development.js:9097:3)
      at ../../node_modules/react-dom/cjs/react-dom.development.js:9288:12
      at batchedUpdates$1 (../../node_modules/react-dom/cjs/react-dom.development.js:26179:12)
      at batchedUpdates (../../node_modules/react-dom/cjs/react-dom.development.js:3991:12)
      at dispatchEventForPluginEventSystem (../../node_modules/react-dom/cjs/react-dom.development.js:9287:3)
      at dispatchEventWithEnableCapturePhaseSelectiveHydrationWithoutDiscreteEventReplay (../../node_modules/react-dom/cjs/react-dom.development.js:6465:5)
      at dispatchEvent (../../node_modules/react-dom/cjs/react-dom.development.js:6457:5)
      at dispatchDiscreteEvent (../../node_modules/react-dom/cjs/react-dom.development.js:6430:5)
      at HTMLDivElement.callTheUserObjectsOperation (../../node_modules/jsdom/lib/jsdom/living/generated/EventListener.js:26:30)
      at innerInvokeEventListeners (../../node_modules/jsdom/lib/jsdom/living/events/EventTarget-impl.js:338:25)
      at invokeEventListeners (../../node_modules/jsdom/lib/jsdom/living/events/EventTarget-impl.js:274:3)
      at HTMLInputElementImpl._dispatch (../../node_modules/jsdom/lib/jsdom/living/events/EventTarget-impl.js:221:9)
      at HTMLInputElementImpl.dispatchEvent (../../node_modules/jsdom/lib/jsdom/living/events/EventTarget-impl.js:94:17)
      at HTMLInputElement.dispatchEvent (../../node_modules/jsdom/lib/jsdom/living/generated/EventTarget.js:231:34)
      at ../../node_modules/@testing-library/user-event/dist/cjs/event/dispatchEvent.js:45:43
      at Object.eventWrapper (../../node_modules/@testing-library/dom/dist/config.js:25:23)
      at Object.wrapEvent (../../node_modules/@testing-library/user-event/dist/cjs/event/wrapEvent.js:6:28)
      at Object.dispatchEvent (../../node_modules/@testing-library/user-event/dist/cjs/event/dispatchEvent.js:45:22)
      at Object.dispatchUIEvent (../../node_modules/@testing-library/user-event/dist/cjs/event/dispatchEvent.js:22:26)
      at commitInput (../../node_modules/@testing-library/user-event/dist/cjs/event/input.js:145:14)
      at editInputElement (../../node_modules/@testing-library/user-event/dist/cjs/event/input.js:115:9)
      at Object.input (../../node_modules/@testing-library/user-event/dist/cjs/event/input.js:37:9)
      at ../../node_modules/@testing-library/user-event/dist/cjs/event/behavior/keypress.js:31:26
      at Object.dispatchEvent (../../node_modules/@testing-library/user-event/dist/cjs/event/dispatchEvent.js:41:13)
      at Object.dispatchUIEvent (../../node_modules/@testing-library/user-event/dist/cjs/event/dispatchEvent.js:22:26)
      at KeyboardHost.keydown (../../node_modules/@testing-library/user-event/dist/cjs/system/keyboard.js:76:22)
      at keyboardAction (../../node_modules/@testing-library/user-event/dist/cjs/keyboard/index.js:22:35)

  console.error
    Warning: An update to TaskForm inside a test was not wrapped in act(...).
    
    When testing, code that causes React state updates should be wrapped into act(...):
    
    act(() => {
      /* fire events that update state */
    });
    /* assert on the output */
    
    This ensures that you're testing the behavior the user would see in the browser. Learn more at https://reactjs.org/link/wrap-tests-with-act
        at TaskForm (/workspaces/dajp-ae-bootcamp-session-3/packages/frontend/src/TaskForm.js:6:21)
        at div
        at /workspaces/dajp-ae-bootcamp-session-3/node_modules/@emotion/react/dist/emotion-element-a1829a1e.cjs.js:58:23
        at Box (/workspaces/dajp-ae-bootcamp-session-3/node_modules/@mui/system/createBox/createBox.js:27:41)
        at div
        at /workspaces/dajp-ae-bootcamp-session-3/node_modules/@emotion/react/dist/emotion-element-a1829a1e.cjs.js:58:23
        at Container (/workspaces/dajp-ae-bootcamp-session-3/node_modules/@mui/system/Container/createContainer.js:111:19)
        at div
        at /workspaces/dajp-ae-bootcamp-session-3/node_modules/@emotion/react/dist/emotion-element-a1829a1e.cjs.js:58:23
        at Box (/workspaces/dajp-ae-bootcamp-session-3/node_modules/@mui/system/createBox/createBox.js:27:41)
        at App (/workspaces/dajp-ae-bootcamp-session-3/packages/frontend/src/App.js:8:49)

      84 |           label="Task Title"
      85 |           value={title}
    > 86 |           onChange={e => setTitle(e.target.value)}
         |                          ^
      87 |           required
      88 |           variant="outlined"
      89 |           fullWidth

      at printWarning (../../node_modules/react-dom/cjs/react-dom.development.js:86:30)
      at error (../../node_modules/react-dom/cjs/react-dom.development.js:60:7)
      at warnIfUpdatesNotWrappedWithActDEV (../../node_modules/react-dom/cjs/react-dom.development.js:27628:9)
      at scheduleUpdateOnFiber (../../node_modules/react-dom/cjs/react-dom.development.js:25547:5)
      at setTitle (../../node_modules/react-dom/cjs/react-dom.development.js:16708:7)
      at onChange (src/TaskForm.js:86:26)
      at handleChange (../../node_modules/@mui/material/InputBase/InputBase.js:396:7)
      at HTMLUnknownElement.callCallback (../../node_modules/react-dom/cjs/react-dom.development.js:4164:14)
      at HTMLUnknownElement.callTheUserObjectsOperation (../../node_modules/jsdom/lib/jsdom/living/generated/EventListener.js:26:30)
      at innerInvokeEventListeners (../../node_modules/jsdom/lib/jsdom/living/events/EventTarget-impl.js:338:25)
      at invokeEventListeners (../../node_modules/jsdom/lib/jsdom/living/events/EventTarget-impl.js:274:3)
      at HTMLUnknownElementImpl._dispatch (../../node_modules/jsdom/lib/jsdom/living/events/EventTarget-impl.js:221:9)
      at HTMLUnknownElementImpl.dispatchEvent (../../node_modules/jsdom/lib/jsdom/living/events/EventTarget-impl.js:94:17)
      at HTMLUnknownElement.dispatchEvent (../../node_modules/jsdom/lib/jsdom/living/generated/EventTarget.js:231:34)
      at Object.invokeGuardedCallbackDev (../../node_modules/react-dom/cjs/react-dom.development.js:4213:16)
      at invokeGuardedCallback (../../node_modules/react-dom/cjs/react-dom.development.js:4277:31)
      at invokeGuardedCallbackAndCatchFirstError (../../node_modules/react-dom/cjs/react-dom.development.js:4291:25)
      at executeDispatch (../../node_modules/react-dom/cjs/react-dom.development.js:9041:3)
      at processDispatchQueueItemsInOrder (../../node_modules/react-dom/cjs/react-dom.development.js:9073:7)
      at processDispatchQueue (../../node_modules/react-dom/cjs/react-dom.development.js:9086:5)
      at dispatchEventsForPlugins (../../node_modules/react-dom/cjs/react-dom.development.js:9097:3)
      at ../../node_modules/react-dom/cjs/react-dom.development.js:9288:12
      at batchedUpdates$1 (../../node_modules/react-dom/cjs/react-dom.development.js:26179:12)
      at batchedUpdates (../../node_modules/react-dom/cjs/react-dom.development.js:3991:12)
      at dispatchEventForPluginEventSystem (../../node_modules/react-dom/cjs/react-dom.development.js:9287:3)
      at dispatchEventWithEnableCapturePhaseSelectiveHydrationWithoutDiscreteEventReplay (../../node_modules/react-dom/cjs/react-dom.development.js:6465:5)
      at dispatchEvent (../../node_modules/react-dom/cjs/react-dom.development.js:6457:5)
      at dispatchDiscreteEvent (../../node_modules/react-dom/cjs/react-dom.development.js:6430:5)
      at HTMLDivElement.callTheUserObjectsOperation (../../node_modules/jsdom/lib/jsdom/living/generated/EventListener.js:26:30)
      at innerInvokeEventListeners (../../node_modules/jsdom/lib/jsdom/living/events/EventTarget-impl.js:338:25)
      at invokeEventListeners (../../node_modules/jsdom/lib/jsdom/living/events/EventTarget-impl.js:274:3)
      at HTMLInputElementImpl._dispatch (../../node_modules/jsdom/lib/jsdom/living/events/EventTarget-impl.js:221:9)
      at HTMLInputElementImpl.dispatchEvent (../../node_modules/jsdom/lib/jsdom/living/events/EventTarget-impl.js:94:17)
      at HTMLInputElement.dispatchEvent (../../node_modules/jsdom/lib/jsdom/living/generated/EventTarget.js:231:34)
      at ../../node_modules/@testing-library/user-event/dist/cjs/event/dispatchEvent.js:45:43
      at Object.eventWrapper (../../node_modules/@testing-library/dom/dist/config.js:25:23)
      at Object.wrapEvent (../../node_modules/@testing-library/user-event/dist/cjs/event/wrapEvent.js:6:28)
      at Object.dispatchEvent (../../node_modules/@testing-library/user-event/dist/cjs/event/dispatchEvent.js:45:22)
      at Object.dispatchUIEvent (../../node_modules/@testing-library/user-event/dist/cjs/event/dispatchEvent.js:22:26)
      at commitInput (../../node_modules/@testing-library/user-event/dist/cjs/event/input.js:145:14)
      at editInputElement (../../node_modules/@testing-library/user-event/dist/cjs/event/input.js:115:9)
      at Object.input (../../node_modules/@testing-library/user-event/dist/cjs/event/input.js:37:9)
      at ../../node_modules/@testing-library/user-event/dist/cjs/event/behavior/keypress.js:31:26
      at Object.dispatchEvent (../../node_modules/@testing-library/user-event/dist/cjs/event/dispatchEvent.js:41:13)
      at Object.dispatchUIEvent (../../node_modules/@testing-library/user-event/dist/cjs/event/dispatchEvent.js:22:26)
      at KeyboardHost.keydown (../../node_modules/@testing-library/user-event/dist/cjs/system/keyboard.js:76:22)
      at keyboardAction (../../node_modules/@testing-library/user-event/dist/cjs/keyboard/index.js:22:35)

  console.error
    Warning: An update to ForwardRef(FormControl) inside a test was not wrapped in act(...).
    
    When testing, code that causes React state updates should be wrapped into act(...):
    
    act(() => {
      /* fire events that update state */
    });
    /* assert on the output */
    
    This ensures that you're testing the behavior the user would see in the browser. Learn more at https://reactjs.org/link/wrap-tests-with-act
        at FormControl (/workspaces/dajp-ae-bootcamp-session-3/node_modules/@mui/material/FormControl/FormControl.js:104:59)
        at /workspaces/dajp-ae-bootcamp-session-3/node_modules/@emotion/react/dist/emotion-element-a1829a1e.cjs.js:58:23
        at TextField (/workspaces/dajp-ae-bootcamp-session-3/node_modules/@mui/material/TextField/TextField.js:80:59)
        at form
        at /workspaces/dajp-ae-bootcamp-session-3/node_modules/@emotion/react/dist/emotion-element-a1829a1e.cjs.js:58:23
        at Box (/workspaces/dajp-ae-bootcamp-session-3/node_modules/@mui/system/createBox/createBox.js:27:41)
        at div
        at /workspaces/dajp-ae-bootcamp-session-3/node_modules/@emotion/react/dist/emotion-element-a1829a1e.cjs.js:58:23
        at Paper (/workspaces/dajp-ae-bootcamp-session-3/node_modules/@mui/material/Paper/Paper.js:75:59)
        at TaskForm (/workspaces/dajp-ae-bootcamp-session-3/packages/frontend/src/TaskForm.js:6:21)
        at div
        at /workspaces/dajp-ae-bootcamp-session-3/node_modules/@emotion/react/dist/emotion-element-a1829a1e.cjs.js:58:23
        at Box (/workspaces/dajp-ae-bootcamp-session-3/node_modules/@mui/system/createBox/createBox.js:27:41)
        at div
        at /workspaces/dajp-ae-bootcamp-session-3/node_modules/@emotion/react/dist/emotion-element-a1829a1e.cjs.js:58:23
        at Container (/workspaces/dajp-ae-bootcamp-session-3/node_modules/@mui/system/Container/createContainer.js:111:19)
        at div
        at /workspaces/dajp-ae-bootcamp-session-3/node_modules/@emotion/react/dist/emotion-element-a1829a1e.cjs.js:58:23
        at Box (/workspaces/dajp-ae-bootcamp-session-3/node_modules/@mui/system/createBox/createBox.js:27:41)
        at App (/workspaces/dajp-ae-bootcamp-session-3/packages/frontend/src/App.js:8:49)

      116 |       expect(screen.getByText('Test Task 1')).toBeInTheDocument();
      117 |     });
    > 118 |     await user.type(screen.getByTestId('title-input'), 'New Test Task');
          |     ^
      119 |     await user.type(screen.getByTestId('description-input'), 'Task description');
      120 |     await user.click(screen.getByTestId('submit-task'));
      121 |     await waitFor(() => {

      at printWarning (../../node_modules/react-dom/cjs/react-dom.development.js:86:30)
      at error (../../node_modules/react-dom/cjs/react-dom.development.js:60:7)
      at warnIfUpdatesNotWrappedWithActDEV (../../node_modules/react-dom/cjs/react-dom.development.js:27628:9)
      at scheduleUpdateOnFiber (../../node_modules/react-dom/cjs/react-dom.development.js:25547:5)
      at dispatchSetState (../../node_modules/react-dom/cjs/react-dom.development.js:16708:7)
      at ../../node_modules/@mui/material/FormControl/FormControl.js:190:5
      at ../../node_modules/@mui/material/InputBase/InputBase.js:341:9
      at ../../node_modules/@mui/material/InputBase/InputBase.js:349:7
      at commitHookEffectListMount (../../node_modules/react-dom/cjs/react-dom.development.js:23189:26)
      at commitLayoutEffectOnFiber (../../node_modules/react-dom/cjs/react-dom.development.js:23312:15)
      at commitLayoutMountEffects_complete (../../node_modules/react-dom/cjs/react-dom.development.js:24727:9)
      at commitLayoutEffects_begin (../../node_modules/react-dom/cjs/react-dom.development.js:24713:7)
      at commitLayoutEffects (../../node_modules/react-dom/cjs/react-dom.development.js:24651:3)
      at commitRootImpl (../../node_modules/react-dom/cjs/react-dom.development.js:26862:5)
      at commitRoot (../../node_modules/react-dom/cjs/react-dom.development.js:26721:5)
      at performSyncWorkOnRoot (../../node_modules/react-dom/cjs/react-dom.development.js:26156:3)
      at flushSyncCallbacks (../../node_modules/react-dom/cjs/react-dom.development.js:12042:22)
      at flushSync (../../node_modules/react-dom/cjs/react-dom.development.js:26240:7)
      at finishEventHandler (../../node_modules/react-dom/cjs/react-dom.development.js:3976:5)
      at batchedUpdates (../../node_modules/react-dom/cjs/react-dom.development.js:3994:5)
      at dispatchEventForPluginEventSystem (../../node_modules/react-dom/cjs/react-dom.development.js:9287:3)
      at dispatchEventWithEnableCapturePhaseSelectiveHydrationWithoutDiscreteEventReplay (../../node_modules/react-dom/cjs/react-dom.development.js:6465:5)
      at dispatchEvent (../../node_modules/react-dom/cjs/react-dom.development.js:6457:5)
      at dispatchDiscreteEvent (../../node_modules/react-dom/cjs/react-dom.development.js:6430:5)
      at HTMLDivElement.callTheUserObjectsOperation (../../node_modules/jsdom/lib/jsdom/living/generated/EventListener.js:26:30)
      at innerInvokeEventListeners (../../node_modules/jsdom/lib/jsdom/living/events/EventTarget-impl.js:338:25)
      at invokeEventListeners (../../node_modules/jsdom/lib/jsdom/living/events/EventTarget-impl.js:274:3)
      at HTMLInputElementImpl._dispatch (../../node_modules/jsdom/lib/jsdom/living/events/EventTarget-impl.js:221:9)
      at HTMLInputElementImpl.dispatchEvent (../../node_modules/jsdom/lib/jsdom/living/events/EventTarget-impl.js:94:17)
      at HTMLInputElement.dispatchEvent (../../node_modules/jsdom/lib/jsdom/living/generated/EventTarget.js:231:34)
      at ../../node_modules/@testing-library/user-event/dist/cjs/event/dispatchEvent.js:45:43
      at Object.eventWrapper (../../node_modules/@testing-library/dom/dist/config.js:25:23)
      at Object.wrapEvent (../../node_modules/@testing-library/user-event/dist/cjs/event/wrapEvent.js:6:28)
      at Object.dispatchEvent (../../node_modules/@testing-library/user-event/dist/cjs/event/dispatchEvent.js:45:22)
      at Object.dispatchUIEvent (../../node_modules/@testing-library/user-event/dist/cjs/event/dispatchEvent.js:22:26)
      at commitInput (../../node_modules/@testing-library/user-event/dist/cjs/event/input.js:145:14)
      at editInputElement (../../node_modules/@testing-library/user-event/dist/cjs/event/input.js:115:9)
      at Object.input (../../node_modules/@testing-library/user-event/dist/cjs/event/input.js:37:9)
      at ../../node_modules/@testing-library/user-event/dist/cjs/event/behavior/keypress.js:31:26
      at Object.dispatchEvent (../../node_modules/@testing-library/user-event/dist/cjs/event/dispatchEvent.js:41:13)
      at Object.dispatchUIEvent (../../node_modules/@testing-library/user-event/dist/cjs/event/dispatchEvent.js:22:26)
      at KeyboardHost.keydown (../../node_modules/@testing-library/user-event/dist/cjs/system/keyboard.js:76:22)
      at keyboardAction (../../node_modules/@testing-library/user-event/dist/cjs/keyboard/index.js:22:35)
      at Object.keyboard (../../node_modules/@testing-library/user-event/dist/cjs/keyboard/index.js:11:15)
      at Object.type (../../node_modules/@testing-library/user-event/dist/cjs/utility/type.js:17:5)
      at Object.<anonymous> (src/__tests__/App.test.js:118:5)

  console.error
    Warning: An update to ForwardRef(FormControl) inside a test was not wrapped in act(...).
    
    When testing, code that causes React state updates should be wrapped into act(...):
    
    act(() => {
      /* fire events that update state */
    });
    /* assert on the output */
    
    This ensures that you're testing the behavior the user would see in the browser. Learn more at https://reactjs.org/link/wrap-tests-with-act
        at FormControl (/workspaces/dajp-ae-bootcamp-session-3/node_modules/@mui/material/FormControl/FormControl.js:104:59)
        at /workspaces/dajp-ae-bootcamp-session-3/node_modules/@emotion/react/dist/emotion-element-a1829a1e.cjs.js:58:23
        at TextField (/workspaces/dajp-ae-bootcamp-session-3/node_modules/@mui/material/TextField/TextField.js:80:59)
        at form
        at /workspaces/dajp-ae-bootcamp-session-3/node_modules/@emotion/react/dist/emotion-element-a1829a1e.cjs.js:58:23
        at Box (/workspaces/dajp-ae-bootcamp-session-3/node_modules/@mui/system/createBox/createBox.js:27:41)
        at div
        at /workspaces/dajp-ae-bootcamp-session-3/node_modules/@emotion/react/dist/emotion-element-a1829a1e.cjs.js:58:23
        at Paper (/workspaces/dajp-ae-bootcamp-session-3/node_modules/@mui/material/Paper/Paper.js:75:59)
        at TaskForm (/workspaces/dajp-ae-bootcamp-session-3/packages/frontend/src/TaskForm.js:6:21)
        at div
        at /workspaces/dajp-ae-bootcamp-session-3/node_modules/@emotion/react/dist/emotion-element-a1829a1e.cjs.js:58:23
        at Box (/workspaces/dajp-ae-bootcamp-session-3/node_modules/@mui/system/createBox/createBox.js:27:41)
        at div
        at /workspaces/dajp-ae-bootcamp-session-3/node_modules/@emotion/react/dist/emotion-element-a1829a1e.cjs.js:58:23
        at Container (/workspaces/dajp-ae-bootcamp-session-3/node_modules/@mui/system/Container/createContainer.js:111:19)
        at div
        at /workspaces/dajp-ae-bootcamp-session-3/node_modules/@emotion/react/dist/emotion-element-a1829a1e.cjs.js:58:23
        at Box (/workspaces/dajp-ae-bootcamp-session-3/node_modules/@mui/system/createBox/createBox.js:27:41)
        at App (/workspaces/dajp-ae-bootcamp-session-3/packages/frontend/src/App.js:8:49)

      116 |       expect(screen.getByText('Test Task 1')).toBeInTheDocument();
      117 |     });
    > 118 |     await user.type(screen.getByTestId('title-input'), 'New Test Task');
          |     ^
      119 |     await user.type(screen.getByTestId('description-input'), 'Task description');
      120 |     await user.click(screen.getByTestId('submit-task'));
      121 |     await waitFor(() => {

      at printWarning (../../node_modules/react-dom/cjs/react-dom.development.js:86:30)
      at error (../../node_modules/react-dom/cjs/react-dom.development.js:60:7)
      at warnIfUpdatesNotWrappedWithActDEV (../../node_modules/react-dom/cjs/react-dom.development.js:27628:9)
      at scheduleUpdateOnFiber (../../node_modules/react-dom/cjs/react-dom.development.js:25547:5)
      at dispatchSetState (../../node_modules/react-dom/cjs/react-dom.development.js:16708:7)
      at ../../node_modules/@mui/material/InputBase/InputBase.js:448:22
      at commitHookEffectListMount (../../node_modules/react-dom/cjs/react-dom.development.js:23189:26)
      at commitPassiveMountOnFiber (../../node_modules/react-dom/cjs/react-dom.development.js:24970:11)
      at commitPassiveMountEffects_complete (../../node_modules/react-dom/cjs/react-dom.development.js:24930:9)
      at commitPassiveMountEffects_begin (../../node_modules/react-dom/cjs/react-dom.development.js:24917:7)
      at commitPassiveMountEffects (../../node_modules/react-dom/cjs/react-dom.development.js:24905:3)
      at flushPassiveEffectsImpl (../../node_modules/react-dom/cjs/react-dom.development.js:27078:3)
      at flushPassiveEffects (../../node_modules/react-dom/cjs/react-dom.development.js:27023:14)
      at commitRootImpl (../../node_modules/react-dom/cjs/react-dom.development.js:26974:5)
      at commitRoot (../../node_modules/react-dom/cjs/react-dom.development.js:26721:5)
      at performSyncWorkOnRoot (../../node_modules/react-dom/cjs/react-dom.development.js:26156:3)
      at flushSyncCallbacks (../../node_modules/react-dom/cjs/react-dom.development.js:12042:22)
      at flushSync (../../node_modules/react-dom/cjs/react-dom.development.js:26240:7)
      at finishEventHandler (../../node_modules/react-dom/cjs/react-dom.development.js:3976:5)
      at batchedUpdates (../../node_modules/react-dom/cjs/react-dom.development.js:3994:5)
      at dispatchEventForPluginEventSystem (../../node_modules/react-dom/cjs/react-dom.development.js:9287:3)
      at dispatchEventWithEnableCapturePhaseSelectiveHydrationWithoutDiscreteEventReplay (../../node_modules/react-dom/cjs/react-dom.development.js:6465:5)
      at dispatchEvent (../../node_modules/react-dom/cjs/react-dom.development.js:6457:5)
      at dispatchDiscreteEvent (../../node_modules/react-dom/cjs/react-dom.development.js:6430:5)
      at HTMLDivElement.callTheUserObjectsOperation (../../node_modules/jsdom/lib/jsdom/living/generated/EventListener.js:26:30)
      at innerInvokeEventListeners (../../node_modules/jsdom/lib/jsdom/living/events/EventTarget-impl.js:338:25)
      at invokeEventListeners (../../node_modules/jsdom/lib/jsdom/living/events/EventTarget-impl.js:274:3)
      at HTMLInputElementImpl._dispatch (../../node_modules/jsdom/lib/jsdom/living/events/EventTarget-impl.js:221:9)
      at HTMLInputElementImpl.dispatchEvent (../../node_modules/jsdom/lib/jsdom/living/events/EventTarget-impl.js:94:17)
      at HTMLInputElement.dispatchEvent (../../node_modules/jsdom/lib/jsdom/living/generated/EventTarget.js:231:34)
      at ../../node_modules/@testing-library/user-event/dist/cjs/event/dispatchEvent.js:45:43
      at Object.eventWrapper (../../node_modules/@testing-library/dom/dist/config.js:25:23)
      at Object.wrapEvent (../../node_modules/@testing-library/user-event/dist/cjs/event/wrapEvent.js:6:28)
      at Object.dispatchEvent (../../node_modules/@testing-library/user-event/dist/cjs/event/dispatchEvent.js:45:22)
      at Object.dispatchUIEvent (../../node_modules/@testing-library/user-event/dist/cjs/event/dispatchEvent.js:22:26)
      at commitInput (../../node_modules/@testing-library/user-event/dist/cjs/event/input.js:145:14)
      at editInputElement (../../node_modules/@testing-library/user-event/dist/cjs/event/input.js:115:9)
      at Object.input (../../node_modules/@testing-library/user-event/dist/cjs/event/input.js:37:9)
      at ../../node_modules/@testing-library/user-event/dist/cjs/event/behavior/keypress.js:31:26
      at Object.dispatchEvent (../../node_modules/@testing-library/user-event/dist/cjs/event/dispatchEvent.js:41:13)
      at Object.dispatchUIEvent (../../node_modules/@testing-library/user-event/dist/cjs/event/dispatchEvent.js:22:26)
      at KeyboardHost.keydown (../../node_modules/@testing-library/user-event/dist/cjs/system/keyboard.js:76:22)
      at keyboardAction (../../node_modules/@testing-library/user-event/dist/cjs/keyboard/index.js:22:35)
      at Object.keyboard (../../node_modules/@testing-library/user-event/dist/cjs/keyboard/index.js:11:15)
      at Object.type (../../node_modules/@testing-library/user-event/dist/cjs/utility/type.js:17:5)
      at Object.<anonymous> (src/__tests__/App.test.js:118:5)

  console.error
    Warning: An update to ForwardRef(FormControl) inside a test was not wrapped in act(...).
    
    When testing, code that causes React state updates should be wrapped into act(...):
    
    act(() => {
      /* fire events that update state */
    });
    /* assert on the output */
    
    This ensures that you're testing the behavior the user would see in the browser. Learn more at https://reactjs.org/link/wrap-tests-with-act
        at FormControl (/workspaces/dajp-ae-bootcamp-session-3/node_modules/@mui/material/FormControl/FormControl.js:104:59)
        at /workspaces/dajp-ae-bootcamp-session-3/node_modules/@emotion/react/dist/emotion-element-a1829a1e.cjs.js:58:23
        at TextField (/workspaces/dajp-ae-bootcamp-session-3/node_modules/@mui/material/TextField/TextField.js:80:59)
        at form
        at /workspaces/dajp-ae-bootcamp-session-3/node_modules/@emotion/react/dist/emotion-element-a1829a1e.cjs.js:58:23
        at Box (/workspaces/dajp-ae-bootcamp-session-3/node_modules/@mui/system/createBox/createBox.js:27:41)
        at div
        at /workspaces/dajp-ae-bootcamp-session-3/node_modules/@emotion/react/dist/emotion-element-a1829a1e.cjs.js:58:23
        at Paper (/workspaces/dajp-ae-bootcamp-session-3/node_modules/@mui/material/Paper/Paper.js:75:59)
        at TaskForm (/workspaces/dajp-ae-bootcamp-session-3/packages/frontend/src/TaskForm.js:6:21)
        at div
        at /workspaces/dajp-ae-bootcamp-session-3/node_modules/@emotion/react/dist/emotion-element-a1829a1e.cjs.js:58:23
        at Box (/workspaces/dajp-ae-bootcamp-session-3/node_modules/@mui/system/createBox/createBox.js:27:41)
        at div
        at /workspaces/dajp-ae-bootcamp-session-3/node_modules/@emotion/react/dist/emotion-element-a1829a1e.cjs.js:58:23
        at Container (/workspaces/dajp-ae-bootcamp-session-3/node_modules/@mui/system/Container/createContainer.js:111:19)
        at div
        at /workspaces/dajp-ae-bootcamp-session-3/node_modules/@emotion/react/dist/emotion-element-a1829a1e.cjs.js:58:23
        at Box (/workspaces/dajp-ae-bootcamp-session-3/node_modules/@mui/system/createBox/createBox.js:27:41)
        at App (/workspaces/dajp-ae-bootcamp-session-3/packages/frontend/src/App.js:8:49)

      116 |       expect(screen.getByText('Test Task 1')).toBeInTheDocument();
      117 |     });
    > 118 |     await user.type(screen.getByTestId('title-input'), 'New Test Task');
          |     ^
      119 |     await user.type(screen.getByTestId('description-input'), 'Task description');
      120 |     await user.click(screen.getByTestId('submit-task'));
      121 |     await waitFor(() => {

      at printWarning (../../node_modules/react-dom/cjs/react-dom.development.js:86:30)
      at error (../../node_modules/react-dom/cjs/react-dom.development.js:60:7)
      at warnIfUpdatesNotWrappedWithActDEV (../../node_modules/react-dom/cjs/react-dom.development.js:27628:9)
      at scheduleUpdateOnFiber (../../node_modules/react-dom/cjs/react-dom.development.js:25547:5)
      at dispatchSetState (../../node_modules/react-dom/cjs/react-dom.development.js:16708:7)
      at ../../node_modules/@mui/material/InputBase/InputBase.js:448:22
      at commitHookEffectListMount (../../node_modules/react-dom/cjs/react-dom.development.js:23189:26)
      at commitPassiveMountOnFiber (../../node_modules/react-dom/cjs/react-dom.development.js:24970:11)
      at commitPassiveMountEffects_complete (../../node_modules/react-dom/cjs/react-dom.development.js:24930:9)
      at commitPassiveMountEffects_begin (../../node_modules/react-dom/cjs/react-dom.development.js:24917:7)
      at commitPassiveMountEffects (../../node_modules/react-dom/cjs/react-dom.development.js:24905:3)
      at flushPassiveEffectsImpl (../../node_modules/react-dom/cjs/react-dom.development.js:27078:3)
      at flushPassiveEffects (../../node_modules/react-dom/cjs/react-dom.development.js:27023:14)
      at commitRootImpl (../../node_modules/react-dom/cjs/react-dom.development.js:26974:5)
      at commitRoot (../../node_modules/react-dom/cjs/react-dom.development.js:26721:5)
      at performSyncWorkOnRoot (../../node_modules/react-dom/cjs/react-dom.development.js:26156:3)
      at flushSyncCallbacks (../../node_modules/react-dom/cjs/react-dom.development.js:12042:22)
      at flushSync (../../node_modules/react-dom/cjs/react-dom.development.js:26240:7)
      at finishEventHandler (../../node_modules/react-dom/cjs/react-dom.development.js:3976:5)
      at batchedUpdates (../../node_modules/react-dom/cjs/react-dom.development.js:3994:5)
      at dispatchEventForPluginEventSystem (../../node_modules/react-dom/cjs/react-dom.development.js:9287:3)
      at dispatchEventWithEnableCapturePhaseSelectiveHydrationWithoutDiscreteEventReplay (../../node_modules/react-dom/cjs/react-dom.development.js:6465:5)
      at dispatchEvent (../../node_modules/react-dom/cjs/react-dom.development.js:6457:5)
      at dispatchDiscreteEvent (../../node_modules/react-dom/cjs/react-dom.development.js:6430:5)
      at HTMLDivElement.callTheUserObjectsOperation (../../node_modules/jsdom/lib/jsdom/living/generated/EventListener.js:26:30)
      at innerInvokeEventListeners (../../node_modules/jsdom/lib/jsdom/living/events/EventTarget-impl.js:338:25)
      at invokeEventListeners (../../node_modules/jsdom/lib/jsdom/living/events/EventTarget-impl.js:274:3)
      at HTMLInputElementImpl._dispatch (../../node_modules/jsdom/lib/jsdom/living/events/EventTarget-impl.js:221:9)
      at HTMLInputElementImpl.dispatchEvent (../../node_modules/jsdom/lib/jsdom/living/events/EventTarget-impl.js:94:17)
      at HTMLInputElement.dispatchEvent (../../node_modules/jsdom/lib/jsdom/living/generated/EventTarget.js:231:34)
      at ../../node_modules/@testing-library/user-event/dist/cjs/event/dispatchEvent.js:45:43
      at Object.eventWrapper (../../node_modules/@testing-library/dom/dist/config.js:25:23)
      at Object.wrapEvent (../../node_modules/@testing-library/user-event/dist/cjs/event/wrapEvent.js:6:28)
      at Object.dispatchEvent (../../node_modules/@testing-library/user-event/dist/cjs/event/dispatchEvent.js:45:22)
      at Object.dispatchUIEvent (../../node_modules/@testing-library/user-event/dist/cjs/event/dispatchEvent.js:22:26)
      at commitInput (../../node_modules/@testing-library/user-event/dist/cjs/event/input.js:145:14)
      at editInputElement (../../node_modules/@testing-library/user-event/dist/cjs/event/input.js:115:9)
      at Object.input (../../node_modules/@testing-library/user-event/dist/cjs/event/input.js:37:9)
      at ../../node_modules/@testing-library/user-event/dist/cjs/event/behavior/keypress.js:31:26
      at Object.dispatchEvent (../../node_modules/@testing-library/user-event/dist/cjs/event/dispatchEvent.js:41:13)
      at Object.dispatchUIEvent (../../node_modules/@testing-library/user-event/dist/cjs/event/dispatchEvent.js:22:26)
      at KeyboardHost.keydown (../../node_modules/@testing-library/user-event/dist/cjs/system/keyboard.js:76:22)
      at keyboardAction (../../node_modules/@testing-library/user-event/dist/cjs/keyboard/index.js:22:35)
      at Object.keyboard (../../node_modules/@testing-library/user-event/dist/cjs/keyboard/index.js:11:15)
      at Object.type (../../node_modules/@testing-library/user-event/dist/cjs/utility/type.js:17:5)
      at Object.<anonymous> (src/__tests__/App.test.js:118:5)

  console.error
    Warning: An update to ForwardRef(FormControl) inside a test was not wrapped in act(...).
    
    When testing, code that causes React state updates should be wrapped into act(...):
    
    act(() => {
      /* fire events that update state */
    });
    /* assert on the output */
    
    This ensures that you're testing the behavior the user would see in the browser. Learn more at https://reactjs.org/link/wrap-tests-with-act
        at FormControl (/workspaces/dajp-ae-bootcamp-session-3/node_modules/@mui/material/FormControl/FormControl.js:104:59)
        at /workspaces/dajp-ae-bootcamp-session-3/node_modules/@emotion/react/dist/emotion-element-a1829a1e.cjs.js:58:23
        at TextField (/workspaces/dajp-ae-bootcamp-session-3/node_modules/@mui/material/TextField/TextField.js:80:59)
        at form
        at /workspaces/dajp-ae-bootcamp-session-3/node_modules/@emotion/react/dist/emotion-element-a1829a1e.cjs.js:58:23
        at Box (/workspaces/dajp-ae-bootcamp-session-3/node_modules/@mui/system/createBox/createBox.js:27:41)
        at div
        at /workspaces/dajp-ae-bootcamp-session-3/node_modules/@emotion/react/dist/emotion-element-a1829a1e.cjs.js:58:23
        at Paper (/workspaces/dajp-ae-bootcamp-session-3/node_modules/@mui/material/Paper/Paper.js:75:59)
        at TaskForm (/workspaces/dajp-ae-bootcamp-session-3/packages/frontend/src/TaskForm.js:6:21)
        at div
        at /workspaces/dajp-ae-bootcamp-session-3/node_modules/@emotion/react/dist/emotion-element-a1829a1e.cjs.js:58:23
        at Box (/workspaces/dajp-ae-bootcamp-session-3/node_modules/@mui/system/createBox/createBox.js:27:41)
        at div
        at /workspaces/dajp-ae-bootcamp-session-3/node_modules/@emotion/react/dist/emotion-element-a1829a1e.cjs.js:58:23
        at Container (/workspaces/dajp-ae-bootcamp-session-3/node_modules/@mui/system/Container/createContainer.js:111:19)
        at div
        at /workspaces/dajp-ae-bootcamp-session-3/node_modules/@emotion/react/dist/emotion-element-a1829a1e.cjs.js:58:23
        at Box (/workspaces/dajp-ae-bootcamp-session-3/node_modules/@mui/system/createBox/createBox.js:27:41)
        at App (/workspaces/dajp-ae-bootcamp-session-3/packages/frontend/src/App.js:8:49)

      116 |       expect(screen.getByText('Test Task 1')).toBeInTheDocument();
      117 |     });
    > 118 |     await user.type(screen.getByTestId('title-input'), 'New Test Task');
          |     ^
      119 |     await user.type(screen.getByTestId('description-input'), 'Task description');
      120 |     await user.click(screen.getByTestId('submit-task'));
      121 |     await waitFor(() => {

      at printWarning (../../node_modules/react-dom/cjs/react-dom.development.js:86:30)
      at error (../../node_modules/react-dom/cjs/react-dom.development.js:60:7)
      at warnIfUpdatesNotWrappedWithActDEV (../../node_modules/react-dom/cjs/react-dom.development.js:27628:9)
      at scheduleUpdateOnFiber (../../node_modules/react-dom/cjs/react-dom.development.js:25547:5)
      at dispatchSetState (../../node_modules/react-dom/cjs/react-dom.development.js:16708:7)
      at ../../node_modules/@mui/material/InputBase/InputBase.js:448:22
      at commitHookEffectListMount (../../node_modules/react-dom/cjs/react-dom.development.js:23189:26)
      at commitPassiveMountOnFiber (../../node_modules/react-dom/cjs/react-dom.development.js:24970:11)
      at commitPassiveMountEffects_complete (../../node_modules/react-dom/cjs/react-dom.development.js:24930:9)
      at commitPassiveMountEffects_begin (../../node_modules/react-dom/cjs/react-dom.development.js:24917:7)
      at commitPassiveMountEffects (../../node_modules/react-dom/cjs/react-dom.development.js:24905:3)
      at flushPassiveEffectsImpl (../../node_modules/react-dom/cjs/react-dom.development.js:27078:3)
      at flushPassiveEffects (../../node_modules/react-dom/cjs/react-dom.development.js:27023:14)
      at commitRootImpl (../../node_modules/react-dom/cjs/react-dom.development.js:26974:5)
      at commitRoot (../../node_modules/react-dom/cjs/react-dom.development.js:26721:5)
      at performSyncWorkOnRoot (../../node_modules/react-dom/cjs/react-dom.development.js:26156:3)
      at flushSyncCallbacks (../../node_modules/react-dom/cjs/react-dom.development.js:12042:22)
      at flushSync (../../node_modules/react-dom/cjs/react-dom.development.js:26240:7)
      at finishEventHandler (../../node_modules/react-dom/cjs/react-dom.development.js:3976:5)
      at batchedUpdates (../../node_modules/react-dom/cjs/react-dom.development.js:3994:5)
      at dispatchEventForPluginEventSystem (../../node_modules/react-dom/cjs/react-dom.development.js:9287:3)
      at dispatchEventWithEnableCapturePhaseSelectiveHydrationWithoutDiscreteEventReplay (../../node_modules/react-dom/cjs/react-dom.development.js:6465:5)
      at dispatchEvent (../../node_modules/react-dom/cjs/react-dom.development.js:6457:5)
      at dispatchDiscreteEvent (../../node_modules/react-dom/cjs/react-dom.development.js:6430:5)
      at HTMLDivElement.callTheUserObjectsOperation (../../node_modules/jsdom/lib/jsdom/living/generated/EventListener.js:26:30)
      at innerInvokeEventListeners (../../node_modules/jsdom/lib/jsdom/living/events/EventTarget-impl.js:338:25)
      at invokeEventListeners (../../node_modules/jsdom/lib/jsdom/living/events/EventTarget-impl.js:274:3)
      at HTMLInputElementImpl._dispatch (../../node_modules/jsdom/lib/jsdom/living/events/EventTarget-impl.js:221:9)
      at HTMLInputElementImpl.dispatchEvent (../../node_modules/jsdom/lib/jsdom/living/events/EventTarget-impl.js:94:17)
      at HTMLInputElement.dispatchEvent (../../node_modules/jsdom/lib/jsdom/living/generated/EventTarget.js:231:34)
      at ../../node_modules/@testing-library/user-event/dist/cjs/event/dispatchEvent.js:45:43
      at Object.eventWrapper (../../node_modules/@testing-library/dom/dist/config.js:25:23)
      at Object.wrapEvent (../../node_modules/@testing-library/user-event/dist/cjs/event/wrapEvent.js:6:28)
      at Object.dispatchEvent (../../node_modules/@testing-library/user-event/dist/cjs/event/dispatchEvent.js:45:22)
      at Object.dispatchUIEvent (../../node_modules/@testing-library/user-event/dist/cjs/event/dispatchEvent.js:22:26)
      at commitInput (../../node_modules/@testing-library/user-event/dist/cjs/event/input.js:145:14)
      at editInputElement (../../node_modules/@testing-library/user-event/dist/cjs/event/input.js:115:9)
      at Object.input (../../node_modules/@testing-library/user-event/dist/cjs/event/input.js:37:9)
      at ../../node_modules/@testing-library/user-event/dist/cjs/event/behavior/keypress.js:31:26
      at Object.dispatchEvent (../../node_modules/@testing-library/user-event/dist/cjs/event/dispatchEvent.js:41:13)
      at Object.dispatchUIEvent (../../node_modules/@testing-library/user-event/dist/cjs/event/dispatchEvent.js:22:26)
      at KeyboardHost.keydown (../../node_modules/@testing-library/user-event/dist/cjs/system/keyboard.js:76:22)
      at keyboardAction (../../node_modules/@testing-library/user-event/dist/cjs/keyboard/index.js:22:35)
      at Object.keyboard (../../node_modules/@testing-library/user-event/dist/cjs/keyboard/index.js:11:15)
      at Object.type (../../node_modules/@testing-library/user-event/dist/cjs/utility/type.js:17:5)
      at Object.<anonymous> (src/__tests__/App.test.js:118:5)

  console.error
    Warning: An update to TaskForm inside a test was not wrapped in act(...).
    
    When testing, code that causes React state updates should be wrapped into act(...):
    
    act(() => {
      /* fire events that update state */
    });
    /* assert on the output */
    
    This ensures that you're testing the behavior the user would see in the browser. Learn more at https://reactjs.org/link/wrap-tests-with-act
        at TaskForm (/workspaces/dajp-ae-bootcamp-session-3/packages/frontend/src/TaskForm.js:6:21)
        at div
        at /workspaces/dajp-ae-bootcamp-session-3/node_modules/@emotion/react/dist/emotion-element-a1829a1e.cjs.js:58:23
        at Box (/workspaces/dajp-ae-bootcamp-session-3/node_modules/@mui/system/createBox/createBox.js:27:41)
        at div
        at /workspaces/dajp-ae-bootcamp-session-3/node_modules/@emotion/react/dist/emotion-element-a1829a1e.cjs.js:58:23
        at Container (/workspaces/dajp-ae-bootcamp-session-3/node_modules/@mui/system/Container/createContainer.js:111:19)
        at div
        at /workspaces/dajp-ae-bootcamp-session-3/node_modules/@emotion/react/dist/emotion-element-a1829a1e.cjs.js:58:23
        at Box (/workspaces/dajp-ae-bootcamp-session-3/node_modules/@mui/system/createBox/createBox.js:27:41)
        at App (/workspaces/dajp-ae-bootcamp-session-3/packages/frontend/src/App.js:8:49)

      84 |           label="Task Title"
      85 |           value={title}
    > 86 |           onChange={e => setTitle(e.target.value)}
         |                          ^
      87 |           required
      88 |           variant="outlined"
      89 |           fullWidth

      at printWarning (../../node_modules/react-dom/cjs/react-dom.development.js:86:30)
      at error (../../node_modules/react-dom/cjs/react-dom.development.js:60:7)
      at warnIfUpdatesNotWrappedWithActDEV (../../node_modules/react-dom/cjs/react-dom.development.js:27628:9)
      at scheduleUpdateOnFiber (../../node_modules/react-dom/cjs/react-dom.development.js:25547:5)
      at setTitle (../../node_modules/react-dom/cjs/react-dom.development.js:16708:7)
      at onChange (src/TaskForm.js:86:26)
      at handleChange (../../node_modules/@mui/material/InputBase/InputBase.js:396:7)
      at HTMLUnknownElement.callCallback (../../node_modules/react-dom/cjs/react-dom.development.js:4164:14)
      at HTMLUnknownElement.callTheUserObjectsOperation (../../node_modules/jsdom/lib/jsdom/living/generated/EventListener.js:26:30)
      at innerInvokeEventListeners (../../node_modules/jsdom/lib/jsdom/living/events/EventTarget-impl.js:338:25)
      at invokeEventListeners (../../node_modules/jsdom/lib/jsdom/living/events/EventTarget-impl.js:274:3)
      at HTMLUnknownElementImpl._dispatch (../../node_modules/jsdom/lib/jsdom/living/events/EventTarget-impl.js:221:9)
      at HTMLUnknownElementImpl.dispatchEvent (../../node_modules/jsdom/lib/jsdom/living/events/EventTarget-impl.js:94:17)
      at HTMLUnknownElement.dispatchEvent (../../node_modules/jsdom/lib/jsdom/living/generated/EventTarget.js:231:34)
      at Object.invokeGuardedCallbackDev (../../node_modules/react-dom/cjs/react-dom.development.js:4213:16)
      at invokeGuardedCallback (../../node_modules/react-dom/cjs/react-dom.development.js:4277:31)
      at invokeGuardedCallbackAndCatchFirstError (../../node_modules/react-dom/cjs/react-dom.development.js:4291:25)
      at executeDispatch (../../node_modules/react-dom/cjs/react-dom.development.js:9041:3)
      at processDispatchQueueItemsInOrder (../../node_modules/react-dom/cjs/react-dom.development.js:9073:7)
      at processDispatchQueue (../../node_modules/react-dom/cjs/react-dom.development.js:9086:5)
      at dispatchEventsForPlugins (../../node_modules/react-dom/cjs/react-dom.development.js:9097:3)
      at ../../node_modules/react-dom/cjs/react-dom.development.js:9288:12
      at batchedUpdates$1 (../../node_modules/react-dom/cjs/react-dom.development.js:26179:12)
      at batchedUpdates (../../node_modules/react-dom/cjs/react-dom.development.js:3991:12)
      at dispatchEventForPluginEventSystem (../../node_modules/react-dom/cjs/react-dom.development.js:9287:3)
      at dispatchEventWithEnableCapturePhaseSelectiveHydrationWithoutDiscreteEventReplay (../../node_modules/react-dom/cjs/react-dom.development.js:6465:5)
      at dispatchEvent (../../node_modules/react-dom/cjs/react-dom.development.js:6457:5)
      at dispatchDiscreteEvent (../../node_modules/react-dom/cjs/react-dom.development.js:6430:5)
      at HTMLDivElement.callTheUserObjectsOperation (../../node_modules/jsdom/lib/jsdom/living/generated/EventListener.js:26:30)
      at innerInvokeEventListeners (../../node_modules/jsdom/lib/jsdom/living/events/EventTarget-impl.js:338:25)
      at invokeEventListeners (../../node_modules/jsdom/lib/jsdom/living/events/EventTarget-impl.js:274:3)
      at HTMLInputElementImpl._dispatch (../../node_modules/jsdom/lib/jsdom/living/events/EventTarget-impl.js:221:9)
      at HTMLInputElementImpl.dispatchEvent (../../node_modules/jsdom/lib/jsdom/living/events/EventTarget-impl.js:94:17)
      at HTMLInputElement.dispatchEvent (../../node_modules/jsdom/lib/jsdom/living/generated/EventTarget.js:231:34)
      at ../../node_modules/@testing-library/user-event/dist/cjs/event/dispatchEvent.js:45:43
      at Object.eventWrapper (../../node_modules/@testing-library/dom/dist/config.js:25:23)
      at Object.wrapEvent (../../node_modules/@testing-library/user-event/dist/cjs/event/wrapEvent.js:6:28)
      at Object.dispatchEvent (../../node_modules/@testing-library/user-event/dist/cjs/event/dispatchEvent.js:45:22)
      at Object.dispatchUIEvent (../../node_modules/@testing-library/user-event/dist/cjs/event/dispatchEvent.js:22:26)
      at commitInput (../../node_modules/@testing-library/user-event/dist/cjs/event/input.js:145:14)
      at editInputElement (../../node_modules/@testing-library/user-event/dist/cjs/event/input.js:115:9)
      at Object.input (../../node_modules/@testing-library/user-event/dist/cjs/event/input.js:37:9)
      at ../../node_modules/@testing-library/user-event/dist/cjs/event/behavior/keypress.js:31:26
      at Object.dispatchEvent (../../node_modules/@testing-library/user-event/dist/cjs/event/dispatchEvent.js:41:13)
      at Object.dispatchUIEvent (../../node_modules/@testing-library/user-event/dist/cjs/event/dispatchEvent.js:22:26)
      at KeyboardHost.keydown (../../node_modules/@testing-library/user-event/dist/cjs/system/keyboard.js:76:22)
      at keyboardAction (../../node_modules/@testing-library/user-event/dist/cjs/keyboard/index.js:22:35)

  console.error
    Warning: An update to TaskForm inside a test was not wrapped in act(...).
    
    When testing, code that causes React state updates should be wrapped into act(...):
    
    act(() => {
      /* fire events that update state */
    });
    /* assert on the output */
    
    This ensures that you're testing the behavior the user would see in the browser. Learn more at https://reactjs.org/link/wrap-tests-with-act
        at TaskForm (/workspaces/dajp-ae-bootcamp-session-3/packages/frontend/src/TaskForm.js:6:21)
        at div
        at /workspaces/dajp-ae-bootcamp-session-3/node_modules/@emotion/react/dist/emotion-element-a1829a1e.cjs.js:58:23
        at Box (/workspaces/dajp-ae-bootcamp-session-3/node_modules/@mui/system/createBox/createBox.js:27:41)
        at div
        at /workspaces/dajp-ae-bootcamp-session-3/node_modules/@emotion/react/dist/emotion-element-a1829a1e.cjs.js:58:23
        at Container (/workspaces/dajp-ae-bootcamp-session-3/node_modules/@mui/system/Container/createContainer.js:111:19)
        at div
        at /workspaces/dajp-ae-bootcamp-session-3/node_modules/@emotion/react/dist/emotion-element-a1829a1e.cjs.js:58:23
        at Box (/workspaces/dajp-ae-bootcamp-session-3/node_modules/@mui/system/createBox/createBox.js:27:41)
        at App (/workspaces/dajp-ae-bootcamp-session-3/packages/frontend/src/App.js:8:49)

      84 |           label="Task Title"
      85 |           value={title}
    > 86 |           onChange={e => setTitle(e.target.value)}
         |                          ^
      87 |           required
      88 |           variant="outlined"
      89 |           fullWidth

      at printWarning (../../node_modules/react-dom/cjs/react-dom.development.js:86:30)
      at error (../../node_modules/react-dom/cjs/react-dom.development.js:60:7)
      at warnIfUpdatesNotWrappedWithActDEV (../../node_modules/react-dom/cjs/react-dom.development.js:27628:9)
      at scheduleUpdateOnFiber (../../node_modules/react-dom/cjs/react-dom.development.js:25547:5)
      at setTitle (../../node_modules/react-dom/cjs/react-dom.development.js:16708:7)
      at onChange (src/TaskForm.js:86:26)
      at handleChange (../../node_modules/@mui/material/InputBase/InputBase.js:396:7)
      at HTMLUnknownElement.callCallback (../../node_modules/react-dom/cjs/react-dom.development.js:4164:14)
      at HTMLUnknownElement.callTheUserObjectsOperation (../../node_modules/jsdom/lib/jsdom/living/generated/EventListener.js:26:30)
      at innerInvokeEventListeners (../../node_modules/jsdom/lib/jsdom/living/events/EventTarget-impl.js:338:25)
      at invokeEventListeners (../../node_modules/jsdom/lib/jsdom/living/events/EventTarget-impl.js:274:3)
      at HTMLUnknownElementImpl._dispatch (../../node_modules/jsdom/lib/jsdom/living/events/EventTarget-impl.js:221:9)
      at HTMLUnknownElementImpl.dispatchEvent (../../node_modules/jsdom/lib/jsdom/living/events/EventTarget-impl.js:94:17)
      at HTMLUnknownElement.dispatchEvent (../../node_modules/jsdom/lib/jsdom/living/generated/EventTarget.js:231:34)
      at Object.invokeGuardedCallbackDev (../../node_modules/react-dom/cjs/react-dom.development.js:4213:16)
      at invokeGuardedCallback (../../node_modules/react-dom/cjs/react-dom.development.js:4277:31)
      at invokeGuardedCallbackAndCatchFirstError (../../node_modules/react-dom/cjs/react-dom.development.js:4291:25)
      at executeDispatch (../../node_modules/react-dom/cjs/react-dom.development.js:9041:3)
      at processDispatchQueueItemsInOrder (../../node_modules/react-dom/cjs/react-dom.development.js:9073:7)
      at processDispatchQueue (../../node_modules/react-dom/cjs/react-dom.development.js:9086:5)
      at dispatchEventsForPlugins (../../node_modules/react-dom/cjs/react-dom.development.js:9097:3)
      at ../../node_modules/react-dom/cjs/react-dom.development.js:9288:12
      at batchedUpdates$1 (../../node_modules/react-dom/cjs/react-dom.development.js:26179:12)
      at batchedUpdates (../../node_modules/react-dom/cjs/react-dom.development.js:3991:12)
      at dispatchEventForPluginEventSystem (../../node_modules/react-dom/cjs/react-dom.development.js:9287:3)
      at dispatchEventWithEnableCapturePhaseSelectiveHydrationWithoutDiscreteEventReplay (../../node_modules/react-dom/cjs/react-dom.development.js:6465:5)
      at dispatchEvent (../../node_modules/react-dom/cjs/react-dom.development.js:6457:5)
      at dispatchDiscreteEvent (../../node_modules/react-dom/cjs/react-dom.development.js:6430:5)
      at HTMLDivElement.callTheUserObjectsOperation (../../node_modules/jsdom/lib/jsdom/living/generated/EventListener.js:26:30)
      at innerInvokeEventListeners (../../node_modules/jsdom/lib/jsdom/living/events/EventTarget-impl.js:338:25)
      at invokeEventListeners (../../node_modules/jsdom/lib/jsdom/living/events/EventTarget-impl.js:274:3)
      at HTMLInputElementImpl._dispatch (../../node_modules/jsdom/lib/jsdom/living/events/EventTarget-impl.js:221:9)
      at HTMLInputElementImpl.dispatchEvent (../../node_modules/jsdom/lib/jsdom/living/events/EventTarget-impl.js:94:17)
      at HTMLInputElement.dispatchEvent (../../node_modules/jsdom/lib/jsdom/living/generated/EventTarget.js:231:34)
      at ../../node_modules/@testing-library/user-event/dist/cjs/event/dispatchEvent.js:45:43
      at Object.eventWrapper (../../node_modules/@testing-library/dom/dist/config.js:25:23)
      at Object.wrapEvent (../../node_modules/@testing-library/user-event/dist/cjs/event/wrapEvent.js:6:28)
      at Object.dispatchEvent (../../node_modules/@testing-library/user-event/dist/cjs/event/dispatchEvent.js:45:22)
      at Object.dispatchUIEvent (../../node_modules/@testing-library/user-event/dist/cjs/event/dispatchEvent.js:22:26)
      at commitInput (../../node_modules/@testing-library/user-event/dist/cjs/event/input.js:145:14)
      at editInputElement (../../node_modules/@testing-library/user-event/dist/cjs/event/input.js:115:9)
      at Object.input (../../node_modules/@testing-library/user-event/dist/cjs/event/input.js:37:9)
      at ../../node_modules/@testing-library/user-event/dist/cjs/event/behavior/keypress.js:31:26
      at Object.dispatchEvent (../../node_modules/@testing-library/user-event/dist/cjs/event/dispatchEvent.js:41:13)
      at Object.dispatchUIEvent (../../node_modules/@testing-library/user-event/dist/cjs/event/dispatchEvent.js:22:26)
      at KeyboardHost.keydown (../../node_modules/@testing-library/user-event/dist/cjs/system/keyboard.js:76:22)
      at keyboardAction (../../node_modules/@testing-library/user-event/dist/cjs/keyboard/index.js:22:35)

  console.error
    Warning: An update to ForwardRef(FormControl) inside a test was not wrapped in act(...).
    
    When testing, code that causes React state updates should be wrapped into act(...):
    
    act(() => {
      /* fire events that update state */
    });
    /* assert on the output */
    
    This ensures that you're testing the behavior the user would see in the browser. Learn more at https://reactjs.org/link/wrap-tests-with-act
        at FormControl (/workspaces/dajp-ae-bootcamp-session-3/node_modules/@mui/material/FormControl/FormControl.js:104:59)
        at /workspaces/dajp-ae-bootcamp-session-3/node_modules/@emotion/react/dist/emotion-element-a1829a1e.cjs.js:58:23
        at TextField (/workspaces/dajp-ae-bootcamp-session-3/node_modules/@mui/material/TextField/TextField.js:80:59)
        at form
        at /workspaces/dajp-ae-bootcamp-session-3/node_modules/@emotion/react/dist/emotion-element-a1829a1e.cjs.js:58:23
        at Box (/workspaces/dajp-ae-bootcamp-session-3/node_modules/@mui/system/createBox/createBox.js:27:41)
        at div
        at /workspaces/dajp-ae-bootcamp-session-3/node_modules/@emotion/react/dist/emotion-element-a1829a1e.cjs.js:58:23
        at Paper (/workspaces/dajp-ae-bootcamp-session-3/node_modules/@mui/material/Paper/Paper.js:75:59)
        at TaskForm (/workspaces/dajp-ae-bootcamp-session-3/packages/frontend/src/TaskForm.js:6:21)
        at div
        at /workspaces/dajp-ae-bootcamp-session-3/node_modules/@emotion/react/dist/emotion-element-a1829a1e.cjs.js:58:23
        at Box (/workspaces/dajp-ae-bootcamp-session-3/node_modules/@mui/system/createBox/createBox.js:27:41)
        at div
        at /workspaces/dajp-ae-bootcamp-session-3/node_modules/@emotion/react/dist/emotion-element-a1829a1e.cjs.js:58:23
        at Container (/workspaces/dajp-ae-bootcamp-session-3/node_modules/@mui/system/Container/createContainer.js:111:19)
        at div
        at /workspaces/dajp-ae-bootcamp-session-3/node_modules/@emotion/react/dist/emotion-element-a1829a1e.cjs.js:58:23
        at Box (/workspaces/dajp-ae-bootcamp-session-3/node_modules/@mui/system/createBox/createBox.js:27:41)
        at App (/workspaces/dajp-ae-bootcamp-session-3/packages/frontend/src/App.js:8:49)

      116 |       expect(screen.getByText('Test Task 1')).toBeInTheDocument();
      117 |     });
    > 118 |     await user.type(screen.getByTestId('title-input'), 'New Test Task');
          |     ^
      119 |     await user.type(screen.getByTestId('description-input'), 'Task description');
      120 |     await user.click(screen.getByTestId('submit-task'));
      121 |     await waitFor(() => {

      at printWarning (../../node_modules/react-dom/cjs/react-dom.development.js:86:30)
      at error (../../node_modules/react-dom/cjs/react-dom.development.js:60:7)
      at warnIfUpdatesNotWrappedWithActDEV (../../node_modules/react-dom/cjs/react-dom.development.js:27628:9)
      at scheduleUpdateOnFiber (../../node_modules/react-dom/cjs/react-dom.development.js:25547:5)
      at dispatchSetState (../../node_modules/react-dom/cjs/react-dom.development.js:16708:7)
      at ../../node_modules/@mui/material/FormControl/FormControl.js:190:5
      at ../../node_modules/@mui/material/InputBase/InputBase.js:341:9
      at ../../node_modules/@mui/material/InputBase/InputBase.js:349:7
      at commitHookEffectListMount (../../node_modules/react-dom/cjs/react-dom.development.js:23189:26)
      at commitLayoutEffectOnFiber (../../node_modules/react-dom/cjs/react-dom.development.js:23312:15)
      at commitLayoutMountEffects_complete (../../node_modules/react-dom/cjs/react-dom.development.js:24727:9)
      at commitLayoutEffects_begin (../../node_modules/react-dom/cjs/react-dom.development.js:24713:7)
      at commitLayoutEffects (../../node_modules/react-dom/cjs/react-dom.development.js:24651:3)
      at commitRootImpl (../../node_modules/react-dom/cjs/react-dom.development.js:26862:5)
      at commitRoot (../../node_modules/react-dom/cjs/react-dom.development.js:26721:5)
      at performSyncWorkOnRoot (../../node_modules/react-dom/cjs/react-dom.development.js:26156:3)
      at flushSyncCallbacks (../../node_modules/react-dom/cjs/react-dom.development.js:12042:22)
      at flushSync (../../node_modules/react-dom/cjs/react-dom.development.js:26240:7)
      at finishEventHandler (../../node_modules/react-dom/cjs/react-dom.development.js:3976:5)
      at batchedUpdates (../../node_modules/react-dom/cjs/react-dom.development.js:3994:5)
      at dispatchEventForPluginEventSystem (../../node_modules/react-dom/cjs/react-dom.development.js:9287:3)
      at dispatchEventWithEnableCapturePhaseSelectiveHydrationWithoutDiscreteEventReplay (../../node_modules/react-dom/cjs/react-dom.development.js:6465:5)
      at dispatchEvent (../../node_modules/react-dom/cjs/react-dom.development.js:6457:5)
      at dispatchDiscreteEvent (../../node_modules/react-dom/cjs/react-dom.development.js:6430:5)
      at HTMLDivElement.callTheUserObjectsOperation (../../node_modules/jsdom/lib/jsdom/living/generated/EventListener.js:26:30)
      at innerInvokeEventListeners (../../node_modules/jsdom/lib/jsdom/living/events/EventTarget-impl.js:338:25)
      at invokeEventListeners (../../node_modules/jsdom/lib/jsdom/living/events/EventTarget-impl.js:274:3)
      at HTMLInputElementImpl._dispatch (../../node_modules/jsdom/lib/jsdom/living/events/EventTarget-impl.js:221:9)
      at HTMLInputElementImpl.dispatchEvent (../../node_modules/jsdom/lib/jsdom/living/events/EventTarget-impl.js:94:17)
      at HTMLInputElement.dispatchEvent (../../node_modules/jsdom/lib/jsdom/living/generated/EventTarget.js:231:34)
      at ../../node_modules/@testing-library/user-event/dist/cjs/event/dispatchEvent.js:45:43
      at Object.eventWrapper (../../node_modules/@testing-library/dom/dist/config.js:25:23)
      at Object.wrapEvent (../../node_modules/@testing-library/user-event/dist/cjs/event/wrapEvent.js:6:28)
      at Object.dispatchEvent (../../node_modules/@testing-library/user-event/dist/cjs/event/dispatchEvent.js:45:22)
      at Object.dispatchUIEvent (../../node_modules/@testing-library/user-event/dist/cjs/event/dispatchEvent.js:22:26)
      at commitInput (../../node_modules/@testing-library/user-event/dist/cjs/event/input.js:145:14)
      at editInputElement (../../node_modules/@testing-library/user-event/dist/cjs/event/input.js:115:9)
      at Object.input (../../node_modules/@testing-library/user-event/dist/cjs/event/input.js:37:9)
      at ../../node_modules/@testing-library/user-event/dist/cjs/event/behavior/keypress.js:31:26
      at Object.dispatchEvent (../../node_modules/@testing-library/user-event/dist/cjs/event/dispatchEvent.js:41:13)
      at Object.dispatchUIEvent (../../node_modules/@testing-library/user-event/dist/cjs/event/dispatchEvent.js:22:26)
      at KeyboardHost.keydown (../../node_modules/@testing-library/user-event/dist/cjs/system/keyboard.js:76:22)
      at keyboardAction (../../node_modules/@testing-library/user-event/dist/cjs/keyboard/index.js:22:35)
      at Object.keyboard (../../node_modules/@testing-library/user-event/dist/cjs/keyboard/index.js:11:15)
      at Object.type (../../node_modules/@testing-library/user-event/dist/cjs/utility/type.js:17:5)
      at Object.<anonymous> (src/__tests__/App.test.js:118:5)

  console.error
    Warning: An update to ForwardRef(FormControl) inside a test was not wrapped in act(...).
    
    When testing, code that causes React state updates should be wrapped into act(...):
    
    act(() => {
      /* fire events that update state */
    });
    /* assert on the output */
    
    This ensures that you're testing the behavior the user would see in the browser. Learn more at https://reactjs.org/link/wrap-tests-with-act
        at FormControl (/workspaces/dajp-ae-bootcamp-session-3/node_modules/@mui/material/FormControl/FormControl.js:104:59)
        at /workspaces/dajp-ae-bootcamp-session-3/node_modules/@emotion/react/dist/emotion-element-a1829a1e.cjs.js:58:23
        at TextField (/workspaces/dajp-ae-bootcamp-session-3/node_modules/@mui/material/TextField/TextField.js:80:59)
        at form
        at /workspaces/dajp-ae-bootcamp-session-3/node_modules/@emotion/react/dist/emotion-element-a1829a1e.cjs.js:58:23
        at Box (/workspaces/dajp-ae-bootcamp-session-3/node_modules/@mui/system/createBox/createBox.js:27:41)
        at div
        at /workspaces/dajp-ae-bootcamp-session-3/node_modules/@emotion/react/dist/emotion-element-a1829a1e.cjs.js:58:23
        at Paper (/workspaces/dajp-ae-bootcamp-session-3/node_modules/@mui/material/Paper/Paper.js:75:59)
        at TaskForm (/workspaces/dajp-ae-bootcamp-session-3/packages/frontend/src/TaskForm.js:6:21)
        at div
        at /workspaces/dajp-ae-bootcamp-session-3/node_modules/@emotion/react/dist/emotion-element-a1829a1e.cjs.js:58:23
        at Box (/workspaces/dajp-ae-bootcamp-session-3/node_modules/@mui/system/createBox/createBox.js:27:41)
        at div
        at /workspaces/dajp-ae-bootcamp-session-3/node_modules/@emotion/react/dist/emotion-element-a1829a1e.cjs.js:58:23
        at Container (/workspaces/dajp-ae-bootcamp-session-3/node_modules/@mui/system/Container/createContainer.js:111:19)
        at div
        at /workspaces/dajp-ae-bootcamp-session-3/node_modules/@emotion/react/dist/emotion-element-a1829a1e.cjs.js:58:23
        at Box (/workspaces/dajp-ae-bootcamp-session-3/node_modules/@mui/system/createBox/createBox.js:27:41)
        at App (/workspaces/dajp-ae-bootcamp-session-3/packages/frontend/src/App.js:8:49)

      116 |       expect(screen.getByText('Test Task 1')).toBeInTheDocument();
      117 |     });
    > 118 |     await user.type(screen.getByTestId('title-input'), 'New Test Task');
          |     ^
      119 |     await user.type(screen.getByTestId('description-input'), 'Task description');
      120 |     await user.click(screen.getByTestId('submit-task'));
      121 |     await waitFor(() => {

      at printWarning (../../node_modules/react-dom/cjs/react-dom.development.js:86:30)
      at error (../../node_modules/react-dom/cjs/react-dom.development.js:60:7)
      at warnIfUpdatesNotWrappedWithActDEV (../../node_modules/react-dom/cjs/react-dom.development.js:27628:9)
      at scheduleUpdateOnFiber (../../node_modules/react-dom/cjs/react-dom.development.js:25547:5)
      at dispatchSetState (../../node_modules/react-dom/cjs/react-dom.development.js:16708:7)
      at ../../node_modules/@mui/material/InputBase/InputBase.js:448:22
      at commitHookEffectListMount (../../node_modules/react-dom/cjs/react-dom.development.js:23189:26)
      at commitPassiveMountOnFiber (../../node_modules/react-dom/cjs/react-dom.development.js:24970:11)
      at commitPassiveMountEffects_complete (../../node_modules/react-dom/cjs/react-dom.development.js:24930:9)
      at commitPassiveMountEffects_begin (../../node_modules/react-dom/cjs/react-dom.development.js:24917:7)
      at commitPassiveMountEffects (../../node_modules/react-dom/cjs/react-dom.development.js:24905:3)
      at flushPassiveEffectsImpl (../../node_modules/react-dom/cjs/react-dom.development.js:27078:3)
      at flushPassiveEffects (../../node_modules/react-dom/cjs/react-dom.development.js:27023:14)
      at commitRootImpl (../../node_modules/react-dom/cjs/react-dom.development.js:26974:5)
      at commitRoot (../../node_modules/react-dom/cjs/react-dom.development.js:26721:5)
      at performSyncWorkOnRoot (../../node_modules/react-dom/cjs/react-dom.development.js:26156:3)
      at flushSyncCallbacks (../../node_modules/react-dom/cjs/react-dom.development.js:12042:22)
      at flushSync (../../node_modules/react-dom/cjs/react-dom.development.js:26240:7)
      at finishEventHandler (../../node_modules/react-dom/cjs/react-dom.development.js:3976:5)
      at batchedUpdates (../../node_modules/react-dom/cjs/react-dom.development.js:3994:5)
      at dispatchEventForPluginEventSystem (../../node_modules/react-dom/cjs/react-dom.development.js:9287:3)
      at dispatchEventWithEnableCapturePhaseSelectiveHydrationWithoutDiscreteEventReplay (../../node_modules/react-dom/cjs/react-dom.development.js:6465:5)
      at dispatchEvent (../../node_modules/react-dom/cjs/react-dom.development.js:6457:5)
      at dispatchDiscreteEvent (../../node_modules/react-dom/cjs/react-dom.development.js:6430:5)
      at HTMLDivElement.callTheUserObjectsOperation (../../node_modules/jsdom/lib/jsdom/living/generated/EventListener.js:26:30)
      at innerInvokeEventListeners (../../node_modules/jsdom/lib/jsdom/living/events/EventTarget-impl.js:338:25)
      at invokeEventListeners (../../node_modules/jsdom/lib/jsdom/living/events/EventTarget-impl.js:274:3)
      at HTMLInputElementImpl._dispatch (../../node_modules/jsdom/lib/jsdom/living/events/EventTarget-impl.js:221:9)
      at HTMLInputElementImpl.dispatchEvent (../../node_modules/jsdom/lib/jsdom/living/events/EventTarget-impl.js:94:17)
      at HTMLInputElement.dispatchEvent (../../node_modules/jsdom/lib/jsdom/living/generated/EventTarget.js:231:34)
      at ../../node_modules/@testing-library/user-event/dist/cjs/event/dispatchEvent.js:45:43
      at Object.eventWrapper (../../node_modules/@testing-library/dom/dist/config.js:25:23)
      at Object.wrapEvent (../../node_modules/@testing-library/user-event/dist/cjs/event/wrapEvent.js:6:28)
      at Object.dispatchEvent (../../node_modules/@testing-library/user-event/dist/cjs/event/dispatchEvent.js:45:22)
      at Object.dispatchUIEvent (../../node_modules/@testing-library/user-event/dist/cjs/event/dispatchEvent.js:22:26)
      at commitInput (../../node_modules/@testing-library/user-event/dist/cjs/event/input.js:145:14)
      at editInputElement (../../node_modules/@testing-library/user-event/dist/cjs/event/input.js:115:9)
      at Object.input (../../node_modules/@testing-library/user-event/dist/cjs/event/input.js:37:9)
      at ../../node_modules/@testing-library/user-event/dist/cjs/event/behavior/keypress.js:31:26
      at Object.dispatchEvent (../../node_modules/@testing-library/user-event/dist/cjs/event/dispatchEvent.js:41:13)
      at Object.dispatchUIEvent (../../node_modules/@testing-library/user-event/dist/cjs/event/dispatchEvent.js:22:26)
      at KeyboardHost.keydown (../../node_modules/@testing-library/user-event/dist/cjs/system/keyboard.js:76:22)
      at keyboardAction (../../node_modules/@testing-library/user-event/dist/cjs/keyboard/index.js:22:35)
      at Object.keyboard (../../node_modules/@testing-library/user-event/dist/cjs/keyboard/index.js:11:15)
      at Object.type (../../node_modules/@testing-library/user-event/dist/cjs/utility/type.js:17:5)
      at Object.<anonymous> (src/__tests__/App.test.js:118:5)

  console.error
    Warning: An update to ForwardRef(FormControl) inside a test was not wrapped in act(...).
    
    When testing, code that causes React state updates should be wrapped into act(...):
    
    act(() => {
      /* fire events that update state */
    });
    /* assert on the output */
    
    This ensures that you're testing the behavior the user would see in the browser. Learn more at https://reactjs.org/link/wrap-tests-with-act
        at FormControl (/workspaces/dajp-ae-bootcamp-session-3/node_modules/@mui/material/FormControl/FormControl.js:104:59)
        at /workspaces/dajp-ae-bootcamp-session-3/node_modules/@emotion/react/dist/emotion-element-a1829a1e.cjs.js:58:23
        at TextField (/workspaces/dajp-ae-bootcamp-session-3/node_modules/@mui/material/TextField/TextField.js:80:59)
        at form
        at /workspaces/dajp-ae-bootcamp-session-3/node_modules/@emotion/react/dist/emotion-element-a1829a1e.cjs.js:58:23
        at Box (/workspaces/dajp-ae-bootcamp-session-3/node_modules/@mui/system/createBox/createBox.js:27:41)
        at div
        at /workspaces/dajp-ae-bootcamp-session-3/node_modules/@emotion/react/dist/emotion-element-a1829a1e.cjs.js:58:23
        at Paper (/workspaces/dajp-ae-bootcamp-session-3/node_modules/@mui/material/Paper/Paper.js:75:59)
        at TaskForm (/workspaces/dajp-ae-bootcamp-session-3/packages/frontend/src/TaskForm.js:6:21)
        at div
        at /workspaces/dajp-ae-bootcamp-session-3/node_modules/@emotion/react/dist/emotion-element-a1829a1e.cjs.js:58:23
        at Box (/workspaces/dajp-ae-bootcamp-session-3/node_modules/@mui/system/createBox/createBox.js:27:41)
        at div
        at /workspaces/dajp-ae-bootcamp-session-3/node_modules/@emotion/react/dist/emotion-element-a1829a1e.cjs.js:58:23
        at Container (/workspaces/dajp-ae-bootcamp-session-3/node_modules/@mui/system/Container/createContainer.js:111:19)
        at div
        at /workspaces/dajp-ae-bootcamp-session-3/node_modules/@emotion/react/dist/emotion-element-a1829a1e.cjs.js:58:23
        at Box (/workspaces/dajp-ae-bootcamp-session-3/node_modules/@mui/system/createBox/createBox.js:27:41)
        at App (/workspaces/dajp-ae-bootcamp-session-3/packages/frontend/src/App.js:8:49)

      116 |       expect(screen.getByText('Test Task 1')).toBeInTheDocument();
      117 |     });
    > 118 |     await user.type(screen.getByTestId('title-input'), 'New Test Task');
          |     ^
      119 |     await user.type(screen.getByTestId('description-input'), 'Task description');
      120 |     await user.click(screen.getByTestId('submit-task'));
      121 |     await waitFor(() => {

      at printWarning (../../node_modules/react-dom/cjs/react-dom.development.js:86:30)
      at error (../../node_modules/react-dom/cjs/react-dom.development.js:60:7)
      at warnIfUpdatesNotWrappedWithActDEV (../../node_modules/react-dom/cjs/react-dom.development.js:27628:9)
      at scheduleUpdateOnFiber (../../node_modules/react-dom/cjs/react-dom.development.js:25547:5)
      at dispatchSetState (../../node_modules/react-dom/cjs/react-dom.development.js:16708:7)
      at ../../node_modules/@mui/material/InputBase/InputBase.js:448:22
      at commitHookEffectListMount (../../node_modules/react-dom/cjs/react-dom.development.js:23189:26)
      at commitPassiveMountOnFiber (../../node_modules/react-dom/cjs/react-dom.development.js:24970:11)
      at commitPassiveMountEffects_complete (../../node_modules/react-dom/cjs/react-dom.development.js:24930:9)
      at commitPassiveMountEffects_begin (../../node_modules/react-dom/cjs/react-dom.development.js:24917:7)
      at commitPassiveMountEffects (../../node_modules/react-dom/cjs/react-dom.development.js:24905:3)
      at flushPassiveEffectsImpl (../../node_modules/react-dom/cjs/react-dom.development.js:27078:3)
      at flushPassiveEffects (../../node_modules/react-dom/cjs/react-dom.development.js:27023:14)
      at commitRootImpl (../../node_modules/react-dom/cjs/react-dom.development.js:26974:5)
      at commitRoot (../../node_modules/react-dom/cjs/react-dom.development.js:26721:5)
      at performSyncWorkOnRoot (../../node_modules/react-dom/cjs/react-dom.development.js:26156:3)
      at flushSyncCallbacks (../../node_modules/react-dom/cjs/react-dom.development.js:12042:22)
      at flushSync (../../node_modules/react-dom/cjs/react-dom.development.js:26240:7)
      at finishEventHandler (../../node_modules/react-dom/cjs/react-dom.development.js:3976:5)
      at batchedUpdates (../../node_modules/react-dom/cjs/react-dom.development.js:3994:5)
      at dispatchEventForPluginEventSystem (../../node_modules/react-dom/cjs/react-dom.development.js:9287:3)
      at dispatchEventWithEnableCapturePhaseSelectiveHydrationWithoutDiscreteEventReplay (../../node_modules/react-dom/cjs/react-dom.development.js:6465:5)
      at dispatchEvent (../../node_modules/react-dom/cjs/react-dom.development.js:6457:5)
      at dispatchDiscreteEvent (../../node_modules/react-dom/cjs/react-dom.development.js:6430:5)
      at HTMLDivElement.callTheUserObjectsOperation (../../node_modules/jsdom/lib/jsdom/living/generated/EventListener.js:26:30)
      at innerInvokeEventListeners (../../node_modules/jsdom/lib/jsdom/living/events/EventTarget-impl.js:338:25)
      at invokeEventListeners (../../node_modules/jsdom/lib/jsdom/living/events/EventTarget-impl.js:274:3)
      at HTMLInputElementImpl._dispatch (../../node_modules/jsdom/lib/jsdom/living/events/EventTarget-impl.js:221:9)
      at HTMLInputElementImpl.dispatchEvent (../../node_modules/jsdom/lib/jsdom/living/events/EventTarget-impl.js:94:17)
      at HTMLInputElement.dispatchEvent (../../node_modules/jsdom/lib/jsdom/living/generated/EventTarget.js:231:34)
      at ../../node_modules/@testing-library/user-event/dist/cjs/event/dispatchEvent.js:45:43
      at Object.eventWrapper (../../node_modules/@testing-library/dom/dist/config.js:25:23)
      at Object.wrapEvent (../../node_modules/@testing-library/user-event/dist/cjs/event/wrapEvent.js:6:28)
      at Object.dispatchEvent (../../node_modules/@testing-library/user-event/dist/cjs/event/dispatchEvent.js:45:22)
      at Object.dispatchUIEvent (../../node_modules/@testing-library/user-event/dist/cjs/event/dispatchEvent.js:22:26)
      at commitInput (../../node_modules/@testing-library/user-event/dist/cjs/event/input.js:145:14)
      at editInputElement (../../node_modules/@testing-library/user-event/dist/cjs/event/input.js:115:9)
      at Object.input (../../node_modules/@testing-library/user-event/dist/cjs/event/input.js:37:9)
      at ../../node_modules/@testing-library/user-event/dist/cjs/event/behavior/keypress.js:31:26
      at Object.dispatchEvent (../../node_modules/@testing-library/user-event/dist/cjs/event/dispatchEvent.js:41:13)
      at Object.dispatchUIEvent (../../node_modules/@testing-library/user-event/dist/cjs/event/dispatchEvent.js:22:26)
      at KeyboardHost.keydown (../../node_modules/@testing-library/user-event/dist/cjs/system/keyboard.js:76:22)
      at keyboardAction (../../node_modules/@testing-library/user-event/dist/cjs/keyboard/index.js:22:35)
      at Object.keyboard (../../node_modules/@testing-library/user-event/dist/cjs/keyboard/index.js:11:15)
      at Object.type (../../node_modules/@testing-library/user-event/dist/cjs/utility/type.js:17:5)
      at Object.<anonymous> (src/__tests__/App.test.js:118:5)

  console.error
    Warning: An update to ForwardRef(FormControl) inside a test was not wrapped in act(...).
    
    When testing, code that causes React state updates should be wrapped into act(...):
    
    act(() => {
      /* fire events that update state */
    });
    /* assert on the output */
    
    This ensures that you're testing the behavior the user would see in the browser. Learn more at https://reactjs.org/link/wrap-tests-with-act
        at FormControl (/workspaces/dajp-ae-bootcamp-session-3/node_modules/@mui/material/FormControl/FormControl.js:104:59)
        at /workspaces/dajp-ae-bootcamp-session-3/node_modules/@emotion/react/dist/emotion-element-a1829a1e.cjs.js:58:23
        at TextField (/workspaces/dajp-ae-bootcamp-session-3/node_modules/@mui/material/TextField/TextField.js:80:59)
        at form
        at /workspaces/dajp-ae-bootcamp-session-3/node_modules/@emotion/react/dist/emotion-element-a1829a1e.cjs.js:58:23
        at Box (/workspaces/dajp-ae-bootcamp-session-3/node_modules/@mui/system/createBox/createBox.js:27:41)
        at div
        at /workspaces/dajp-ae-bootcamp-session-3/node_modules/@emotion/react/dist/emotion-element-a1829a1e.cjs.js:58:23
        at Paper (/workspaces/dajp-ae-bootcamp-session-3/node_modules/@mui/material/Paper/Paper.js:75:59)
        at TaskForm (/workspaces/dajp-ae-bootcamp-session-3/packages/frontend/src/TaskForm.js:6:21)
        at div
        at /workspaces/dajp-ae-bootcamp-session-3/node_modules/@emotion/react/dist/emotion-element-a1829a1e.cjs.js:58:23
        at Box (/workspaces/dajp-ae-bootcamp-session-3/node_modules/@mui/system/createBox/createBox.js:27:41)
        at div
        at /workspaces/dajp-ae-bootcamp-session-3/node_modules/@emotion/react/dist/emotion-element-a1829a1e.cjs.js:58:23
        at Container (/workspaces/dajp-ae-bootcamp-session-3/node_modules/@mui/system/Container/createContainer.js:111:19)
        at div
        at /workspaces/dajp-ae-bootcamp-session-3/node_modules/@emotion/react/dist/emotion-element-a1829a1e.cjs.js:58:23
        at Box (/workspaces/dajp-ae-bootcamp-session-3/node_modules/@mui/system/createBox/createBox.js:27:41)
        at App (/workspaces/dajp-ae-bootcamp-session-3/packages/frontend/src/App.js:8:49)

      116 |       expect(screen.getByText('Test Task 1')).toBeInTheDocument();
      117 |     });
    > 118 |     await user.type(screen.getByTestId('title-input'), 'New Test Task');
          |     ^
      119 |     await user.type(screen.getByTestId('description-input'), 'Task description');
      120 |     await user.click(screen.getByTestId('submit-task'));
      121 |     await waitFor(() => {

      at printWarning (../../node_modules/react-dom/cjs/react-dom.development.js:86:30)
      at error (../../node_modules/react-dom/cjs/react-dom.development.js:60:7)
      at warnIfUpdatesNotWrappedWithActDEV (../../node_modules/react-dom/cjs/react-dom.development.js:27628:9)
      at scheduleUpdateOnFiber (../../node_modules/react-dom/cjs/react-dom.development.js:25547:5)
      at dispatchSetState (../../node_modules/react-dom/cjs/react-dom.development.js:16708:7)
      at ../../node_modules/@mui/material/InputBase/InputBase.js:448:22
      at commitHookEffectListMount (../../node_modules/react-dom/cjs/react-dom.development.js:23189:26)
      at commitPassiveMountOnFiber (../../node_modules/react-dom/cjs/react-dom.development.js:24970:11)
      at commitPassiveMountEffects_complete (../../node_modules/react-dom/cjs/react-dom.development.js:24930:9)
      at commitPassiveMountEffects_begin (../../node_modules/react-dom/cjs/react-dom.development.js:24917:7)
      at commitPassiveMountEffects (../../node_modules/react-dom/cjs/react-dom.development.js:24905:3)
      at flushPassiveEffectsImpl (../../node_modules/react-dom/cjs/react-dom.development.js:27078:3)
      at flushPassiveEffects (../../node_modules/react-dom/cjs/react-dom.development.js:27023:14)
      at commitRootImpl (../../node_modules/react-dom/cjs/react-dom.development.js:26974:5)
      at commitRoot (../../node_modules/react-dom/cjs/react-dom.development.js:26721:5)
      at performSyncWorkOnRoot (../../node_modules/react-dom/cjs/react-dom.development.js:26156:3)
      at flushSyncCallbacks (../../node_modules/react-dom/cjs/react-dom.development.js:12042:22)
      at flushSync (../../node_modules/react-dom/cjs/react-dom.development.js:26240:7)
      at finishEventHandler (../../node_modules/react-dom/cjs/react-dom.development.js:3976:5)
      at batchedUpdates (../../node_modules/react-dom/cjs/react-dom.development.js:3994:5)
      at dispatchEventForPluginEventSystem (../../node_modules/react-dom/cjs/react-dom.development.js:9287:3)
      at dispatchEventWithEnableCapturePhaseSelectiveHydrationWithoutDiscreteEventReplay (../../node_modules/react-dom/cjs/react-dom.development.js:6465:5)
      at dispatchEvent (../../node_modules/react-dom/cjs/react-dom.development.js:6457:5)
      at dispatchDiscreteEvent (../../node_modules/react-dom/cjs/react-dom.development.js:6430:5)
      at HTMLDivElement.callTheUserObjectsOperation (../../node_modules/jsdom/lib/jsdom/living/generated/EventListener.js:26:30)
      at innerInvokeEventListeners (../../node_modules/jsdom/lib/jsdom/living/events/EventTarget-impl.js:338:25)
      at invokeEventListeners (../../node_modules/jsdom/lib/jsdom/living/events/EventTarget-impl.js:274:3)
      at HTMLInputElementImpl._dispatch (../../node_modules/jsdom/lib/jsdom/living/events/EventTarget-impl.js:221:9)
      at HTMLInputElementImpl.dispatchEvent (../../node_modules/jsdom/lib/jsdom/living/events/EventTarget-impl.js:94:17)
      at HTMLInputElement.dispatchEvent (../../node_modules/jsdom/lib/jsdom/living/generated/EventTarget.js:231:34)
      at ../../node_modules/@testing-library/user-event/dist/cjs/event/dispatchEvent.js:45:43
      at Object.eventWrapper (../../node_modules/@testing-library/dom/dist/config.js:25:23)
      at Object.wrapEvent (../../node_modules/@testing-library/user-event/dist/cjs/event/wrapEvent.js:6:28)
      at Object.dispatchEvent (../../node_modules/@testing-library/user-event/dist/cjs/event/dispatchEvent.js:45:22)
      at Object.dispatchUIEvent (../../node_modules/@testing-library/user-event/dist/cjs/event/dispatchEvent.js:22:26)
      at commitInput (../../node_modules/@testing-library/user-event/dist/cjs/event/input.js:145:14)
      at editInputElement (../../node_modules/@testing-library/user-event/dist/cjs/event/input.js:115:9)
      at Object.input (../../node_modules/@testing-library/user-event/dist/cjs/event/input.js:37:9)
      at ../../node_modules/@testing-library/user-event/dist/cjs/event/behavior/keypress.js:31:26
      at Object.dispatchEvent (../../node_modules/@testing-library/user-event/dist/cjs/event/dispatchEvent.js:41:13)
      at Object.dispatchUIEvent (../../node_modules/@testing-library/user-event/dist/cjs/event/dispatchEvent.js:22:26)
      at KeyboardHost.keydown (../../node_modules/@testing-library/user-event/dist/cjs/system/keyboard.js:76:22)
      at keyboardAction (../../node_modules/@testing-library/user-event/dist/cjs/keyboard/index.js:22:35)
      at Object.keyboard (../../node_modules/@testing-library/user-event/dist/cjs/keyboard/index.js:11:15)
      at Object.type (../../node_modules/@testing-library/user-event/dist/cjs/utility/type.js:17:5)
      at Object.<anonymous> (src/__tests__/App.test.js:118:5)

  console.error
    Warning: An update to ForwardRef(FormControl) inside a test was not wrapped in act(...).
    
    When testing, code that causes React state updates should be wrapped into act(...):
    
    act(() => {
      /* fire events that update state */
    });
    /* assert on the output */
    
    This ensures that you're testing the behavior the user would see in the browser. Learn more at https://reactjs.org/link/wrap-tests-with-act
        at FormControl (/workspaces/dajp-ae-bootcamp-session-3/node_modules/@mui/material/FormControl/FormControl.js:104:59)
        at /workspaces/dajp-ae-bootcamp-session-3/node_modules/@emotion/react/dist/emotion-element-a1829a1e.cjs.js:58:23
        at TextField (/workspaces/dajp-ae-bootcamp-session-3/node_modules/@mui/material/TextField/TextField.js:80:59)
        at form
        at /workspaces/dajp-ae-bootcamp-session-3/node_modules/@emotion/react/dist/emotion-element-a1829a1e.cjs.js:58:23
        at Box (/workspaces/dajp-ae-bootcamp-session-3/node_modules/@mui/system/createBox/createBox.js:27:41)
        at div
        at /workspaces/dajp-ae-bootcamp-session-3/node_modules/@emotion/react/dist/emotion-element-a1829a1e.cjs.js:58:23
        at Paper (/workspaces/dajp-ae-bootcamp-session-3/node_modules/@mui/material/Paper/Paper.js:75:59)
        at TaskForm (/workspaces/dajp-ae-bootcamp-session-3/packages/frontend/src/TaskForm.js:6:21)
        at div
        at /workspaces/dajp-ae-bootcamp-session-3/node_modules/@emotion/react/dist/emotion-element-a1829a1e.cjs.js:58:23
        at Box (/workspaces/dajp-ae-bootcamp-session-3/node_modules/@mui/system/createBox/createBox.js:27:41)
        at div
        at /workspaces/dajp-ae-bootcamp-session-3/node_modules/@emotion/react/dist/emotion-element-a1829a1e.cjs.js:58:23
        at Container (/workspaces/dajp-ae-bootcamp-session-3/node_modules/@mui/system/Container/createContainer.js:111:19)
        at div
        at /workspaces/dajp-ae-bootcamp-session-3/node_modules/@emotion/react/dist/emotion-element-a1829a1e.cjs.js:58:23
        at Box (/workspaces/dajp-ae-bootcamp-session-3/node_modules/@mui/system/createBox/createBox.js:27:41)
        at App (/workspaces/dajp-ae-bootcamp-session-3/packages/frontend/src/App.js:8:49)

      117 |     });
      118 |     await user.type(screen.getByTestId('title-input'), 'New Test Task');
    > 119 |     await user.type(screen.getByTestId('description-input'), 'Task description');
          |     ^
      120 |     await user.click(screen.getByTestId('submit-task'));
      121 |     await waitFor(() => {
      122 |       expect(screen.getByText(/New Test Task/i)).toBeInTheDocument();

      at printWarning (../../node_modules/react-dom/cjs/react-dom.development.js:86:30)
      at error (../../node_modules/react-dom/cjs/react-dom.development.js:60:7)
      at warnIfUpdatesNotWrappedWithActDEV (../../node_modules/react-dom/cjs/react-dom.development.js:27628:9)
      at scheduleUpdateOnFiber (../../node_modules/react-dom/cjs/react-dom.development.js:25547:5)
      at dispatchSetState (../../node_modules/react-dom/cjs/react-dom.development.js:16708:7)
      at Object.onBlur (../../node_modules/@mui/material/FormControl/FormControl.js:208:9)
      at handleBlur (../../node_modules/@mui/material/InputBase/InputBase.js:375:22)
      at HTMLUnknownElement.callCallback (../../node_modules/react-dom/cjs/react-dom.development.js:4164:14)
      at HTMLUnknownElement.callTheUserObjectsOperation (../../node_modules/jsdom/lib/jsdom/living/generated/EventListener.js:26:30)
      at innerInvokeEventListeners (../../node_modules/jsdom/lib/jsdom/living/events/EventTarget-impl.js:338:25)
      at invokeEventListeners (../../node_modules/jsdom/lib/jsdom/living/events/EventTarget-impl.js:274:3)
      at HTMLUnknownElementImpl._dispatch (../../node_modules/jsdom/lib/jsdom/living/events/EventTarget-impl.js:221:9)
      at HTMLUnknownElementImpl.dispatchEvent (../../node_modules/jsdom/lib/jsdom/living/events/EventTarget-impl.js:94:17)
      at HTMLUnknownElement.dispatchEvent (../../node_modules/jsdom/lib/jsdom/living/generated/EventTarget.js:231:34)
      at Object.invokeGuardedCallbackDev (../../node_modules/react-dom/cjs/react-dom.development.js:4213:16)
      at invokeGuardedCallback (../../node_modules/react-dom/cjs/react-dom.development.js:4277:31)
      at invokeGuardedCallbackAndCatchFirstError (../../node_modules/react-dom/cjs/react-dom.development.js:4291:25)
      at executeDispatch (../../node_modules/react-dom/cjs/react-dom.development.js:9041:3)
      at processDispatchQueueItemsInOrder (../../node_modules/react-dom/cjs/react-dom.development.js:9073:7)
      at processDispatchQueue (../../node_modules/react-dom/cjs/react-dom.development.js:9086:5)
      at dispatchEventsForPlugins (../../node_modules/react-dom/cjs/react-dom.development.js:9097:3)
      at ../../node_modules/react-dom/cjs/react-dom.development.js:9288:12
      at batchedUpdates$1 (../../node_modules/react-dom/cjs/react-dom.development.js:26179:12)
      at batchedUpdates (../../node_modules/react-dom/cjs/react-dom.development.js:3991:12)
      at dispatchEventForPluginEventSystem (../../node_modules/react-dom/cjs/react-dom.development.js:9287:3)
      at dispatchEventWithEnableCapturePhaseSelectiveHydrationWithoutDiscreteEventReplay (../../node_modules/react-dom/cjs/react-dom.development.js:6465:5)
      at dispatchEvent (../../node_modules/react-dom/cjs/react-dom.development.js:6457:5)
      at dispatchDiscreteEvent (../../node_modules/react-dom/cjs/react-dom.development.js:6430:5)
      at HTMLDivElement.callTheUserObjectsOperation (../../node_modules/jsdom/lib/jsdom/living/generated/EventListener.js:26:30)
      at innerInvokeEventListeners (../../node_modules/jsdom/lib/jsdom/living/events/EventTarget-impl.js:338:25)
      at invokeEventListeners (../../node_modules/jsdom/lib/jsdom/living/events/EventTarget-impl.js:274:3)
      at HTMLInputElementImpl._dispatch (../../node_modules/jsdom/lib/jsdom/living/events/EventTarget-impl.js:221:9)
      at Object.exports.fireFocusEventWithTargetAdjustment (../../node_modules/jsdom/lib/jsdom/living/helpers/focusing.js:103:10)
      at HTMLTextAreaElementImpl.focus (../../node_modules/jsdom/lib/jsdom/living/nodes/HTMLOrSVGElement-impl.js:55:16)
      at HTMLTextAreaElement.focus (../../node_modules/jsdom/lib/jsdom/living/generated/HTMLElement.js:119:34)
      at HTMLTextAreaElement.patchedFocus (../../node_modules/@testing-library/user-event/dist/cjs/document/patchFocus.js:35:26)
      at ../../node_modules/@testing-library/user-event/dist/cjs/event/focus.js:20:40
      at Object.eventWrapper (../../node_modules/@testing-library/dom/dist/config.js:25:23)
      at Object.wrapEvent (../../node_modules/@testing-library/user-event/dist/cjs/event/wrapEvent.js:6:28)
      at Object.focusElement (../../node_modules/@testing-library/user-event/dist/cjs/event/focus.js:20:19)
      at Mouse.down (../../node_modules/@testing-library/user-event/dist/cjs/system/pointer/mouse.js:78:19)
      at PointerHost.press (../../node_modules/@testing-library/user-event/dist/cjs/system/pointer/index.js:40:24)
      at pointerAction (../../node_modules/@testing-library/user-event/dist/cjs/pointer/index.js:51:43)
      at Object.pointer (../../node_modules/@testing-library/user-event/dist/cjs/pointer/index.js:27:15)
      at Object.type (../../node_modules/@testing-library/user-event/dist/cjs/utility/type.js:12:9)
      at Object.<anonymous> (src/__tests__/App.test.js:119:5)

  console.error
    Warning: An update to ForwardRef(FormControl) inside a test was not wrapped in act(...).
    
    When testing, code that causes React state updates should be wrapped into act(...):
    
    act(() => {
      /* fire events that update state */
    });
    /* assert on the output */
    
    This ensures that you're testing the behavior the user would see in the browser. Learn more at https://reactjs.org/link/wrap-tests-with-act
        at FormControl (/workspaces/dajp-ae-bootcamp-session-3/node_modules/@mui/material/FormControl/FormControl.js:104:59)
        at /workspaces/dajp-ae-bootcamp-session-3/node_modules/@emotion/react/dist/emotion-element-a1829a1e.cjs.js:58:23
        at TextField (/workspaces/dajp-ae-bootcamp-session-3/node_modules/@mui/material/TextField/TextField.js:80:59)
        at form
        at /workspaces/dajp-ae-bootcamp-session-3/node_modules/@emotion/react/dist/emotion-element-a1829a1e.cjs.js:58:23
        at Box (/workspaces/dajp-ae-bootcamp-session-3/node_modules/@mui/system/createBox/createBox.js:27:41)
        at div
        at /workspaces/dajp-ae-bootcamp-session-3/node_modules/@emotion/react/dist/emotion-element-a1829a1e.cjs.js:58:23
        at Paper (/workspaces/dajp-ae-bootcamp-session-3/node_modules/@mui/material/Paper/Paper.js:75:59)
        at TaskForm (/workspaces/dajp-ae-bootcamp-session-3/packages/frontend/src/TaskForm.js:6:21)
        at div
        at /workspaces/dajp-ae-bootcamp-session-3/node_modules/@emotion/react/dist/emotion-element-a1829a1e.cjs.js:58:23
        at Box (/workspaces/dajp-ae-bootcamp-session-3/node_modules/@mui/system/createBox/createBox.js:27:41)
        at div
        at /workspaces/dajp-ae-bootcamp-session-3/node_modules/@emotion/react/dist/emotion-element-a1829a1e.cjs.js:58:23
        at Container (/workspaces/dajp-ae-bootcamp-session-3/node_modules/@mui/system/Container/createContainer.js:111:19)
        at div
        at /workspaces/dajp-ae-bootcamp-session-3/node_modules/@emotion/react/dist/emotion-element-a1829a1e.cjs.js:58:23
        at Box (/workspaces/dajp-ae-bootcamp-session-3/node_modules/@mui/system/createBox/createBox.js:27:41)
        at App (/workspaces/dajp-ae-bootcamp-session-3/packages/frontend/src/App.js:8:49)

      117 |     });
      118 |     await user.type(screen.getByTestId('title-input'), 'New Test Task');
    > 119 |     await user.type(screen.getByTestId('description-input'), 'Task description');
          |     ^
      120 |     await user.click(screen.getByTestId('submit-task'));
      121 |     await waitFor(() => {
      122 |       expect(screen.getByText(/New Test Task/i)).toBeInTheDocument();

      at printWarning (../../node_modules/react-dom/cjs/react-dom.development.js:86:30)
      at error (../../node_modules/react-dom/cjs/react-dom.development.js:60:7)
      at warnIfUpdatesNotWrappedWithActDEV (../../node_modules/react-dom/cjs/react-dom.development.js:27628:9)
      at scheduleUpdateOnFiber (../../node_modules/react-dom/cjs/react-dom.development.js:25547:5)
      at dispatchSetState (../../node_modules/react-dom/cjs/react-dom.development.js:16708:7)
      at Object.onFocus (../../node_modules/@mui/material/FormControl/FormControl.js:211:9)
      at handleFocus (../../node_modules/@mui/material/InputBase/InputBase.js:362:22)
      at HTMLUnknownElement.callCallback (../../node_modules/react-dom/cjs/react-dom.development.js:4164:14)
      at HTMLUnknownElement.callTheUserObjectsOperation (../../node_modules/jsdom/lib/jsdom/living/generated/EventListener.js:26:30)
      at innerInvokeEventListeners (../../node_modules/jsdom/lib/jsdom/living/events/EventTarget-impl.js:338:25)
      at invokeEventListeners (../../node_modules/jsdom/lib/jsdom/living/events/EventTarget-impl.js:274:3)
      at HTMLUnknownElementImpl._dispatch (../../node_modules/jsdom/lib/jsdom/living/events/EventTarget-impl.js:221:9)
      at HTMLUnknownElementImpl.dispatchEvent (../../node_modules/jsdom/lib/jsdom/living/events/EventTarget-impl.js:94:17)
      at HTMLUnknownElement.dispatchEvent (../../node_modules/jsdom/lib/jsdom/living/generated/EventTarget.js:231:34)
      at Object.invokeGuardedCallbackDev (../../node_modules/react-dom/cjs/react-dom.development.js:4213:16)
      at invokeGuardedCallback (../../node_modules/react-dom/cjs/react-dom.development.js:4277:31)
      at invokeGuardedCallbackAndCatchFirstError (../../node_modules/react-dom/cjs/react-dom.development.js:4291:25)
      at executeDispatch (../../node_modules/react-dom/cjs/react-dom.development.js:9041:3)
      at processDispatchQueueItemsInOrder (../../node_modules/react-dom/cjs/react-dom.development.js:9073:7)
      at processDispatchQueue (../../node_modules/react-dom/cjs/react-dom.development.js:9086:5)
      at dispatchEventsForPlugins (../../node_modules/react-dom/cjs/react-dom.development.js:9097:3)
      at ../../node_modules/react-dom/cjs/react-dom.development.js:9288:12
      at batchedUpdates$1 (../../node_modules/react-dom/cjs/react-dom.development.js:26179:12)
      at batchedUpdates (../../node_modules/react-dom/cjs/react-dom.development.js:3991:12)
      at dispatchEventForPluginEventSystem (../../node_modules/react-dom/cjs/react-dom.development.js:9287:3)
      at dispatchEventWithEnableCapturePhaseSelectiveHydrationWithoutDiscreteEventReplay (../../node_modules/react-dom/cjs/react-dom.development.js:6465:5)
      at dispatchEvent (../../node_modules/react-dom/cjs/react-dom.development.js:6457:5)
      at dispatchDiscreteEvent (../../node_modules/react-dom/cjs/react-dom.development.js:6430:5)
      at HTMLDivElement.callTheUserObjectsOperation (../../node_modules/jsdom/lib/jsdom/living/generated/EventListener.js:26:30)
      at innerInvokeEventListeners (../../node_modules/jsdom/lib/jsdom/living/events/EventTarget-impl.js:338:25)
      at invokeEventListeners (../../node_modules/jsdom/lib/jsdom/living/events/EventTarget-impl.js:274:3)
      at HTMLTextAreaElementImpl._dispatch (../../node_modules/jsdom/lib/jsdom/living/events/EventTarget-impl.js:221:9)
      at Object.exports.fireFocusEventWithTargetAdjustment (../../node_modules/jsdom/lib/jsdom/living/helpers/focusing.js:103:10)
      at HTMLTextAreaElementImpl.focus (../../node_modules/jsdom/lib/jsdom/living/nodes/HTMLOrSVGElement-impl.js:69:14)
      at HTMLTextAreaElement.focus (../../node_modules/jsdom/lib/jsdom/living/generated/HTMLElement.js:119:34)
      at HTMLTextAreaElement.patchedFocus (../../node_modules/@testing-library/user-event/dist/cjs/document/patchFocus.js:35:26)
      at ../../node_modules/@testing-library/user-event/dist/cjs/event/focus.js:20:40
      at Object.eventWrapper (../../node_modules/@testing-library/dom/dist/config.js:25:23)
      at Object.wrapEvent (../../node_modules/@testing-library/user-event/dist/cjs/event/wrapEvent.js:6:28)
      at Object.focusElement (../../node_modules/@testing-library/user-event/dist/cjs/event/focus.js:20:19)
      at Mouse.down (../../node_modules/@testing-library/user-event/dist/cjs/system/pointer/mouse.js:78:19)
      at PointerHost.press (../../node_modules/@testing-library/user-event/dist/cjs/system/pointer/index.js:40:24)
      at pointerAction (../../node_modules/@testing-library/user-event/dist/cjs/pointer/index.js:51:43)
      at Object.pointer (../../node_modules/@testing-library/user-event/dist/cjs/pointer/index.js:27:15)
      at Object.type (../../node_modules/@testing-library/user-event/dist/cjs/utility/type.js:12:9)
      at Object.<anonymous> (src/__tests__/App.test.js:119:5)

  console.error
    Warning: An update to ForwardRef(FormControl) inside a test was not wrapped in act(...).
    
    When testing, code that causes React state updates should be wrapped into act(...):
    
    act(() => {
      /* fire events that update state */
    });
    /* assert on the output */
    
    This ensures that you're testing the behavior the user would see in the browser. Learn more at https://reactjs.org/link/wrap-tests-with-act
        at FormControl (/workspaces/dajp-ae-bootcamp-session-3/node_modules/@mui/material/FormControl/FormControl.js:104:59)
        at /workspaces/dajp-ae-bootcamp-session-3/node_modules/@emotion/react/dist/emotion-element-a1829a1e.cjs.js:58:23
        at TextField (/workspaces/dajp-ae-bootcamp-session-3/node_modules/@mui/material/TextField/TextField.js:80:59)
        at form
        at /workspaces/dajp-ae-bootcamp-session-3/node_modules/@emotion/react/dist/emotion-element-a1829a1e.cjs.js:58:23
        at Box (/workspaces/dajp-ae-bootcamp-session-3/node_modules/@mui/system/createBox/createBox.js:27:41)
        at div
        at /workspaces/dajp-ae-bootcamp-session-3/node_modules/@emotion/react/dist/emotion-element-a1829a1e.cjs.js:58:23
        at Paper (/workspaces/dajp-ae-bootcamp-session-3/node_modules/@mui/material/Paper/Paper.js:75:59)
        at TaskForm (/workspaces/dajp-ae-bootcamp-session-3/packages/frontend/src/TaskForm.js:6:21)
        at div
        at /workspaces/dajp-ae-bootcamp-session-3/node_modules/@emotion/react/dist/emotion-element-a1829a1e.cjs.js:58:23
        at Box (/workspaces/dajp-ae-bootcamp-session-3/node_modules/@mui/system/createBox/createBox.js:27:41)
        at div
        at /workspaces/dajp-ae-bootcamp-session-3/node_modules/@emotion/react/dist/emotion-element-a1829a1e.cjs.js:58:23
        at Container (/workspaces/dajp-ae-bootcamp-session-3/node_modules/@mui/system/Container/createContainer.js:111:19)
        at div
        at /workspaces/dajp-ae-bootcamp-session-3/node_modules/@emotion/react/dist/emotion-element-a1829a1e.cjs.js:58:23
        at Box (/workspaces/dajp-ae-bootcamp-session-3/node_modules/@mui/system/createBox/createBox.js:27:41)
        at App (/workspaces/dajp-ae-bootcamp-session-3/packages/frontend/src/App.js:8:49)

      at printWarning (../../node_modules/react-dom/cjs/react-dom.development.js:86:30)
      at error (../../node_modules/react-dom/cjs/react-dom.development.js:60:7)
      at warnIfUpdatesNotWrappedWithActDEV (../../node_modules/react-dom/cjs/react-dom.development.js:27628:9)
      at scheduleUpdateOnFiber (../../node_modules/react-dom/cjs/react-dom.development.js:25547:5)
      at dispatchSetState (../../node_modules/react-dom/cjs/react-dom.development.js:16708:7)
      at ../../node_modules/@mui/material/InputBase/InputBase.js:448:22
      at commitHookEffectListMount (../../node_modules/react-dom/cjs/react-dom.development.js:23189:26)
      at commitPassiveMountOnFiber (../../node_modules/react-dom/cjs/react-dom.development.js:24970:11)
      at commitPassiveMountEffects_complete (../../node_modules/react-dom/cjs/react-dom.development.js:24930:9)
      at commitPassiveMountEffects_begin (../../node_modules/react-dom/cjs/react-dom.development.js:24917:7)
      at commitPassiveMountEffects (../../node_modules/react-dom/cjs/react-dom.development.js:24905:3)
      at flushPassiveEffectsImpl (../../node_modules/react-dom/cjs/react-dom.development.js:27078:3)
      at flushPassiveEffects (../../node_modules/react-dom/cjs/react-dom.development.js:27023:14)
      at commitRootImpl (../../node_modules/react-dom/cjs/react-dom.development.js:26974:5)
      at commitRoot (../../node_modules/react-dom/cjs/react-dom.development.js:26721:5)
      at performSyncWorkOnRoot (../../node_modules/react-dom/cjs/react-dom.development.js:26156:3)
      at flushSyncCallbacks (../../node_modules/react-dom/cjs/react-dom.development.js:12042:22)
      at ../../node_modules/react-dom/cjs/react-dom.development.js:25690:13
      at ../../node_modules/jsdom/lib/jsdom/browser/Window.js:550:9

  console.error
    Warning: An update to ForwardRef(FormControl) inside a test was not wrapped in act(...).
    
    When testing, code that causes React state updates should be wrapped into act(...):
    
    act(() => {
      /* fire events that update state */
    });
    /* assert on the output */
    
    This ensures that you're testing the behavior the user would see in the browser. Learn more at https://reactjs.org/link/wrap-tests-with-act
        at FormControl (/workspaces/dajp-ae-bootcamp-session-3/node_modules/@mui/material/FormControl/FormControl.js:104:59)
        at /workspaces/dajp-ae-bootcamp-session-3/node_modules/@emotion/react/dist/emotion-element-a1829a1e.cjs.js:58:23
        at TextField (/workspaces/dajp-ae-bootcamp-session-3/node_modules/@mui/material/TextField/TextField.js:80:59)
        at form
        at /workspaces/dajp-ae-bootcamp-session-3/node_modules/@emotion/react/dist/emotion-element-a1829a1e.cjs.js:58:23
        at Box (/workspaces/dajp-ae-bootcamp-session-3/node_modules/@mui/system/createBox/createBox.js:27:41)
        at div
        at /workspaces/dajp-ae-bootcamp-session-3/node_modules/@emotion/react/dist/emotion-element-a1829a1e.cjs.js:58:23
        at Paper (/workspaces/dajp-ae-bootcamp-session-3/node_modules/@mui/material/Paper/Paper.js:75:59)
        at TaskForm (/workspaces/dajp-ae-bootcamp-session-3/packages/frontend/src/TaskForm.js:6:21)
        at div
        at /workspaces/dajp-ae-bootcamp-session-3/node_modules/@emotion/react/dist/emotion-element-a1829a1e.cjs.js:58:23
        at Box (/workspaces/dajp-ae-bootcamp-session-3/node_modules/@mui/system/createBox/createBox.js:27:41)
        at div
        at /workspaces/dajp-ae-bootcamp-session-3/node_modules/@emotion/react/dist/emotion-element-a1829a1e.cjs.js:58:23
        at Container (/workspaces/dajp-ae-bootcamp-session-3/node_modules/@mui/system/Container/createContainer.js:111:19)
        at div
        at /workspaces/dajp-ae-bootcamp-session-3/node_modules/@emotion/react/dist/emotion-element-a1829a1e.cjs.js:58:23
        at Box (/workspaces/dajp-ae-bootcamp-session-3/node_modules/@mui/system/createBox/createBox.js:27:41)
        at App (/workspaces/dajp-ae-bootcamp-session-3/packages/frontend/src/App.js:8:49)

      at printWarning (../../node_modules/react-dom/cjs/react-dom.development.js:86:30)
      at error (../../node_modules/react-dom/cjs/react-dom.development.js:60:7)
      at warnIfUpdatesNotWrappedWithActDEV (../../node_modules/react-dom/cjs/react-dom.development.js:27628:9)
      at scheduleUpdateOnFiber (../../node_modules/react-dom/cjs/react-dom.development.js:25547:5)
      at dispatchSetState (../../node_modules/react-dom/cjs/react-dom.development.js:16708:7)
      at ../../node_modules/@mui/material/InputBase/InputBase.js:448:22
      at commitHookEffectListMount (../../node_modules/react-dom/cjs/react-dom.development.js:23189:26)
      at commitPassiveMountOnFiber (../../node_modules/react-dom/cjs/react-dom.development.js:24970:11)
      at commitPassiveMountEffects_complete (../../node_modules/react-dom/cjs/react-dom.development.js:24930:9)
      at commitPassiveMountEffects_begin (../../node_modules/react-dom/cjs/react-dom.development.js:24917:7)
      at commitPassiveMountEffects (../../node_modules/react-dom/cjs/react-dom.development.js:24905:3)
      at flushPassiveEffectsImpl (../../node_modules/react-dom/cjs/react-dom.development.js:27078:3)
      at flushPassiveEffects (../../node_modules/react-dom/cjs/react-dom.development.js:27023:14)
      at commitRootImpl (../../node_modules/react-dom/cjs/react-dom.development.js:26974:5)
      at commitRoot (../../node_modules/react-dom/cjs/react-dom.development.js:26721:5)
      at performSyncWorkOnRoot (../../node_modules/react-dom/cjs/react-dom.development.js:26156:3)
      at flushSyncCallbacks (../../node_modules/react-dom/cjs/react-dom.development.js:12042:22)
      at ../../node_modules/react-dom/cjs/react-dom.development.js:25690:13
      at ../../node_modules/jsdom/lib/jsdom/browser/Window.js:550:9

  console.error
    Warning: An update to TaskForm inside a test was not wrapped in act(...).
    
    When testing, code that causes React state updates should be wrapped into act(...):
    
    act(() => {
      /* fire events that update state */
    });
    /* assert on the output */
    
    This ensures that you're testing the behavior the user would see in the browser. Learn more at https://reactjs.org/link/wrap-tests-with-act
        at TaskForm (/workspaces/dajp-ae-bootcamp-session-3/packages/frontend/src/TaskForm.js:6:21)
        at div
        at /workspaces/dajp-ae-bootcamp-session-3/node_modules/@emotion/react/dist/emotion-element-a1829a1e.cjs.js:58:23
        at Box (/workspaces/dajp-ae-bootcamp-session-3/node_modules/@mui/system/createBox/createBox.js:27:41)
        at div
        at /workspaces/dajp-ae-bootcamp-session-3/node_modules/@emotion/react/dist/emotion-element-a1829a1e.cjs.js:58:23
        at Container (/workspaces/dajp-ae-bootcamp-session-3/node_modules/@mui/system/Container/createContainer.js:111:19)
        at div
        at /workspaces/dajp-ae-bootcamp-session-3/node_modules/@emotion/react/dist/emotion-element-a1829a1e.cjs.js:58:23
        at Box (/workspaces/dajp-ae-bootcamp-session-3/node_modules/@mui/system/createBox/createBox.js:27:41)
        at App (/workspaces/dajp-ae-bootcamp-session-3/packages/frontend/src/App.js:8:49)

      106 |           label="Description"
      107 |           value={description}
    > 108 |           onChange={e => setDescription(e.target.value)}
          |                          ^
      109 |           multiline
      110 |           minRows={2}
      111 |           variant="outlined"

      at printWarning (../../node_modules/react-dom/cjs/react-dom.development.js:86:30)
      at error (../../node_modules/react-dom/cjs/react-dom.development.js:60:7)
      at warnIfUpdatesNotWrappedWithActDEV (../../node_modules/react-dom/cjs/react-dom.development.js:27628:9)
      at scheduleUpdateOnFiber (../../node_modules/react-dom/cjs/react-dom.development.js:25547:5)
      at setDescription (../../node_modules/react-dom/cjs/react-dom.development.js:16708:7)
      at onChange (src/TaskForm.js:108:26)
      at handleChange (../../node_modules/@mui/material/InputBase/InputBase.js:396:7)
      at handleChange (../../node_modules/@mui/material/TextareaAutosize/TextareaAutosize.js:200:7)
      at HTMLUnknownElement.callCallback (../../node_modules/react-dom/cjs/react-dom.development.js:4164:14)
      at HTMLUnknownElement.callTheUserObjectsOperation (../../node_modules/jsdom/lib/jsdom/living/generated/EventListener.js:26:30)
      at innerInvokeEventListeners (../../node_modules/jsdom/lib/jsdom/living/events/EventTarget-impl.js:338:25)
      at invokeEventListeners (../../node_modules/jsdom/lib/jsdom/living/events/EventTarget-impl.js:274:3)
      at HTMLUnknownElementImpl._dispatch (../../node_modules/jsdom/lib/jsdom/living/events/EventTarget-impl.js:221:9)
      at HTMLUnknownElementImpl.dispatchEvent (../../node_modules/jsdom/lib/jsdom/living/events/EventTarget-impl.js:94:17)
      at HTMLUnknownElement.dispatchEvent (../../node_modules/jsdom/lib/jsdom/living/generated/EventTarget.js:231:34)
      at Object.invokeGuardedCallbackDev (../../node_modules/react-dom/cjs/react-dom.development.js:4213:16)
      at invokeGuardedCallback (../../node_modules/react-dom/cjs/react-dom.development.js:4277:31)
      at invokeGuardedCallbackAndCatchFirstError (../../node_modules/react-dom/cjs/react-dom.development.js:4291:25)
      at executeDispatch (../../node_modules/react-dom/cjs/react-dom.development.js:9041:3)
      at processDispatchQueueItemsInOrder (../../node_modules/react-dom/cjs/react-dom.development.js:9073:7)
      at processDispatchQueue (../../node_modules/react-dom/cjs/react-dom.development.js:9086:5)
      at dispatchEventsForPlugins (../../node_modules/react-dom/cjs/react-dom.development.js:9097:3)
      at ../../node_modules/react-dom/cjs/react-dom.development.js:9288:12
      at batchedUpdates$1 (../../node_modules/react-dom/cjs/react-dom.development.js:26179:12)
      at batchedUpdates (../../node_modules/react-dom/cjs/react-dom.development.js:3991:12)
      at dispatchEventForPluginEventSystem (../../node_modules/react-dom/cjs/react-dom.development.js:9287:3)
      at dispatchEventWithEnableCapturePhaseSelectiveHydrationWithoutDiscreteEventReplay (../../node_modules/react-dom/cjs/react-dom.development.js:6465:5)
      at dispatchEvent (../../node_modules/react-dom/cjs/react-dom.development.js:6457:5)
      at dispatchDiscreteEvent (../../node_modules/react-dom/cjs/react-dom.development.js:6430:5)
      at HTMLDivElement.callTheUserObjectsOperation (../../node_modules/jsdom/lib/jsdom/living/generated/EventListener.js:26:30)
      at innerInvokeEventListeners (../../node_modules/jsdom/lib/jsdom/living/events/EventTarget-impl.js:338:25)
      at invokeEventListeners (../../node_modules/jsdom/lib/jsdom/living/events/EventTarget-impl.js:274:3)
      at HTMLTextAreaElementImpl._dispatch (../../node_modules/jsdom/lib/jsdom/living/events/EventTarget-impl.js:221:9)
      at HTMLTextAreaElementImpl.dispatchEvent (../../node_modules/jsdom/lib/jsdom/living/events/EventTarget-impl.js:94:17)
      at HTMLTextAreaElement.dispatchEvent (../../node_modules/jsdom/lib/jsdom/living/generated/EventTarget.js:231:34)
      at ../../node_modules/@testing-library/user-event/dist/cjs/event/dispatchEvent.js:45:43
      at Object.eventWrapper (../../node_modules/@testing-library/dom/dist/config.js:25:23)
      at Object.wrapEvent (../../node_modules/@testing-library/user-event/dist/cjs/event/wrapEvent.js:6:28)
      at Object.dispatchEvent (../../node_modules/@testing-library/user-event/dist/cjs/event/dispatchEvent.js:45:22)
      at Object.dispatchUIEvent (../../node_modules/@testing-library/user-event/dist/cjs/event/dispatchEvent.js:22:26)
      at commitInput (../../node_modules/@testing-library/user-event/dist/cjs/event/input.js:145:14)
      at editInputElement (../../node_modules/@testing-library/user-event/dist/cjs/event/input.js:115:9)
      at Object.input (../../node_modules/@testing-library/user-event/dist/cjs/event/input.js:37:9)
      at ../../node_modules/@testing-library/user-event/dist/cjs/event/behavior/keypress.js:31:26
      at Object.dispatchEvent (../../node_modules/@testing-library/user-event/dist/cjs/event/dispatchEvent.js:41:13)
      at Object.dispatchUIEvent (../../node_modules/@testing-library/user-event/dist/cjs/event/dispatchEvent.js:22:26)
      at KeyboardHost.keydown (../../node_modules/@testing-library/user-event/dist/cjs/system/keyboard.js:76:22)

  console.error
    Warning: An update to ForwardRef(FormControl) inside a test was not wrapped in act(...).
    
    When testing, code that causes React state updates should be wrapped into act(...):
    
    act(() => {
      /* fire events that update state */
    });
    /* assert on the output */
    
    This ensures that you're testing the behavior the user would see in the browser. Learn more at https://reactjs.org/link/wrap-tests-with-act
        at FormControl (/workspaces/dajp-ae-bootcamp-session-3/node_modules/@mui/material/FormControl/FormControl.js:104:59)
        at /workspaces/dajp-ae-bootcamp-session-3/node_modules/@emotion/react/dist/emotion-element-a1829a1e.cjs.js:58:23
        at TextField (/workspaces/dajp-ae-bootcamp-session-3/node_modules/@mui/material/TextField/TextField.js:80:59)
        at form
        at /workspaces/dajp-ae-bootcamp-session-3/node_modules/@emotion/react/dist/emotion-element-a1829a1e.cjs.js:58:23
        at Box (/workspaces/dajp-ae-bootcamp-session-3/node_modules/@mui/system/createBox/createBox.js:27:41)
        at div
        at /workspaces/dajp-ae-bootcamp-session-3/node_modules/@emotion/react/dist/emotion-element-a1829a1e.cjs.js:58:23
        at Paper (/workspaces/dajp-ae-bootcamp-session-3/node_modules/@mui/material/Paper/Paper.js:75:59)
        at TaskForm (/workspaces/dajp-ae-bootcamp-session-3/packages/frontend/src/TaskForm.js:6:21)
        at div
        at /workspaces/dajp-ae-bootcamp-session-3/node_modules/@emotion/react/dist/emotion-element-a1829a1e.cjs.js:58:23
        at Box (/workspaces/dajp-ae-bootcamp-session-3/node_modules/@mui/system/createBox/createBox.js:27:41)
        at div
        at /workspaces/dajp-ae-bootcamp-session-3/node_modules/@emotion/react/dist/emotion-element-a1829a1e.cjs.js:58:23
        at Container (/workspaces/dajp-ae-bootcamp-session-3/node_modules/@mui/system/Container/createContainer.js:111:19)
        at div
        at /workspaces/dajp-ae-bootcamp-session-3/node_modules/@emotion/react/dist/emotion-element-a1829a1e.cjs.js:58:23
        at Box (/workspaces/dajp-ae-bootcamp-session-3/node_modules/@mui/system/createBox/createBox.js:27:41)
        at App (/workspaces/dajp-ae-bootcamp-session-3/packages/frontend/src/App.js:8:49)

      117 |     });
      118 |     await user.type(screen.getByTestId('title-input'), 'New Test Task');
    > 119 |     await user.type(screen.getByTestId('description-input'), 'Task description');
          |     ^
      120 |     await user.click(screen.getByTestId('submit-task'));
      121 |     await waitFor(() => {
      122 |       expect(screen.getByText(/New Test Task/i)).toBeInTheDocument();

      at printWarning (../../node_modules/react-dom/cjs/react-dom.development.js:86:30)
      at error (../../node_modules/react-dom/cjs/react-dom.development.js:60:7)
      at warnIfUpdatesNotWrappedWithActDEV (../../node_modules/react-dom/cjs/react-dom.development.js:27628:9)
      at scheduleUpdateOnFiber (../../node_modules/react-dom/cjs/react-dom.development.js:25547:5)
      at dispatchSetState (../../node_modules/react-dom/cjs/react-dom.development.js:16708:7)
      at ../../node_modules/@mui/material/FormControl/FormControl.js:190:5
      at ../../node_modules/@mui/material/InputBase/InputBase.js:341:9
      at ../../node_modules/@mui/material/InputBase/InputBase.js:349:7
      at commitHookEffectListMount (../../node_modules/react-dom/cjs/react-dom.development.js:23189:26)
      at commitLayoutEffectOnFiber (../../node_modules/react-dom/cjs/react-dom.development.js:23312:15)
      at commitLayoutMountEffects_complete (../../node_modules/react-dom/cjs/react-dom.development.js:24727:9)
      at commitLayoutEffects_begin (../../node_modules/react-dom/cjs/react-dom.development.js:24713:7)
      at commitLayoutEffects (../../node_modules/react-dom/cjs/react-dom.development.js:24651:3)
      at commitRootImpl (../../node_modules/react-dom/cjs/react-dom.development.js:26862:5)
      at commitRoot (../../node_modules/react-dom/cjs/react-dom.development.js:26721:5)
      at performSyncWorkOnRoot (../../node_modules/react-dom/cjs/react-dom.development.js:26156:3)
      at flushSyncCallbacks (../../node_modules/react-dom/cjs/react-dom.development.js:12042:22)
      at flushSync (../../node_modules/react-dom/cjs/react-dom.development.js:26240:7)
      at finishEventHandler (../../node_modules/react-dom/cjs/react-dom.development.js:3976:5)
      at batchedUpdates (../../node_modules/react-dom/cjs/react-dom.development.js:3994:5)
      at dispatchEventForPluginEventSystem (../../node_modules/react-dom/cjs/react-dom.development.js:9287:3)
      at dispatchEventWithEnableCapturePhaseSelectiveHydrationWithoutDiscreteEventReplay (../../node_modules/react-dom/cjs/react-dom.development.js:6465:5)
      at dispatchEvent (../../node_modules/react-dom/cjs/react-dom.development.js:6457:5)
      at dispatchDiscreteEvent (../../node_modules/react-dom/cjs/react-dom.development.js:6430:5)
      at HTMLDivElement.callTheUserObjectsOperation (../../node_modules/jsdom/lib/jsdom/living/generated/EventListener.js:26:30)
      at innerInvokeEventListeners (../../node_modules/jsdom/lib/jsdom/living/events/EventTarget-impl.js:338:25)
      at invokeEventListeners (../../node_modules/jsdom/lib/jsdom/living/events/EventTarget-impl.js:274:3)
      at HTMLTextAreaElementImpl._dispatch (../../node_modules/jsdom/lib/jsdom/living/events/EventTarget-impl.js:221:9)
      at HTMLTextAreaElementImpl.dispatchEvent (../../node_modules/jsdom/lib/jsdom/living/events/EventTarget-impl.js:94:17)
      at HTMLTextAreaElement.dispatchEvent (../../node_modules/jsdom/lib/jsdom/living/generated/EventTarget.js:231:34)
      at ../../node_modules/@testing-library/user-event/dist/cjs/event/dispatchEvent.js:45:43
      at Object.eventWrapper (../../node_modules/@testing-library/dom/dist/config.js:25:23)
      at Object.wrapEvent (../../node_modules/@testing-library/user-event/dist/cjs/event/wrapEvent.js:6:28)
      at Object.dispatchEvent (../../node_modules/@testing-library/user-event/dist/cjs/event/dispatchEvent.js:45:22)
      at Object.dispatchUIEvent (../../node_modules/@testing-library/user-event/dist/cjs/event/dispatchEvent.js:22:26)
      at commitInput (../../node_modules/@testing-library/user-event/dist/cjs/event/input.js:145:14)
      at editInputElement (../../node_modules/@testing-library/user-event/dist/cjs/event/input.js:115:9)
      at Object.input (../../node_modules/@testing-library/user-event/dist/cjs/event/input.js:37:9)
      at ../../node_modules/@testing-library/user-event/dist/cjs/event/behavior/keypress.js:31:26
      at Object.dispatchEvent (../../node_modules/@testing-library/user-event/dist/cjs/event/dispatchEvent.js:41:13)
      at Object.dispatchUIEvent (../../node_modules/@testing-library/user-event/dist/cjs/event/dispatchEvent.js:22:26)
      at KeyboardHost.keydown (../../node_modules/@testing-library/user-event/dist/cjs/system/keyboard.js:76:22)
      at keyboardAction (../../node_modules/@testing-library/user-event/dist/cjs/keyboard/index.js:22:35)
      at Object.keyboard (../../node_modules/@testing-library/user-event/dist/cjs/keyboard/index.js:11:15)
      at Object.type (../../node_modules/@testing-library/user-event/dist/cjs/utility/type.js:17:5)
      at Object.<anonymous> (src/__tests__/App.test.js:119:5)

  console.error
    Warning: An update to ForwardRef(FormControl) inside a test was not wrapped in act(...).
    
    When testing, code that causes React state updates should be wrapped into act(...):
    
    act(() => {
      /* fire events that update state */
    });
    /* assert on the output */
    
    This ensures that you're testing the behavior the user would see in the browser. Learn more at https://reactjs.org/link/wrap-tests-with-act
        at FormControl (/workspaces/dajp-ae-bootcamp-session-3/node_modules/@mui/material/FormControl/FormControl.js:104:59)
        at /workspaces/dajp-ae-bootcamp-session-3/node_modules/@emotion/react/dist/emotion-element-a1829a1e.cjs.js:58:23
        at TextField (/workspaces/dajp-ae-bootcamp-session-3/node_modules/@mui/material/TextField/TextField.js:80:59)
        at form
        at /workspaces/dajp-ae-bootcamp-session-3/node_modules/@emotion/react/dist/emotion-element-a1829a1e.cjs.js:58:23
        at Box (/workspaces/dajp-ae-bootcamp-session-3/node_modules/@mui/system/createBox/createBox.js:27:41)
        at div
        at /workspaces/dajp-ae-bootcamp-session-3/node_modules/@emotion/react/dist/emotion-element-a1829a1e.cjs.js:58:23
        at Paper (/workspaces/dajp-ae-bootcamp-session-3/node_modules/@mui/material/Paper/Paper.js:75:59)
        at TaskForm (/workspaces/dajp-ae-bootcamp-session-3/packages/frontend/src/TaskForm.js:6:21)
        at div
        at /workspaces/dajp-ae-bootcamp-session-3/node_modules/@emotion/react/dist/emotion-element-a1829a1e.cjs.js:58:23
        at Box (/workspaces/dajp-ae-bootcamp-session-3/node_modules/@mui/system/createBox/createBox.js:27:41)
        at div
        at /workspaces/dajp-ae-bootcamp-session-3/node_modules/@emotion/react/dist/emotion-element-a1829a1e.cjs.js:58:23
        at Container (/workspaces/dajp-ae-bootcamp-session-3/node_modules/@mui/system/Container/createContainer.js:111:19)
        at div
        at /workspaces/dajp-ae-bootcamp-session-3/node_modules/@emotion/react/dist/emotion-element-a1829a1e.cjs.js:58:23
        at Box (/workspaces/dajp-ae-bootcamp-session-3/node_modules/@mui/system/createBox/createBox.js:27:41)
        at App (/workspaces/dajp-ae-bootcamp-session-3/packages/frontend/src/App.js:8:49)

      117 |     });
      118 |     await user.type(screen.getByTestId('title-input'), 'New Test Task');
    > 119 |     await user.type(screen.getByTestId('description-input'), 'Task description');
          |     ^
      120 |     await user.click(screen.getByTestId('submit-task'));
      121 |     await waitFor(() => {
      122 |       expect(screen.getByText(/New Test Task/i)).toBeInTheDocument();

      at printWarning (../../node_modules/react-dom/cjs/react-dom.development.js:86:30)
      at error (../../node_modules/react-dom/cjs/react-dom.development.js:60:7)
      at warnIfUpdatesNotWrappedWithActDEV (../../node_modules/react-dom/cjs/react-dom.development.js:27628:9)
      at scheduleUpdateOnFiber (../../node_modules/react-dom/cjs/react-dom.development.js:25547:5)
      at dispatchSetState (../../node_modules/react-dom/cjs/react-dom.development.js:16708:7)
      at ../../node_modules/@mui/material/InputBase/InputBase.js:448:22
      at commitHookEffectListMount (../../node_modules/react-dom/cjs/react-dom.development.js:23189:26)
      at commitPassiveMountOnFiber (../../node_modules/react-dom/cjs/react-dom.development.js:24970:11)
      at commitPassiveMountEffects_complete (../../node_modules/react-dom/cjs/react-dom.development.js:24930:9)
      at commitPassiveMountEffects_begin (../../node_modules/react-dom/cjs/react-dom.development.js:24917:7)
      at commitPassiveMountEffects (../../node_modules/react-dom/cjs/react-dom.development.js:24905:3)
      at flushPassiveEffectsImpl (../../node_modules/react-dom/cjs/react-dom.development.js:27078:3)
      at flushPassiveEffects (../../node_modules/react-dom/cjs/react-dom.development.js:27023:14)
      at commitRootImpl (../../node_modules/react-dom/cjs/react-dom.development.js:26974:5)
      at commitRoot (../../node_modules/react-dom/cjs/react-dom.development.js:26721:5)
      at performSyncWorkOnRoot (../../node_modules/react-dom/cjs/react-dom.development.js:26156:3)
      at flushSyncCallbacks (../../node_modules/react-dom/cjs/react-dom.development.js:12042:22)
      at flushSync (../../node_modules/react-dom/cjs/react-dom.development.js:26240:7)
      at finishEventHandler (../../node_modules/react-dom/cjs/react-dom.development.js:3976:5)
      at batchedUpdates (../../node_modules/react-dom/cjs/react-dom.development.js:3994:5)
      at dispatchEventForPluginEventSystem (../../node_modules/react-dom/cjs/react-dom.development.js:9287:3)
      at dispatchEventWithEnableCapturePhaseSelectiveHydrationWithoutDiscreteEventReplay (../../node_modules/react-dom/cjs/react-dom.development.js:6465:5)
      at dispatchEvent (../../node_modules/react-dom/cjs/react-dom.development.js:6457:5)
      at dispatchDiscreteEvent (../../node_modules/react-dom/cjs/react-dom.development.js:6430:5)
      at HTMLDivElement.callTheUserObjectsOperation (../../node_modules/jsdom/lib/jsdom/living/generated/EventListener.js:26:30)
      at innerInvokeEventListeners (../../node_modules/jsdom/lib/jsdom/living/events/EventTarget-impl.js:338:25)
      at invokeEventListeners (../../node_modules/jsdom/lib/jsdom/living/events/EventTarget-impl.js:274:3)
      at HTMLTextAreaElementImpl._dispatch (../../node_modules/jsdom/lib/jsdom/living/events/EventTarget-impl.js:221:9)
      at HTMLTextAreaElementImpl.dispatchEvent (../../node_modules/jsdom/lib/jsdom/living/events/EventTarget-impl.js:94:17)
      at HTMLTextAreaElement.dispatchEvent (../../node_modules/jsdom/lib/jsdom/living/generated/EventTarget.js:231:34)
      at ../../node_modules/@testing-library/user-event/dist/cjs/event/dispatchEvent.js:45:43
      at Object.eventWrapper (../../node_modules/@testing-library/dom/dist/config.js:25:23)
      at Object.wrapEvent (../../node_modules/@testing-library/user-event/dist/cjs/event/wrapEvent.js:6:28)
      at Object.dispatchEvent (../../node_modules/@testing-library/user-event/dist/cjs/event/dispatchEvent.js:45:22)
      at Object.dispatchUIEvent (../../node_modules/@testing-library/user-event/dist/cjs/event/dispatchEvent.js:22:26)
      at commitInput (../../node_modules/@testing-library/user-event/dist/cjs/event/input.js:145:14)
      at editInputElement (../../node_modules/@testing-library/user-event/dist/cjs/event/input.js:115:9)
      at Object.input (../../node_modules/@testing-library/user-event/dist/cjs/event/input.js:37:9)
      at ../../node_modules/@testing-library/user-event/dist/cjs/event/behavior/keypress.js:31:26
      at Object.dispatchEvent (../../node_modules/@testing-library/user-event/dist/cjs/event/dispatchEvent.js:41:13)
      at Object.dispatchUIEvent (../../node_modules/@testing-library/user-event/dist/cjs/event/dispatchEvent.js:22:26)
      at KeyboardHost.keydown (../../node_modules/@testing-library/user-event/dist/cjs/system/keyboard.js:76:22)
      at keyboardAction (../../node_modules/@testing-library/user-event/dist/cjs/keyboard/index.js:22:35)
      at Object.keyboard (../../node_modules/@testing-library/user-event/dist/cjs/keyboard/index.js:11:15)
      at Object.type (../../node_modules/@testing-library/user-event/dist/cjs/utility/type.js:17:5)
      at Object.<anonymous> (src/__tests__/App.test.js:119:5)

  console.error
    Warning: An update to ForwardRef(FormControl) inside a test was not wrapped in act(...).
    
    When testing, code that causes React state updates should be wrapped into act(...):
    
    act(() => {
      /* fire events that update state */
    });
    /* assert on the output */
    
    This ensures that you're testing the behavior the user would see in the browser. Learn more at https://reactjs.org/link/wrap-tests-with-act
        at FormControl (/workspaces/dajp-ae-bootcamp-session-3/node_modules/@mui/material/FormControl/FormControl.js:104:59)
        at /workspaces/dajp-ae-bootcamp-session-3/node_modules/@emotion/react/dist/emotion-element-a1829a1e.cjs.js:58:23
        at TextField (/workspaces/dajp-ae-bootcamp-session-3/node_modules/@mui/material/TextField/TextField.js:80:59)
        at form
        at /workspaces/dajp-ae-bootcamp-session-3/node_modules/@emotion/react/dist/emotion-element-a1829a1e.cjs.js:58:23
        at Box (/workspaces/dajp-ae-bootcamp-session-3/node_modules/@mui/system/createBox/createBox.js:27:41)
        at div
        at /workspaces/dajp-ae-bootcamp-session-3/node_modules/@emotion/react/dist/emotion-element-a1829a1e.cjs.js:58:23
        at Paper (/workspaces/dajp-ae-bootcamp-session-3/node_modules/@mui/material/Paper/Paper.js:75:59)
        at TaskForm (/workspaces/dajp-ae-bootcamp-session-3/packages/frontend/src/TaskForm.js:6:21)
        at div
        at /workspaces/dajp-ae-bootcamp-session-3/node_modules/@emotion/react/dist/emotion-element-a1829a1e.cjs.js:58:23
        at Box (/workspaces/dajp-ae-bootcamp-session-3/node_modules/@mui/system/createBox/createBox.js:27:41)
        at div
        at /workspaces/dajp-ae-bootcamp-session-3/node_modules/@emotion/react/dist/emotion-element-a1829a1e.cjs.js:58:23
        at Container (/workspaces/dajp-ae-bootcamp-session-3/node_modules/@mui/system/Container/createContainer.js:111:19)
        at div
        at /workspaces/dajp-ae-bootcamp-session-3/node_modules/@emotion/react/dist/emotion-element-a1829a1e.cjs.js:58:23
        at Box (/workspaces/dajp-ae-bootcamp-session-3/node_modules/@mui/system/createBox/createBox.js:27:41)
        at App (/workspaces/dajp-ae-bootcamp-session-3/packages/frontend/src/App.js:8:49)

      117 |     });
      118 |     await user.type(screen.getByTestId('title-input'), 'New Test Task');
    > 119 |     await user.type(screen.getByTestId('description-input'), 'Task description');
          |     ^
      120 |     await user.click(screen.getByTestId('submit-task'));
      121 |     await waitFor(() => {
      122 |       expect(screen.getByText(/New Test Task/i)).toBeInTheDocument();

      at printWarning (../../node_modules/react-dom/cjs/react-dom.development.js:86:30)
      at error (../../node_modules/react-dom/cjs/react-dom.development.js:60:7)
      at warnIfUpdatesNotWrappedWithActDEV (../../node_modules/react-dom/cjs/react-dom.development.js:27628:9)
      at scheduleUpdateOnFiber (../../node_modules/react-dom/cjs/react-dom.development.js:25547:5)
      at dispatchSetState (../../node_modules/react-dom/cjs/react-dom.development.js:16708:7)
      at ../../node_modules/@mui/material/InputBase/InputBase.js:448:22
      at commitHookEffectListMount (../../node_modules/react-dom/cjs/react-dom.development.js:23189:26)
      at commitPassiveMountOnFiber (../../node_modules/react-dom/cjs/react-dom.development.js:24970:11)
      at commitPassiveMountEffects_complete (../../node_modules/react-dom/cjs/react-dom.development.js:24930:9)
      at commitPassiveMountEffects_begin (../../node_modules/react-dom/cjs/react-dom.development.js:24917:7)
      at commitPassiveMountEffects (../../node_modules/react-dom/cjs/react-dom.development.js:24905:3)
      at flushPassiveEffectsImpl (../../node_modules/react-dom/cjs/react-dom.development.js:27078:3)
      at flushPassiveEffects (../../node_modules/react-dom/cjs/react-dom.development.js:27023:14)
      at commitRootImpl (../../node_modules/react-dom/cjs/react-dom.development.js:26974:5)
      at commitRoot (../../node_modules/react-dom/cjs/react-dom.development.js:26721:5)
      at performSyncWorkOnRoot (../../node_modules/react-dom/cjs/react-dom.development.js:26156:3)
      at flushSyncCallbacks (../../node_modules/react-dom/cjs/react-dom.development.js:12042:22)
      at flushSync (../../node_modules/react-dom/cjs/react-dom.development.js:26240:7)
      at finishEventHandler (../../node_modules/react-dom/cjs/react-dom.development.js:3976:5)
      at batchedUpdates (../../node_modules/react-dom/cjs/react-dom.development.js:3994:5)
      at dispatchEventForPluginEventSystem (../../node_modules/react-dom/cjs/react-dom.development.js:9287:3)
      at dispatchEventWithEnableCapturePhaseSelectiveHydrationWithoutDiscreteEventReplay (../../node_modules/react-dom/cjs/react-dom.development.js:6465:5)
      at dispatchEvent (../../node_modules/react-dom/cjs/react-dom.development.js:6457:5)
      at dispatchDiscreteEvent (../../node_modules/react-dom/cjs/react-dom.development.js:6430:5)
      at HTMLDivElement.callTheUserObjectsOperation (../../node_modules/jsdom/lib/jsdom/living/generated/EventListener.js:26:30)
      at innerInvokeEventListeners (../../node_modules/jsdom/lib/jsdom/living/events/EventTarget-impl.js:338:25)
      at invokeEventListeners (../../node_modules/jsdom/lib/jsdom/living/events/EventTarget-impl.js:274:3)
      at HTMLTextAreaElementImpl._dispatch (../../node_modules/jsdom/lib/jsdom/living/events/EventTarget-impl.js:221:9)
      at HTMLTextAreaElementImpl.dispatchEvent (../../node_modules/jsdom/lib/jsdom/living/events/EventTarget-impl.js:94:17)
      at HTMLTextAreaElement.dispatchEvent (../../node_modules/jsdom/lib/jsdom/living/generated/EventTarget.js:231:34)
      at ../../node_modules/@testing-library/user-event/dist/cjs/event/dispatchEvent.js:45:43
      at Object.eventWrapper (../../node_modules/@testing-library/dom/dist/config.js:25:23)
      at Object.wrapEvent (../../node_modules/@testing-library/user-event/dist/cjs/event/wrapEvent.js:6:28)
      at Object.dispatchEvent (../../node_modules/@testing-library/user-event/dist/cjs/event/dispatchEvent.js:45:22)
      at Object.dispatchUIEvent (../../node_modules/@testing-library/user-event/dist/cjs/event/dispatchEvent.js:22:26)
      at commitInput (../../node_modules/@testing-library/user-event/dist/cjs/event/input.js:145:14)
      at editInputElement (../../node_modules/@testing-library/user-event/dist/cjs/event/input.js:115:9)
      at Object.input (../../node_modules/@testing-library/user-event/dist/cjs/event/input.js:37:9)
      at ../../node_modules/@testing-library/user-event/dist/cjs/event/behavior/keypress.js:31:26
      at Object.dispatchEvent (../../node_modules/@testing-library/user-event/dist/cjs/event/dispatchEvent.js:41:13)
      at Object.dispatchUIEvent (../../node_modules/@testing-library/user-event/dist/cjs/event/dispatchEvent.js:22:26)
      at KeyboardHost.keydown (../../node_modules/@testing-library/user-event/dist/cjs/system/keyboard.js:76:22)
      at keyboardAction (../../node_modules/@testing-library/user-event/dist/cjs/keyboard/index.js:22:35)
      at Object.keyboard (../../node_modules/@testing-library/user-event/dist/cjs/keyboard/index.js:11:15)
      at Object.type (../../node_modules/@testing-library/user-event/dist/cjs/utility/type.js:17:5)
      at Object.<anonymous> (src/__tests__/App.test.js:119:5)

  console.error
    Warning: An update to TaskForm inside a test was not wrapped in act(...).
    
    When testing, code that causes React state updates should be wrapped into act(...):
    
    act(() => {
      /* fire events that update state */
    });
    /* assert on the output */
    
    This ensures that you're testing the behavior the user would see in the browser. Learn more at https://reactjs.org/link/wrap-tests-with-act
        at TaskForm (/workspaces/dajp-ae-bootcamp-session-3/packages/frontend/src/TaskForm.js:6:21)
        at div
        at /workspaces/dajp-ae-bootcamp-session-3/node_modules/@emotion/react/dist/emotion-element-a1829a1e.cjs.js:58:23
        at Box (/workspaces/dajp-ae-bootcamp-session-3/node_modules/@mui/system/createBox/createBox.js:27:41)
        at div
        at /workspaces/dajp-ae-bootcamp-session-3/node_modules/@emotion/react/dist/emotion-element-a1829a1e.cjs.js:58:23
        at Container (/workspaces/dajp-ae-bootcamp-session-3/node_modules/@mui/system/Container/createContainer.js:111:19)
        at div
        at /workspaces/dajp-ae-bootcamp-session-3/node_modules/@emotion/react/dist/emotion-element-a1829a1e.cjs.js:58:23
        at Box (/workspaces/dajp-ae-bootcamp-session-3/node_modules/@mui/system/createBox/createBox.js:27:41)
        at App (/workspaces/dajp-ae-bootcamp-session-3/packages/frontend/src/App.js:8:49)

      106 |           label="Description"
      107 |           value={description}
    > 108 |           onChange={e => setDescription(e.target.value)}
          |                          ^
      109 |           multiline
      110 |           minRows={2}
      111 |           variant="outlined"

      at printWarning (../../node_modules/react-dom/cjs/react-dom.development.js:86:30)
      at error (../../node_modules/react-dom/cjs/react-dom.development.js:60:7)
      at warnIfUpdatesNotWrappedWithActDEV (../../node_modules/react-dom/cjs/react-dom.development.js:27628:9)
      at scheduleUpdateOnFiber (../../node_modules/react-dom/cjs/react-dom.development.js:25547:5)
      at setDescription (../../node_modules/react-dom/cjs/react-dom.development.js:16708:7)
      at onChange (src/TaskForm.js:108:26)
      at handleChange (../../node_modules/@mui/material/InputBase/InputBase.js:396:7)
      at handleChange (../../node_modules/@mui/material/TextareaAutosize/TextareaAutosize.js:200:7)
      at HTMLUnknownElement.callCallback (../../node_modules/react-dom/cjs/react-dom.development.js:4164:14)
      at HTMLUnknownElement.callTheUserObjectsOperation (../../node_modules/jsdom/lib/jsdom/living/generated/EventListener.js:26:30)
      at innerInvokeEventListeners (../../node_modules/jsdom/lib/jsdom/living/events/EventTarget-impl.js:338:25)
      at invokeEventListeners (../../node_modules/jsdom/lib/jsdom/living/events/EventTarget-impl.js:274:3)
      at HTMLUnknownElementImpl._dispatch (../../node_modules/jsdom/lib/jsdom/living/events/EventTarget-impl.js:221:9)
      at HTMLUnknownElementImpl.dispatchEvent (../../node_modules/jsdom/lib/jsdom/living/events/EventTarget-impl.js:94:17)
      at HTMLUnknownElement.dispatchEvent (../../node_modules/jsdom/lib/jsdom/living/generated/EventTarget.js:231:34)
      at Object.invokeGuardedCallbackDev (../../node_modules/react-dom/cjs/react-dom.development.js:4213:16)
      at invokeGuardedCallback (../../node_modules/react-dom/cjs/react-dom.development.js:4277:31)
      at invokeGuardedCallbackAndCatchFirstError (../../node_modules/react-dom/cjs/react-dom.development.js:4291:25)
      at executeDispatch (../../node_modules/react-dom/cjs/react-dom.development.js:9041:3)
      at processDispatchQueueItemsInOrder (../../node_modules/react-dom/cjs/react-dom.development.js:9073:7)
      at processDispatchQueue (../../node_modules/react-dom/cjs/react-dom.development.js:9086:5)
      at dispatchEventsForPlugins (../../node_modules/react-dom/cjs/react-dom.development.js:9097:3)
      at ../../node_modules/react-dom/cjs/react-dom.development.js:9288:12
      at batchedUpdates$1 (../../node_modules/react-dom/cjs/react-dom.development.js:26179:12)
      at batchedUpdates (../../node_modules/react-dom/cjs/react-dom.development.js:3991:12)
      at dispatchEventForPluginEventSystem (../../node_modules/react-dom/cjs/react-dom.development.js:9287:3)
      at dispatchEventWithEnableCapturePhaseSelectiveHydrationWithoutDiscreteEventReplay (../../node_modules/react-dom/cjs/react-dom.development.js:6465:5)
      at dispatchEvent (../../node_modules/react-dom/cjs/react-dom.development.js:6457:5)
      at dispatchDiscreteEvent (../../node_modules/react-dom/cjs/react-dom.development.js:6430:5)
      at HTMLDivElement.callTheUserObjectsOperation (../../node_modules/jsdom/lib/jsdom/living/generated/EventListener.js:26:30)
      at innerInvokeEventListeners (../../node_modules/jsdom/lib/jsdom/living/events/EventTarget-impl.js:338:25)
      at invokeEventListeners (../../node_modules/jsdom/lib/jsdom/living/events/EventTarget-impl.js:274:3)
      at HTMLTextAreaElementImpl._dispatch (../../node_modules/jsdom/lib/jsdom/living/events/EventTarget-impl.js:221:9)
      at HTMLTextAreaElementImpl.dispatchEvent (../../node_modules/jsdom/lib/jsdom/living/events/EventTarget-impl.js:94:17)
      at HTMLTextAreaElement.dispatchEvent (../../node_modules/jsdom/lib/jsdom/living/generated/EventTarget.js:231:34)
      at ../../node_modules/@testing-library/user-event/dist/cjs/event/dispatchEvent.js:45:43
      at Object.eventWrapper (../../node_modules/@testing-library/dom/dist/config.js:25:23)
      at Object.wrapEvent (../../node_modules/@testing-library/user-event/dist/cjs/event/wrapEvent.js:6:28)
      at Object.dispatchEvent (../../node_modules/@testing-library/user-event/dist/cjs/event/dispatchEvent.js:45:22)
      at Object.dispatchUIEvent (../../node_modules/@testing-library/user-event/dist/cjs/event/dispatchEvent.js:22:26)
      at commitInput (../../node_modules/@testing-library/user-event/dist/cjs/event/input.js:145:14)
      at editInputElement (../../node_modules/@testing-library/user-event/dist/cjs/event/input.js:115:9)
      at Object.input (../../node_modules/@testing-library/user-event/dist/cjs/event/input.js:37:9)
      at ../../node_modules/@testing-library/user-event/dist/cjs/event/behavior/keypress.js:31:26
      at Object.dispatchEvent (../../node_modules/@testing-library/user-event/dist/cjs/event/dispatchEvent.js:41:13)
      at Object.dispatchUIEvent (../../node_modules/@testing-library/user-event/dist/cjs/event/dispatchEvent.js:22:26)
      at KeyboardHost.keydown (../../node_modules/@testing-library/user-event/dist/cjs/system/keyboard.js:76:22)

  console.error
    Warning: An update to ForwardRef(FormControl) inside a test was not wrapped in act(...).
    
    When testing, code that causes React state updates should be wrapped into act(...):
    
    act(() => {
      /* fire events that update state */
    });
    /* assert on the output */
    
    This ensures that you're testing the behavior the user would see in the browser. Learn more at https://reactjs.org/link/wrap-tests-with-act
        at FormControl (/workspaces/dajp-ae-bootcamp-session-3/node_modules/@mui/material/FormControl/FormControl.js:104:59)
        at /workspaces/dajp-ae-bootcamp-session-3/node_modules/@emotion/react/dist/emotion-element-a1829a1e.cjs.js:58:23
        at TextField (/workspaces/dajp-ae-bootcamp-session-3/node_modules/@mui/material/TextField/TextField.js:80:59)
        at form
        at /workspaces/dajp-ae-bootcamp-session-3/node_modules/@emotion/react/dist/emotion-element-a1829a1e.cjs.js:58:23
        at Box (/workspaces/dajp-ae-bootcamp-session-3/node_modules/@mui/system/createBox/createBox.js:27:41)
        at div
        at /workspaces/dajp-ae-bootcamp-session-3/node_modules/@emotion/react/dist/emotion-element-a1829a1e.cjs.js:58:23
        at Paper (/workspaces/dajp-ae-bootcamp-session-3/node_modules/@mui/material/Paper/Paper.js:75:59)
        at TaskForm (/workspaces/dajp-ae-bootcamp-session-3/packages/frontend/src/TaskForm.js:6:21)
        at div
        at /workspaces/dajp-ae-bootcamp-session-3/node_modules/@emotion/react/dist/emotion-element-a1829a1e.cjs.js:58:23
        at Box (/workspaces/dajp-ae-bootcamp-session-3/node_modules/@mui/system/createBox/createBox.js:27:41)
        at div
        at /workspaces/dajp-ae-bootcamp-session-3/node_modules/@emotion/react/dist/emotion-element-a1829a1e.cjs.js:58:23
        at Container (/workspaces/dajp-ae-bootcamp-session-3/node_modules/@mui/system/Container/createContainer.js:111:19)
        at div
        at /workspaces/dajp-ae-bootcamp-session-3/node_modules/@emotion/react/dist/emotion-element-a1829a1e.cjs.js:58:23
        at Box (/workspaces/dajp-ae-bootcamp-session-3/node_modules/@mui/system/createBox/createBox.js:27:41)
        at App (/workspaces/dajp-ae-bootcamp-session-3/packages/frontend/src/App.js:8:49)

      117 |     });
      118 |     await user.type(screen.getByTestId('title-input'), 'New Test Task');
    > 119 |     await user.type(screen.getByTestId('description-input'), 'Task description');
          |     ^
      120 |     await user.click(screen.getByTestId('submit-task'));
      121 |     await waitFor(() => {
      122 |       expect(screen.getByText(/New Test Task/i)).toBeInTheDocument();

      at printWarning (../../node_modules/react-dom/cjs/react-dom.development.js:86:30)
      at error (../../node_modules/react-dom/cjs/react-dom.development.js:60:7)
      at warnIfUpdatesNotWrappedWithActDEV (../../node_modules/react-dom/cjs/react-dom.development.js:27628:9)
      at scheduleUpdateOnFiber (../../node_modules/react-dom/cjs/react-dom.development.js:25547:5)
      at dispatchSetState (../../node_modules/react-dom/cjs/react-dom.development.js:16708:7)
      at ../../node_modules/@mui/material/InputBase/InputBase.js:448:22
      at commitHookEffectListMount (../../node_modules/react-dom/cjs/react-dom.development.js:23189:26)
      at commitPassiveMountOnFiber (../../node_modules/react-dom/cjs/react-dom.development.js:24970:11)
      at commitPassiveMountEffects_complete (../../node_modules/react-dom/cjs/react-dom.development.js:24930:9)
      at commitPassiveMountEffects_begin (../../node_modules/react-dom/cjs/react-dom.development.js:24917:7)
      at commitPassiveMountEffects (../../node_modules/react-dom/cjs/react-dom.development.js:24905:3)
      at flushPassiveEffectsImpl (../../node_modules/react-dom/cjs/react-dom.development.js:27078:3)
      at flushPassiveEffects (../../node_modules/react-dom/cjs/react-dom.development.js:27023:14)
      at commitRootImpl (../../node_modules/react-dom/cjs/react-dom.development.js:26974:5)
      at commitRoot (../../node_modules/react-dom/cjs/react-dom.development.js:26721:5)
      at performSyncWorkOnRoot (../../node_modules/react-dom/cjs/react-dom.development.js:26156:3)
      at flushSyncCallbacks (../../node_modules/react-dom/cjs/react-dom.development.js:12042:22)
      at flushSync (../../node_modules/react-dom/cjs/react-dom.development.js:26240:7)
      at finishEventHandler (../../node_modules/react-dom/cjs/react-dom.development.js:3976:5)
      at batchedUpdates (../../node_modules/react-dom/cjs/react-dom.development.js:3994:5)
      at dispatchEventForPluginEventSystem (../../node_modules/react-dom/cjs/react-dom.development.js:9287:3)
      at dispatchEventWithEnableCapturePhaseSelectiveHydrationWithoutDiscreteEventReplay (../../node_modules/react-dom/cjs/react-dom.development.js:6465:5)
      at dispatchEvent (../../node_modules/react-dom/cjs/react-dom.development.js:6457:5)
      at dispatchDiscreteEvent (../../node_modules/react-dom/cjs/react-dom.development.js:6430:5)
      at HTMLDivElement.callTheUserObjectsOperation (../../node_modules/jsdom/lib/jsdom/living/generated/EventListener.js:26:30)
      at innerInvokeEventListeners (../../node_modules/jsdom/lib/jsdom/living/events/EventTarget-impl.js:338:25)
      at invokeEventListeners (../../node_modules/jsdom/lib/jsdom/living/events/EventTarget-impl.js:274:3)
      at HTMLTextAreaElementImpl._dispatch (../../node_modules/jsdom/lib/jsdom/living/events/EventTarget-impl.js:221:9)
      at HTMLTextAreaElementImpl.dispatchEvent (../../node_modules/jsdom/lib/jsdom/living/events/EventTarget-impl.js:94:17)
      at HTMLTextAreaElement.dispatchEvent (../../node_modules/jsdom/lib/jsdom/living/generated/EventTarget.js:231:34)
      at ../../node_modules/@testing-library/user-event/dist/cjs/event/dispatchEvent.js:45:43
      at Object.eventWrapper (../../node_modules/@testing-library/dom/dist/config.js:25:23)
      at Object.wrapEvent (../../node_modules/@testing-library/user-event/dist/cjs/event/wrapEvent.js:6:28)
      at Object.dispatchEvent (../../node_modules/@testing-library/user-event/dist/cjs/event/dispatchEvent.js:45:22)
      at Object.dispatchUIEvent (../../node_modules/@testing-library/user-event/dist/cjs/event/dispatchEvent.js:22:26)
      at commitInput (../../node_modules/@testing-library/user-event/dist/cjs/event/input.js:145:14)
      at editInputElement (../../node_modules/@testing-library/user-event/dist/cjs/event/input.js:115:9)
      at Object.input (../../node_modules/@testing-library/user-event/dist/cjs/event/input.js:37:9)
      at ../../node_modules/@testing-library/user-event/dist/cjs/event/behavior/keypress.js:31:26
      at Object.dispatchEvent (../../node_modules/@testing-library/user-event/dist/cjs/event/dispatchEvent.js:41:13)
      at Object.dispatchUIEvent (../../node_modules/@testing-library/user-event/dist/cjs/event/dispatchEvent.js:22:26)
      at KeyboardHost.keydown (../../node_modules/@testing-library/user-event/dist/cjs/system/keyboard.js:76:22)
      at keyboardAction (../../node_modules/@testing-library/user-event/dist/cjs/keyboard/index.js:22:35)
      at Object.keyboard (../../node_modules/@testing-library/user-event/dist/cjs/keyboard/index.js:11:15)
      at Object.type (../../node_modules/@testing-library/user-event/dist/cjs/utility/type.js:17:5)
      at Object.<anonymous> (src/__tests__/App.test.js:119:5)

  console.error
    Warning: An update to ForwardRef(FormControl) inside a test was not wrapped in act(...).
    
    When testing, code that causes React state updates should be wrapped into act(...):
    
    act(() => {
      /* fire events that update state */
    });
    /* assert on the output */
    
    This ensures that you're testing the behavior the user would see in the browser. Learn more at https://reactjs.org/link/wrap-tests-with-act
        at FormControl (/workspaces/dajp-ae-bootcamp-session-3/node_modules/@mui/material/FormControl/FormControl.js:104:59)
        at /workspaces/dajp-ae-bootcamp-session-3/node_modules/@emotion/react/dist/emotion-element-a1829a1e.cjs.js:58:23
        at TextField (/workspaces/dajp-ae-bootcamp-session-3/node_modules/@mui/material/TextField/TextField.js:80:59)
        at form
        at /workspaces/dajp-ae-bootcamp-session-3/node_modules/@emotion/react/dist/emotion-element-a1829a1e.cjs.js:58:23
        at Box (/workspaces/dajp-ae-bootcamp-session-3/node_modules/@mui/system/createBox/createBox.js:27:41)
        at div
        at /workspaces/dajp-ae-bootcamp-session-3/node_modules/@emotion/react/dist/emotion-element-a1829a1e.cjs.js:58:23
        at Paper (/workspaces/dajp-ae-bootcamp-session-3/node_modules/@mui/material/Paper/Paper.js:75:59)
        at TaskForm (/workspaces/dajp-ae-bootcamp-session-3/packages/frontend/src/TaskForm.js:6:21)
        at div
        at /workspaces/dajp-ae-bootcamp-session-3/node_modules/@emotion/react/dist/emotion-element-a1829a1e.cjs.js:58:23
        at Box (/workspaces/dajp-ae-bootcamp-session-3/node_modules/@mui/system/createBox/createBox.js:27:41)
        at div
        at /workspaces/dajp-ae-bootcamp-session-3/node_modules/@emotion/react/dist/emotion-element-a1829a1e.cjs.js:58:23
        at Container (/workspaces/dajp-ae-bootcamp-session-3/node_modules/@mui/system/Container/createContainer.js:111:19)
        at div
        at /workspaces/dajp-ae-bootcamp-session-3/node_modules/@emotion/react/dist/emotion-element-a1829a1e.cjs.js:58:23
        at Box (/workspaces/dajp-ae-bootcamp-session-3/node_modules/@mui/system/createBox/createBox.js:27:41)
        at App (/workspaces/dajp-ae-bootcamp-session-3/packages/frontend/src/App.js:8:49)

      117 |     });
      118 |     await user.type(screen.getByTestId('title-input'), 'New Test Task');
    > 119 |     await user.type(screen.getByTestId('description-input'), 'Task description');
          |     ^
      120 |     await user.click(screen.getByTestId('submit-task'));
      121 |     await waitFor(() => {
      122 |       expect(screen.getByText(/New Test Task/i)).toBeInTheDocument();

      at printWarning (../../node_modules/react-dom/cjs/react-dom.development.js:86:30)
      at error (../../node_modules/react-dom/cjs/react-dom.development.js:60:7)
      at warnIfUpdatesNotWrappedWithActDEV (../../node_modules/react-dom/cjs/react-dom.development.js:27628:9)
      at scheduleUpdateOnFiber (../../node_modules/react-dom/cjs/react-dom.development.js:25547:5)
      at dispatchSetState (../../node_modules/react-dom/cjs/react-dom.development.js:16708:7)
      at ../../node_modules/@mui/material/InputBase/InputBase.js:448:22
      at commitHookEffectListMount (../../node_modules/react-dom/cjs/react-dom.development.js:23189:26)
      at commitPassiveMountOnFiber (../../node_modules/react-dom/cjs/react-dom.development.js:24970:11)
      at commitPassiveMountEffects_complete (../../node_modules/react-dom/cjs/react-dom.development.js:24930:9)
      at commitPassiveMountEffects_begin (../../node_modules/react-dom/cjs/react-dom.development.js:24917:7)
      at commitPassiveMountEffects (../../node_modules/react-dom/cjs/react-dom.development.js:24905:3)
      at flushPassiveEffectsImpl (../../node_modules/react-dom/cjs/react-dom.development.js:27078:3)
      at flushPassiveEffects (../../node_modules/react-dom/cjs/react-dom.development.js:27023:14)
      at commitRootImpl (../../node_modules/react-dom/cjs/react-dom.development.js:26974:5)
      at commitRoot (../../node_modules/react-dom/cjs/react-dom.development.js:26721:5)
      at performSyncWorkOnRoot (../../node_modules/react-dom/cjs/react-dom.development.js:26156:3)
      at flushSyncCallbacks (../../node_modules/react-dom/cjs/react-dom.development.js:12042:22)
      at flushSync (../../node_modules/react-dom/cjs/react-dom.development.js:26240:7)
      at finishEventHandler (../../node_modules/react-dom/cjs/react-dom.development.js:3976:5)
      at batchedUpdates (../../node_modules/react-dom/cjs/react-dom.development.js:3994:5)
      at dispatchEventForPluginEventSystem (../../node_modules/react-dom/cjs/react-dom.development.js:9287:3)
      at dispatchEventWithEnableCapturePhaseSelectiveHydrationWithoutDiscreteEventReplay (../../node_modules/react-dom/cjs/react-dom.development.js:6465:5)
      at dispatchEvent (../../node_modules/react-dom/cjs/react-dom.development.js:6457:5)
      at dispatchDiscreteEvent (../../node_modules/react-dom/cjs/react-dom.development.js:6430:5)
      at HTMLDivElement.callTheUserObjectsOperation (../../node_modules/jsdom/lib/jsdom/living/generated/EventListener.js:26:30)
      at innerInvokeEventListeners (../../node_modules/jsdom/lib/jsdom/living/events/EventTarget-impl.js:338:25)
      at invokeEventListeners (../../node_modules/jsdom/lib/jsdom/living/events/EventTarget-impl.js:274:3)
      at HTMLTextAreaElementImpl._dispatch (../../node_modules/jsdom/lib/jsdom/living/events/EventTarget-impl.js:221:9)
      at HTMLTextAreaElementImpl.dispatchEvent (../../node_modules/jsdom/lib/jsdom/living/events/EventTarget-impl.js:94:17)
      at HTMLTextAreaElement.dispatchEvent (../../node_modules/jsdom/lib/jsdom/living/generated/EventTarget.js:231:34)
      at ../../node_modules/@testing-library/user-event/dist/cjs/event/dispatchEvent.js:45:43
      at Object.eventWrapper (../../node_modules/@testing-library/dom/dist/config.js:25:23)
      at Object.wrapEvent (../../node_modules/@testing-library/user-event/dist/cjs/event/wrapEvent.js:6:28)
      at Object.dispatchEvent (../../node_modules/@testing-library/user-event/dist/cjs/event/dispatchEvent.js:45:22)
      at Object.dispatchUIEvent (../../node_modules/@testing-library/user-event/dist/cjs/event/dispatchEvent.js:22:26)
      at commitInput (../../node_modules/@testing-library/user-event/dist/cjs/event/input.js:145:14)
      at editInputElement (../../node_modules/@testing-library/user-event/dist/cjs/event/input.js:115:9)
      at Object.input (../../node_modules/@testing-library/user-event/dist/cjs/event/input.js:37:9)
      at ../../node_modules/@testing-library/user-event/dist/cjs/event/behavior/keypress.js:31:26
      at Object.dispatchEvent (../../node_modules/@testing-library/user-event/dist/cjs/event/dispatchEvent.js:41:13)
      at Object.dispatchUIEvent (../../node_modules/@testing-library/user-event/dist/cjs/event/dispatchEvent.js:22:26)
      at KeyboardHost.keydown (../../node_modules/@testing-library/user-event/dist/cjs/system/keyboard.js:76:22)
      at keyboardAction (../../node_modules/@testing-library/user-event/dist/cjs/keyboard/index.js:22:35)
      at Object.keyboard (../../node_modules/@testing-library/user-event/dist/cjs/keyboard/index.js:11:15)
      at Object.type (../../node_modules/@testing-library/user-event/dist/cjs/utility/type.js:17:5)
      at Object.<anonymous> (src/__tests__/App.test.js:119:5)

  console.error
    Warning: An update to TaskForm inside a test was not wrapped in act(...).
    
    When testing, code that causes React state updates should be wrapped into act(...):
    
    act(() => {
      /* fire events that update state */
    });
    /* assert on the output */
    
    This ensures that you're testing the behavior the user would see in the browser. Learn more at https://reactjs.org/link/wrap-tests-with-act
        at TaskForm (/workspaces/dajp-ae-bootcamp-session-3/packages/frontend/src/TaskForm.js:6:21)
        at div
        at /workspaces/dajp-ae-bootcamp-session-3/node_modules/@emotion/react/dist/emotion-element-a1829a1e.cjs.js:58:23
        at Box (/workspaces/dajp-ae-bootcamp-session-3/node_modules/@mui/system/createBox/createBox.js:27:41)
        at div
        at /workspaces/dajp-ae-bootcamp-session-3/node_modules/@emotion/react/dist/emotion-element-a1829a1e.cjs.js:58:23
        at Container (/workspaces/dajp-ae-bootcamp-session-3/node_modules/@mui/system/Container/createContainer.js:111:19)
        at div
        at /workspaces/dajp-ae-bootcamp-session-3/node_modules/@emotion/react/dist/emotion-element-a1829a1e.cjs.js:58:23
        at Box (/workspaces/dajp-ae-bootcamp-session-3/node_modules/@mui/system/createBox/createBox.js:27:41)
        at App (/workspaces/dajp-ae-bootcamp-session-3/packages/frontend/src/App.js:8:49)

      106 |           label="Description"
      107 |           value={description}
    > 108 |           onChange={e => setDescription(e.target.value)}
          |                          ^
      109 |           multiline
      110 |           minRows={2}
      111 |           variant="outlined"

      at printWarning (../../node_modules/react-dom/cjs/react-dom.development.js:86:30)
      at error (../../node_modules/react-dom/cjs/react-dom.development.js:60:7)
      at warnIfUpdatesNotWrappedWithActDEV (../../node_modules/react-dom/cjs/react-dom.development.js:27628:9)
      at scheduleUpdateOnFiber (../../node_modules/react-dom/cjs/react-dom.development.js:25547:5)
      at setDescription (../../node_modules/react-dom/cjs/react-dom.development.js:16708:7)
      at onChange (src/TaskForm.js:108:26)
      at handleChange (../../node_modules/@mui/material/InputBase/InputBase.js:396:7)
      at handleChange (../../node_modules/@mui/material/TextareaAutosize/TextareaAutosize.js:200:7)
      at HTMLUnknownElement.callCallback (../../node_modules/react-dom/cjs/react-dom.development.js:4164:14)
      at HTMLUnknownElement.callTheUserObjectsOperation (../../node_modules/jsdom/lib/jsdom/living/generated/EventListener.js:26:30)
      at innerInvokeEventListeners (../../node_modules/jsdom/lib/jsdom/living/events/EventTarget-impl.js:338:25)
      at invokeEventListeners (../../node_modules/jsdom/lib/jsdom/living/events/EventTarget-impl.js:274:3)
      at HTMLUnknownElementImpl._dispatch (../../node_modules/jsdom/lib/jsdom/living/events/EventTarget-impl.js:221:9)
      at HTMLUnknownElementImpl.dispatchEvent (../../node_modules/jsdom/lib/jsdom/living/events/EventTarget-impl.js:94:17)
      at HTMLUnknownElement.dispatchEvent (../../node_modules/jsdom/lib/jsdom/living/generated/EventTarget.js:231:34)
      at Object.invokeGuardedCallbackDev (../../node_modules/react-dom/cjs/react-dom.development.js:4213:16)
      at invokeGuardedCallback (../../node_modules/react-dom/cjs/react-dom.development.js:4277:31)
      at invokeGuardedCallbackAndCatchFirstError (../../node_modules/react-dom/cjs/react-dom.development.js:4291:25)
      at executeDispatch (../../node_modules/react-dom/cjs/react-dom.development.js:9041:3)
      at processDispatchQueueItemsInOrder (../../node_modules/react-dom/cjs/react-dom.development.js:9073:7)
      at processDispatchQueue (../../node_modules/react-dom/cjs/react-dom.development.js:9086:5)
      at dispatchEventsForPlugins (../../node_modules/react-dom/cjs/react-dom.development.js:9097:3)
      at ../../node_modules/react-dom/cjs/react-dom.development.js:9288:12
      at batchedUpdates$1 (../../node_modules/react-dom/cjs/react-dom.development.js:26179:12)
      at batchedUpdates (../../node_modules/react-dom/cjs/react-dom.development.js:3991:12)
      at dispatchEventForPluginEventSystem (../../node_modules/react-dom/cjs/react-dom.development.js:9287:3)
      at dispatchEventWithEnableCapturePhaseSelectiveHydrationWithoutDiscreteEventReplay (../../node_modules/react-dom/cjs/react-dom.development.js:6465:5)
      at dispatchEvent (../../node_modules/react-dom/cjs/react-dom.development.js:6457:5)
      at dispatchDiscreteEvent (../../node_modules/react-dom/cjs/react-dom.development.js:6430:5)
      at HTMLDivElement.callTheUserObjectsOperation (../../node_modules/jsdom/lib/jsdom/living/generated/EventListener.js:26:30)
      at innerInvokeEventListeners (../../node_modules/jsdom/lib/jsdom/living/events/EventTarget-impl.js:338:25)
      at invokeEventListeners (../../node_modules/jsdom/lib/jsdom/living/events/EventTarget-impl.js:274:3)
      at HTMLTextAreaElementImpl._dispatch (../../node_modules/jsdom/lib/jsdom/living/events/EventTarget-impl.js:221:9)
      at HTMLTextAreaElementImpl.dispatchEvent (../../node_modules/jsdom/lib/jsdom/living/events/EventTarget-impl.js:94:17)
      at HTMLTextAreaElement.dispatchEvent (../../node_modules/jsdom/lib/jsdom/living/generated/EventTarget.js:231:34)
      at ../../node_modules/@testing-library/user-event/dist/cjs/event/dispatchEvent.js:45:43
      at Object.eventWrapper (../../node_modules/@testing-library/dom/dist/config.js:25:23)
      at Object.wrapEvent (../../node_modules/@testing-library/user-event/dist/cjs/event/wrapEvent.js:6:28)
      at Object.dispatchEvent (../../node_modules/@testing-library/user-event/dist/cjs/event/dispatchEvent.js:45:22)
      at Object.dispatchUIEvent (../../node_modules/@testing-library/user-event/dist/cjs/event/dispatchEvent.js:22:26)
      at commitInput (../../node_modules/@testing-library/user-event/dist/cjs/event/input.js:145:14)
      at editInputElement (../../node_modules/@testing-library/user-event/dist/cjs/event/input.js:115:9)
      at Object.input (../../node_modules/@testing-library/user-event/dist/cjs/event/input.js:37:9)
      at ../../node_modules/@testing-library/user-event/dist/cjs/event/behavior/keypress.js:31:26
      at Object.dispatchEvent (../../node_modules/@testing-library/user-event/dist/cjs/event/dispatchEvent.js:41:13)
      at Object.dispatchUIEvent (../../node_modules/@testing-library/user-event/dist/cjs/event/dispatchEvent.js:22:26)
      at KeyboardHost.keydown (../../node_modules/@testing-library/user-event/dist/cjs/system/keyboard.js:76:22)

  console.error
    Warning: An update to ForwardRef(FormControl) inside a test was not wrapped in act(...).
    
    When testing, code that causes React state updates should be wrapped into act(...):
    
    act(() => {
      /* fire events that update state */
    });
    /* assert on the output */
    
    This ensures that you're testing the behavior the user would see in the browser. Learn more at https://reactjs.org/link/wrap-tests-with-act
        at FormControl (/workspaces/dajp-ae-bootcamp-session-3/node_modules/@mui/material/FormControl/FormControl.js:104:59)
        at /workspaces/dajp-ae-bootcamp-session-3/node_modules/@emotion/react/dist/emotion-element-a1829a1e.cjs.js:58:23
        at TextField (/workspaces/dajp-ae-bootcamp-session-3/node_modules/@mui/material/TextField/TextField.js:80:59)
        at form
        at /workspaces/dajp-ae-bootcamp-session-3/node_modules/@emotion/react/dist/emotion-element-a1829a1e.cjs.js:58:23
        at Box (/workspaces/dajp-ae-bootcamp-session-3/node_modules/@mui/system/createBox/createBox.js:27:41)
        at div
        at /workspaces/dajp-ae-bootcamp-session-3/node_modules/@emotion/react/dist/emotion-element-a1829a1e.cjs.js:58:23
        at Paper (/workspaces/dajp-ae-bootcamp-session-3/node_modules/@mui/material/Paper/Paper.js:75:59)
        at TaskForm (/workspaces/dajp-ae-bootcamp-session-3/packages/frontend/src/TaskForm.js:6:21)
        at div
        at /workspaces/dajp-ae-bootcamp-session-3/node_modules/@emotion/react/dist/emotion-element-a1829a1e.cjs.js:58:23
        at Box (/workspaces/dajp-ae-bootcamp-session-3/node_modules/@mui/system/createBox/createBox.js:27:41)
        at div
        at /workspaces/dajp-ae-bootcamp-session-3/node_modules/@emotion/react/dist/emotion-element-a1829a1e.cjs.js:58:23
        at Container (/workspaces/dajp-ae-bootcamp-session-3/node_modules/@mui/system/Container/createContainer.js:111:19)
        at div
        at /workspaces/dajp-ae-bootcamp-session-3/node_modules/@emotion/react/dist/emotion-element-a1829a1e.cjs.js:58:23
        at Box (/workspaces/dajp-ae-bootcamp-session-3/node_modules/@mui/system/createBox/createBox.js:27:41)
        at App (/workspaces/dajp-ae-bootcamp-session-3/packages/frontend/src/App.js:8:49)

      at printWarning (../../node_modules/react-dom/cjs/react-dom.development.js:86:30)
      at error (../../node_modules/react-dom/cjs/react-dom.development.js:60:7)
      at warnIfUpdatesNotWrappedWithActDEV (../../node_modules/react-dom/cjs/react-dom.development.js:27628:9)
      at scheduleUpdateOnFiber (../../node_modules/react-dom/cjs/react-dom.development.js:25547:5)
      at dispatchSetState (../../node_modules/react-dom/cjs/react-dom.development.js:16708:7)
      at ../../node_modules/@mui/material/FormControl/FormControl.js:190:5
      at ../../node_modules/@mui/material/InputBase/InputBase.js:341:9
      at ../../node_modules/@mui/material/InputBase/InputBase.js:349:7
      at commitHookEffectListMount (../../node_modules/react-dom/cjs/react-dom.development.js:23189:26)
      at commitLayoutEffectOnFiber (../../node_modules/react-dom/cjs/react-dom.development.js:23312:15)
      at commitLayoutMountEffects_complete (../../node_modules/react-dom/cjs/react-dom.development.js:24727:9)
      at commitLayoutEffects_begin (../../node_modules/react-dom/cjs/react-dom.development.js:24713:7)
      at commitLayoutEffects (../../node_modules/react-dom/cjs/react-dom.development.js:24651:3)
      at commitRootImpl (../../node_modules/react-dom/cjs/react-dom.development.js:26862:5)
      at commitRoot (../../node_modules/react-dom/cjs/react-dom.development.js:26721:5)
      at performSyncWorkOnRoot (../../node_modules/react-dom/cjs/react-dom.development.js:26156:3)
      at flushSyncCallbacks (../../node_modules/react-dom/cjs/react-dom.development.js:12042:22)
      at flushSync (../../node_modules/react-dom/cjs/react-dom.development.js:26240:7)
      at finishEventHandler (../../node_modules/react-dom/cjs/react-dom.development.js:3976:5)
      at batchedUpdates (../../node_modules/react-dom/cjs/react-dom.development.js:3994:5)
      at dispatchEventForPluginEventSystem (../../node_modules/react-dom/cjs/react-dom.development.js:9287:3)
      at dispatchEventWithEnableCapturePhaseSelectiveHydrationWithoutDiscreteEventReplay (../../node_modules/react-dom/cjs/react-dom.development.js:6465:5)
      at dispatchEvent (../../node_modules/react-dom/cjs/react-dom.development.js:6457:5)
      at dispatchDiscreteEvent (../../node_modules/react-dom/cjs/react-dom.development.js:6430:5)
      at HTMLDivElement.callTheUserObjectsOperation (../../node_modules/jsdom/lib/jsdom/living/generated/EventListener.js:26:30)
      at innerInvokeEventListeners (../../node_modules/jsdom/lib/jsdom/living/events/EventTarget-impl.js:338:25)
      at invokeEventListeners (../../node_modules/jsdom/lib/jsdom/living/events/EventTarget-impl.js:274:3)
      at HTMLTextAreaElementImpl._dispatch (../../node_modules/jsdom/lib/jsdom/living/events/EventTarget-impl.js:221:9)
      at HTMLTextAreaElementImpl.dispatchEvent (../../node_modules/jsdom/lib/jsdom/living/events/EventTarget-impl.js:94:17)
      at HTMLTextAreaElement.dispatchEvent (../../node_modules/jsdom/lib/jsdom/living/generated/EventTarget.js:231:34)
      at ../../node_modules/@testing-library/user-event/dist/cjs/event/dispatchEvent.js:45:43
      at Object.eventWrapper (../../node_modules/@testing-library/dom/dist/config.js:25:23)
      at Object.wrapEvent (../../node_modules/@testing-library/user-event/dist/cjs/event/wrapEvent.js:6:28)
      at Object.dispatchEvent (../../node_modules/@testing-library/user-event/dist/cjs/event/dispatchEvent.js:45:22)
      at Object.dispatchUIEvent (../../node_modules/@testing-library/user-event/dist/cjs/event/dispatchEvent.js:22:26)
      at commitInput (../../node_modules/@testing-library/user-event/dist/cjs/event/input.js:145:14)
      at editInputElement (../../node_modules/@testing-library/user-event/dist/cjs/event/input.js:115:9)
      at Object.input (../../node_modules/@testing-library/user-event/dist/cjs/event/input.js:37:9)
      at ../../node_modules/@testing-library/user-event/dist/cjs/event/behavior/keypress.js:31:26
      at Object.dispatchEvent (../../node_modules/@testing-library/user-event/dist/cjs/event/dispatchEvent.js:41:13)
      at Object.dispatchUIEvent (../../node_modules/@testing-library/user-event/dist/cjs/event/dispatchEvent.js:22:26)
      at KeyboardHost.keydown (../../node_modules/@testing-library/user-event/dist/cjs/system/keyboard.js:76:22)
      at keyboardAction (../../node_modules/@testing-library/user-event/dist/cjs/keyboard/index.js:22:35)
      at Object.keyboard (../../node_modules/@testing-library/user-event/dist/cjs/keyboard/index.js:11:15)
      at Object.type (../../node_modules/@testing-library/user-event/dist/cjs/utility/type.js:17:5)

  console.error
    Warning: An update to ForwardRef(FormControl) inside a test was not wrapped in act(...).
    
    When testing, code that causes React state updates should be wrapped into act(...):
    
    act(() => {
      /* fire events that update state */
    });
    /* assert on the output */
    
    This ensures that you're testing the behavior the user would see in the browser. Learn more at https://reactjs.org/link/wrap-tests-with-act
        at FormControl (/workspaces/dajp-ae-bootcamp-session-3/node_modules/@mui/material/FormControl/FormControl.js:104:59)
        at /workspaces/dajp-ae-bootcamp-session-3/node_modules/@emotion/react/dist/emotion-element-a1829a1e.cjs.js:58:23
        at TextField (/workspaces/dajp-ae-bootcamp-session-3/node_modules/@mui/material/TextField/TextField.js:80:59)
        at form
        at /workspaces/dajp-ae-bootcamp-session-3/node_modules/@emotion/react/dist/emotion-element-a1829a1e.cjs.js:58:23
        at Box (/workspaces/dajp-ae-bootcamp-session-3/node_modules/@mui/system/createBox/createBox.js:27:41)
        at div
        at /workspaces/dajp-ae-bootcamp-session-3/node_modules/@emotion/react/dist/emotion-element-a1829a1e.cjs.js:58:23
        at Paper (/workspaces/dajp-ae-bootcamp-session-3/node_modules/@mui/material/Paper/Paper.js:75:59)
        at TaskForm (/workspaces/dajp-ae-bootcamp-session-3/packages/frontend/src/TaskForm.js:6:21)
        at div
        at /workspaces/dajp-ae-bootcamp-session-3/node_modules/@emotion/react/dist/emotion-element-a1829a1e.cjs.js:58:23
        at Box (/workspaces/dajp-ae-bootcamp-session-3/node_modules/@mui/system/createBox/createBox.js:27:41)
        at div
        at /workspaces/dajp-ae-bootcamp-session-3/node_modules/@emotion/react/dist/emotion-element-a1829a1e.cjs.js:58:23
        at Container (/workspaces/dajp-ae-bootcamp-session-3/node_modules/@mui/system/Container/createContainer.js:111:19)
        at div
        at /workspaces/dajp-ae-bootcamp-session-3/node_modules/@emotion/react/dist/emotion-element-a1829a1e.cjs.js:58:23
        at Box (/workspaces/dajp-ae-bootcamp-session-3/node_modules/@mui/system/createBox/createBox.js:27:41)
        at App (/workspaces/dajp-ae-bootcamp-session-3/packages/frontend/src/App.js:8:49)

      at printWarning (../../node_modules/react-dom/cjs/react-dom.development.js:86:30)
      at error (../../node_modules/react-dom/cjs/react-dom.development.js:60:7)
      at warnIfUpdatesNotWrappedWithActDEV (../../node_modules/react-dom/cjs/react-dom.development.js:27628:9)
      at scheduleUpdateOnFiber (../../node_modules/react-dom/cjs/react-dom.development.js:25547:5)
      at dispatchSetState (../../node_modules/react-dom/cjs/react-dom.development.js:16708:7)
      at ../../node_modules/@mui/material/InputBase/InputBase.js:448:22
      at commitHookEffectListMount (../../node_modules/react-dom/cjs/react-dom.development.js:23189:26)
      at commitPassiveMountOnFiber (../../node_modules/react-dom/cjs/react-dom.development.js:24970:11)
      at commitPassiveMountEffects_complete (../../node_modules/react-dom/cjs/react-dom.development.js:24930:9)
      at commitPassiveMountEffects_begin (../../node_modules/react-dom/cjs/react-dom.development.js:24917:7)
      at commitPassiveMountEffects (../../node_modules/react-dom/cjs/react-dom.development.js:24905:3)
      at flushPassiveEffectsImpl (../../node_modules/react-dom/cjs/react-dom.development.js:27078:3)
      at flushPassiveEffects (../../node_modules/react-dom/cjs/react-dom.development.js:27023:14)
      at commitRootImpl (../../node_modules/react-dom/cjs/react-dom.development.js:26974:5)
      at commitRoot (../../node_modules/react-dom/cjs/react-dom.development.js:26721:5)
      at performSyncWorkOnRoot (../../node_modules/react-dom/cjs/react-dom.development.js:26156:3)
      at flushSyncCallbacks (../../node_modules/react-dom/cjs/react-dom.development.js:12042:22)
      at flushSync (../../node_modules/react-dom/cjs/react-dom.development.js:26240:7)
      at finishEventHandler (../../node_modules/react-dom/cjs/react-dom.development.js:3976:5)
      at batchedUpdates (../../node_modules/react-dom/cjs/react-dom.development.js:3994:5)
      at dispatchEventForPluginEventSystem (../../node_modules/react-dom/cjs/react-dom.development.js:9287:3)
      at dispatchEventWithEnableCapturePhaseSelectiveHydrationWithoutDiscreteEventReplay (../../node_modules/react-dom/cjs/react-dom.development.js:6465:5)
      at dispatchEvent (../../node_modules/react-dom/cjs/react-dom.development.js:6457:5)
      at dispatchDiscreteEvent (../../node_modules/react-dom/cjs/react-dom.development.js:6430:5)
      at HTMLDivElement.callTheUserObjectsOperation (../../node_modules/jsdom/lib/jsdom/living/generated/EventListener.js:26:30)
      at innerInvokeEventListeners (../../node_modules/jsdom/lib/jsdom/living/events/EventTarget-impl.js:338:25)
      at invokeEventListeners (../../node_modules/jsdom/lib/jsdom/living/events/EventTarget-impl.js:274:3)
      at HTMLTextAreaElementImpl._dispatch (../../node_modules/jsdom/lib/jsdom/living/events/EventTarget-impl.js:221:9)
      at HTMLTextAreaElementImpl.dispatchEvent (../../node_modules/jsdom/lib/jsdom/living/events/EventTarget-impl.js:94:17)
      at HTMLTextAreaElement.dispatchEvent (../../node_modules/jsdom/lib/jsdom/living/generated/EventTarget.js:231:34)
      at ../../node_modules/@testing-library/user-event/dist/cjs/event/dispatchEvent.js:45:43
      at Object.eventWrapper (../../node_modules/@testing-library/dom/dist/config.js:25:23)
      at Object.wrapEvent (../../node_modules/@testing-library/user-event/dist/cjs/event/wrapEvent.js:6:28)
      at Object.dispatchEvent (../../node_modules/@testing-library/user-event/dist/cjs/event/dispatchEvent.js:45:22)
      at Object.dispatchUIEvent (../../node_modules/@testing-library/user-event/dist/cjs/event/dispatchEvent.js:22:26)
      at commitInput (../../node_modules/@testing-library/user-event/dist/cjs/event/input.js:145:14)
      at editInputElement (../../node_modules/@testing-library/user-event/dist/cjs/event/input.js:115:9)
      at Object.input (../../node_modules/@testing-library/user-event/dist/cjs/event/input.js:37:9)
      at ../../node_modules/@testing-library/user-event/dist/cjs/event/behavior/keypress.js:31:26
      at Object.dispatchEvent (../../node_modules/@testing-library/user-event/dist/cjs/event/dispatchEvent.js:41:13)
      at Object.dispatchUIEvent (../../node_modules/@testing-library/user-event/dist/cjs/event/dispatchEvent.js:22:26)
      at KeyboardHost.keydown (../../node_modules/@testing-library/user-event/dist/cjs/system/keyboard.js:76:22)
      at keyboardAction (../../node_modules/@testing-library/user-event/dist/cjs/keyboard/index.js:22:35)
      at Object.keyboard (../../node_modules/@testing-library/user-event/dist/cjs/keyboard/index.js:11:15)
      at Object.type (../../node_modules/@testing-library/user-event/dist/cjs/utility/type.js:17:5)

  console.error
    Warning: An update to TaskForm inside a test was not wrapped in act(...).
    
    When testing, code that causes React state updates should be wrapped into act(...):
    
    act(() => {
      /* fire events that update state */
    });
    /* assert on the output */
    
    This ensures that you're testing the behavior the user would see in the browser. Learn more at https://reactjs.org/link/wrap-tests-with-act
        at TaskForm (/workspaces/dajp-ae-bootcamp-session-3/packages/frontend/src/TaskForm.js:6:21)
        at div
        at /workspaces/dajp-ae-bootcamp-session-3/node_modules/@emotion/react/dist/emotion-element-a1829a1e.cjs.js:58:23
        at Box (/workspaces/dajp-ae-bootcamp-session-3/node_modules/@mui/system/createBox/createBox.js:27:41)
        at div
        at /workspaces/dajp-ae-bootcamp-session-3/node_modules/@emotion/react/dist/emotion-element-a1829a1e.cjs.js:58:23
        at Container (/workspaces/dajp-ae-bootcamp-session-3/node_modules/@mui/system/Container/createContainer.js:111:19)
        at div
        at /workspaces/dajp-ae-bootcamp-session-3/node_modules/@emotion/react/dist/emotion-element-a1829a1e.cjs.js:58:23
        at Box (/workspaces/dajp-ae-bootcamp-session-3/node_modules/@mui/system/createBox/createBox.js:27:41)
        at App (/workspaces/dajp-ae-bootcamp-session-3/packages/frontend/src/App.js:8:49)

      106 |           label="Description"
      107 |           value={description}
    > 108 |           onChange={e => setDescription(e.target.value)}
          |                          ^
      109 |           multiline
      110 |           minRows={2}
      111 |           variant="outlined"

      at printWarning (../../node_modules/react-dom/cjs/react-dom.development.js:86:30)
      at error (../../node_modules/react-dom/cjs/react-dom.development.js:60:7)
      at warnIfUpdatesNotWrappedWithActDEV (../../node_modules/react-dom/cjs/react-dom.development.js:27628:9)
      at scheduleUpdateOnFiber (../../node_modules/react-dom/cjs/react-dom.development.js:25547:5)
      at setDescription (../../node_modules/react-dom/cjs/react-dom.development.js:16708:7)
      at onChange (src/TaskForm.js:108:26)
      at handleChange (../../node_modules/@mui/material/InputBase/InputBase.js:396:7)
      at handleChange (../../node_modules/@mui/material/TextareaAutosize/TextareaAutosize.js:200:7)
      at HTMLUnknownElement.callCallback (../../node_modules/react-dom/cjs/react-dom.development.js:4164:14)
      at HTMLUnknownElement.callTheUserObjectsOperation (../../node_modules/jsdom/lib/jsdom/living/generated/EventListener.js:26:30)
      at innerInvokeEventListeners (../../node_modules/jsdom/lib/jsdom/living/events/EventTarget-impl.js:338:25)
      at invokeEventListeners (../../node_modules/jsdom/lib/jsdom/living/events/EventTarget-impl.js:274:3)
      at HTMLUnknownElementImpl._dispatch (../../node_modules/jsdom/lib/jsdom/living/events/EventTarget-impl.js:221:9)
      at HTMLUnknownElementImpl.dispatchEvent (../../node_modules/jsdom/lib/jsdom/living/events/EventTarget-impl.js:94:17)
      at HTMLUnknownElement.dispatchEvent (../../node_modules/jsdom/lib/jsdom/living/generated/EventTarget.js:231:34)
      at Object.invokeGuardedCallbackDev (../../node_modules/react-dom/cjs/react-dom.development.js:4213:16)
      at invokeGuardedCallback (../../node_modules/react-dom/cjs/react-dom.development.js:4277:31)
      at invokeGuardedCallbackAndCatchFirstError (../../node_modules/react-dom/cjs/react-dom.development.js:4291:25)
      at executeDispatch (../../node_modules/react-dom/cjs/react-dom.development.js:9041:3)
      at processDispatchQueueItemsInOrder (../../node_modules/react-dom/cjs/react-dom.development.js:9073:7)
      at processDispatchQueue (../../node_modules/react-dom/cjs/react-dom.development.js:9086:5)
      at dispatchEventsForPlugins (../../node_modules/react-dom/cjs/react-dom.development.js:9097:3)
      at ../../node_modules/react-dom/cjs/react-dom.development.js:9288:12
      at batchedUpdates$1 (../../node_modules/react-dom/cjs/react-dom.development.js:26179:12)
      at batchedUpdates (../../node_modules/react-dom/cjs/react-dom.development.js:3991:12)
      at dispatchEventForPluginEventSystem (../../node_modules/react-dom/cjs/react-dom.development.js:9287:3)
      at dispatchEventWithEnableCapturePhaseSelectiveHydrationWithoutDiscreteEventReplay (../../node_modules/react-dom/cjs/react-dom.development.js:6465:5)
      at dispatchEvent (../../node_modules/react-dom/cjs/react-dom.development.js:6457:5)
      at dispatchDiscreteEvent (../../node_modules/react-dom/cjs/react-dom.development.js:6430:5)
      at HTMLDivElement.callTheUserObjectsOperation (../../node_modules/jsdom/lib/jsdom/living/generated/EventListener.js:26:30)
      at innerInvokeEventListeners (../../node_modules/jsdom/lib/jsdom/living/events/EventTarget-impl.js:338:25)
      at invokeEventListeners (../../node_modules/jsdom/lib/jsdom/living/events/EventTarget-impl.js:274:3)
      at HTMLTextAreaElementImpl._dispatch (../../node_modules/jsdom/lib/jsdom/living/events/EventTarget-impl.js:221:9)
      at HTMLTextAreaElementImpl.dispatchEvent (../../node_modules/jsdom/lib/jsdom/living/events/EventTarget-impl.js:94:17)
      at HTMLTextAreaElement.dispatchEvent (../../node_modules/jsdom/lib/jsdom/living/generated/EventTarget.js:231:34)
      at ../../node_modules/@testing-library/user-event/dist/cjs/event/dispatchEvent.js:45:43
      at Object.eventWrapper (../../node_modules/@testing-library/dom/dist/config.js:25:23)
      at Object.wrapEvent (../../node_modules/@testing-library/user-event/dist/cjs/event/wrapEvent.js:6:28)
      at Object.dispatchEvent (../../node_modules/@testing-library/user-event/dist/cjs/event/dispatchEvent.js:45:22)
      at Object.dispatchUIEvent (../../node_modules/@testing-library/user-event/dist/cjs/event/dispatchEvent.js:22:26)
      at commitInput (../../node_modules/@testing-library/user-event/dist/cjs/event/input.js:145:14)
      at editInputElement (../../node_modules/@testing-library/user-event/dist/cjs/event/input.js:115:9)
      at Object.input (../../node_modules/@testing-library/user-event/dist/cjs/event/input.js:37:9)
      at ../../node_modules/@testing-library/user-event/dist/cjs/event/behavior/keypress.js:31:26
      at Object.dispatchEvent (../../node_modules/@testing-library/user-event/dist/cjs/event/dispatchEvent.js:41:13)
      at Object.dispatchUIEvent (../../node_modules/@testing-library/user-event/dist/cjs/event/dispatchEvent.js:22:26)
      at KeyboardHost.keydown (../../node_modules/@testing-library/user-event/dist/cjs/system/keyboard.js:76:22)

  console.error
    Warning: An update to ForwardRef(FormControl) inside a test was not wrapped in act(...).
    
    When testing, code that causes React state updates should be wrapped into act(...):
    
    act(() => {
      /* fire events that update state */
    });
    /* assert on the output */
    
    This ensures that you're testing the behavior the user would see in the browser. Learn more at https://reactjs.org/link/wrap-tests-with-act
        at FormControl (/workspaces/dajp-ae-bootcamp-session-3/node_modules/@mui/material/FormControl/FormControl.js:104:59)
        at /workspaces/dajp-ae-bootcamp-session-3/node_modules/@emotion/react/dist/emotion-element-a1829a1e.cjs.js:58:23
        at TextField (/workspaces/dajp-ae-bootcamp-session-3/node_modules/@mui/material/TextField/TextField.js:80:59)
        at form
        at /workspaces/dajp-ae-bootcamp-session-3/node_modules/@emotion/react/dist/emotion-element-a1829a1e.cjs.js:58:23
        at Box (/workspaces/dajp-ae-bootcamp-session-3/node_modules/@mui/system/createBox/createBox.js:27:41)
        at div
        at /workspaces/dajp-ae-bootcamp-session-3/node_modules/@emotion/react/dist/emotion-element-a1829a1e.cjs.js:58:23
        at Paper (/workspaces/dajp-ae-bootcamp-session-3/node_modules/@mui/material/Paper/Paper.js:75:59)
        at TaskForm (/workspaces/dajp-ae-bootcamp-session-3/packages/frontend/src/TaskForm.js:6:21)
        at div
        at /workspaces/dajp-ae-bootcamp-session-3/node_modules/@emotion/react/dist/emotion-element-a1829a1e.cjs.js:58:23
        at Box (/workspaces/dajp-ae-bootcamp-session-3/node_modules/@mui/system/createBox/createBox.js:27:41)
        at div
        at /workspaces/dajp-ae-bootcamp-session-3/node_modules/@emotion/react/dist/emotion-element-a1829a1e.cjs.js:58:23
        at Container (/workspaces/dajp-ae-bootcamp-session-3/node_modules/@mui/system/Container/createContainer.js:111:19)
        at div
        at /workspaces/dajp-ae-bootcamp-session-3/node_modules/@emotion/react/dist/emotion-element-a1829a1e.cjs.js:58:23
        at Box (/workspaces/dajp-ae-bootcamp-session-3/node_modules/@mui/system/createBox/createBox.js:27:41)
        at App (/workspaces/dajp-ae-bootcamp-session-3/packages/frontend/src/App.js:8:49)

      117 |     });
      118 |     await user.type(screen.getByTestId('title-input'), 'New Test Task');
    > 119 |     await user.type(screen.getByTestId('description-input'), 'Task description');
          |     ^
      120 |     await user.click(screen.getByTestId('submit-task'));
      121 |     await waitFor(() => {
      122 |       expect(screen.getByText(/New Test Task/i)).toBeInTheDocument();

      at printWarning (../../node_modules/react-dom/cjs/react-dom.development.js:86:30)
      at error (../../node_modules/react-dom/cjs/react-dom.development.js:60:7)
      at warnIfUpdatesNotWrappedWithActDEV (../../node_modules/react-dom/cjs/react-dom.development.js:27628:9)
      at scheduleUpdateOnFiber (../../node_modules/react-dom/cjs/react-dom.development.js:25547:5)
      at dispatchSetState (../../node_modules/react-dom/cjs/react-dom.development.js:16708:7)
      at ../../node_modules/@mui/material/InputBase/InputBase.js:448:22
      at commitHookEffectListMount (../../node_modules/react-dom/cjs/react-dom.development.js:23189:26)
      at commitPassiveMountOnFiber (../../node_modules/react-dom/cjs/react-dom.development.js:24970:11)
      at commitPassiveMountEffects_complete (../../node_modules/react-dom/cjs/react-dom.development.js:24930:9)
      at commitPassiveMountEffects_begin (../../node_modules/react-dom/cjs/react-dom.development.js:24917:7)
      at commitPassiveMountEffects (../../node_modules/react-dom/cjs/react-dom.development.js:24905:3)
      at flushPassiveEffectsImpl (../../node_modules/react-dom/cjs/react-dom.development.js:27078:3)
      at flushPassiveEffects (../../node_modules/react-dom/cjs/react-dom.development.js:27023:14)
      at commitRootImpl (../../node_modules/react-dom/cjs/react-dom.development.js:26974:5)
      at commitRoot (../../node_modules/react-dom/cjs/react-dom.development.js:26721:5)
      at performSyncWorkOnRoot (../../node_modules/react-dom/cjs/react-dom.development.js:26156:3)
      at flushSyncCallbacks (../../node_modules/react-dom/cjs/react-dom.development.js:12042:22)
      at flushSync (../../node_modules/react-dom/cjs/react-dom.development.js:26240:7)
      at finishEventHandler (../../node_modules/react-dom/cjs/react-dom.development.js:3976:5)
      at batchedUpdates (../../node_modules/react-dom/cjs/react-dom.development.js:3994:5)
      at dispatchEventForPluginEventSystem (../../node_modules/react-dom/cjs/react-dom.development.js:9287:3)
      at dispatchEventWithEnableCapturePhaseSelectiveHydrationWithoutDiscreteEventReplay (../../node_modules/react-dom/cjs/react-dom.development.js:6465:5)
      at dispatchEvent (../../node_modules/react-dom/cjs/react-dom.development.js:6457:5)
      at dispatchDiscreteEvent (../../node_modules/react-dom/cjs/react-dom.development.js:6430:5)
      at HTMLDivElement.callTheUserObjectsOperation (../../node_modules/jsdom/lib/jsdom/living/generated/EventListener.js:26:30)
      at innerInvokeEventListeners (../../node_modules/jsdom/lib/jsdom/living/events/EventTarget-impl.js:338:25)
      at invokeEventListeners (../../node_modules/jsdom/lib/jsdom/living/events/EventTarget-impl.js:274:3)
      at HTMLTextAreaElementImpl._dispatch (../../node_modules/jsdom/lib/jsdom/living/events/EventTarget-impl.js:221:9)
      at HTMLTextAreaElementImpl.dispatchEvent (../../node_modules/jsdom/lib/jsdom/living/events/EventTarget-impl.js:94:17)
      at HTMLTextAreaElement.dispatchEvent (../../node_modules/jsdom/lib/jsdom/living/generated/EventTarget.js:231:34)
      at ../../node_modules/@testing-library/user-event/dist/cjs/event/dispatchEvent.js:45:43
      at Object.eventWrapper (../../node_modules/@testing-library/dom/dist/config.js:25:23)
      at Object.wrapEvent (../../node_modules/@testing-library/user-event/dist/cjs/event/wrapEvent.js:6:28)
      at Object.dispatchEvent (../../node_modules/@testing-library/user-event/dist/cjs/event/dispatchEvent.js:45:22)
      at Object.dispatchUIEvent (../../node_modules/@testing-library/user-event/dist/cjs/event/dispatchEvent.js:22:26)
      at commitInput (../../node_modules/@testing-library/user-event/dist/cjs/event/input.js:145:14)
      at editInputElement (../../node_modules/@testing-library/user-event/dist/cjs/event/input.js:115:9)
      at Object.input (../../node_modules/@testing-library/user-event/dist/cjs/event/input.js:37:9)
      at ../../node_modules/@testing-library/user-event/dist/cjs/event/behavior/keypress.js:31:26
      at Object.dispatchEvent (../../node_modules/@testing-library/user-event/dist/cjs/event/dispatchEvent.js:41:13)
      at Object.dispatchUIEvent (../../node_modules/@testing-library/user-event/dist/cjs/event/dispatchEvent.js:22:26)
      at KeyboardHost.keydown (../../node_modules/@testing-library/user-event/dist/cjs/system/keyboard.js:76:22)
      at keyboardAction (../../node_modules/@testing-library/user-event/dist/cjs/keyboard/index.js:22:35)
      at Object.keyboard (../../node_modules/@testing-library/user-event/dist/cjs/keyboard/index.js:11:15)
      at Object.type (../../node_modules/@testing-library/user-event/dist/cjs/utility/type.js:17:5)
      at Object.<anonymous> (src/__tests__/App.test.js:119:5)

  console.error
    Warning: An update to ForwardRef(FormControl) inside a test was not wrapped in act(...).
    
    When testing, code that causes React state updates should be wrapped into act(...):
    
    act(() => {
      /* fire events that update state */
    });
    /* assert on the output */
    
    This ensures that you're testing the behavior the user would see in the browser. Learn more at https://reactjs.org/link/wrap-tests-with-act
        at FormControl (/workspaces/dajp-ae-bootcamp-session-3/node_modules/@mui/material/FormControl/FormControl.js:104:59)
        at /workspaces/dajp-ae-bootcamp-session-3/node_modules/@emotion/react/dist/emotion-element-a1829a1e.cjs.js:58:23
        at TextField (/workspaces/dajp-ae-bootcamp-session-3/node_modules/@mui/material/TextField/TextField.js:80:59)
        at form
        at /workspaces/dajp-ae-bootcamp-session-3/node_modules/@emotion/react/dist/emotion-element-a1829a1e.cjs.js:58:23
        at Box (/workspaces/dajp-ae-bootcamp-session-3/node_modules/@mui/system/createBox/createBox.js:27:41)
        at div
        at /workspaces/dajp-ae-bootcamp-session-3/node_modules/@emotion/react/dist/emotion-element-a1829a1e.cjs.js:58:23
        at Paper (/workspaces/dajp-ae-bootcamp-session-3/node_modules/@mui/material/Paper/Paper.js:75:59)
        at TaskForm (/workspaces/dajp-ae-bootcamp-session-3/packages/frontend/src/TaskForm.js:6:21)
        at div
        at /workspaces/dajp-ae-bootcamp-session-3/node_modules/@emotion/react/dist/emotion-element-a1829a1e.cjs.js:58:23
        at Box (/workspaces/dajp-ae-bootcamp-session-3/node_modules/@mui/system/createBox/createBox.js:27:41)
        at div
        at /workspaces/dajp-ae-bootcamp-session-3/node_modules/@emotion/react/dist/emotion-element-a1829a1e.cjs.js:58:23
        at Container (/workspaces/dajp-ae-bootcamp-session-3/node_modules/@mui/system/Container/createContainer.js:111:19)
        at div
        at /workspaces/dajp-ae-bootcamp-session-3/node_modules/@emotion/react/dist/emotion-element-a1829a1e.cjs.js:58:23
        at Box (/workspaces/dajp-ae-bootcamp-session-3/node_modules/@mui/system/createBox/createBox.js:27:41)
        at App (/workspaces/dajp-ae-bootcamp-session-3/packages/frontend/src/App.js:8:49)

      117 |     });
      118 |     await user.type(screen.getByTestId('title-input'), 'New Test Task');
    > 119 |     await user.type(screen.getByTestId('description-input'), 'Task description');
          |     ^
      120 |     await user.click(screen.getByTestId('submit-task'));
      121 |     await waitFor(() => {
      122 |       expect(screen.getByText(/New Test Task/i)).toBeInTheDocument();

      at printWarning (../../node_modules/react-dom/cjs/react-dom.development.js:86:30)
      at error (../../node_modules/react-dom/cjs/react-dom.development.js:60:7)
      at warnIfUpdatesNotWrappedWithActDEV (../../node_modules/react-dom/cjs/react-dom.development.js:27628:9)
      at scheduleUpdateOnFiber (../../node_modules/react-dom/cjs/react-dom.development.js:25547:5)
      at dispatchSetState (../../node_modules/react-dom/cjs/react-dom.development.js:16708:7)
      at ../../node_modules/@mui/material/InputBase/InputBase.js:448:22
      at commitHookEffectListMount (../../node_modules/react-dom/cjs/react-dom.development.js:23189:26)
      at commitPassiveMountOnFiber (../../node_modules/react-dom/cjs/react-dom.development.js:24970:11)
      at commitPassiveMountEffects_complete (../../node_modules/react-dom/cjs/react-dom.development.js:24930:9)
      at commitPassiveMountEffects_begin (../../node_modules/react-dom/cjs/react-dom.development.js:24917:7)
      at commitPassiveMountEffects (../../node_modules/react-dom/cjs/react-dom.development.js:24905:3)
      at flushPassiveEffectsImpl (../../node_modules/react-dom/cjs/react-dom.development.js:27078:3)
      at flushPassiveEffects (../../node_modules/react-dom/cjs/react-dom.development.js:27023:14)
      at commitRootImpl (../../node_modules/react-dom/cjs/react-dom.development.js:26974:5)
      at commitRoot (../../node_modules/react-dom/cjs/react-dom.development.js:26721:5)
      at performSyncWorkOnRoot (../../node_modules/react-dom/cjs/react-dom.development.js:26156:3)
      at flushSyncCallbacks (../../node_modules/react-dom/cjs/react-dom.development.js:12042:22)
      at flushSync (../../node_modules/react-dom/cjs/react-dom.development.js:26240:7)
      at finishEventHandler (../../node_modules/react-dom/cjs/react-dom.development.js:3976:5)
      at batchedUpdates (../../node_modules/react-dom/cjs/react-dom.development.js:3994:5)
      at dispatchEventForPluginEventSystem (../../node_modules/react-dom/cjs/react-dom.development.js:9287:3)
      at dispatchEventWithEnableCapturePhaseSelectiveHydrationWithoutDiscreteEventReplay (../../node_modules/react-dom/cjs/react-dom.development.js:6465:5)
      at dispatchEvent (../../node_modules/react-dom/cjs/react-dom.development.js:6457:5)
      at dispatchDiscreteEvent (../../node_modules/react-dom/cjs/react-dom.development.js:6430:5)
      at HTMLDivElement.callTheUserObjectsOperation (../../node_modules/jsdom/lib/jsdom/living/generated/EventListener.js:26:30)
      at innerInvokeEventListeners (../../node_modules/jsdom/lib/jsdom/living/events/EventTarget-impl.js:338:25)
      at invokeEventListeners (../../node_modules/jsdom/lib/jsdom/living/events/EventTarget-impl.js:274:3)
      at HTMLTextAreaElementImpl._dispatch (../../node_modules/jsdom/lib/jsdom/living/events/EventTarget-impl.js:221:9)
      at HTMLTextAreaElementImpl.dispatchEvent (../../node_modules/jsdom/lib/jsdom/living/events/EventTarget-impl.js:94:17)
      at HTMLTextAreaElement.dispatchEvent (../../node_modules/jsdom/lib/jsdom/living/generated/EventTarget.js:231:34)
      at ../../node_modules/@testing-library/user-event/dist/cjs/event/dispatchEvent.js:45:43
      at Object.eventWrapper (../../node_modules/@testing-library/dom/dist/config.js:25:23)
      at Object.wrapEvent (../../node_modules/@testing-library/user-event/dist/cjs/event/wrapEvent.js:6:28)
      at Object.dispatchEvent (../../node_modules/@testing-library/user-event/dist/cjs/event/dispatchEvent.js:45:22)
      at Object.dispatchUIEvent (../../node_modules/@testing-library/user-event/dist/cjs/event/dispatchEvent.js:22:26)
      at commitInput (../../node_modules/@testing-library/user-event/dist/cjs/event/input.js:145:14)
      at editInputElement (../../node_modules/@testing-library/user-event/dist/cjs/event/input.js:115:9)
      at Object.input (../../node_modules/@testing-library/user-event/dist/cjs/event/input.js:37:9)
      at ../../node_modules/@testing-library/user-event/dist/cjs/event/behavior/keypress.js:31:26
      at Object.dispatchEvent (../../node_modules/@testing-library/user-event/dist/cjs/event/dispatchEvent.js:41:13)
      at Object.dispatchUIEvent (../../node_modules/@testing-library/user-event/dist/cjs/event/dispatchEvent.js:22:26)
      at KeyboardHost.keydown (../../node_modules/@testing-library/user-event/dist/cjs/system/keyboard.js:76:22)
      at keyboardAction (../../node_modules/@testing-library/user-event/dist/cjs/keyboard/index.js:22:35)
      at Object.keyboard (../../node_modules/@testing-library/user-event/dist/cjs/keyboard/index.js:11:15)
      at Object.type (../../node_modules/@testing-library/user-event/dist/cjs/utility/type.js:17:5)
      at Object.<anonymous> (src/__tests__/App.test.js:119:5)

  console.error
    Warning: An update to TaskForm inside a test was not wrapped in act(...).
    
    When testing, code that causes React state updates should be wrapped into act(...):
    
    act(() => {
      /* fire events that update state */
    });
    /* assert on the output */
    
    This ensures that you're testing the behavior the user would see in the browser. Learn more at https://reactjs.org/link/wrap-tests-with-act
        at TaskForm (/workspaces/dajp-ae-bootcamp-session-3/packages/frontend/src/TaskForm.js:6:21)
        at div
        at /workspaces/dajp-ae-bootcamp-session-3/node_modules/@emotion/react/dist/emotion-element-a1829a1e.cjs.js:58:23
        at Box (/workspaces/dajp-ae-bootcamp-session-3/node_modules/@mui/system/createBox/createBox.js:27:41)
        at div
        at /workspaces/dajp-ae-bootcamp-session-3/node_modules/@emotion/react/dist/emotion-element-a1829a1e.cjs.js:58:23
        at Container (/workspaces/dajp-ae-bootcamp-session-3/node_modules/@mui/system/Container/createContainer.js:111:19)
        at div
        at /workspaces/dajp-ae-bootcamp-session-3/node_modules/@emotion/react/dist/emotion-element-a1829a1e.cjs.js:58:23
        at Box (/workspaces/dajp-ae-bootcamp-session-3/node_modules/@mui/system/createBox/createBox.js:27:41)
        at App (/workspaces/dajp-ae-bootcamp-session-3/packages/frontend/src/App.js:8:49)

      106 |           label="Description"
      107 |           value={description}
    > 108 |           onChange={e => setDescription(e.target.value)}
          |                          ^
      109 |           multiline
      110 |           minRows={2}
      111 |           variant="outlined"

      at printWarning (../../node_modules/react-dom/cjs/react-dom.development.js:86:30)
      at error (../../node_modules/react-dom/cjs/react-dom.development.js:60:7)
      at warnIfUpdatesNotWrappedWithActDEV (../../node_modules/react-dom/cjs/react-dom.development.js:27628:9)
      at scheduleUpdateOnFiber (../../node_modules/react-dom/cjs/react-dom.development.js:25547:5)
      at setDescription (../../node_modules/react-dom/cjs/react-dom.development.js:16708:7)
      at onChange (src/TaskForm.js:108:26)
      at handleChange (../../node_modules/@mui/material/InputBase/InputBase.js:396:7)
      at handleChange (../../node_modules/@mui/material/TextareaAutosize/TextareaAutosize.js:200:7)
      at HTMLUnknownElement.callCallback (../../node_modules/react-dom/cjs/react-dom.development.js:4164:14)
      at HTMLUnknownElement.callTheUserObjectsOperation (../../node_modules/jsdom/lib/jsdom/living/generated/EventListener.js:26:30)
      at innerInvokeEventListeners (../../node_modules/jsdom/lib/jsdom/living/events/EventTarget-impl.js:338:25)
      at invokeEventListeners (../../node_modules/jsdom/lib/jsdom/living/events/EventTarget-impl.js:274:3)
      at HTMLUnknownElementImpl._dispatch (../../node_modules/jsdom/lib/jsdom/living/events/EventTarget-impl.js:221:9)
      at HTMLUnknownElementImpl.dispatchEvent (../../node_modules/jsdom/lib/jsdom/living/events/EventTarget-impl.js:94:17)
      at HTMLUnknownElement.dispatchEvent (../../node_modules/jsdom/lib/jsdom/living/generated/EventTarget.js:231:34)
      at Object.invokeGuardedCallbackDev (../../node_modules/react-dom/cjs/react-dom.development.js:4213:16)
      at invokeGuardedCallback (../../node_modules/react-dom/cjs/react-dom.development.js:4277:31)
      at invokeGuardedCallbackAndCatchFirstError (../../node_modules/react-dom/cjs/react-dom.development.js:4291:25)
      at executeDispatch (../../node_modules/react-dom/cjs/react-dom.development.js:9041:3)
      at processDispatchQueueItemsInOrder (../../node_modules/react-dom/cjs/react-dom.development.js:9073:7)
      at processDispatchQueue (../../node_modules/react-dom/cjs/react-dom.development.js:9086:5)
      at dispatchEventsForPlugins (../../node_modules/react-dom/cjs/react-dom.development.js:9097:3)
      at ../../node_modules/react-dom/cjs/react-dom.development.js:9288:12
      at batchedUpdates$1 (../../node_modules/react-dom/cjs/react-dom.development.js:26179:12)
      at batchedUpdates (../../node_modules/react-dom/cjs/react-dom.development.js:3991:12)
      at dispatchEventForPluginEventSystem (../../node_modules/react-dom/cjs/react-dom.development.js:9287:3)
      at dispatchEventWithEnableCapturePhaseSelectiveHydrationWithoutDiscreteEventReplay (../../node_modules/react-dom/cjs/react-dom.development.js:6465:5)
      at dispatchEvent (../../node_modules/react-dom/cjs/react-dom.development.js:6457:5)
      at dispatchDiscreteEvent (../../node_modules/react-dom/cjs/react-dom.development.js:6430:5)
      at HTMLDivElement.callTheUserObjectsOperation (../../node_modules/jsdom/lib/jsdom/living/generated/EventListener.js:26:30)
      at innerInvokeEventListeners (../../node_modules/jsdom/lib/jsdom/living/events/EventTarget-impl.js:338:25)
      at invokeEventListeners (../../node_modules/jsdom/lib/jsdom/living/events/EventTarget-impl.js:274:3)
      at HTMLTextAreaElementImpl._dispatch (../../node_modules/jsdom/lib/jsdom/living/events/EventTarget-impl.js:221:9)
      at HTMLTextAreaElementImpl.dispatchEvent (../../node_modules/jsdom/lib/jsdom/living/events/EventTarget-impl.js:94:17)
      at HTMLTextAreaElement.dispatchEvent (../../node_modules/jsdom/lib/jsdom/living/generated/EventTarget.js:231:34)
      at ../../node_modules/@testing-library/user-event/dist/cjs/event/dispatchEvent.js:45:43
      at Object.eventWrapper (../../node_modules/@testing-library/dom/dist/config.js:25:23)
      at Object.wrapEvent (../../node_modules/@testing-library/user-event/dist/cjs/event/wrapEvent.js:6:28)
      at Object.dispatchEvent (../../node_modules/@testing-library/user-event/dist/cjs/event/dispatchEvent.js:45:22)
      at Object.dispatchUIEvent (../../node_modules/@testing-library/user-event/dist/cjs/event/dispatchEvent.js:22:26)
      at commitInput (../../node_modules/@testing-library/user-event/dist/cjs/event/input.js:145:14)
      at editInputElement (../../node_modules/@testing-library/user-event/dist/cjs/event/input.js:115:9)
      at Object.input (../../node_modules/@testing-library/user-event/dist/cjs/event/input.js:37:9)
      at ../../node_modules/@testing-library/user-event/dist/cjs/event/behavior/keypress.js:31:26
      at Object.dispatchEvent (../../node_modules/@testing-library/user-event/dist/cjs/event/dispatchEvent.js:41:13)
      at Object.dispatchUIEvent (../../node_modules/@testing-library/user-event/dist/cjs/event/dispatchEvent.js:22:26)
      at KeyboardHost.keydown (../../node_modules/@testing-library/user-event/dist/cjs/system/keyboard.js:76:22)

  console.error
    Warning: An update to ForwardRef(FormControl) inside a test was not wrapped in act(...).
    
    When testing, code that causes React state updates should be wrapped into act(...):
    
    act(() => {
      /* fire events that update state */
    });
    /* assert on the output */
    
    This ensures that you're testing the behavior the user would see in the browser. Learn more at https://reactjs.org/link/wrap-tests-with-act
        at FormControl (/workspaces/dajp-ae-bootcamp-session-3/node_modules/@mui/material/FormControl/FormControl.js:104:59)
        at /workspaces/dajp-ae-bootcamp-session-3/node_modules/@emotion/react/dist/emotion-element-a1829a1e.cjs.js:58:23
        at TextField (/workspaces/dajp-ae-bootcamp-session-3/node_modules/@mui/material/TextField/TextField.js:80:59)
        at form
        at /workspaces/dajp-ae-bootcamp-session-3/node_modules/@emotion/react/dist/emotion-element-a1829a1e.cjs.js:58:23
        at Box (/workspaces/dajp-ae-bootcamp-session-3/node_modules/@mui/system/createBox/createBox.js:27:41)
        at div
        at /workspaces/dajp-ae-bootcamp-session-3/node_modules/@emotion/react/dist/emotion-element-a1829a1e.cjs.js:58:23
        at Paper (/workspaces/dajp-ae-bootcamp-session-3/node_modules/@mui/material/Paper/Paper.js:75:59)
        at TaskForm (/workspaces/dajp-ae-bootcamp-session-3/packages/frontend/src/TaskForm.js:6:21)
        at div
        at /workspaces/dajp-ae-bootcamp-session-3/node_modules/@emotion/react/dist/emotion-element-a1829a1e.cjs.js:58:23
        at Box (/workspaces/dajp-ae-bootcamp-session-3/node_modules/@mui/system/createBox/createBox.js:27:41)
        at div
        at /workspaces/dajp-ae-bootcamp-session-3/node_modules/@emotion/react/dist/emotion-element-a1829a1e.cjs.js:58:23
        at Container (/workspaces/dajp-ae-bootcamp-session-3/node_modules/@mui/system/Container/createContainer.js:111:19)
        at div
        at /workspaces/dajp-ae-bootcamp-session-3/node_modules/@emotion/react/dist/emotion-element-a1829a1e.cjs.js:58:23
        at Box (/workspaces/dajp-ae-bootcamp-session-3/node_modules/@mui/system/createBox/createBox.js:27:41)
        at App (/workspaces/dajp-ae-bootcamp-session-3/packages/frontend/src/App.js:8:49)

      117 |     });
      118 |     await user.type(screen.getByTestId('title-input'), 'New Test Task');
    > 119 |     await user.type(screen.getByTestId('description-input'), 'Task description');
          |     ^
      120 |     await user.click(screen.getByTestId('submit-task'));
      121 |     await waitFor(() => {
      122 |       expect(screen.getByText(/New Test Task/i)).toBeInTheDocument();

      at printWarning (../../node_modules/react-dom/cjs/react-dom.development.js:86:30)
      at error (../../node_modules/react-dom/cjs/react-dom.development.js:60:7)
      at warnIfUpdatesNotWrappedWithActDEV (../../node_modules/react-dom/cjs/react-dom.development.js:27628:9)
      at scheduleUpdateOnFiber (../../node_modules/react-dom/cjs/react-dom.development.js:25547:5)
      at dispatchSetState (../../node_modules/react-dom/cjs/react-dom.development.js:16708:7)
      at ../../node_modules/@mui/material/FormControl/FormControl.js:190:5
      at ../../node_modules/@mui/material/InputBase/InputBase.js:341:9
      at ../../node_modules/@mui/material/InputBase/InputBase.js:349:7
      at commitHookEffectListMount (../../node_modules/react-dom/cjs/react-dom.development.js:23189:26)
      at commitLayoutEffectOnFiber (../../node_modules/react-dom/cjs/react-dom.development.js:23312:15)
      at commitLayoutMountEffects_complete (../../node_modules/react-dom/cjs/react-dom.development.js:24727:9)
      at commitLayoutEffects_begin (../../node_modules/react-dom/cjs/react-dom.development.js:24713:7)
      at commitLayoutEffects (../../node_modules/react-dom/cjs/react-dom.development.js:24651:3)
      at commitRootImpl (../../node_modules/react-dom/cjs/react-dom.development.js:26862:5)
      at commitRoot (../../node_modules/react-dom/cjs/react-dom.development.js:26721:5)
      at performSyncWorkOnRoot (../../node_modules/react-dom/cjs/react-dom.development.js:26156:3)
      at flushSyncCallbacks (../../node_modules/react-dom/cjs/react-dom.development.js:12042:22)
      at flushSync (../../node_modules/react-dom/cjs/react-dom.development.js:26240:7)
      at finishEventHandler (../../node_modules/react-dom/cjs/react-dom.development.js:3976:5)
      at batchedUpdates (../../node_modules/react-dom/cjs/react-dom.development.js:3994:5)
      at dispatchEventForPluginEventSystem (../../node_modules/react-dom/cjs/react-dom.development.js:9287:3)
      at dispatchEventWithEnableCapturePhaseSelectiveHydrationWithoutDiscreteEventReplay (../../node_modules/react-dom/cjs/react-dom.development.js:6465:5)
      at dispatchEvent (../../node_modules/react-dom/cjs/react-dom.development.js:6457:5)
      at dispatchDiscreteEvent (../../node_modules/react-dom/cjs/react-dom.development.js:6430:5)
      at HTMLDivElement.callTheUserObjectsOperation (../../node_modules/jsdom/lib/jsdom/living/generated/EventListener.js:26:30)
      at innerInvokeEventListeners (../../node_modules/jsdom/lib/jsdom/living/events/EventTarget-impl.js:338:25)
      at invokeEventListeners (../../node_modules/jsdom/lib/jsdom/living/events/EventTarget-impl.js:274:3)
      at HTMLTextAreaElementImpl._dispatch (../../node_modules/jsdom/lib/jsdom/living/events/EventTarget-impl.js:221:9)
      at HTMLTextAreaElementImpl.dispatchEvent (../../node_modules/jsdom/lib/jsdom/living/events/EventTarget-impl.js:94:17)
      at HTMLTextAreaElement.dispatchEvent (../../node_modules/jsdom/lib/jsdom/living/generated/EventTarget.js:231:34)
      at ../../node_modules/@testing-library/user-event/dist/cjs/event/dispatchEvent.js:45:43
      at Object.eventWrapper (../../node_modules/@testing-library/dom/dist/config.js:25:23)
      at Object.wrapEvent (../../node_modules/@testing-library/user-event/dist/cjs/event/wrapEvent.js:6:28)
      at Object.dispatchEvent (../../node_modules/@testing-library/user-event/dist/cjs/event/dispatchEvent.js:45:22)
      at Object.dispatchUIEvent (../../node_modules/@testing-library/user-event/dist/cjs/event/dispatchEvent.js:22:26)
      at commitInput (../../node_modules/@testing-library/user-event/dist/cjs/event/input.js:145:14)
      at editInputElement (../../node_modules/@testing-library/user-event/dist/cjs/event/input.js:115:9)
      at Object.input (../../node_modules/@testing-library/user-event/dist/cjs/event/input.js:37:9)
      at ../../node_modules/@testing-library/user-event/dist/cjs/event/behavior/keypress.js:31:26
      at Object.dispatchEvent (../../node_modules/@testing-library/user-event/dist/cjs/event/dispatchEvent.js:41:13)
      at Object.dispatchUIEvent (../../node_modules/@testing-library/user-event/dist/cjs/event/dispatchEvent.js:22:26)
      at KeyboardHost.keydown (../../node_modules/@testing-library/user-event/dist/cjs/system/keyboard.js:76:22)
      at keyboardAction (../../node_modules/@testing-library/user-event/dist/cjs/keyboard/index.js:22:35)
      at Object.keyboard (../../node_modules/@testing-library/user-event/dist/cjs/keyboard/index.js:11:15)
      at Object.type (../../node_modules/@testing-library/user-event/dist/cjs/utility/type.js:17:5)
      at Object.<anonymous> (src/__tests__/App.test.js:119:5)

  console.error
    Warning: An update to ForwardRef(FormControl) inside a test was not wrapped in act(...).
    
    When testing, code that causes React state updates should be wrapped into act(...):
    
    act(() => {
      /* fire events that update state */
    });
    /* assert on the output */
    
    This ensures that you're testing the behavior the user would see in the browser. Learn more at https://reactjs.org/link/wrap-tests-with-act
        at FormControl (/workspaces/dajp-ae-bootcamp-session-3/node_modules/@mui/material/FormControl/FormControl.js:104:59)
        at /workspaces/dajp-ae-bootcamp-session-3/node_modules/@emotion/react/dist/emotion-element-a1829a1e.cjs.js:58:23
        at TextField (/workspaces/dajp-ae-bootcamp-session-3/node_modules/@mui/material/TextField/TextField.js:80:59)
        at form
        at /workspaces/dajp-ae-bootcamp-session-3/node_modules/@emotion/react/dist/emotion-element-a1829a1e.cjs.js:58:23
        at Box (/workspaces/dajp-ae-bootcamp-session-3/node_modules/@mui/system/createBox/createBox.js:27:41)
        at div
        at /workspaces/dajp-ae-bootcamp-session-3/node_modules/@emotion/react/dist/emotion-element-a1829a1e.cjs.js:58:23
        at Paper (/workspaces/dajp-ae-bootcamp-session-3/node_modules/@mui/material/Paper/Paper.js:75:59)
        at TaskForm (/workspaces/dajp-ae-bootcamp-session-3/packages/frontend/src/TaskForm.js:6:21)
        at div
        at /workspaces/dajp-ae-bootcamp-session-3/node_modules/@emotion/react/dist/emotion-element-a1829a1e.cjs.js:58:23
        at Box (/workspaces/dajp-ae-bootcamp-session-3/node_modules/@mui/system/createBox/createBox.js:27:41)
        at div
        at /workspaces/dajp-ae-bootcamp-session-3/node_modules/@emotion/react/dist/emotion-element-a1829a1e.cjs.js:58:23
        at Container (/workspaces/dajp-ae-bootcamp-session-3/node_modules/@mui/system/Container/createContainer.js:111:19)
        at div
        at /workspaces/dajp-ae-bootcamp-session-3/node_modules/@emotion/react/dist/emotion-element-a1829a1e.cjs.js:58:23
        at Box (/workspaces/dajp-ae-bootcamp-session-3/node_modules/@mui/system/createBox/createBox.js:27:41)
        at App (/workspaces/dajp-ae-bootcamp-session-3/packages/frontend/src/App.js:8:49)

      117 |     });
      118 |     await user.type(screen.getByTestId('title-input'), 'New Test Task');
    > 119 |     await user.type(screen.getByTestId('description-input'), 'Task description');
          |     ^
      120 |     await user.click(screen.getByTestId('submit-task'));
      121 |     await waitFor(() => {
      122 |       expect(screen.getByText(/New Test Task/i)).toBeInTheDocument();

      at printWarning (../../node_modules/react-dom/cjs/react-dom.development.js:86:30)
      at error (../../node_modules/react-dom/cjs/react-dom.development.js:60:7)
      at warnIfUpdatesNotWrappedWithActDEV (../../node_modules/react-dom/cjs/react-dom.development.js:27628:9)
      at scheduleUpdateOnFiber (../../node_modules/react-dom/cjs/react-dom.development.js:25547:5)
      at dispatchSetState (../../node_modules/react-dom/cjs/react-dom.development.js:16708:7)
      at ../../node_modules/@mui/material/InputBase/InputBase.js:448:22
      at commitHookEffectListMount (../../node_modules/react-dom/cjs/react-dom.development.js:23189:26)
      at commitPassiveMountOnFiber (../../node_modules/react-dom/cjs/react-dom.development.js:24970:11)
      at commitPassiveMountEffects_complete (../../node_modules/react-dom/cjs/react-dom.development.js:24930:9)
      at commitPassiveMountEffects_begin (../../node_modules/react-dom/cjs/react-dom.development.js:24917:7)
      at commitPassiveMountEffects (../../node_modules/react-dom/cjs/react-dom.development.js:24905:3)
      at flushPassiveEffectsImpl (../../node_modules/react-dom/cjs/react-dom.development.js:27078:3)
      at flushPassiveEffects (../../node_modules/react-dom/cjs/react-dom.development.js:27023:14)
      at commitRootImpl (../../node_modules/react-dom/cjs/react-dom.development.js:26974:5)
      at commitRoot (../../node_modules/react-dom/cjs/react-dom.development.js:26721:5)
      at performSyncWorkOnRoot (../../node_modules/react-dom/cjs/react-dom.development.js:26156:3)
      at flushSyncCallbacks (../../node_modules/react-dom/cjs/react-dom.development.js:12042:22)
      at flushSync (../../node_modules/react-dom/cjs/react-dom.development.js:26240:7)
      at finishEventHandler (../../node_modules/react-dom/cjs/react-dom.development.js:3976:5)
      at batchedUpdates (../../node_modules/react-dom/cjs/react-dom.development.js:3994:5)
      at dispatchEventForPluginEventSystem (../../node_modules/react-dom/cjs/react-dom.development.js:9287:3)
      at dispatchEventWithEnableCapturePhaseSelectiveHydrationWithoutDiscreteEventReplay (../../node_modules/react-dom/cjs/react-dom.development.js:6465:5)
      at dispatchEvent (../../node_modules/react-dom/cjs/react-dom.development.js:6457:5)
      at dispatchDiscreteEvent (../../node_modules/react-dom/cjs/react-dom.development.js:6430:5)
      at HTMLDivElement.callTheUserObjectsOperation (../../node_modules/jsdom/lib/jsdom/living/generated/EventListener.js:26:30)
      at innerInvokeEventListeners (../../node_modules/jsdom/lib/jsdom/living/events/EventTarget-impl.js:338:25)
      at invokeEventListeners (../../node_modules/jsdom/lib/jsdom/living/events/EventTarget-impl.js:274:3)
      at HTMLTextAreaElementImpl._dispatch (../../node_modules/jsdom/lib/jsdom/living/events/EventTarget-impl.js:221:9)
      at HTMLTextAreaElementImpl.dispatchEvent (../../node_modules/jsdom/lib/jsdom/living/events/EventTarget-impl.js:94:17)
      at HTMLTextAreaElement.dispatchEvent (../../node_modules/jsdom/lib/jsdom/living/generated/EventTarget.js:231:34)
      at ../../node_modules/@testing-library/user-event/dist/cjs/event/dispatchEvent.js:45:43
      at Object.eventWrapper (../../node_modules/@testing-library/dom/dist/config.js:25:23)
      at Object.wrapEvent (../../node_modules/@testing-library/user-event/dist/cjs/event/wrapEvent.js:6:28)
      at Object.dispatchEvent (../../node_modules/@testing-library/user-event/dist/cjs/event/dispatchEvent.js:45:22)
      at Object.dispatchUIEvent (../../node_modules/@testing-library/user-event/dist/cjs/event/dispatchEvent.js:22:26)
      at commitInput (../../node_modules/@testing-library/user-event/dist/cjs/event/input.js:145:14)
      at editInputElement (../../node_modules/@testing-library/user-event/dist/cjs/event/input.js:115:9)
      at Object.input (../../node_modules/@testing-library/user-event/dist/cjs/event/input.js:37:9)
      at ../../node_modules/@testing-library/user-event/dist/cjs/event/behavior/keypress.js:31:26
      at Object.dispatchEvent (../../node_modules/@testing-library/user-event/dist/cjs/event/dispatchEvent.js:41:13)
      at Object.dispatchUIEvent (../../node_modules/@testing-library/user-event/dist/cjs/event/dispatchEvent.js:22:26)
      at KeyboardHost.keydown (../../node_modules/@testing-library/user-event/dist/cjs/system/keyboard.js:76:22)
      at keyboardAction (../../node_modules/@testing-library/user-event/dist/cjs/keyboard/index.js:22:35)
      at Object.keyboard (../../node_modules/@testing-library/user-event/dist/cjs/keyboard/index.js:11:15)
      at Object.type (../../node_modules/@testing-library/user-event/dist/cjs/utility/type.js:17:5)
      at Object.<anonymous> (src/__tests__/App.test.js:119:5)

  console.error
    Warning: An update to TaskForm inside a test was not wrapped in act(...).
    
    When testing, code that causes React state updates should be wrapped into act(...):
    
    act(() => {
      /* fire events that update state */
    });
    /* assert on the output */
    
    This ensures that you're testing the behavior the user would see in the browser. Learn more at https://reactjs.org/link/wrap-tests-with-act
        at TaskForm (/workspaces/dajp-ae-bootcamp-session-3/packages/frontend/src/TaskForm.js:6:21)
        at div
        at /workspaces/dajp-ae-bootcamp-session-3/node_modules/@emotion/react/dist/emotion-element-a1829a1e.cjs.js:58:23
        at Box (/workspaces/dajp-ae-bootcamp-session-3/node_modules/@mui/system/createBox/createBox.js:27:41)
        at div
        at /workspaces/dajp-ae-bootcamp-session-3/node_modules/@emotion/react/dist/emotion-element-a1829a1e.cjs.js:58:23
        at Container (/workspaces/dajp-ae-bootcamp-session-3/node_modules/@mui/system/Container/createContainer.js:111:19)
        at div
        at /workspaces/dajp-ae-bootcamp-session-3/node_modules/@emotion/react/dist/emotion-element-a1829a1e.cjs.js:58:23
        at Box (/workspaces/dajp-ae-bootcamp-session-3/node_modules/@mui/system/createBox/createBox.js:27:41)
        at App (/workspaces/dajp-ae-bootcamp-session-3/packages/frontend/src/App.js:8:49)

      106 |           label="Description"
      107 |           value={description}
    > 108 |           onChange={e => setDescription(e.target.value)}
          |                          ^
      109 |           multiline
      110 |           minRows={2}
      111 |           variant="outlined"

      at printWarning (../../node_modules/react-dom/cjs/react-dom.development.js:86:30)
      at error (../../node_modules/react-dom/cjs/react-dom.development.js:60:7)
      at warnIfUpdatesNotWrappedWithActDEV (../../node_modules/react-dom/cjs/react-dom.development.js:27628:9)
      at scheduleUpdateOnFiber (../../node_modules/react-dom/cjs/react-dom.development.js:25547:5)
      at setDescription (../../node_modules/react-dom/cjs/react-dom.development.js:16708:7)
      at onChange (src/TaskForm.js:108:26)
      at handleChange (../../node_modules/@mui/material/InputBase/InputBase.js:396:7)
      at handleChange (../../node_modules/@mui/material/TextareaAutosize/TextareaAutosize.js:200:7)
      at HTMLUnknownElement.callCallback (../../node_modules/react-dom/cjs/react-dom.development.js:4164:14)
      at HTMLUnknownElement.callTheUserObjectsOperation (../../node_modules/jsdom/lib/jsdom/living/generated/EventListener.js:26:30)
      at innerInvokeEventListeners (../../node_modules/jsdom/lib/jsdom/living/events/EventTarget-impl.js:338:25)
      at invokeEventListeners (../../node_modules/jsdom/lib/jsdom/living/events/EventTarget-impl.js:274:3)
      at HTMLUnknownElementImpl._dispatch (../../node_modules/jsdom/lib/jsdom/living/events/EventTarget-impl.js:221:9)
      at HTMLUnknownElementImpl.dispatchEvent (../../node_modules/jsdom/lib/jsdom/living/events/EventTarget-impl.js:94:17)
      at HTMLUnknownElement.dispatchEvent (../../node_modules/jsdom/lib/jsdom/living/generated/EventTarget.js:231:34)
      at Object.invokeGuardedCallbackDev (../../node_modules/react-dom/cjs/react-dom.development.js:4213:16)
      at invokeGuardedCallback (../../node_modules/react-dom/cjs/react-dom.development.js:4277:31)
      at invokeGuardedCallbackAndCatchFirstError (../../node_modules/react-dom/cjs/react-dom.development.js:4291:25)
      at executeDispatch (../../node_modules/react-dom/cjs/react-dom.development.js:9041:3)
      at processDispatchQueueItemsInOrder (../../node_modules/react-dom/cjs/react-dom.development.js:9073:7)
      at processDispatchQueue (../../node_modules/react-dom/cjs/react-dom.development.js:9086:5)
      at dispatchEventsForPlugins (../../node_modules/react-dom/cjs/react-dom.development.js:9097:3)
      at ../../node_modules/react-dom/cjs/react-dom.development.js:9288:12
      at batchedUpdates$1 (../../node_modules/react-dom/cjs/react-dom.development.js:26179:12)
      at batchedUpdates (../../node_modules/react-dom/cjs/react-dom.development.js:3991:12)
      at dispatchEventForPluginEventSystem (../../node_modules/react-dom/cjs/react-dom.development.js:9287:3)
      at dispatchEventWithEnableCapturePhaseSelectiveHydrationWithoutDiscreteEventReplay (../../node_modules/react-dom/cjs/react-dom.development.js:6465:5)
      at dispatchEvent (../../node_modules/react-dom/cjs/react-dom.development.js:6457:5)
      at dispatchDiscreteEvent (../../node_modules/react-dom/cjs/react-dom.development.js:6430:5)
      at HTMLDivElement.callTheUserObjectsOperation (../../node_modules/jsdom/lib/jsdom/living/generated/EventListener.js:26:30)
      at innerInvokeEventListeners (../../node_modules/jsdom/lib/jsdom/living/events/EventTarget-impl.js:338:25)
      at invokeEventListeners (../../node_modules/jsdom/lib/jsdom/living/events/EventTarget-impl.js:274:3)
      at HTMLTextAreaElementImpl._dispatch (../../node_modules/jsdom/lib/jsdom/living/events/EventTarget-impl.js:221:9)
      at HTMLTextAreaElementImpl.dispatchEvent (../../node_modules/jsdom/lib/jsdom/living/events/EventTarget-impl.js:94:17)
      at HTMLTextAreaElement.dispatchEvent (../../node_modules/jsdom/lib/jsdom/living/generated/EventTarget.js:231:34)
      at ../../node_modules/@testing-library/user-event/dist/cjs/event/dispatchEvent.js:45:43
      at Object.eventWrapper (../../node_modules/@testing-library/dom/dist/config.js:25:23)
      at Object.wrapEvent (../../node_modules/@testing-library/user-event/dist/cjs/event/wrapEvent.js:6:28)
      at Object.dispatchEvent (../../node_modules/@testing-library/user-event/dist/cjs/event/dispatchEvent.js:45:22)
      at Object.dispatchUIEvent (../../node_modules/@testing-library/user-event/dist/cjs/event/dispatchEvent.js:22:26)
      at commitInput (../../node_modules/@testing-library/user-event/dist/cjs/event/input.js:145:14)
      at editInputElement (../../node_modules/@testing-library/user-event/dist/cjs/event/input.js:115:9)
      at Object.input (../../node_modules/@testing-library/user-event/dist/cjs/event/input.js:37:9)
      at ../../node_modules/@testing-library/user-event/dist/cjs/event/behavior/keypress.js:31:26
      at Object.dispatchEvent (../../node_modules/@testing-library/user-event/dist/cjs/event/dispatchEvent.js:41:13)
      at Object.dispatchUIEvent (../../node_modules/@testing-library/user-event/dist/cjs/event/dispatchEvent.js:22:26)
      at KeyboardHost.keydown (../../node_modules/@testing-library/user-event/dist/cjs/system/keyboard.js:76:22)

  console.error
    Warning: An update to ForwardRef(FormControl) inside a test was not wrapped in act(...).
    
    When testing, code that causes React state updates should be wrapped into act(...):
    
    act(() => {
      /* fire events that update state */
    });
    /* assert on the output */
    
    This ensures that you're testing the behavior the user would see in the browser. Learn more at https://reactjs.org/link/wrap-tests-with-act
        at FormControl (/workspaces/dajp-ae-bootcamp-session-3/node_modules/@mui/material/FormControl/FormControl.js:104:59)
        at /workspaces/dajp-ae-bootcamp-session-3/node_modules/@emotion/react/dist/emotion-element-a1829a1e.cjs.js:58:23
        at TextField (/workspaces/dajp-ae-bootcamp-session-3/node_modules/@mui/material/TextField/TextField.js:80:59)
        at form
        at /workspaces/dajp-ae-bootcamp-session-3/node_modules/@emotion/react/dist/emotion-element-a1829a1e.cjs.js:58:23
        at Box (/workspaces/dajp-ae-bootcamp-session-3/node_modules/@mui/system/createBox/createBox.js:27:41)
        at div
        at /workspaces/dajp-ae-bootcamp-session-3/node_modules/@emotion/react/dist/emotion-element-a1829a1e.cjs.js:58:23
        at Paper (/workspaces/dajp-ae-bootcamp-session-3/node_modules/@mui/material/Paper/Paper.js:75:59)
        at TaskForm (/workspaces/dajp-ae-bootcamp-session-3/packages/frontend/src/TaskForm.js:6:21)
        at div
        at /workspaces/dajp-ae-bootcamp-session-3/node_modules/@emotion/react/dist/emotion-element-a1829a1e.cjs.js:58:23
        at Box (/workspaces/dajp-ae-bootcamp-session-3/node_modules/@mui/system/createBox/createBox.js:27:41)
        at div
        at /workspaces/dajp-ae-bootcamp-session-3/node_modules/@emotion/react/dist/emotion-element-a1829a1e.cjs.js:58:23
        at Container (/workspaces/dajp-ae-bootcamp-session-3/node_modules/@mui/system/Container/createContainer.js:111:19)
        at div
        at /workspaces/dajp-ae-bootcamp-session-3/node_modules/@emotion/react/dist/emotion-element-a1829a1e.cjs.js:58:23
        at Box (/workspaces/dajp-ae-bootcamp-session-3/node_modules/@mui/system/createBox/createBox.js:27:41)
        at App (/workspaces/dajp-ae-bootcamp-session-3/packages/frontend/src/App.js:8:49)

      117 |     });
      118 |     await user.type(screen.getByTestId('title-input'), 'New Test Task');
    > 119 |     await user.type(screen.getByTestId('description-input'), 'Task description');
          |     ^
      120 |     await user.click(screen.getByTestId('submit-task'));
      121 |     await waitFor(() => {
      122 |       expect(screen.getByText(/New Test Task/i)).toBeInTheDocument();

      at printWarning (../../node_modules/react-dom/cjs/react-dom.development.js:86:30)
      at error (../../node_modules/react-dom/cjs/react-dom.development.js:60:7)
      at warnIfUpdatesNotWrappedWithActDEV (../../node_modules/react-dom/cjs/react-dom.development.js:27628:9)
      at scheduleUpdateOnFiber (../../node_modules/react-dom/cjs/react-dom.development.js:25547:5)
      at dispatchSetState (../../node_modules/react-dom/cjs/react-dom.development.js:16708:7)
      at ../../node_modules/@mui/material/InputBase/InputBase.js:448:22
      at commitHookEffectListMount (../../node_modules/react-dom/cjs/react-dom.development.js:23189:26)
      at commitPassiveMountOnFiber (../../node_modules/react-dom/cjs/react-dom.development.js:24970:11)
      at commitPassiveMountEffects_complete (../../node_modules/react-dom/cjs/react-dom.development.js:24930:9)
      at commitPassiveMountEffects_begin (../../node_modules/react-dom/cjs/react-dom.development.js:24917:7)
      at commitPassiveMountEffects (../../node_modules/react-dom/cjs/react-dom.development.js:24905:3)
      at flushPassiveEffectsImpl (../../node_modules/react-dom/cjs/react-dom.development.js:27078:3)
      at flushPassiveEffects (../../node_modules/react-dom/cjs/react-dom.development.js:27023:14)
      at commitRootImpl (../../node_modules/react-dom/cjs/react-dom.development.js:26974:5)
      at commitRoot (../../node_modules/react-dom/cjs/react-dom.development.js:26721:5)
      at performSyncWorkOnRoot (../../node_modules/react-dom/cjs/react-dom.development.js:26156:3)
      at flushSyncCallbacks (../../node_modules/react-dom/cjs/react-dom.development.js:12042:22)
      at flushSync (../../node_modules/react-dom/cjs/react-dom.development.js:26240:7)
      at finishEventHandler (../../node_modules/react-dom/cjs/react-dom.development.js:3976:5)
      at batchedUpdates (../../node_modules/react-dom/cjs/react-dom.development.js:3994:5)
      at dispatchEventForPluginEventSystem (../../node_modules/react-dom/cjs/react-dom.development.js:9287:3)
      at dispatchEventWithEnableCapturePhaseSelectiveHydrationWithoutDiscreteEventReplay (../../node_modules/react-dom/cjs/react-dom.development.js:6465:5)
      at dispatchEvent (../../node_modules/react-dom/cjs/react-dom.development.js:6457:5)
      at dispatchDiscreteEvent (../../node_modules/react-dom/cjs/react-dom.development.js:6430:5)
      at HTMLDivElement.callTheUserObjectsOperation (../../node_modules/jsdom/lib/jsdom/living/generated/EventListener.js:26:30)
      at innerInvokeEventListeners (../../node_modules/jsdom/lib/jsdom/living/events/EventTarget-impl.js:338:25)
      at invokeEventListeners (../../node_modules/jsdom/lib/jsdom/living/events/EventTarget-impl.js:274:3)
      at HTMLTextAreaElementImpl._dispatch (../../node_modules/jsdom/lib/jsdom/living/events/EventTarget-impl.js:221:9)
      at HTMLTextAreaElementImpl.dispatchEvent (../../node_modules/jsdom/lib/jsdom/living/events/EventTarget-impl.js:94:17)
      at HTMLTextAreaElement.dispatchEvent (../../node_modules/jsdom/lib/jsdom/living/generated/EventTarget.js:231:34)
      at ../../node_modules/@testing-library/user-event/dist/cjs/event/dispatchEvent.js:45:43
      at Object.eventWrapper (../../node_modules/@testing-library/dom/dist/config.js:25:23)
      at Object.wrapEvent (../../node_modules/@testing-library/user-event/dist/cjs/event/wrapEvent.js:6:28)
      at Object.dispatchEvent (../../node_modules/@testing-library/user-event/dist/cjs/event/dispatchEvent.js:45:22)
      at Object.dispatchUIEvent (../../node_modules/@testing-library/user-event/dist/cjs/event/dispatchEvent.js:22:26)
      at commitInput (../../node_modules/@testing-library/user-event/dist/cjs/event/input.js:145:14)
      at editInputElement (../../node_modules/@testing-library/user-event/dist/cjs/event/input.js:115:9)
      at Object.input (../../node_modules/@testing-library/user-event/dist/cjs/event/input.js:37:9)
      at ../../node_modules/@testing-library/user-event/dist/cjs/event/behavior/keypress.js:31:26
      at Object.dispatchEvent (../../node_modules/@testing-library/user-event/dist/cjs/event/dispatchEvent.js:41:13)
      at Object.dispatchUIEvent (../../node_modules/@testing-library/user-event/dist/cjs/event/dispatchEvent.js:22:26)
      at KeyboardHost.keydown (../../node_modules/@testing-library/user-event/dist/cjs/system/keyboard.js:76:22)
      at keyboardAction (../../node_modules/@testing-library/user-event/dist/cjs/keyboard/index.js:22:35)
      at Object.keyboard (../../node_modules/@testing-library/user-event/dist/cjs/keyboard/index.js:11:15)
      at Object.type (../../node_modules/@testing-library/user-event/dist/cjs/utility/type.js:17:5)
      at Object.<anonymous> (src/__tests__/App.test.js:119:5)

  console.error
    Warning: An update to ForwardRef(FormControl) inside a test was not wrapped in act(...).
    
    When testing, code that causes React state updates should be wrapped into act(...):
    
    act(() => {
      /* fire events that update state */
    });
    /* assert on the output */
    
    This ensures that you're testing the behavior the user would see in the browser. Learn more at https://reactjs.org/link/wrap-tests-with-act
        at FormControl (/workspaces/dajp-ae-bootcamp-session-3/node_modules/@mui/material/FormControl/FormControl.js:104:59)
        at /workspaces/dajp-ae-bootcamp-session-3/node_modules/@emotion/react/dist/emotion-element-a1829a1e.cjs.js:58:23
        at TextField (/workspaces/dajp-ae-bootcamp-session-3/node_modules/@mui/material/TextField/TextField.js:80:59)
        at form
        at /workspaces/dajp-ae-bootcamp-session-3/node_modules/@emotion/react/dist/emotion-element-a1829a1e.cjs.js:58:23
        at Box (/workspaces/dajp-ae-bootcamp-session-3/node_modules/@mui/system/createBox/createBox.js:27:41)
        at div
        at /workspaces/dajp-ae-bootcamp-session-3/node_modules/@emotion/react/dist/emotion-element-a1829a1e.cjs.js:58:23
        at Paper (/workspaces/dajp-ae-bootcamp-session-3/node_modules/@mui/material/Paper/Paper.js:75:59)
        at TaskForm (/workspaces/dajp-ae-bootcamp-session-3/packages/frontend/src/TaskForm.js:6:21)
        at div
        at /workspaces/dajp-ae-bootcamp-session-3/node_modules/@emotion/react/dist/emotion-element-a1829a1e.cjs.js:58:23
        at Box (/workspaces/dajp-ae-bootcamp-session-3/node_modules/@mui/system/createBox/createBox.js:27:41)
        at div
        at /workspaces/dajp-ae-bootcamp-session-3/node_modules/@emotion/react/dist/emotion-element-a1829a1e.cjs.js:58:23
        at Container (/workspaces/dajp-ae-bootcamp-session-3/node_modules/@mui/system/Container/createContainer.js:111:19)
        at div
        at /workspaces/dajp-ae-bootcamp-session-3/node_modules/@emotion/react/dist/emotion-element-a1829a1e.cjs.js:58:23
        at Box (/workspaces/dajp-ae-bootcamp-session-3/node_modules/@mui/system/createBox/createBox.js:27:41)
        at App (/workspaces/dajp-ae-bootcamp-session-3/packages/frontend/src/App.js:8:49)

      117 |     });
      118 |     await user.type(screen.getByTestId('title-input'), 'New Test Task');
    > 119 |     await user.type(screen.getByTestId('description-input'), 'Task description');
          |     ^
      120 |     await user.click(screen.getByTestId('submit-task'));
      121 |     await waitFor(() => {
      122 |       expect(screen.getByText(/New Test Task/i)).toBeInTheDocument();

      at printWarning (../../node_modules/react-dom/cjs/react-dom.development.js:86:30)
      at error (../../node_modules/react-dom/cjs/react-dom.development.js:60:7)
      at warnIfUpdatesNotWrappedWithActDEV (../../node_modules/react-dom/cjs/react-dom.development.js:27628:9)
      at scheduleUpdateOnFiber (../../node_modules/react-dom/cjs/react-dom.development.js:25547:5)
      at dispatchSetState (../../node_modules/react-dom/cjs/react-dom.development.js:16708:7)
      at ../../node_modules/@mui/material/InputBase/InputBase.js:448:22
      at commitHookEffectListMount (../../node_modules/react-dom/cjs/react-dom.development.js:23189:26)
      at commitPassiveMountOnFiber (../../node_modules/react-dom/cjs/react-dom.development.js:24970:11)
      at commitPassiveMountEffects_complete (../../node_modules/react-dom/cjs/react-dom.development.js:24930:9)
      at commitPassiveMountEffects_begin (../../node_modules/react-dom/cjs/react-dom.development.js:24917:7)
      at commitPassiveMountEffects (../../node_modules/react-dom/cjs/react-dom.development.js:24905:3)
      at flushPassiveEffectsImpl (../../node_modules/react-dom/cjs/react-dom.development.js:27078:3)
      at flushPassiveEffects (../../node_modules/react-dom/cjs/react-dom.development.js:27023:14)
      at commitRootImpl (../../node_modules/react-dom/cjs/react-dom.development.js:26974:5)
      at commitRoot (../../node_modules/react-dom/cjs/react-dom.development.js:26721:5)
      at performSyncWorkOnRoot (../../node_modules/react-dom/cjs/react-dom.development.js:26156:3)
      at flushSyncCallbacks (../../node_modules/react-dom/cjs/react-dom.development.js:12042:22)
      at flushSync (../../node_modules/react-dom/cjs/react-dom.development.js:26240:7)
      at finishEventHandler (../../node_modules/react-dom/cjs/react-dom.development.js:3976:5)
      at batchedUpdates (../../node_modules/react-dom/cjs/react-dom.development.js:3994:5)
      at dispatchEventForPluginEventSystem (../../node_modules/react-dom/cjs/react-dom.development.js:9287:3)
      at dispatchEventWithEnableCapturePhaseSelectiveHydrationWithoutDiscreteEventReplay (../../node_modules/react-dom/cjs/react-dom.development.js:6465:5)
      at dispatchEvent (../../node_modules/react-dom/cjs/react-dom.development.js:6457:5)
      at dispatchDiscreteEvent (../../node_modules/react-dom/cjs/react-dom.development.js:6430:5)
      at HTMLDivElement.callTheUserObjectsOperation (../../node_modules/jsdom/lib/jsdom/living/generated/EventListener.js:26:30)
      at innerInvokeEventListeners (../../node_modules/jsdom/lib/jsdom/living/events/EventTarget-impl.js:338:25)
      at invokeEventListeners (../../node_modules/jsdom/lib/jsdom/living/events/EventTarget-impl.js:274:3)
      at HTMLTextAreaElementImpl._dispatch (../../node_modules/jsdom/lib/jsdom/living/events/EventTarget-impl.js:221:9)
      at HTMLTextAreaElementImpl.dispatchEvent (../../node_modules/jsdom/lib/jsdom/living/events/EventTarget-impl.js:94:17)
      at HTMLTextAreaElement.dispatchEvent (../../node_modules/jsdom/lib/jsdom/living/generated/EventTarget.js:231:34)
      at ../../node_modules/@testing-library/user-event/dist/cjs/event/dispatchEvent.js:45:43
      at Object.eventWrapper (../../node_modules/@testing-library/dom/dist/config.js:25:23)
      at Object.wrapEvent (../../node_modules/@testing-library/user-event/dist/cjs/event/wrapEvent.js:6:28)
      at Object.dispatchEvent (../../node_modules/@testing-library/user-event/dist/cjs/event/dispatchEvent.js:45:22)
      at Object.dispatchUIEvent (../../node_modules/@testing-library/user-event/dist/cjs/event/dispatchEvent.js:22:26)
      at commitInput (../../node_modules/@testing-library/user-event/dist/cjs/event/input.js:145:14)
      at editInputElement (../../node_modules/@testing-library/user-event/dist/cjs/event/input.js:115:9)
      at Object.input (../../node_modules/@testing-library/user-event/dist/cjs/event/input.js:37:9)
      at ../../node_modules/@testing-library/user-event/dist/cjs/event/behavior/keypress.js:31:26
      at Object.dispatchEvent (../../node_modules/@testing-library/user-event/dist/cjs/event/dispatchEvent.js:41:13)
      at Object.dispatchUIEvent (../../node_modules/@testing-library/user-event/dist/cjs/event/dispatchEvent.js:22:26)
      at KeyboardHost.keydown (../../node_modules/@testing-library/user-event/dist/cjs/system/keyboard.js:76:22)
      at keyboardAction (../../node_modules/@testing-library/user-event/dist/cjs/keyboard/index.js:22:35)
      at Object.keyboard (../../node_modules/@testing-library/user-event/dist/cjs/keyboard/index.js:11:15)
      at Object.type (../../node_modules/@testing-library/user-event/dist/cjs/utility/type.js:17:5)
      at Object.<anonymous> (src/__tests__/App.test.js:119:5)

  console.error
    Warning: An update to TaskForm inside a test was not wrapped in act(...).
    
    When testing, code that causes React state updates should be wrapped into act(...):
    
    act(() => {
      /* fire events that update state */
    });
    /* assert on the output */
    
    This ensures that you're testing the behavior the user would see in the browser. Learn more at https://reactjs.org/link/wrap-tests-with-act
        at TaskForm (/workspaces/dajp-ae-bootcamp-session-3/packages/frontend/src/TaskForm.js:6:21)
        at div
        at /workspaces/dajp-ae-bootcamp-session-3/node_modules/@emotion/react/dist/emotion-element-a1829a1e.cjs.js:58:23
        at Box (/workspaces/dajp-ae-bootcamp-session-3/node_modules/@mui/system/createBox/createBox.js:27:41)
        at div
        at /workspaces/dajp-ae-bootcamp-session-3/node_modules/@emotion/react/dist/emotion-element-a1829a1e.cjs.js:58:23
        at Container (/workspaces/dajp-ae-bootcamp-session-3/node_modules/@mui/system/Container/createContainer.js:111:19)
        at div
        at /workspaces/dajp-ae-bootcamp-session-3/node_modules/@emotion/react/dist/emotion-element-a1829a1e.cjs.js:58:23
        at Box (/workspaces/dajp-ae-bootcamp-session-3/node_modules/@mui/system/createBox/createBox.js:27:41)
        at App (/workspaces/dajp-ae-bootcamp-session-3/packages/frontend/src/App.js:8:49)

      106 |           label="Description"
      107 |           value={description}
    > 108 |           onChange={e => setDescription(e.target.value)}
          |                          ^
      109 |           multiline
      110 |           minRows={2}
      111 |           variant="outlined"

      at printWarning (../../node_modules/react-dom/cjs/react-dom.development.js:86:30)
      at error (../../node_modules/react-dom/cjs/react-dom.development.js:60:7)
      at warnIfUpdatesNotWrappedWithActDEV (../../node_modules/react-dom/cjs/react-dom.development.js:27628:9)
      at scheduleUpdateOnFiber (../../node_modules/react-dom/cjs/react-dom.development.js:25547:5)
      at setDescription (../../node_modules/react-dom/cjs/react-dom.development.js:16708:7)
      at onChange (src/TaskForm.js:108:26)
      at handleChange (../../node_modules/@mui/material/InputBase/InputBase.js:396:7)
      at handleChange (../../node_modules/@mui/material/TextareaAutosize/TextareaAutosize.js:200:7)
      at HTMLUnknownElement.callCallback (../../node_modules/react-dom/cjs/react-dom.development.js:4164:14)
      at HTMLUnknownElement.callTheUserObjectsOperation (../../node_modules/jsdom/lib/jsdom/living/generated/EventListener.js:26:30)
      at innerInvokeEventListeners (../../node_modules/jsdom/lib/jsdom/living/events/EventTarget-impl.js:338:25)
      at invokeEventListeners (../../node_modules/jsdom/lib/jsdom/living/events/EventTarget-impl.js:274:3)
      at HTMLUnknownElementImpl._dispatch (../../node_modules/jsdom/lib/jsdom/living/events/EventTarget-impl.js:221:9)
      at HTMLUnknownElementImpl.dispatchEvent (../../node_modules/jsdom/lib/jsdom/living/events/EventTarget-impl.js:94:17)
      at HTMLUnknownElement.dispatchEvent (../../node_modules/jsdom/lib/jsdom/living/generated/EventTarget.js:231:34)
      at Object.invokeGuardedCallbackDev (../../node_modules/react-dom/cjs/react-dom.development.js:4213:16)
      at invokeGuardedCallback (../../node_modules/react-dom/cjs/react-dom.development.js:4277:31)
      at invokeGuardedCallbackAndCatchFirstError (../../node_modules/react-dom/cjs/react-dom.development.js:4291:25)
      at executeDispatch (../../node_modules/react-dom/cjs/react-dom.development.js:9041:3)
      at processDispatchQueueItemsInOrder (../../node_modules/react-dom/cjs/react-dom.development.js:9073:7)
      at processDispatchQueue (../../node_modules/react-dom/cjs/react-dom.development.js:9086:5)
      at dispatchEventsForPlugins (../../node_modules/react-dom/cjs/react-dom.development.js:9097:3)
      at ../../node_modules/react-dom/cjs/react-dom.development.js:9288:12
      at batchedUpdates$1 (../../node_modules/react-dom/cjs/react-dom.development.js:26179:12)
      at batchedUpdates (../../node_modules/react-dom/cjs/react-dom.development.js:3991:12)
      at dispatchEventForPluginEventSystem (../../node_modules/react-dom/cjs/react-dom.development.js:9287:3)
      at dispatchEventWithEnableCapturePhaseSelectiveHydrationWithoutDiscreteEventReplay (../../node_modules/react-dom/cjs/react-dom.development.js:6465:5)
      at dispatchEvent (../../node_modules/react-dom/cjs/react-dom.development.js:6457:5)
      at dispatchDiscreteEvent (../../node_modules/react-dom/cjs/react-dom.development.js:6430:5)
      at HTMLDivElement.callTheUserObjectsOperation (../../node_modules/jsdom/lib/jsdom/living/generated/EventListener.js:26:30)
      at innerInvokeEventListeners (../../node_modules/jsdom/lib/jsdom/living/events/EventTarget-impl.js:338:25)
      at invokeEventListeners (../../node_modules/jsdom/lib/jsdom/living/events/EventTarget-impl.js:274:3)
      at HTMLTextAreaElementImpl._dispatch (../../node_modules/jsdom/lib/jsdom/living/events/EventTarget-impl.js:221:9)
      at HTMLTextAreaElementImpl.dispatchEvent (../../node_modules/jsdom/lib/jsdom/living/events/EventTarget-impl.js:94:17)
      at HTMLTextAreaElement.dispatchEvent (../../node_modules/jsdom/lib/jsdom/living/generated/EventTarget.js:231:34)
      at ../../node_modules/@testing-library/user-event/dist/cjs/event/dispatchEvent.js:45:43
      at Object.eventWrapper (../../node_modules/@testing-library/dom/dist/config.js:25:23)
      at Object.wrapEvent (../../node_modules/@testing-library/user-event/dist/cjs/event/wrapEvent.js:6:28)
      at Object.dispatchEvent (../../node_modules/@testing-library/user-event/dist/cjs/event/dispatchEvent.js:45:22)
      at Object.dispatchUIEvent (../../node_modules/@testing-library/user-event/dist/cjs/event/dispatchEvent.js:22:26)
      at commitInput (../../node_modules/@testing-library/user-event/dist/cjs/event/input.js:145:14)
      at editInputElement (../../node_modules/@testing-library/user-event/dist/cjs/event/input.js:115:9)
      at Object.input (../../node_modules/@testing-library/user-event/dist/cjs/event/input.js:37:9)
      at ../../node_modules/@testing-library/user-event/dist/cjs/event/behavior/keypress.js:31:26
      at Object.dispatchEvent (../../node_modules/@testing-library/user-event/dist/cjs/event/dispatchEvent.js:41:13)
      at Object.dispatchUIEvent (../../node_modules/@testing-library/user-event/dist/cjs/event/dispatchEvent.js:22:26)
      at KeyboardHost.keydown (../../node_modules/@testing-library/user-event/dist/cjs/system/keyboard.js:76:22)

  console.error
    Warning: An update to ForwardRef(FormControl) inside a test was not wrapped in act(...).
    
    When testing, code that causes React state updates should be wrapped into act(...):
    
    act(() => {
      /* fire events that update state */
    });
    /* assert on the output */
    
    This ensures that you're testing the behavior the user would see in the browser. Learn more at https://reactjs.org/link/wrap-tests-with-act
        at FormControl (/workspaces/dajp-ae-bootcamp-session-3/node_modules/@mui/material/FormControl/FormControl.js:104:59)
        at /workspaces/dajp-ae-bootcamp-session-3/node_modules/@emotion/react/dist/emotion-element-a1829a1e.cjs.js:58:23
        at TextField (/workspaces/dajp-ae-bootcamp-session-3/node_modules/@mui/material/TextField/TextField.js:80:59)
        at form
        at /workspaces/dajp-ae-bootcamp-session-3/node_modules/@emotion/react/dist/emotion-element-a1829a1e.cjs.js:58:23
        at Box (/workspaces/dajp-ae-bootcamp-session-3/node_modules/@mui/system/createBox/createBox.js:27:41)
        at div
        at /workspaces/dajp-ae-bootcamp-session-3/node_modules/@emotion/react/dist/emotion-element-a1829a1e.cjs.js:58:23
        at Paper (/workspaces/dajp-ae-bootcamp-session-3/node_modules/@mui/material/Paper/Paper.js:75:59)
        at TaskForm (/workspaces/dajp-ae-bootcamp-session-3/packages/frontend/src/TaskForm.js:6:21)
        at div
        at /workspaces/dajp-ae-bootcamp-session-3/node_modules/@emotion/react/dist/emotion-element-a1829a1e.cjs.js:58:23
        at Box (/workspaces/dajp-ae-bootcamp-session-3/node_modules/@mui/system/createBox/createBox.js:27:41)
        at div
        at /workspaces/dajp-ae-bootcamp-session-3/node_modules/@emotion/react/dist/emotion-element-a1829a1e.cjs.js:58:23
        at Container (/workspaces/dajp-ae-bootcamp-session-3/node_modules/@mui/system/Container/createContainer.js:111:19)
        at div
        at /workspaces/dajp-ae-bootcamp-session-3/node_modules/@emotion/react/dist/emotion-element-a1829a1e.cjs.js:58:23
        at Box (/workspaces/dajp-ae-bootcamp-session-3/node_modules/@mui/system/createBox/createBox.js:27:41)
        at App (/workspaces/dajp-ae-bootcamp-session-3/packages/frontend/src/App.js:8:49)

      117 |     });
      118 |     await user.type(screen.getByTestId('title-input'), 'New Test Task');
    > 119 |     await user.type(screen.getByTestId('description-input'), 'Task description');
          |     ^
      120 |     await user.click(screen.getByTestId('submit-task'));
      121 |     await waitFor(() => {
      122 |       expect(screen.getByText(/New Test Task/i)).toBeInTheDocument();

      at printWarning (../../node_modules/react-dom/cjs/react-dom.development.js:86:30)
      at error (../../node_modules/react-dom/cjs/react-dom.development.js:60:7)
      at warnIfUpdatesNotWrappedWithActDEV (../../node_modules/react-dom/cjs/react-dom.development.js:27628:9)
      at scheduleUpdateOnFiber (../../node_modules/react-dom/cjs/react-dom.development.js:25547:5)
      at dispatchSetState (../../node_modules/react-dom/cjs/react-dom.development.js:16708:7)
      at ../../node_modules/@mui/material/FormControl/FormControl.js:190:5
      at ../../node_modules/@mui/material/InputBase/InputBase.js:341:9
      at ../../node_modules/@mui/material/InputBase/InputBase.js:349:7
      at commitHookEffectListMount (../../node_modules/react-dom/cjs/react-dom.development.js:23189:26)
      at commitLayoutEffectOnFiber (../../node_modules/react-dom/cjs/react-dom.development.js:23312:15)
      at commitLayoutMountEffects_complete (../../node_modules/react-dom/cjs/react-dom.development.js:24727:9)
      at commitLayoutEffects_begin (../../node_modules/react-dom/cjs/react-dom.development.js:24713:7)
      at commitLayoutEffects (../../node_modules/react-dom/cjs/react-dom.development.js:24651:3)
      at commitRootImpl (../../node_modules/react-dom/cjs/react-dom.development.js:26862:5)
      at commitRoot (../../node_modules/react-dom/cjs/react-dom.development.js:26721:5)
      at performSyncWorkOnRoot (../../node_modules/react-dom/cjs/react-dom.development.js:26156:3)
      at flushSyncCallbacks (../../node_modules/react-dom/cjs/react-dom.development.js:12042:22)
      at flushSync (../../node_modules/react-dom/cjs/react-dom.development.js:26240:7)
      at finishEventHandler (../../node_modules/react-dom/cjs/react-dom.development.js:3976:5)
      at batchedUpdates (../../node_modules/react-dom/cjs/react-dom.development.js:3994:5)
      at dispatchEventForPluginEventSystem (../../node_modules/react-dom/cjs/react-dom.development.js:9287:3)
      at dispatchEventWithEnableCapturePhaseSelectiveHydrationWithoutDiscreteEventReplay (../../node_modules/react-dom/cjs/react-dom.development.js:6465:5)
      at dispatchEvent (../../node_modules/react-dom/cjs/react-dom.development.js:6457:5)
      at dispatchDiscreteEvent (../../node_modules/react-dom/cjs/react-dom.development.js:6430:5)
      at HTMLDivElement.callTheUserObjectsOperation (../../node_modules/jsdom/lib/jsdom/living/generated/EventListener.js:26:30)
      at innerInvokeEventListeners (../../node_modules/jsdom/lib/jsdom/living/events/EventTarget-impl.js:338:25)
      at invokeEventListeners (../../node_modules/jsdom/lib/jsdom/living/events/EventTarget-impl.js:274:3)
      at HTMLTextAreaElementImpl._dispatch (../../node_modules/jsdom/lib/jsdom/living/events/EventTarget-impl.js:221:9)
      at HTMLTextAreaElementImpl.dispatchEvent (../../node_modules/jsdom/lib/jsdom/living/events/EventTarget-impl.js:94:17)
      at HTMLTextAreaElement.dispatchEvent (../../node_modules/jsdom/lib/jsdom/living/generated/EventTarget.js:231:34)
      at ../../node_modules/@testing-library/user-event/dist/cjs/event/dispatchEvent.js:45:43
      at Object.eventWrapper (../../node_modules/@testing-library/dom/dist/config.js:25:23)
      at Object.wrapEvent (../../node_modules/@testing-library/user-event/dist/cjs/event/wrapEvent.js:6:28)
      at Object.dispatchEvent (../../node_modules/@testing-library/user-event/dist/cjs/event/dispatchEvent.js:45:22)
      at Object.dispatchUIEvent (../../node_modules/@testing-library/user-event/dist/cjs/event/dispatchEvent.js:22:26)
      at commitInput (../../node_modules/@testing-library/user-event/dist/cjs/event/input.js:145:14)
      at editInputElement (../../node_modules/@testing-library/user-event/dist/cjs/event/input.js:115:9)
      at Object.input (../../node_modules/@testing-library/user-event/dist/cjs/event/input.js:37:9)
      at ../../node_modules/@testing-library/user-event/dist/cjs/event/behavior/keypress.js:31:26
      at Object.dispatchEvent (../../node_modules/@testing-library/user-event/dist/cjs/event/dispatchEvent.js:41:13)
      at Object.dispatchUIEvent (../../node_modules/@testing-library/user-event/dist/cjs/event/dispatchEvent.js:22:26)
      at KeyboardHost.keydown (../../node_modules/@testing-library/user-event/dist/cjs/system/keyboard.js:76:22)
      at keyboardAction (../../node_modules/@testing-library/user-event/dist/cjs/keyboard/index.js:22:35)
      at Object.keyboard (../../node_modules/@testing-library/user-event/dist/cjs/keyboard/index.js:11:15)
      at Object.type (../../node_modules/@testing-library/user-event/dist/cjs/utility/type.js:17:5)
      at Object.<anonymous> (src/__tests__/App.test.js:119:5)

  console.error
    Warning: An update to ForwardRef(FormControl) inside a test was not wrapped in act(...).
    
    When testing, code that causes React state updates should be wrapped into act(...):
    
    act(() => {
      /* fire events that update state */
    });
    /* assert on the output */
    
    This ensures that you're testing the behavior the user would see in the browser. Learn more at https://reactjs.org/link/wrap-tests-with-act
        at FormControl (/workspaces/dajp-ae-bootcamp-session-3/node_modules/@mui/material/FormControl/FormControl.js:104:59)
        at /workspaces/dajp-ae-bootcamp-session-3/node_modules/@emotion/react/dist/emotion-element-a1829a1e.cjs.js:58:23
        at TextField (/workspaces/dajp-ae-bootcamp-session-3/node_modules/@mui/material/TextField/TextField.js:80:59)
        at form
        at /workspaces/dajp-ae-bootcamp-session-3/node_modules/@emotion/react/dist/emotion-element-a1829a1e.cjs.js:58:23
        at Box (/workspaces/dajp-ae-bootcamp-session-3/node_modules/@mui/system/createBox/createBox.js:27:41)
        at div
        at /workspaces/dajp-ae-bootcamp-session-3/node_modules/@emotion/react/dist/emotion-element-a1829a1e.cjs.js:58:23
        at Paper (/workspaces/dajp-ae-bootcamp-session-3/node_modules/@mui/material/Paper/Paper.js:75:59)
        at TaskForm (/workspaces/dajp-ae-bootcamp-session-3/packages/frontend/src/TaskForm.js:6:21)
        at div
        at /workspaces/dajp-ae-bootcamp-session-3/node_modules/@emotion/react/dist/emotion-element-a1829a1e.cjs.js:58:23
        at Box (/workspaces/dajp-ae-bootcamp-session-3/node_modules/@mui/system/createBox/createBox.js:27:41)
        at div
        at /workspaces/dajp-ae-bootcamp-session-3/node_modules/@emotion/react/dist/emotion-element-a1829a1e.cjs.js:58:23
        at Container (/workspaces/dajp-ae-bootcamp-session-3/node_modules/@mui/system/Container/createContainer.js:111:19)
        at div
        at /workspaces/dajp-ae-bootcamp-session-3/node_modules/@emotion/react/dist/emotion-element-a1829a1e.cjs.js:58:23
        at Box (/workspaces/dajp-ae-bootcamp-session-3/node_modules/@mui/system/createBox/createBox.js:27:41)
        at App (/workspaces/dajp-ae-bootcamp-session-3/packages/frontend/src/App.js:8:49)

      117 |     });
      118 |     await user.type(screen.getByTestId('title-input'), 'New Test Task');
    > 119 |     await user.type(screen.getByTestId('description-input'), 'Task description');
          |     ^
      120 |     await user.click(screen.getByTestId('submit-task'));
      121 |     await waitFor(() => {
      122 |       expect(screen.getByText(/New Test Task/i)).toBeInTheDocument();

      at printWarning (../../node_modules/react-dom/cjs/react-dom.development.js:86:30)
      at error (../../node_modules/react-dom/cjs/react-dom.development.js:60:7)
      at warnIfUpdatesNotWrappedWithActDEV (../../node_modules/react-dom/cjs/react-dom.development.js:27628:9)
      at scheduleUpdateOnFiber (../../node_modules/react-dom/cjs/react-dom.development.js:25547:5)
      at dispatchSetState (../../node_modules/react-dom/cjs/react-dom.development.js:16708:7)
      at ../../node_modules/@mui/material/InputBase/InputBase.js:448:22
      at commitHookEffectListMount (../../node_modules/react-dom/cjs/react-dom.development.js:23189:26)
      at commitPassiveMountOnFiber (../../node_modules/react-dom/cjs/react-dom.development.js:24970:11)
      at commitPassiveMountEffects_complete (../../node_modules/react-dom/cjs/react-dom.development.js:24930:9)
      at commitPassiveMountEffects_begin (../../node_modules/react-dom/cjs/react-dom.development.js:24917:7)
      at commitPassiveMountEffects (../../node_modules/react-dom/cjs/react-dom.development.js:24905:3)
      at flushPassiveEffectsImpl (../../node_modules/react-dom/cjs/react-dom.development.js:27078:3)
      at flushPassiveEffects (../../node_modules/react-dom/cjs/react-dom.development.js:27023:14)
      at commitRootImpl (../../node_modules/react-dom/cjs/react-dom.development.js:26974:5)
      at commitRoot (../../node_modules/react-dom/cjs/react-dom.development.js:26721:5)
      at performSyncWorkOnRoot (../../node_modules/react-dom/cjs/react-dom.development.js:26156:3)
      at flushSyncCallbacks (../../node_modules/react-dom/cjs/react-dom.development.js:12042:22)
      at flushSync (../../node_modules/react-dom/cjs/react-dom.development.js:26240:7)
      at finishEventHandler (../../node_modules/react-dom/cjs/react-dom.development.js:3976:5)
      at batchedUpdates (../../node_modules/react-dom/cjs/react-dom.development.js:3994:5)
      at dispatchEventForPluginEventSystem (../../node_modules/react-dom/cjs/react-dom.development.js:9287:3)
      at dispatchEventWithEnableCapturePhaseSelectiveHydrationWithoutDiscreteEventReplay (../../node_modules/react-dom/cjs/react-dom.development.js:6465:5)
      at dispatchEvent (../../node_modules/react-dom/cjs/react-dom.development.js:6457:5)
      at dispatchDiscreteEvent (../../node_modules/react-dom/cjs/react-dom.development.js:6430:5)
      at HTMLDivElement.callTheUserObjectsOperation (../../node_modules/jsdom/lib/jsdom/living/generated/EventListener.js:26:30)
      at innerInvokeEventListeners (../../node_modules/jsdom/lib/jsdom/living/events/EventTarget-impl.js:338:25)
      at invokeEventListeners (../../node_modules/jsdom/lib/jsdom/living/events/EventTarget-impl.js:274:3)
      at HTMLTextAreaElementImpl._dispatch (../../node_modules/jsdom/lib/jsdom/living/events/EventTarget-impl.js:221:9)
      at HTMLTextAreaElementImpl.dispatchEvent (../../node_modules/jsdom/lib/jsdom/living/events/EventTarget-impl.js:94:17)
      at HTMLTextAreaElement.dispatchEvent (../../node_modules/jsdom/lib/jsdom/living/generated/EventTarget.js:231:34)
      at ../../node_modules/@testing-library/user-event/dist/cjs/event/dispatchEvent.js:45:43
      at Object.eventWrapper (../../node_modules/@testing-library/dom/dist/config.js:25:23)
      at Object.wrapEvent (../../node_modules/@testing-library/user-event/dist/cjs/event/wrapEvent.js:6:28)
      at Object.dispatchEvent (../../node_modules/@testing-library/user-event/dist/cjs/event/dispatchEvent.js:45:22)
      at Object.dispatchUIEvent (../../node_modules/@testing-library/user-event/dist/cjs/event/dispatchEvent.js:22:26)
      at commitInput (../../node_modules/@testing-library/user-event/dist/cjs/event/input.js:145:14)
      at editInputElement (../../node_modules/@testing-library/user-event/dist/cjs/event/input.js:115:9)
      at Object.input (../../node_modules/@testing-library/user-event/dist/cjs/event/input.js:37:9)
      at ../../node_modules/@testing-library/user-event/dist/cjs/event/behavior/keypress.js:31:26
      at Object.dispatchEvent (../../node_modules/@testing-library/user-event/dist/cjs/event/dispatchEvent.js:41:13)
      at Object.dispatchUIEvent (../../node_modules/@testing-library/user-event/dist/cjs/event/dispatchEvent.js:22:26)
      at KeyboardHost.keydown (../../node_modules/@testing-library/user-event/dist/cjs/system/keyboard.js:76:22)
      at keyboardAction (../../node_modules/@testing-library/user-event/dist/cjs/keyboard/index.js:22:35)
      at Object.keyboard (../../node_modules/@testing-library/user-event/dist/cjs/keyboard/index.js:11:15)
      at Object.type (../../node_modules/@testing-library/user-event/dist/cjs/utility/type.js:17:5)
      at Object.<anonymous> (src/__tests__/App.test.js:119:5)

  console.error
    Warning: An update to TaskForm inside a test was not wrapped in act(...).
    
    When testing, code that causes React state updates should be wrapped into act(...):
    
    act(() => {
      /* fire events that update state */
    });
    /* assert on the output */
    
    This ensures that you're testing the behavior the user would see in the browser. Learn more at https://reactjs.org/link/wrap-tests-with-act
        at TaskForm (/workspaces/dajp-ae-bootcamp-session-3/packages/frontend/src/TaskForm.js:6:21)
        at div
        at /workspaces/dajp-ae-bootcamp-session-3/node_modules/@emotion/react/dist/emotion-element-a1829a1e.cjs.js:58:23
        at Box (/workspaces/dajp-ae-bootcamp-session-3/node_modules/@mui/system/createBox/createBox.js:27:41)
        at div
        at /workspaces/dajp-ae-bootcamp-session-3/node_modules/@emotion/react/dist/emotion-element-a1829a1e.cjs.js:58:23
        at Container (/workspaces/dajp-ae-bootcamp-session-3/node_modules/@mui/system/Container/createContainer.js:111:19)
        at div
        at /workspaces/dajp-ae-bootcamp-session-3/node_modules/@emotion/react/dist/emotion-element-a1829a1e.cjs.js:58:23
        at Box (/workspaces/dajp-ae-bootcamp-session-3/node_modules/@mui/system/createBox/createBox.js:27:41)
        at App (/workspaces/dajp-ae-bootcamp-session-3/packages/frontend/src/App.js:8:49)

      106 |           label="Description"
      107 |           value={description}
    > 108 |           onChange={e => setDescription(e.target.value)}
          |                          ^
      109 |           multiline
      110 |           minRows={2}
      111 |           variant="outlined"

      at printWarning (../../node_modules/react-dom/cjs/react-dom.development.js:86:30)
      at error (../../node_modules/react-dom/cjs/react-dom.development.js:60:7)
      at warnIfUpdatesNotWrappedWithActDEV (../../node_modules/react-dom/cjs/react-dom.development.js:27628:9)
      at scheduleUpdateOnFiber (../../node_modules/react-dom/cjs/react-dom.development.js:25547:5)
      at setDescription (../../node_modules/react-dom/cjs/react-dom.development.js:16708:7)
      at onChange (src/TaskForm.js:108:26)
      at handleChange (../../node_modules/@mui/material/InputBase/InputBase.js:396:7)
      at handleChange (../../node_modules/@mui/material/TextareaAutosize/TextareaAutosize.js:200:7)
      at HTMLUnknownElement.callCallback (../../node_modules/react-dom/cjs/react-dom.development.js:4164:14)
      at HTMLUnknownElement.callTheUserObjectsOperation (../../node_modules/jsdom/lib/jsdom/living/generated/EventListener.js:26:30)
      at innerInvokeEventListeners (../../node_modules/jsdom/lib/jsdom/living/events/EventTarget-impl.js:338:25)
      at invokeEventListeners (../../node_modules/jsdom/lib/jsdom/living/events/EventTarget-impl.js:274:3)
      at HTMLUnknownElementImpl._dispatch (../../node_modules/jsdom/lib/jsdom/living/events/EventTarget-impl.js:221:9)
      at HTMLUnknownElementImpl.dispatchEvent (../../node_modules/jsdom/lib/jsdom/living/events/EventTarget-impl.js:94:17)
      at HTMLUnknownElement.dispatchEvent (../../node_modules/jsdom/lib/jsdom/living/generated/EventTarget.js:231:34)
      at Object.invokeGuardedCallbackDev (../../node_modules/react-dom/cjs/react-dom.development.js:4213:16)
      at invokeGuardedCallback (../../node_modules/react-dom/cjs/react-dom.development.js:4277:31)
      at invokeGuardedCallbackAndCatchFirstError (../../node_modules/react-dom/cjs/react-dom.development.js:4291:25)
      at executeDispatch (../../node_modules/react-dom/cjs/react-dom.development.js:9041:3)
      at processDispatchQueueItemsInOrder (../../node_modules/react-dom/cjs/react-dom.development.js:9073:7)
      at processDispatchQueue (../../node_modules/react-dom/cjs/react-dom.development.js:9086:5)
      at dispatchEventsForPlugins (../../node_modules/react-dom/cjs/react-dom.development.js:9097:3)
      at ../../node_modules/react-dom/cjs/react-dom.development.js:9288:12
      at batchedUpdates$1 (../../node_modules/react-dom/cjs/react-dom.development.js:26179:12)
      at batchedUpdates (../../node_modules/react-dom/cjs/react-dom.development.js:3991:12)
      at dispatchEventForPluginEventSystem (../../node_modules/react-dom/cjs/react-dom.development.js:9287:3)
      at dispatchEventWithEnableCapturePhaseSelectiveHydrationWithoutDiscreteEventReplay (../../node_modules/react-dom/cjs/react-dom.development.js:6465:5)
      at dispatchEvent (../../node_modules/react-dom/cjs/react-dom.development.js:6457:5)
      at dispatchDiscreteEvent (../../node_modules/react-dom/cjs/react-dom.development.js:6430:5)
      at HTMLDivElement.callTheUserObjectsOperation (../../node_modules/jsdom/lib/jsdom/living/generated/EventListener.js:26:30)
      at innerInvokeEventListeners (../../node_modules/jsdom/lib/jsdom/living/events/EventTarget-impl.js:338:25)
      at invokeEventListeners (../../node_modules/jsdom/lib/jsdom/living/events/EventTarget-impl.js:274:3)
      at HTMLTextAreaElementImpl._dispatch (../../node_modules/jsdom/lib/jsdom/living/events/EventTarget-impl.js:221:9)
      at HTMLTextAreaElementImpl.dispatchEvent (../../node_modules/jsdom/lib/jsdom/living/events/EventTarget-impl.js:94:17)
      at HTMLTextAreaElement.dispatchEvent (../../node_modules/jsdom/lib/jsdom/living/generated/EventTarget.js:231:34)
      at ../../node_modules/@testing-library/user-event/dist/cjs/event/dispatchEvent.js:45:43
      at Object.eventWrapper (../../node_modules/@testing-library/dom/dist/config.js:25:23)
      at Object.wrapEvent (../../node_modules/@testing-library/user-event/dist/cjs/event/wrapEvent.js:6:28)
      at Object.dispatchEvent (../../node_modules/@testing-library/user-event/dist/cjs/event/dispatchEvent.js:45:22)
      at Object.dispatchUIEvent (../../node_modules/@testing-library/user-event/dist/cjs/event/dispatchEvent.js:22:26)
      at commitInput (../../node_modules/@testing-library/user-event/dist/cjs/event/input.js:145:14)
      at editInputElement (../../node_modules/@testing-library/user-event/dist/cjs/event/input.js:115:9)
      at Object.input (../../node_modules/@testing-library/user-event/dist/cjs/event/input.js:37:9)
      at ../../node_modules/@testing-library/user-event/dist/cjs/event/behavior/keypress.js:31:26
      at Object.dispatchEvent (../../node_modules/@testing-library/user-event/dist/cjs/event/dispatchEvent.js:41:13)
      at Object.dispatchUIEvent (../../node_modules/@testing-library/user-event/dist/cjs/event/dispatchEvent.js:22:26)
      at KeyboardHost.keydown (../../node_modules/@testing-library/user-event/dist/cjs/system/keyboard.js:76:22)

  console.error
    Warning: An update to ForwardRef(FormControl) inside a test was not wrapped in act(...).
    
    When testing, code that causes React state updates should be wrapped into act(...):
    
    act(() => {
      /* fire events that update state */
    });
    /* assert on the output */
    
    This ensures that you're testing the behavior the user would see in the browser. Learn more at https://reactjs.org/link/wrap-tests-with-act
        at FormControl (/workspaces/dajp-ae-bootcamp-session-3/node_modules/@mui/material/FormControl/FormControl.js:104:59)
        at /workspaces/dajp-ae-bootcamp-session-3/node_modules/@emotion/react/dist/emotion-element-a1829a1e.cjs.js:58:23
        at TextField (/workspaces/dajp-ae-bootcamp-session-3/node_modules/@mui/material/TextField/TextField.js:80:59)
        at form
        at /workspaces/dajp-ae-bootcamp-session-3/node_modules/@emotion/react/dist/emotion-element-a1829a1e.cjs.js:58:23
        at Box (/workspaces/dajp-ae-bootcamp-session-3/node_modules/@mui/system/createBox/createBox.js:27:41)
        at div
        at /workspaces/dajp-ae-bootcamp-session-3/node_modules/@emotion/react/dist/emotion-element-a1829a1e.cjs.js:58:23
        at Paper (/workspaces/dajp-ae-bootcamp-session-3/node_modules/@mui/material/Paper/Paper.js:75:59)
        at TaskForm (/workspaces/dajp-ae-bootcamp-session-3/packages/frontend/src/TaskForm.js:6:21)
        at div
        at /workspaces/dajp-ae-bootcamp-session-3/node_modules/@emotion/react/dist/emotion-element-a1829a1e.cjs.js:58:23
        at Box (/workspaces/dajp-ae-bootcamp-session-3/node_modules/@mui/system/createBox/createBox.js:27:41)
        at div
        at /workspaces/dajp-ae-bootcamp-session-3/node_modules/@emotion/react/dist/emotion-element-a1829a1e.cjs.js:58:23
        at Container (/workspaces/dajp-ae-bootcamp-session-3/node_modules/@mui/system/Container/createContainer.js:111:19)
        at div
        at /workspaces/dajp-ae-bootcamp-session-3/node_modules/@emotion/react/dist/emotion-element-a1829a1e.cjs.js:58:23
        at Box (/workspaces/dajp-ae-bootcamp-session-3/node_modules/@mui/system/createBox/createBox.js:27:41)
        at App (/workspaces/dajp-ae-bootcamp-session-3/packages/frontend/src/App.js:8:49)

      117 |     });
      118 |     await user.type(screen.getByTestId('title-input'), 'New Test Task');
    > 119 |     await user.type(screen.getByTestId('description-input'), 'Task description');
          |     ^
      120 |     await user.click(screen.getByTestId('submit-task'));
      121 |     await waitFor(() => {
      122 |       expect(screen.getByText(/New Test Task/i)).toBeInTheDocument();

      at printWarning (../../node_modules/react-dom/cjs/react-dom.development.js:86:30)
      at error (../../node_modules/react-dom/cjs/react-dom.development.js:60:7)
      at warnIfUpdatesNotWrappedWithActDEV (../../node_modules/react-dom/cjs/react-dom.development.js:27628:9)
      at scheduleUpdateOnFiber (../../node_modules/react-dom/cjs/react-dom.development.js:25547:5)
      at dispatchSetState (../../node_modules/react-dom/cjs/react-dom.development.js:16708:7)
      at ../../node_modules/@mui/material/InputBase/InputBase.js:448:22
      at commitHookEffectListMount (../../node_modules/react-dom/cjs/react-dom.development.js:23189:26)
      at commitPassiveMountOnFiber (../../node_modules/react-dom/cjs/react-dom.development.js:24970:11)
      at commitPassiveMountEffects_complete (../../node_modules/react-dom/cjs/react-dom.development.js:24930:9)
      at commitPassiveMountEffects_begin (../../node_modules/react-dom/cjs/react-dom.development.js:24917:7)
      at commitPassiveMountEffects (../../node_modules/react-dom/cjs/react-dom.development.js:24905:3)
      at flushPassiveEffectsImpl (../../node_modules/react-dom/cjs/react-dom.development.js:27078:3)
      at flushPassiveEffects (../../node_modules/react-dom/cjs/react-dom.development.js:27023:14)
      at commitRootImpl (../../node_modules/react-dom/cjs/react-dom.development.js:26974:5)
      at commitRoot (../../node_modules/react-dom/cjs/react-dom.development.js:26721:5)
      at performSyncWorkOnRoot (../../node_modules/react-dom/cjs/react-dom.development.js:26156:3)
      at flushSyncCallbacks (../../node_modules/react-dom/cjs/react-dom.development.js:12042:22)
      at flushSync (../../node_modules/react-dom/cjs/react-dom.development.js:26240:7)
      at finishEventHandler (../../node_modules/react-dom/cjs/react-dom.development.js:3976:5)
      at batchedUpdates (../../node_modules/react-dom/cjs/react-dom.development.js:3994:5)
      at dispatchEventForPluginEventSystem (../../node_modules/react-dom/cjs/react-dom.development.js:9287:3)
      at dispatchEventWithEnableCapturePhaseSelectiveHydrationWithoutDiscreteEventReplay (../../node_modules/react-dom/cjs/react-dom.development.js:6465:5)
      at dispatchEvent (../../node_modules/react-dom/cjs/react-dom.development.js:6457:5)
      at dispatchDiscreteEvent (../../node_modules/react-dom/cjs/react-dom.development.js:6430:5)
      at HTMLDivElement.callTheUserObjectsOperation (../../node_modules/jsdom/lib/jsdom/living/generated/EventListener.js:26:30)
      at innerInvokeEventListeners (../../node_modules/jsdom/lib/jsdom/living/events/EventTarget-impl.js:338:25)
      at invokeEventListeners (../../node_modules/jsdom/lib/jsdom/living/events/EventTarget-impl.js:274:3)
      at HTMLTextAreaElementImpl._dispatch (../../node_modules/jsdom/lib/jsdom/living/events/EventTarget-impl.js:221:9)
      at HTMLTextAreaElementImpl.dispatchEvent (../../node_modules/jsdom/lib/jsdom/living/events/EventTarget-impl.js:94:17)
      at HTMLTextAreaElement.dispatchEvent (../../node_modules/jsdom/lib/jsdom/living/generated/EventTarget.js:231:34)
      at ../../node_modules/@testing-library/user-event/dist/cjs/event/dispatchEvent.js:45:43
      at Object.eventWrapper (../../node_modules/@testing-library/dom/dist/config.js:25:23)
      at Object.wrapEvent (../../node_modules/@testing-library/user-event/dist/cjs/event/wrapEvent.js:6:28)
      at Object.dispatchEvent (../../node_modules/@testing-library/user-event/dist/cjs/event/dispatchEvent.js:45:22)
      at Object.dispatchUIEvent (../../node_modules/@testing-library/user-event/dist/cjs/event/dispatchEvent.js:22:26)
      at commitInput (../../node_modules/@testing-library/user-event/dist/cjs/event/input.js:145:14)
      at editInputElement (../../node_modules/@testing-library/user-event/dist/cjs/event/input.js:115:9)
      at Object.input (../../node_modules/@testing-library/user-event/dist/cjs/event/input.js:37:9)
      at ../../node_modules/@testing-library/user-event/dist/cjs/event/behavior/keypress.js:31:26
      at Object.dispatchEvent (../../node_modules/@testing-library/user-event/dist/cjs/event/dispatchEvent.js:41:13)
      at Object.dispatchUIEvent (../../node_modules/@testing-library/user-event/dist/cjs/event/dispatchEvent.js:22:26)
      at KeyboardHost.keydown (../../node_modules/@testing-library/user-event/dist/cjs/system/keyboard.js:76:22)
      at keyboardAction (../../node_modules/@testing-library/user-event/dist/cjs/keyboard/index.js:22:35)
      at Object.keyboard (../../node_modules/@testing-library/user-event/dist/cjs/keyboard/index.js:11:15)
      at Object.type (../../node_modules/@testing-library/user-event/dist/cjs/utility/type.js:17:5)
      at Object.<anonymous> (src/__tests__/App.test.js:119:5)

  console.error
    Warning: An update to ForwardRef(FormControl) inside a test was not wrapped in act(...).
    
    When testing, code that causes React state updates should be wrapped into act(...):
    
    act(() => {
      /* fire events that update state */
    });
    /* assert on the output */
    
    This ensures that you're testing the behavior the user would see in the browser. Learn more at https://reactjs.org/link/wrap-tests-with-act
        at FormControl (/workspaces/dajp-ae-bootcamp-session-3/node_modules/@mui/material/FormControl/FormControl.js:104:59)
        at /workspaces/dajp-ae-bootcamp-session-3/node_modules/@emotion/react/dist/emotion-element-a1829a1e.cjs.js:58:23
        at TextField (/workspaces/dajp-ae-bootcamp-session-3/node_modules/@mui/material/TextField/TextField.js:80:59)
        at form
        at /workspaces/dajp-ae-bootcamp-session-3/node_modules/@emotion/react/dist/emotion-element-a1829a1e.cjs.js:58:23
        at Box (/workspaces/dajp-ae-bootcamp-session-3/node_modules/@mui/system/createBox/createBox.js:27:41)
        at div
        at /workspaces/dajp-ae-bootcamp-session-3/node_modules/@emotion/react/dist/emotion-element-a1829a1e.cjs.js:58:23
        at Paper (/workspaces/dajp-ae-bootcamp-session-3/node_modules/@mui/material/Paper/Paper.js:75:59)
        at TaskForm (/workspaces/dajp-ae-bootcamp-session-3/packages/frontend/src/TaskForm.js:6:21)
        at div
        at /workspaces/dajp-ae-bootcamp-session-3/node_modules/@emotion/react/dist/emotion-element-a1829a1e.cjs.js:58:23
        at Box (/workspaces/dajp-ae-bootcamp-session-3/node_modules/@mui/system/createBox/createBox.js:27:41)
        at div
        at /workspaces/dajp-ae-bootcamp-session-3/node_modules/@emotion/react/dist/emotion-element-a1829a1e.cjs.js:58:23
        at Container (/workspaces/dajp-ae-bootcamp-session-3/node_modules/@mui/system/Container/createContainer.js:111:19)
        at div
        at /workspaces/dajp-ae-bootcamp-session-3/node_modules/@emotion/react/dist/emotion-element-a1829a1e.cjs.js:58:23
        at Box (/workspaces/dajp-ae-bootcamp-session-3/node_modules/@mui/system/createBox/createBox.js:27:41)
        at App (/workspaces/dajp-ae-bootcamp-session-3/packages/frontend/src/App.js:8:49)

      117 |     });
      118 |     await user.type(screen.getByTestId('title-input'), 'New Test Task');
    > 119 |     await user.type(screen.getByTestId('description-input'), 'Task description');
          |     ^
      120 |     await user.click(screen.getByTestId('submit-task'));
      121 |     await waitFor(() => {
      122 |       expect(screen.getByText(/New Test Task/i)).toBeInTheDocument();

      at printWarning (../../node_modules/react-dom/cjs/react-dom.development.js:86:30)
      at error (../../node_modules/react-dom/cjs/react-dom.development.js:60:7)
      at warnIfUpdatesNotWrappedWithActDEV (../../node_modules/react-dom/cjs/react-dom.development.js:27628:9)
      at scheduleUpdateOnFiber (../../node_modules/react-dom/cjs/react-dom.development.js:25547:5)
      at dispatchSetState (../../node_modules/react-dom/cjs/react-dom.development.js:16708:7)
      at ../../node_modules/@mui/material/InputBase/InputBase.js:448:22
      at commitHookEffectListMount (../../node_modules/react-dom/cjs/react-dom.development.js:23189:26)
      at commitPassiveMountOnFiber (../../node_modules/react-dom/cjs/react-dom.development.js:24970:11)
      at commitPassiveMountEffects_complete (../../node_modules/react-dom/cjs/react-dom.development.js:24930:9)
      at commitPassiveMountEffects_begin (../../node_modules/react-dom/cjs/react-dom.development.js:24917:7)
      at commitPassiveMountEffects (../../node_modules/react-dom/cjs/react-dom.development.js:24905:3)
      at flushPassiveEffectsImpl (../../node_modules/react-dom/cjs/react-dom.development.js:27078:3)
      at flushPassiveEffects (../../node_modules/react-dom/cjs/react-dom.development.js:27023:14)
      at commitRootImpl (../../node_modules/react-dom/cjs/react-dom.development.js:26974:5)
      at commitRoot (../../node_modules/react-dom/cjs/react-dom.development.js:26721:5)
      at performSyncWorkOnRoot (../../node_modules/react-dom/cjs/react-dom.development.js:26156:3)
      at flushSyncCallbacks (../../node_modules/react-dom/cjs/react-dom.development.js:12042:22)
      at flushSync (../../node_modules/react-dom/cjs/react-dom.development.js:26240:7)
      at finishEventHandler (../../node_modules/react-dom/cjs/react-dom.development.js:3976:5)
      at batchedUpdates (../../node_modules/react-dom/cjs/react-dom.development.js:3994:5)
      at dispatchEventForPluginEventSystem (../../node_modules/react-dom/cjs/react-dom.development.js:9287:3)
      at dispatchEventWithEnableCapturePhaseSelectiveHydrationWithoutDiscreteEventReplay (../../node_modules/react-dom/cjs/react-dom.development.js:6465:5)
      at dispatchEvent (../../node_modules/react-dom/cjs/react-dom.development.js:6457:5)
      at dispatchDiscreteEvent (../../node_modules/react-dom/cjs/react-dom.development.js:6430:5)
      at HTMLDivElement.callTheUserObjectsOperation (../../node_modules/jsdom/lib/jsdom/living/generated/EventListener.js:26:30)
      at innerInvokeEventListeners (../../node_modules/jsdom/lib/jsdom/living/events/EventTarget-impl.js:338:25)
      at invokeEventListeners (../../node_modules/jsdom/lib/jsdom/living/events/EventTarget-impl.js:274:3)
      at HTMLTextAreaElementImpl._dispatch (../../node_modules/jsdom/lib/jsdom/living/events/EventTarget-impl.js:221:9)
      at HTMLTextAreaElementImpl.dispatchEvent (../../node_modules/jsdom/lib/jsdom/living/events/EventTarget-impl.js:94:17)
      at HTMLTextAreaElement.dispatchEvent (../../node_modules/jsdom/lib/jsdom/living/generated/EventTarget.js:231:34)
      at ../../node_modules/@testing-library/user-event/dist/cjs/event/dispatchEvent.js:45:43
      at Object.eventWrapper (../../node_modules/@testing-library/dom/dist/config.js:25:23)
      at Object.wrapEvent (../../node_modules/@testing-library/user-event/dist/cjs/event/wrapEvent.js:6:28)
      at Object.dispatchEvent (../../node_modules/@testing-library/user-event/dist/cjs/event/dispatchEvent.js:45:22)
      at Object.dispatchUIEvent (../../node_modules/@testing-library/user-event/dist/cjs/event/dispatchEvent.js:22:26)
      at commitInput (../../node_modules/@testing-library/user-event/dist/cjs/event/input.js:145:14)
      at editInputElement (../../node_modules/@testing-library/user-event/dist/cjs/event/input.js:115:9)
      at Object.input (../../node_modules/@testing-library/user-event/dist/cjs/event/input.js:37:9)
      at ../../node_modules/@testing-library/user-event/dist/cjs/event/behavior/keypress.js:31:26
      at Object.dispatchEvent (../../node_modules/@testing-library/user-event/dist/cjs/event/dispatchEvent.js:41:13)
      at Object.dispatchUIEvent (../../node_modules/@testing-library/user-event/dist/cjs/event/dispatchEvent.js:22:26)
      at KeyboardHost.keydown (../../node_modules/@testing-library/user-event/dist/cjs/system/keyboard.js:76:22)
      at keyboardAction (../../node_modules/@testing-library/user-event/dist/cjs/keyboard/index.js:22:35)
      at Object.keyboard (../../node_modules/@testing-library/user-event/dist/cjs/keyboard/index.js:11:15)
      at Object.type (../../node_modules/@testing-library/user-event/dist/cjs/utility/type.js:17:5)
      at Object.<anonymous> (src/__tests__/App.test.js:119:5)

  console.error
    Warning: An update to TaskForm inside a test was not wrapped in act(...).
    
    When testing, code that causes React state updates should be wrapped into act(...):
    
    act(() => {
      /* fire events that update state */
    });
    /* assert on the output */
    
    This ensures that you're testing the behavior the user would see in the browser. Learn more at https://reactjs.org/link/wrap-tests-with-act
        at TaskForm (/workspaces/dajp-ae-bootcamp-session-3/packages/frontend/src/TaskForm.js:6:21)
        at div
        at /workspaces/dajp-ae-bootcamp-session-3/node_modules/@emotion/react/dist/emotion-element-a1829a1e.cjs.js:58:23
        at Box (/workspaces/dajp-ae-bootcamp-session-3/node_modules/@mui/system/createBox/createBox.js:27:41)
        at div
        at /workspaces/dajp-ae-bootcamp-session-3/node_modules/@emotion/react/dist/emotion-element-a1829a1e.cjs.js:58:23
        at Container (/workspaces/dajp-ae-bootcamp-session-3/node_modules/@mui/system/Container/createContainer.js:111:19)
        at div
        at /workspaces/dajp-ae-bootcamp-session-3/node_modules/@emotion/react/dist/emotion-element-a1829a1e.cjs.js:58:23
        at Box (/workspaces/dajp-ae-bootcamp-session-3/node_modules/@mui/system/createBox/createBox.js:27:41)
        at App (/workspaces/dajp-ae-bootcamp-session-3/packages/frontend/src/App.js:8:49)

      106 |           label="Description"
      107 |           value={description}
    > 108 |           onChange={e => setDescription(e.target.value)}
          |                          ^
      109 |           multiline
      110 |           minRows={2}
      111 |           variant="outlined"

      at printWarning (../../node_modules/react-dom/cjs/react-dom.development.js:86:30)
      at error (../../node_modules/react-dom/cjs/react-dom.development.js:60:7)
      at warnIfUpdatesNotWrappedWithActDEV (../../node_modules/react-dom/cjs/react-dom.development.js:27628:9)
      at scheduleUpdateOnFiber (../../node_modules/react-dom/cjs/react-dom.development.js:25547:5)
      at setDescription (../../node_modules/react-dom/cjs/react-dom.development.js:16708:7)
      at onChange (src/TaskForm.js:108:26)
      at handleChange (../../node_modules/@mui/material/InputBase/InputBase.js:396:7)
      at handleChange (../../node_modules/@mui/material/TextareaAutosize/TextareaAutosize.js:200:7)
      at HTMLUnknownElement.callCallback (../../node_modules/react-dom/cjs/react-dom.development.js:4164:14)
      at HTMLUnknownElement.callTheUserObjectsOperation (../../node_modules/jsdom/lib/jsdom/living/generated/EventListener.js:26:30)
      at innerInvokeEventListeners (../../node_modules/jsdom/lib/jsdom/living/events/EventTarget-impl.js:338:25)
      at invokeEventListeners (../../node_modules/jsdom/lib/jsdom/living/events/EventTarget-impl.js:274:3)
      at HTMLUnknownElementImpl._dispatch (../../node_modules/jsdom/lib/jsdom/living/events/EventTarget-impl.js:221:9)
      at HTMLUnknownElementImpl.dispatchEvent (../../node_modules/jsdom/lib/jsdom/living/events/EventTarget-impl.js:94:17)
      at HTMLUnknownElement.dispatchEvent (../../node_modules/jsdom/lib/jsdom/living/generated/EventTarget.js:231:34)
      at Object.invokeGuardedCallbackDev (../../node_modules/react-dom/cjs/react-dom.development.js:4213:16)
      at invokeGuardedCallback (../../node_modules/react-dom/cjs/react-dom.development.js:4277:31)
      at invokeGuardedCallbackAndCatchFirstError (../../node_modules/react-dom/cjs/react-dom.development.js:4291:25)
      at executeDispatch (../../node_modules/react-dom/cjs/react-dom.development.js:9041:3)
      at processDispatchQueueItemsInOrder (../../node_modules/react-dom/cjs/react-dom.development.js:9073:7)
      at processDispatchQueue (../../node_modules/react-dom/cjs/react-dom.development.js:9086:5)
      at dispatchEventsForPlugins (../../node_modules/react-dom/cjs/react-dom.development.js:9097:3)
      at ../../node_modules/react-dom/cjs/react-dom.development.js:9288:12
      at batchedUpdates$1 (../../node_modules/react-dom/cjs/react-dom.development.js:26179:12)
      at batchedUpdates (../../node_modules/react-dom/cjs/react-dom.development.js:3991:12)
      at dispatchEventForPluginEventSystem (../../node_modules/react-dom/cjs/react-dom.development.js:9287:3)
      at dispatchEventWithEnableCapturePhaseSelectiveHydrationWithoutDiscreteEventReplay (../../node_modules/react-dom/cjs/react-dom.development.js:6465:5)
      at dispatchEvent (../../node_modules/react-dom/cjs/react-dom.development.js:6457:5)
      at dispatchDiscreteEvent (../../node_modules/react-dom/cjs/react-dom.development.js:6430:5)
      at HTMLDivElement.callTheUserObjectsOperation (../../node_modules/jsdom/lib/jsdom/living/generated/EventListener.js:26:30)
      at innerInvokeEventListeners (../../node_modules/jsdom/lib/jsdom/living/events/EventTarget-impl.js:338:25)
      at invokeEventListeners (../../node_modules/jsdom/lib/jsdom/living/events/EventTarget-impl.js:274:3)
      at HTMLTextAreaElementImpl._dispatch (../../node_modules/jsdom/lib/jsdom/living/events/EventTarget-impl.js:221:9)
      at HTMLTextAreaElementImpl.dispatchEvent (../../node_modules/jsdom/lib/jsdom/living/events/EventTarget-impl.js:94:17)
      at HTMLTextAreaElement.dispatchEvent (../../node_modules/jsdom/lib/jsdom/living/generated/EventTarget.js:231:34)
      at ../../node_modules/@testing-library/user-event/dist/cjs/event/dispatchEvent.js:45:43
      at Object.eventWrapper (../../node_modules/@testing-library/dom/dist/config.js:25:23)
      at Object.wrapEvent (../../node_modules/@testing-library/user-event/dist/cjs/event/wrapEvent.js:6:28)
      at Object.dispatchEvent (../../node_modules/@testing-library/user-event/dist/cjs/event/dispatchEvent.js:45:22)
      at Object.dispatchUIEvent (../../node_modules/@testing-library/user-event/dist/cjs/event/dispatchEvent.js:22:26)
      at commitInput (../../node_modules/@testing-library/user-event/dist/cjs/event/input.js:145:14)
      at editInputElement (../../node_modules/@testing-library/user-event/dist/cjs/event/input.js:115:9)
      at Object.input (../../node_modules/@testing-library/user-event/dist/cjs/event/input.js:37:9)
      at ../../node_modules/@testing-library/user-event/dist/cjs/event/behavior/keypress.js:31:26
      at Object.dispatchEvent (../../node_modules/@testing-library/user-event/dist/cjs/event/dispatchEvent.js:41:13)
      at Object.dispatchUIEvent (../../node_modules/@testing-library/user-event/dist/cjs/event/dispatchEvent.js:22:26)
      at KeyboardHost.keydown (../../node_modules/@testing-library/user-event/dist/cjs/system/keyboard.js:76:22)

  console.error
    Warning: An update to ForwardRef(FormControl) inside a test was not wrapped in act(...).
    
    When testing, code that causes React state updates should be wrapped into act(...):
    
    act(() => {
      /* fire events that update state */
    });
    /* assert on the output */
    
    This ensures that you're testing the behavior the user would see in the browser. Learn more at https://reactjs.org/link/wrap-tests-with-act
        at FormControl (/workspaces/dajp-ae-bootcamp-session-3/node_modules/@mui/material/FormControl/FormControl.js:104:59)
        at /workspaces/dajp-ae-bootcamp-session-3/node_modules/@emotion/react/dist/emotion-element-a1829a1e.cjs.js:58:23
        at TextField (/workspaces/dajp-ae-bootcamp-session-3/node_modules/@mui/material/TextField/TextField.js:80:59)
        at form
        at /workspaces/dajp-ae-bootcamp-session-3/node_modules/@emotion/react/dist/emotion-element-a1829a1e.cjs.js:58:23
        at Box (/workspaces/dajp-ae-bootcamp-session-3/node_modules/@mui/system/createBox/createBox.js:27:41)
        at div
        at /workspaces/dajp-ae-bootcamp-session-3/node_modules/@emotion/react/dist/emotion-element-a1829a1e.cjs.js:58:23
        at Paper (/workspaces/dajp-ae-bootcamp-session-3/node_modules/@mui/material/Paper/Paper.js:75:59)
        at TaskForm (/workspaces/dajp-ae-bootcamp-session-3/packages/frontend/src/TaskForm.js:6:21)
        at div
        at /workspaces/dajp-ae-bootcamp-session-3/node_modules/@emotion/react/dist/emotion-element-a1829a1e.cjs.js:58:23
        at Box (/workspaces/dajp-ae-bootcamp-session-3/node_modules/@mui/system/createBox/createBox.js:27:41)
        at div
        at /workspaces/dajp-ae-bootcamp-session-3/node_modules/@emotion/react/dist/emotion-element-a1829a1e.cjs.js:58:23
        at Container (/workspaces/dajp-ae-bootcamp-session-3/node_modules/@mui/system/Container/createContainer.js:111:19)
        at div
        at /workspaces/dajp-ae-bootcamp-session-3/node_modules/@emotion/react/dist/emotion-element-a1829a1e.cjs.js:58:23
        at Box (/workspaces/dajp-ae-bootcamp-session-3/node_modules/@mui/system/createBox/createBox.js:27:41)
        at App (/workspaces/dajp-ae-bootcamp-session-3/packages/frontend/src/App.js:8:49)

      117 |     });
      118 |     await user.type(screen.getByTestId('title-input'), 'New Test Task');
    > 119 |     await user.type(screen.getByTestId('description-input'), 'Task description');
          |     ^
      120 |     await user.click(screen.getByTestId('submit-task'));
      121 |     await waitFor(() => {
      122 |       expect(screen.getByText(/New Test Task/i)).toBeInTheDocument();

      at printWarning (../../node_modules/react-dom/cjs/react-dom.development.js:86:30)
      at error (../../node_modules/react-dom/cjs/react-dom.development.js:60:7)
      at warnIfUpdatesNotWrappedWithActDEV (../../node_modules/react-dom/cjs/react-dom.development.js:27628:9)
      at scheduleUpdateOnFiber (../../node_modules/react-dom/cjs/react-dom.development.js:25547:5)
      at dispatchSetState (../../node_modules/react-dom/cjs/react-dom.development.js:16708:7)
      at ../../node_modules/@mui/material/FormControl/FormControl.js:190:5
      at ../../node_modules/@mui/material/InputBase/InputBase.js:341:9
      at ../../node_modules/@mui/material/InputBase/InputBase.js:349:7
      at commitHookEffectListMount (../../node_modules/react-dom/cjs/react-dom.development.js:23189:26)
      at commitLayoutEffectOnFiber (../../node_modules/react-dom/cjs/react-dom.development.js:23312:15)
      at commitLayoutMountEffects_complete (../../node_modules/react-dom/cjs/react-dom.development.js:24727:9)
      at commitLayoutEffects_begin (../../node_modules/react-dom/cjs/react-dom.development.js:24713:7)
      at commitLayoutEffects (../../node_modules/react-dom/cjs/react-dom.development.js:24651:3)
      at commitRootImpl (../../node_modules/react-dom/cjs/react-dom.development.js:26862:5)
      at commitRoot (../../node_modules/react-dom/cjs/react-dom.development.js:26721:5)
      at performSyncWorkOnRoot (../../node_modules/react-dom/cjs/react-dom.development.js:26156:3)
      at flushSyncCallbacks (../../node_modules/react-dom/cjs/react-dom.development.js:12042:22)
      at flushSync (../../node_modules/react-dom/cjs/react-dom.development.js:26240:7)
      at finishEventHandler (../../node_modules/react-dom/cjs/react-dom.development.js:3976:5)
      at batchedUpdates (../../node_modules/react-dom/cjs/react-dom.development.js:3994:5)
      at dispatchEventForPluginEventSystem (../../node_modules/react-dom/cjs/react-dom.development.js:9287:3)
      at dispatchEventWithEnableCapturePhaseSelectiveHydrationWithoutDiscreteEventReplay (../../node_modules/react-dom/cjs/react-dom.development.js:6465:5)
      at dispatchEvent (../../node_modules/react-dom/cjs/react-dom.development.js:6457:5)
      at dispatchDiscreteEvent (../../node_modules/react-dom/cjs/react-dom.development.js:6430:5)
      at HTMLDivElement.callTheUserObjectsOperation (../../node_modules/jsdom/lib/jsdom/living/generated/EventListener.js:26:30)
      at innerInvokeEventListeners (../../node_modules/jsdom/lib/jsdom/living/events/EventTarget-impl.js:338:25)
      at invokeEventListeners (../../node_modules/jsdom/lib/jsdom/living/events/EventTarget-impl.js:274:3)
      at HTMLTextAreaElementImpl._dispatch (../../node_modules/jsdom/lib/jsdom/living/events/EventTarget-impl.js:221:9)
      at HTMLTextAreaElementImpl.dispatchEvent (../../node_modules/jsdom/lib/jsdom/living/events/EventTarget-impl.js:94:17)
      at HTMLTextAreaElement.dispatchEvent (../../node_modules/jsdom/lib/jsdom/living/generated/EventTarget.js:231:34)
      at ../../node_modules/@testing-library/user-event/dist/cjs/event/dispatchEvent.js:45:43
      at Object.eventWrapper (../../node_modules/@testing-library/dom/dist/config.js:25:23)
      at Object.wrapEvent (../../node_modules/@testing-library/user-event/dist/cjs/event/wrapEvent.js:6:28)
      at Object.dispatchEvent (../../node_modules/@testing-library/user-event/dist/cjs/event/dispatchEvent.js:45:22)
      at Object.dispatchUIEvent (../../node_modules/@testing-library/user-event/dist/cjs/event/dispatchEvent.js:22:26)
      at commitInput (../../node_modules/@testing-library/user-event/dist/cjs/event/input.js:145:14)
      at editInputElement (../../node_modules/@testing-library/user-event/dist/cjs/event/input.js:115:9)
      at Object.input (../../node_modules/@testing-library/user-event/dist/cjs/event/input.js:37:9)
      at ../../node_modules/@testing-library/user-event/dist/cjs/event/behavior/keypress.js:31:26
      at Object.dispatchEvent (../../node_modules/@testing-library/user-event/dist/cjs/event/dispatchEvent.js:41:13)
      at Object.dispatchUIEvent (../../node_modules/@testing-library/user-event/dist/cjs/event/dispatchEvent.js:22:26)
      at KeyboardHost.keydown (../../node_modules/@testing-library/user-event/dist/cjs/system/keyboard.js:76:22)
      at keyboardAction (../../node_modules/@testing-library/user-event/dist/cjs/keyboard/index.js:22:35)
      at Object.keyboard (../../node_modules/@testing-library/user-event/dist/cjs/keyboard/index.js:11:15)
      at Object.type (../../node_modules/@testing-library/user-event/dist/cjs/utility/type.js:17:5)
      at Object.<anonymous> (src/__tests__/App.test.js:119:5)

  console.error
    Warning: An update to ForwardRef(FormControl) inside a test was not wrapped in act(...).
    
    When testing, code that causes React state updates should be wrapped into act(...):
    
    act(() => {
      /* fire events that update state */
    });
    /* assert on the output */
    
    This ensures that you're testing the behavior the user would see in the browser. Learn more at https://reactjs.org/link/wrap-tests-with-act
        at FormControl (/workspaces/dajp-ae-bootcamp-session-3/node_modules/@mui/material/FormControl/FormControl.js:104:59)
        at /workspaces/dajp-ae-bootcamp-session-3/node_modules/@emotion/react/dist/emotion-element-a1829a1e.cjs.js:58:23
        at TextField (/workspaces/dajp-ae-bootcamp-session-3/node_modules/@mui/material/TextField/TextField.js:80:59)
        at form
        at /workspaces/dajp-ae-bootcamp-session-3/node_modules/@emotion/react/dist/emotion-element-a1829a1e.cjs.js:58:23
        at Box (/workspaces/dajp-ae-bootcamp-session-3/node_modules/@mui/system/createBox/createBox.js:27:41)
        at div
        at /workspaces/dajp-ae-bootcamp-session-3/node_modules/@emotion/react/dist/emotion-element-a1829a1e.cjs.js:58:23
        at Paper (/workspaces/dajp-ae-bootcamp-session-3/node_modules/@mui/material/Paper/Paper.js:75:59)
        at TaskForm (/workspaces/dajp-ae-bootcamp-session-3/packages/frontend/src/TaskForm.js:6:21)
        at div
        at /workspaces/dajp-ae-bootcamp-session-3/node_modules/@emotion/react/dist/emotion-element-a1829a1e.cjs.js:58:23
        at Box (/workspaces/dajp-ae-bootcamp-session-3/node_modules/@mui/system/createBox/createBox.js:27:41)
        at div
        at /workspaces/dajp-ae-bootcamp-session-3/node_modules/@emotion/react/dist/emotion-element-a1829a1e.cjs.js:58:23
        at Container (/workspaces/dajp-ae-bootcamp-session-3/node_modules/@mui/system/Container/createContainer.js:111:19)
        at div
        at /workspaces/dajp-ae-bootcamp-session-3/node_modules/@emotion/react/dist/emotion-element-a1829a1e.cjs.js:58:23
        at Box (/workspaces/dajp-ae-bootcamp-session-3/node_modules/@mui/system/createBox/createBox.js:27:41)
        at App (/workspaces/dajp-ae-bootcamp-session-3/packages/frontend/src/App.js:8:49)

      117 |     });
      118 |     await user.type(screen.getByTestId('title-input'), 'New Test Task');
    > 119 |     await user.type(screen.getByTestId('description-input'), 'Task description');
          |     ^
      120 |     await user.click(screen.getByTestId('submit-task'));
      121 |     await waitFor(() => {
      122 |       expect(screen.getByText(/New Test Task/i)).toBeInTheDocument();

      at printWarning (../../node_modules/react-dom/cjs/react-dom.development.js:86:30)
      at error (../../node_modules/react-dom/cjs/react-dom.development.js:60:7)
      at warnIfUpdatesNotWrappedWithActDEV (../../node_modules/react-dom/cjs/react-dom.development.js:27628:9)
      at scheduleUpdateOnFiber (../../node_modules/react-dom/cjs/react-dom.development.js:25547:5)
      at dispatchSetState (../../node_modules/react-dom/cjs/react-dom.development.js:16708:7)
      at ../../node_modules/@mui/material/InputBase/InputBase.js:448:22
      at commitHookEffectListMount (../../node_modules/react-dom/cjs/react-dom.development.js:23189:26)
      at commitPassiveMountOnFiber (../../node_modules/react-dom/cjs/react-dom.development.js:24970:11)
      at commitPassiveMountEffects_complete (../../node_modules/react-dom/cjs/react-dom.development.js:24930:9)
      at commitPassiveMountEffects_begin (../../node_modules/react-dom/cjs/react-dom.development.js:24917:7)
      at commitPassiveMountEffects (../../node_modules/react-dom/cjs/react-dom.development.js:24905:3)
      at flushPassiveEffectsImpl (../../node_modules/react-dom/cjs/react-dom.development.js:27078:3)
      at flushPassiveEffects (../../node_modules/react-dom/cjs/react-dom.development.js:27023:14)
      at commitRootImpl (../../node_modules/react-dom/cjs/react-dom.development.js:26974:5)
      at commitRoot (../../node_modules/react-dom/cjs/react-dom.development.js:26721:5)
      at performSyncWorkOnRoot (../../node_modules/react-dom/cjs/react-dom.development.js:26156:3)
      at flushSyncCallbacks (../../node_modules/react-dom/cjs/react-dom.development.js:12042:22)
      at flushSync (../../node_modules/react-dom/cjs/react-dom.development.js:26240:7)
      at finishEventHandler (../../node_modules/react-dom/cjs/react-dom.development.js:3976:5)
      at batchedUpdates (../../node_modules/react-dom/cjs/react-dom.development.js:3994:5)
      at dispatchEventForPluginEventSystem (../../node_modules/react-dom/cjs/react-dom.development.js:9287:3)
      at dispatchEventWithEnableCapturePhaseSelectiveHydrationWithoutDiscreteEventReplay (../../node_modules/react-dom/cjs/react-dom.development.js:6465:5)
      at dispatchEvent (../../node_modules/react-dom/cjs/react-dom.development.js:6457:5)
      at dispatchDiscreteEvent (../../node_modules/react-dom/cjs/react-dom.development.js:6430:5)
      at HTMLDivElement.callTheUserObjectsOperation (../../node_modules/jsdom/lib/jsdom/living/generated/EventListener.js:26:30)
      at innerInvokeEventListeners (../../node_modules/jsdom/lib/jsdom/living/events/EventTarget-impl.js:338:25)
      at invokeEventListeners (../../node_modules/jsdom/lib/jsdom/living/events/EventTarget-impl.js:274:3)
      at HTMLTextAreaElementImpl._dispatch (../../node_modules/jsdom/lib/jsdom/living/events/EventTarget-impl.js:221:9)
      at HTMLTextAreaElementImpl.dispatchEvent (../../node_modules/jsdom/lib/jsdom/living/events/EventTarget-impl.js:94:17)
      at HTMLTextAreaElement.dispatchEvent (../../node_modules/jsdom/lib/jsdom/living/generated/EventTarget.js:231:34)
      at ../../node_modules/@testing-library/user-event/dist/cjs/event/dispatchEvent.js:45:43
      at Object.eventWrapper (../../node_modules/@testing-library/dom/dist/config.js:25:23)
      at Object.wrapEvent (../../node_modules/@testing-library/user-event/dist/cjs/event/wrapEvent.js:6:28)
      at Object.dispatchEvent (../../node_modules/@testing-library/user-event/dist/cjs/event/dispatchEvent.js:45:22)
      at Object.dispatchUIEvent (../../node_modules/@testing-library/user-event/dist/cjs/event/dispatchEvent.js:22:26)
      at commitInput (../../node_modules/@testing-library/user-event/dist/cjs/event/input.js:145:14)
      at editInputElement (../../node_modules/@testing-library/user-event/dist/cjs/event/input.js:115:9)
      at Object.input (../../node_modules/@testing-library/user-event/dist/cjs/event/input.js:37:9)
      at ../../node_modules/@testing-library/user-event/dist/cjs/event/behavior/keypress.js:31:26
      at Object.dispatchEvent (../../node_modules/@testing-library/user-event/dist/cjs/event/dispatchEvent.js:41:13)
      at Object.dispatchUIEvent (../../node_modules/@testing-library/user-event/dist/cjs/event/dispatchEvent.js:22:26)
      at KeyboardHost.keydown (../../node_modules/@testing-library/user-event/dist/cjs/system/keyboard.js:76:22)
      at keyboardAction (../../node_modules/@testing-library/user-event/dist/cjs/keyboard/index.js:22:35)
      at Object.keyboard (../../node_modules/@testing-library/user-event/dist/cjs/keyboard/index.js:11:15)
      at Object.type (../../node_modules/@testing-library/user-event/dist/cjs/utility/type.js:17:5)
      at Object.<anonymous> (src/__tests__/App.test.js:119:5)

  console.error
    Warning: An update to TaskForm inside a test was not wrapped in act(...).
    
    When testing, code that causes React state updates should be wrapped into act(...):
    
    act(() => {
      /* fire events that update state */
    });
    /* assert on the output */
    
    This ensures that you're testing the behavior the user would see in the browser. Learn more at https://reactjs.org/link/wrap-tests-with-act
        at TaskForm (/workspaces/dajp-ae-bootcamp-session-3/packages/frontend/src/TaskForm.js:6:21)
        at div
        at /workspaces/dajp-ae-bootcamp-session-3/node_modules/@emotion/react/dist/emotion-element-a1829a1e.cjs.js:58:23
        at Box (/workspaces/dajp-ae-bootcamp-session-3/node_modules/@mui/system/createBox/createBox.js:27:41)
        at div
        at /workspaces/dajp-ae-bootcamp-session-3/node_modules/@emotion/react/dist/emotion-element-a1829a1e.cjs.js:58:23
        at Container (/workspaces/dajp-ae-bootcamp-session-3/node_modules/@mui/system/Container/createContainer.js:111:19)
        at div
        at /workspaces/dajp-ae-bootcamp-session-3/node_modules/@emotion/react/dist/emotion-element-a1829a1e.cjs.js:58:23
        at Box (/workspaces/dajp-ae-bootcamp-session-3/node_modules/@mui/system/createBox/createBox.js:27:41)
        at App (/workspaces/dajp-ae-bootcamp-session-3/packages/frontend/src/App.js:8:49)

      106 |           label="Description"
      107 |           value={description}
    > 108 |           onChange={e => setDescription(e.target.value)}
          |                          ^
      109 |           multiline
      110 |           minRows={2}
      111 |           variant="outlined"

      at printWarning (../../node_modules/react-dom/cjs/react-dom.development.js:86:30)
      at error (../../node_modules/react-dom/cjs/react-dom.development.js:60:7)
      at warnIfUpdatesNotWrappedWithActDEV (../../node_modules/react-dom/cjs/react-dom.development.js:27628:9)
      at scheduleUpdateOnFiber (../../node_modules/react-dom/cjs/react-dom.development.js:25547:5)
      at setDescription (../../node_modules/react-dom/cjs/react-dom.development.js:16708:7)
      at onChange (src/TaskForm.js:108:26)
      at handleChange (../../node_modules/@mui/material/InputBase/InputBase.js:396:7)
      at handleChange (../../node_modules/@mui/material/TextareaAutosize/TextareaAutosize.js:200:7)
      at HTMLUnknownElement.callCallback (../../node_modules/react-dom/cjs/react-dom.development.js:4164:14)
      at HTMLUnknownElement.callTheUserObjectsOperation (../../node_modules/jsdom/lib/jsdom/living/generated/EventListener.js:26:30)
      at innerInvokeEventListeners (../../node_modules/jsdom/lib/jsdom/living/events/EventTarget-impl.js:338:25)
      at invokeEventListeners (../../node_modules/jsdom/lib/jsdom/living/events/EventTarget-impl.js:274:3)
      at HTMLUnknownElementImpl._dispatch (../../node_modules/jsdom/lib/jsdom/living/events/EventTarget-impl.js:221:9)
      at HTMLUnknownElementImpl.dispatchEvent (../../node_modules/jsdom/lib/jsdom/living/events/EventTarget-impl.js:94:17)
      at HTMLUnknownElement.dispatchEvent (../../node_modules/jsdom/lib/jsdom/living/generated/EventTarget.js:231:34)
      at Object.invokeGuardedCallbackDev (../../node_modules/react-dom/cjs/react-dom.development.js:4213:16)
      at invokeGuardedCallback (../../node_modules/react-dom/cjs/react-dom.development.js:4277:31)
      at invokeGuardedCallbackAndCatchFirstError (../../node_modules/react-dom/cjs/react-dom.development.js:4291:25)
      at executeDispatch (../../node_modules/react-dom/cjs/react-dom.development.js:9041:3)
      at processDispatchQueueItemsInOrder (../../node_modules/react-dom/cjs/react-dom.development.js:9073:7)
      at processDispatchQueue (../../node_modules/react-dom/cjs/react-dom.development.js:9086:5)
      at dispatchEventsForPlugins (../../node_modules/react-dom/cjs/react-dom.development.js:9097:3)
      at ../../node_modules/react-dom/cjs/react-dom.development.js:9288:12
      at batchedUpdates$1 (../../node_modules/react-dom/cjs/react-dom.development.js:26179:12)
      at batchedUpdates (../../node_modules/react-dom/cjs/react-dom.development.js:3991:12)
      at dispatchEventForPluginEventSystem (../../node_modules/react-dom/cjs/react-dom.development.js:9287:3)
      at dispatchEventWithEnableCapturePhaseSelectiveHydrationWithoutDiscreteEventReplay (../../node_modules/react-dom/cjs/react-dom.development.js:6465:5)
      at dispatchEvent (../../node_modules/react-dom/cjs/react-dom.development.js:6457:5)
      at dispatchDiscreteEvent (../../node_modules/react-dom/cjs/react-dom.development.js:6430:5)
      at HTMLDivElement.callTheUserObjectsOperation (../../node_modules/jsdom/lib/jsdom/living/generated/EventListener.js:26:30)
      at innerInvokeEventListeners (../../node_modules/jsdom/lib/jsdom/living/events/EventTarget-impl.js:338:25)
      at invokeEventListeners (../../node_modules/jsdom/lib/jsdom/living/events/EventTarget-impl.js:274:3)
      at HTMLTextAreaElementImpl._dispatch (../../node_modules/jsdom/lib/jsdom/living/events/EventTarget-impl.js:221:9)
      at HTMLTextAreaElementImpl.dispatchEvent (../../node_modules/jsdom/lib/jsdom/living/events/EventTarget-impl.js:94:17)
      at HTMLTextAreaElement.dispatchEvent (../../node_modules/jsdom/lib/jsdom/living/generated/EventTarget.js:231:34)
      at ../../node_modules/@testing-library/user-event/dist/cjs/event/dispatchEvent.js:45:43
      at Object.eventWrapper (../../node_modules/@testing-library/dom/dist/config.js:25:23)
      at Object.wrapEvent (../../node_modules/@testing-library/user-event/dist/cjs/event/wrapEvent.js:6:28)
      at Object.dispatchEvent (../../node_modules/@testing-library/user-event/dist/cjs/event/dispatchEvent.js:45:22)
      at Object.dispatchUIEvent (../../node_modules/@testing-library/user-event/dist/cjs/event/dispatchEvent.js:22:26)
      at commitInput (../../node_modules/@testing-library/user-event/dist/cjs/event/input.js:145:14)
      at editInputElement (../../node_modules/@testing-library/user-event/dist/cjs/event/input.js:115:9)
      at Object.input (../../node_modules/@testing-library/user-event/dist/cjs/event/input.js:37:9)
      at ../../node_modules/@testing-library/user-event/dist/cjs/event/behavior/keypress.js:31:26
      at Object.dispatchEvent (../../node_modules/@testing-library/user-event/dist/cjs/event/dispatchEvent.js:41:13)
      at Object.dispatchUIEvent (../../node_modules/@testing-library/user-event/dist/cjs/event/dispatchEvent.js:22:26)
      at KeyboardHost.keydown (../../node_modules/@testing-library/user-event/dist/cjs/system/keyboard.js:76:22)

  console.error
    Warning: An update to ForwardRef(FormControl) inside a test was not wrapped in act(...).
    
    When testing, code that causes React state updates should be wrapped into act(...):
    
    act(() => {
      /* fire events that update state */
    });
    /* assert on the output */
    
    This ensures that you're testing the behavior the user would see in the browser. Learn more at https://reactjs.org/link/wrap-tests-with-act
        at FormControl (/workspaces/dajp-ae-bootcamp-session-3/node_modules/@mui/material/FormControl/FormControl.js:104:59)
        at /workspaces/dajp-ae-bootcamp-session-3/node_modules/@emotion/react/dist/emotion-element-a1829a1e.cjs.js:58:23
        at TextField (/workspaces/dajp-ae-bootcamp-session-3/node_modules/@mui/material/TextField/TextField.js:80:59)
        at form
        at /workspaces/dajp-ae-bootcamp-session-3/node_modules/@emotion/react/dist/emotion-element-a1829a1e.cjs.js:58:23
        at Box (/workspaces/dajp-ae-bootcamp-session-3/node_modules/@mui/system/createBox/createBox.js:27:41)
        at div
        at /workspaces/dajp-ae-bootcamp-session-3/node_modules/@emotion/react/dist/emotion-element-a1829a1e.cjs.js:58:23
        at Paper (/workspaces/dajp-ae-bootcamp-session-3/node_modules/@mui/material/Paper/Paper.js:75:59)
        at TaskForm (/workspaces/dajp-ae-bootcamp-session-3/packages/frontend/src/TaskForm.js:6:21)
        at div
        at /workspaces/dajp-ae-bootcamp-session-3/node_modules/@emotion/react/dist/emotion-element-a1829a1e.cjs.js:58:23
        at Box (/workspaces/dajp-ae-bootcamp-session-3/node_modules/@mui/system/createBox/createBox.js:27:41)
        at div
        at /workspaces/dajp-ae-bootcamp-session-3/node_modules/@emotion/react/dist/emotion-element-a1829a1e.cjs.js:58:23
        at Container (/workspaces/dajp-ae-bootcamp-session-3/node_modules/@mui/system/Container/createContainer.js:111:19)
        at div
        at /workspaces/dajp-ae-bootcamp-session-3/node_modules/@emotion/react/dist/emotion-element-a1829a1e.cjs.js:58:23
        at Box (/workspaces/dajp-ae-bootcamp-session-3/node_modules/@mui/system/createBox/createBox.js:27:41)
        at App (/workspaces/dajp-ae-bootcamp-session-3/packages/frontend/src/App.js:8:49)

      117 |     });
      118 |     await user.type(screen.getByTestId('title-input'), 'New Test Task');
    > 119 |     await user.type(screen.getByTestId('description-input'), 'Task description');
          |     ^
      120 |     await user.click(screen.getByTestId('submit-task'));
      121 |     await waitFor(() => {
      122 |       expect(screen.getByText(/New Test Task/i)).toBeInTheDocument();

      at printWarning (../../node_modules/react-dom/cjs/react-dom.development.js:86:30)
      at error (../../node_modules/react-dom/cjs/react-dom.development.js:60:7)
      at warnIfUpdatesNotWrappedWithActDEV (../../node_modules/react-dom/cjs/react-dom.development.js:27628:9)
      at scheduleUpdateOnFiber (../../node_modules/react-dom/cjs/react-dom.development.js:25547:5)
      at dispatchSetState (../../node_modules/react-dom/cjs/react-dom.development.js:16708:7)
      at ../../node_modules/@mui/material/InputBase/InputBase.js:448:22
      at commitHookEffectListMount (../../node_modules/react-dom/cjs/react-dom.development.js:23189:26)
      at commitPassiveMountOnFiber (../../node_modules/react-dom/cjs/react-dom.development.js:24970:11)
      at commitPassiveMountEffects_complete (../../node_modules/react-dom/cjs/react-dom.development.js:24930:9)
      at commitPassiveMountEffects_begin (../../node_modules/react-dom/cjs/react-dom.development.js:24917:7)
      at commitPassiveMountEffects (../../node_modules/react-dom/cjs/react-dom.development.js:24905:3)
      at flushPassiveEffectsImpl (../../node_modules/react-dom/cjs/react-dom.development.js:27078:3)
      at flushPassiveEffects (../../node_modules/react-dom/cjs/react-dom.development.js:27023:14)
      at commitRootImpl (../../node_modules/react-dom/cjs/react-dom.development.js:26974:5)
      at commitRoot (../../node_modules/react-dom/cjs/react-dom.development.js:26721:5)
      at performSyncWorkOnRoot (../../node_modules/react-dom/cjs/react-dom.development.js:26156:3)
      at flushSyncCallbacks (../../node_modules/react-dom/cjs/react-dom.development.js:12042:22)
      at flushSync (../../node_modules/react-dom/cjs/react-dom.development.js:26240:7)
      at finishEventHandler (../../node_modules/react-dom/cjs/react-dom.development.js:3976:5)
      at batchedUpdates (../../node_modules/react-dom/cjs/react-dom.development.js:3994:5)
      at dispatchEventForPluginEventSystem (../../node_modules/react-dom/cjs/react-dom.development.js:9287:3)
      at dispatchEventWithEnableCapturePhaseSelectiveHydrationWithoutDiscreteEventReplay (../../node_modules/react-dom/cjs/react-dom.development.js:6465:5)
      at dispatchEvent (../../node_modules/react-dom/cjs/react-dom.development.js:6457:5)
      at dispatchDiscreteEvent (../../node_modules/react-dom/cjs/react-dom.development.js:6430:5)
      at HTMLDivElement.callTheUserObjectsOperation (../../node_modules/jsdom/lib/jsdom/living/generated/EventListener.js:26:30)
      at innerInvokeEventListeners (../../node_modules/jsdom/lib/jsdom/living/events/EventTarget-impl.js:338:25)
      at invokeEventListeners (../../node_modules/jsdom/lib/jsdom/living/events/EventTarget-impl.js:274:3)
      at HTMLTextAreaElementImpl._dispatch (../../node_modules/jsdom/lib/jsdom/living/events/EventTarget-impl.js:221:9)
      at HTMLTextAreaElementImpl.dispatchEvent (../../node_modules/jsdom/lib/jsdom/living/events/EventTarget-impl.js:94:17)
      at HTMLTextAreaElement.dispatchEvent (../../node_modules/jsdom/lib/jsdom/living/generated/EventTarget.js:231:34)
      at ../../node_modules/@testing-library/user-event/dist/cjs/event/dispatchEvent.js:45:43
      at Object.eventWrapper (../../node_modules/@testing-library/dom/dist/config.js:25:23)
      at Object.wrapEvent (../../node_modules/@testing-library/user-event/dist/cjs/event/wrapEvent.js:6:28)
      at Object.dispatchEvent (../../node_modules/@testing-library/user-event/dist/cjs/event/dispatchEvent.js:45:22)
      at Object.dispatchUIEvent (../../node_modules/@testing-library/user-event/dist/cjs/event/dispatchEvent.js:22:26)
      at commitInput (../../node_modules/@testing-library/user-event/dist/cjs/event/input.js:145:14)
      at editInputElement (../../node_modules/@testing-library/user-event/dist/cjs/event/input.js:115:9)
      at Object.input (../../node_modules/@testing-library/user-event/dist/cjs/event/input.js:37:9)
      at ../../node_modules/@testing-library/user-event/dist/cjs/event/behavior/keypress.js:31:26
      at Object.dispatchEvent (../../node_modules/@testing-library/user-event/dist/cjs/event/dispatchEvent.js:41:13)
      at Object.dispatchUIEvent (../../node_modules/@testing-library/user-event/dist/cjs/event/dispatchEvent.js:22:26)
      at KeyboardHost.keydown (../../node_modules/@testing-library/user-event/dist/cjs/system/keyboard.js:76:22)
      at keyboardAction (../../node_modules/@testing-library/user-event/dist/cjs/keyboard/index.js:22:35)
      at Object.keyboard (../../node_modules/@testing-library/user-event/dist/cjs/keyboard/index.js:11:15)
      at Object.type (../../node_modules/@testing-library/user-event/dist/cjs/utility/type.js:17:5)
      at Object.<anonymous> (src/__tests__/App.test.js:119:5)

  console.error
    Warning: An update to ForwardRef(FormControl) inside a test was not wrapped in act(...).
    
    When testing, code that causes React state updates should be wrapped into act(...):
    
    act(() => {
      /* fire events that update state */
    });
    /* assert on the output */
    
    This ensures that you're testing the behavior the user would see in the browser. Learn more at https://reactjs.org/link/wrap-tests-with-act
        at FormControl (/workspaces/dajp-ae-bootcamp-session-3/node_modules/@mui/material/FormControl/FormControl.js:104:59)
        at /workspaces/dajp-ae-bootcamp-session-3/node_modules/@emotion/react/dist/emotion-element-a1829a1e.cjs.js:58:23
        at TextField (/workspaces/dajp-ae-bootcamp-session-3/node_modules/@mui/material/TextField/TextField.js:80:59)
        at form
        at /workspaces/dajp-ae-bootcamp-session-3/node_modules/@emotion/react/dist/emotion-element-a1829a1e.cjs.js:58:23
        at Box (/workspaces/dajp-ae-bootcamp-session-3/node_modules/@mui/system/createBox/createBox.js:27:41)
        at div
        at /workspaces/dajp-ae-bootcamp-session-3/node_modules/@emotion/react/dist/emotion-element-a1829a1e.cjs.js:58:23
        at Paper (/workspaces/dajp-ae-bootcamp-session-3/node_modules/@mui/material/Paper/Paper.js:75:59)
        at TaskForm (/workspaces/dajp-ae-bootcamp-session-3/packages/frontend/src/TaskForm.js:6:21)
        at div
        at /workspaces/dajp-ae-bootcamp-session-3/node_modules/@emotion/react/dist/emotion-element-a1829a1e.cjs.js:58:23
        at Box (/workspaces/dajp-ae-bootcamp-session-3/node_modules/@mui/system/createBox/createBox.js:27:41)
        at div
        at /workspaces/dajp-ae-bootcamp-session-3/node_modules/@emotion/react/dist/emotion-element-a1829a1e.cjs.js:58:23
        at Container (/workspaces/dajp-ae-bootcamp-session-3/node_modules/@mui/system/Container/createContainer.js:111:19)
        at div
        at /workspaces/dajp-ae-bootcamp-session-3/node_modules/@emotion/react/dist/emotion-element-a1829a1e.cjs.js:58:23
        at Box (/workspaces/dajp-ae-bootcamp-session-3/node_modules/@mui/system/createBox/createBox.js:27:41)
        at App (/workspaces/dajp-ae-bootcamp-session-3/packages/frontend/src/App.js:8:49)

      117 |     });
      118 |     await user.type(screen.getByTestId('title-input'), 'New Test Task');
    > 119 |     await user.type(screen.getByTestId('description-input'), 'Task description');
          |     ^
      120 |     await user.click(screen.getByTestId('submit-task'));
      121 |     await waitFor(() => {
      122 |       expect(screen.getByText(/New Test Task/i)).toBeInTheDocument();

      at printWarning (../../node_modules/react-dom/cjs/react-dom.development.js:86:30)
      at error (../../node_modules/react-dom/cjs/react-dom.development.js:60:7)
      at warnIfUpdatesNotWrappedWithActDEV (../../node_modules/react-dom/cjs/react-dom.development.js:27628:9)
      at scheduleUpdateOnFiber (../../node_modules/react-dom/cjs/react-dom.development.js:25547:5)
      at dispatchSetState (../../node_modules/react-dom/cjs/react-dom.development.js:16708:7)
      at ../../node_modules/@mui/material/InputBase/InputBase.js:448:22
      at commitHookEffectListMount (../../node_modules/react-dom/cjs/react-dom.development.js:23189:26)
      at commitPassiveMountOnFiber (../../node_modules/react-dom/cjs/react-dom.development.js:24970:11)
      at commitPassiveMountEffects_complete (../../node_modules/react-dom/cjs/react-dom.development.js:24930:9)
      at commitPassiveMountEffects_begin (../../node_modules/react-dom/cjs/react-dom.development.js:24917:7)
      at commitPassiveMountEffects (../../node_modules/react-dom/cjs/react-dom.development.js:24905:3)
      at flushPassiveEffectsImpl (../../node_modules/react-dom/cjs/react-dom.development.js:27078:3)
      at flushPassiveEffects (../../node_modules/react-dom/cjs/react-dom.development.js:27023:14)
      at commitRootImpl (../../node_modules/react-dom/cjs/react-dom.development.js:26974:5)
      at commitRoot (../../node_modules/react-dom/cjs/react-dom.development.js:26721:5)
      at performSyncWorkOnRoot (../../node_modules/react-dom/cjs/react-dom.development.js:26156:3)
      at flushSyncCallbacks (../../node_modules/react-dom/cjs/react-dom.development.js:12042:22)
      at flushSync (../../node_modules/react-dom/cjs/react-dom.development.js:26240:7)
      at finishEventHandler (../../node_modules/react-dom/cjs/react-dom.development.js:3976:5)
      at batchedUpdates (../../node_modules/react-dom/cjs/react-dom.development.js:3994:5)
      at dispatchEventForPluginEventSystem (../../node_modules/react-dom/cjs/react-dom.development.js:9287:3)
      at dispatchEventWithEnableCapturePhaseSelectiveHydrationWithoutDiscreteEventReplay (../../node_modules/react-dom/cjs/react-dom.development.js:6465:5)
      at dispatchEvent (../../node_modules/react-dom/cjs/react-dom.development.js:6457:5)
      at dispatchDiscreteEvent (../../node_modules/react-dom/cjs/react-dom.development.js:6430:5)
      at HTMLDivElement.callTheUserObjectsOperation (../../node_modules/jsdom/lib/jsdom/living/generated/EventListener.js:26:30)
      at innerInvokeEventListeners (../../node_modules/jsdom/lib/jsdom/living/events/EventTarget-impl.js:338:25)
      at invokeEventListeners (../../node_modules/jsdom/lib/jsdom/living/events/EventTarget-impl.js:274:3)
      at HTMLTextAreaElementImpl._dispatch (../../node_modules/jsdom/lib/jsdom/living/events/EventTarget-impl.js:221:9)
      at HTMLTextAreaElementImpl.dispatchEvent (../../node_modules/jsdom/lib/jsdom/living/events/EventTarget-impl.js:94:17)
      at HTMLTextAreaElement.dispatchEvent (../../node_modules/jsdom/lib/jsdom/living/generated/EventTarget.js:231:34)
      at ../../node_modules/@testing-library/user-event/dist/cjs/event/dispatchEvent.js:45:43
      at Object.eventWrapper (../../node_modules/@testing-library/dom/dist/config.js:25:23)
      at Object.wrapEvent (../../node_modules/@testing-library/user-event/dist/cjs/event/wrapEvent.js:6:28)
      at Object.dispatchEvent (../../node_modules/@testing-library/user-event/dist/cjs/event/dispatchEvent.js:45:22)
      at Object.dispatchUIEvent (../../node_modules/@testing-library/user-event/dist/cjs/event/dispatchEvent.js:22:26)
      at commitInput (../../node_modules/@testing-library/user-event/dist/cjs/event/input.js:145:14)
      at editInputElement (../../node_modules/@testing-library/user-event/dist/cjs/event/input.js:115:9)
      at Object.input (../../node_modules/@testing-library/user-event/dist/cjs/event/input.js:37:9)
      at ../../node_modules/@testing-library/user-event/dist/cjs/event/behavior/keypress.js:31:26
      at Object.dispatchEvent (../../node_modules/@testing-library/user-event/dist/cjs/event/dispatchEvent.js:41:13)
      at Object.dispatchUIEvent (../../node_modules/@testing-library/user-event/dist/cjs/event/dispatchEvent.js:22:26)
      at KeyboardHost.keydown (../../node_modules/@testing-library/user-event/dist/cjs/system/keyboard.js:76:22)
      at keyboardAction (../../node_modules/@testing-library/user-event/dist/cjs/keyboard/index.js:22:35)
      at Object.keyboard (../../node_modules/@testing-library/user-event/dist/cjs/keyboard/index.js:11:15)
      at Object.type (../../node_modules/@testing-library/user-event/dist/cjs/utility/type.js:17:5)
      at Object.<anonymous> (src/__tests__/App.test.js:119:5)

  console.error
    Warning: An update to TaskForm inside a test was not wrapped in act(...).
    
    When testing, code that causes React state updates should be wrapped into act(...):
    
    act(() => {
      /* fire events that update state */
    });
    /* assert on the output */
    
    This ensures that you're testing the behavior the user would see in the browser. Learn more at https://reactjs.org/link/wrap-tests-with-act
        at TaskForm (/workspaces/dajp-ae-bootcamp-session-3/packages/frontend/src/TaskForm.js:6:21)
        at div
        at /workspaces/dajp-ae-bootcamp-session-3/node_modules/@emotion/react/dist/emotion-element-a1829a1e.cjs.js:58:23
        at Box (/workspaces/dajp-ae-bootcamp-session-3/node_modules/@mui/system/createBox/createBox.js:27:41)
        at div
        at /workspaces/dajp-ae-bootcamp-session-3/node_modules/@emotion/react/dist/emotion-element-a1829a1e.cjs.js:58:23
        at Container (/workspaces/dajp-ae-bootcamp-session-3/node_modules/@mui/system/Container/createContainer.js:111:19)
        at div
        at /workspaces/dajp-ae-bootcamp-session-3/node_modules/@emotion/react/dist/emotion-element-a1829a1e.cjs.js:58:23
        at Box (/workspaces/dajp-ae-bootcamp-session-3/node_modules/@mui/system/createBox/createBox.js:27:41)
        at App (/workspaces/dajp-ae-bootcamp-session-3/packages/frontend/src/App.js:8:49)

      106 |           label="Description"
      107 |           value={description}
    > 108 |           onChange={e => setDescription(e.target.value)}
          |                          ^
      109 |           multiline
      110 |           minRows={2}
      111 |           variant="outlined"

      at printWarning (../../node_modules/react-dom/cjs/react-dom.development.js:86:30)
      at error (../../node_modules/react-dom/cjs/react-dom.development.js:60:7)
      at warnIfUpdatesNotWrappedWithActDEV (../../node_modules/react-dom/cjs/react-dom.development.js:27628:9)
      at scheduleUpdateOnFiber (../../node_modules/react-dom/cjs/react-dom.development.js:25547:5)
      at setDescription (../../node_modules/react-dom/cjs/react-dom.development.js:16708:7)
      at onChange (src/TaskForm.js:108:26)
      at handleChange (../../node_modules/@mui/material/InputBase/InputBase.js:396:7)
      at handleChange (../../node_modules/@mui/material/TextareaAutosize/TextareaAutosize.js:200:7)
      at HTMLUnknownElement.callCallback (../../node_modules/react-dom/cjs/react-dom.development.js:4164:14)
      at HTMLUnknownElement.callTheUserObjectsOperation (../../node_modules/jsdom/lib/jsdom/living/generated/EventListener.js:26:30)
      at innerInvokeEventListeners (../../node_modules/jsdom/lib/jsdom/living/events/EventTarget-impl.js:338:25)
      at invokeEventListeners (../../node_modules/jsdom/lib/jsdom/living/events/EventTarget-impl.js:274:3)
      at HTMLUnknownElementImpl._dispatch (../../node_modules/jsdom/lib/jsdom/living/events/EventTarget-impl.js:221:9)
      at HTMLUnknownElementImpl.dispatchEvent (../../node_modules/jsdom/lib/jsdom/living/events/EventTarget-impl.js:94:17)
      at HTMLUnknownElement.dispatchEvent (../../node_modules/jsdom/lib/jsdom/living/generated/EventTarget.js:231:34)
      at Object.invokeGuardedCallbackDev (../../node_modules/react-dom/cjs/react-dom.development.js:4213:16)
      at invokeGuardedCallback (../../node_modules/react-dom/cjs/react-dom.development.js:4277:31)
      at invokeGuardedCallbackAndCatchFirstError (../../node_modules/react-dom/cjs/react-dom.development.js:4291:25)
      at executeDispatch (../../node_modules/react-dom/cjs/react-dom.development.js:9041:3)
      at processDispatchQueueItemsInOrder (../../node_modules/react-dom/cjs/react-dom.development.js:9073:7)
      at processDispatchQueue (../../node_modules/react-dom/cjs/react-dom.development.js:9086:5)
      at dispatchEventsForPlugins (../../node_modules/react-dom/cjs/react-dom.development.js:9097:3)
      at ../../node_modules/react-dom/cjs/react-dom.development.js:9288:12
      at batchedUpdates$1 (../../node_modules/react-dom/cjs/react-dom.development.js:26179:12)
      at batchedUpdates (../../node_modules/react-dom/cjs/react-dom.development.js:3991:12)
      at dispatchEventForPluginEventSystem (../../node_modules/react-dom/cjs/react-dom.development.js:9287:3)
      at dispatchEventWithEnableCapturePhaseSelectiveHydrationWithoutDiscreteEventReplay (../../node_modules/react-dom/cjs/react-dom.development.js:6465:5)
      at dispatchEvent (../../node_modules/react-dom/cjs/react-dom.development.js:6457:5)
      at dispatchDiscreteEvent (../../node_modules/react-dom/cjs/react-dom.development.js:6430:5)
      at HTMLDivElement.callTheUserObjectsOperation (../../node_modules/jsdom/lib/jsdom/living/generated/EventListener.js:26:30)
      at innerInvokeEventListeners (../../node_modules/jsdom/lib/jsdom/living/events/EventTarget-impl.js:338:25)
      at invokeEventListeners (../../node_modules/jsdom/lib/jsdom/living/events/EventTarget-impl.js:274:3)
      at HTMLTextAreaElementImpl._dispatch (../../node_modules/jsdom/lib/jsdom/living/events/EventTarget-impl.js:221:9)
      at HTMLTextAreaElementImpl.dispatchEvent (../../node_modules/jsdom/lib/jsdom/living/events/EventTarget-impl.js:94:17)
      at HTMLTextAreaElement.dispatchEvent (../../node_modules/jsdom/lib/jsdom/living/generated/EventTarget.js:231:34)
      at ../../node_modules/@testing-library/user-event/dist/cjs/event/dispatchEvent.js:45:43
      at Object.eventWrapper (../../node_modules/@testing-library/dom/dist/config.js:25:23)
      at Object.wrapEvent (../../node_modules/@testing-library/user-event/dist/cjs/event/wrapEvent.js:6:28)
      at Object.dispatchEvent (../../node_modules/@testing-library/user-event/dist/cjs/event/dispatchEvent.js:45:22)
      at Object.dispatchUIEvent (../../node_modules/@testing-library/user-event/dist/cjs/event/dispatchEvent.js:22:26)
      at commitInput (../../node_modules/@testing-library/user-event/dist/cjs/event/input.js:145:14)
      at editInputElement (../../node_modules/@testing-library/user-event/dist/cjs/event/input.js:115:9)
      at Object.input (../../node_modules/@testing-library/user-event/dist/cjs/event/input.js:37:9)
      at ../../node_modules/@testing-library/user-event/dist/cjs/event/behavior/keypress.js:31:26
      at Object.dispatchEvent (../../node_modules/@testing-library/user-event/dist/cjs/event/dispatchEvent.js:41:13)
      at Object.dispatchUIEvent (../../node_modules/@testing-library/user-event/dist/cjs/event/dispatchEvent.js:22:26)
      at KeyboardHost.keydown (../../node_modules/@testing-library/user-event/dist/cjs/system/keyboard.js:76:22)

  console.error
    Warning: An update to ForwardRef(FormControl) inside a test was not wrapped in act(...).
    
    When testing, code that causes React state updates should be wrapped into act(...):
    
    act(() => {
      /* fire events that update state */
    });
    /* assert on the output */
    
    This ensures that you're testing the behavior the user would see in the browser. Learn more at https://reactjs.org/link/wrap-tests-with-act
        at FormControl (/workspaces/dajp-ae-bootcamp-session-3/node_modules/@mui/material/FormControl/FormControl.js:104:59)
        at /workspaces/dajp-ae-bootcamp-session-3/node_modules/@emotion/react/dist/emotion-element-a1829a1e.cjs.js:58:23
        at TextField (/workspaces/dajp-ae-bootcamp-session-3/node_modules/@mui/material/TextField/TextField.js:80:59)
        at form
        at /workspaces/dajp-ae-bootcamp-session-3/node_modules/@emotion/react/dist/emotion-element-a1829a1e.cjs.js:58:23
        at Box (/workspaces/dajp-ae-bootcamp-session-3/node_modules/@mui/system/createBox/createBox.js:27:41)
        at div
        at /workspaces/dajp-ae-bootcamp-session-3/node_modules/@emotion/react/dist/emotion-element-a1829a1e.cjs.js:58:23
        at Paper (/workspaces/dajp-ae-bootcamp-session-3/node_modules/@mui/material/Paper/Paper.js:75:59)
        at TaskForm (/workspaces/dajp-ae-bootcamp-session-3/packages/frontend/src/TaskForm.js:6:21)
        at div
        at /workspaces/dajp-ae-bootcamp-session-3/node_modules/@emotion/react/dist/emotion-element-a1829a1e.cjs.js:58:23
        at Box (/workspaces/dajp-ae-bootcamp-session-3/node_modules/@mui/system/createBox/createBox.js:27:41)
        at div
        at /workspaces/dajp-ae-bootcamp-session-3/node_modules/@emotion/react/dist/emotion-element-a1829a1e.cjs.js:58:23
        at Container (/workspaces/dajp-ae-bootcamp-session-3/node_modules/@mui/system/Container/createContainer.js:111:19)
        at div
        at /workspaces/dajp-ae-bootcamp-session-3/node_modules/@emotion/react/dist/emotion-element-a1829a1e.cjs.js:58:23
        at Box (/workspaces/dajp-ae-bootcamp-session-3/node_modules/@mui/system/createBox/createBox.js:27:41)
        at App (/workspaces/dajp-ae-bootcamp-session-3/packages/frontend/src/App.js:8:49)

      117 |     });
      118 |     await user.type(screen.getByTestId('title-input'), 'New Test Task');
    > 119 |     await user.type(screen.getByTestId('description-input'), 'Task description');
          |     ^
      120 |     await user.click(screen.getByTestId('submit-task'));
      121 |     await waitFor(() => {
      122 |       expect(screen.getByText(/New Test Task/i)).toBeInTheDocument();

      at printWarning (../../node_modules/react-dom/cjs/react-dom.development.js:86:30)
      at error (../../node_modules/react-dom/cjs/react-dom.development.js:60:7)
      at warnIfUpdatesNotWrappedWithActDEV (../../node_modules/react-dom/cjs/react-dom.development.js:27628:9)
      at scheduleUpdateOnFiber (../../node_modules/react-dom/cjs/react-dom.development.js:25547:5)
      at dispatchSetState (../../node_modules/react-dom/cjs/react-dom.development.js:16708:7)
      at ../../node_modules/@mui/material/FormControl/FormControl.js:190:5
      at ../../node_modules/@mui/material/InputBase/InputBase.js:341:9
      at ../../node_modules/@mui/material/InputBase/InputBase.js:349:7
      at commitHookEffectListMount (../../node_modules/react-dom/cjs/react-dom.development.js:23189:26)
      at commitLayoutEffectOnFiber (../../node_modules/react-dom/cjs/react-dom.development.js:23312:15)
      at commitLayoutMountEffects_complete (../../node_modules/react-dom/cjs/react-dom.development.js:24727:9)
      at commitLayoutEffects_begin (../../node_modules/react-dom/cjs/react-dom.development.js:24713:7)
      at commitLayoutEffects (../../node_modules/react-dom/cjs/react-dom.development.js:24651:3)
      at commitRootImpl (../../node_modules/react-dom/cjs/react-dom.development.js:26862:5)
      at commitRoot (../../node_modules/react-dom/cjs/react-dom.development.js:26721:5)
      at performSyncWorkOnRoot (../../node_modules/react-dom/cjs/react-dom.development.js:26156:3)
      at flushSyncCallbacks (../../node_modules/react-dom/cjs/react-dom.development.js:12042:22)
      at flushSync (../../node_modules/react-dom/cjs/react-dom.development.js:26240:7)
      at finishEventHandler (../../node_modules/react-dom/cjs/react-dom.development.js:3976:5)
      at batchedUpdates (../../node_modules/react-dom/cjs/react-dom.development.js:3994:5)
      at dispatchEventForPluginEventSystem (../../node_modules/react-dom/cjs/react-dom.development.js:9287:3)
      at dispatchEventWithEnableCapturePhaseSelectiveHydrationWithoutDiscreteEventReplay (../../node_modules/react-dom/cjs/react-dom.development.js:6465:5)
      at dispatchEvent (../../node_modules/react-dom/cjs/react-dom.development.js:6457:5)
      at dispatchDiscreteEvent (../../node_modules/react-dom/cjs/react-dom.development.js:6430:5)
      at HTMLDivElement.callTheUserObjectsOperation (../../node_modules/jsdom/lib/jsdom/living/generated/EventListener.js:26:30)
      at innerInvokeEventListeners (../../node_modules/jsdom/lib/jsdom/living/events/EventTarget-impl.js:338:25)
      at invokeEventListeners (../../node_modules/jsdom/lib/jsdom/living/events/EventTarget-impl.js:274:3)
      at HTMLTextAreaElementImpl._dispatch (../../node_modules/jsdom/lib/jsdom/living/events/EventTarget-impl.js:221:9)
      at HTMLTextAreaElementImpl.dispatchEvent (../../node_modules/jsdom/lib/jsdom/living/events/EventTarget-impl.js:94:17)
      at HTMLTextAreaElement.dispatchEvent (../../node_modules/jsdom/lib/jsdom/living/generated/EventTarget.js:231:34)
      at ../../node_modules/@testing-library/user-event/dist/cjs/event/dispatchEvent.js:45:43
      at Object.eventWrapper (../../node_modules/@testing-library/dom/dist/config.js:25:23)
      at Object.wrapEvent (../../node_modules/@testing-library/user-event/dist/cjs/event/wrapEvent.js:6:28)
      at Object.dispatchEvent (../../node_modules/@testing-library/user-event/dist/cjs/event/dispatchEvent.js:45:22)
      at Object.dispatchUIEvent (../../node_modules/@testing-library/user-event/dist/cjs/event/dispatchEvent.js:22:26)
      at commitInput (../../node_modules/@testing-library/user-event/dist/cjs/event/input.js:145:14)
      at editInputElement (../../node_modules/@testing-library/user-event/dist/cjs/event/input.js:115:9)
      at Object.input (../../node_modules/@testing-library/user-event/dist/cjs/event/input.js:37:9)
      at ../../node_modules/@testing-library/user-event/dist/cjs/event/behavior/keypress.js:31:26
      at Object.dispatchEvent (../../node_modules/@testing-library/user-event/dist/cjs/event/dispatchEvent.js:41:13)
      at Object.dispatchUIEvent (../../node_modules/@testing-library/user-event/dist/cjs/event/dispatchEvent.js:22:26)
      at KeyboardHost.keydown (../../node_modules/@testing-library/user-event/dist/cjs/system/keyboard.js:76:22)
      at keyboardAction (../../node_modules/@testing-library/user-event/dist/cjs/keyboard/index.js:22:35)
      at Object.keyboard (../../node_modules/@testing-library/user-event/dist/cjs/keyboard/index.js:11:15)
      at Object.type (../../node_modules/@testing-library/user-event/dist/cjs/utility/type.js:17:5)
      at Object.<anonymous> (src/__tests__/App.test.js:119:5)

  console.error
    Warning: An update to ForwardRef(FormControl) inside a test was not wrapped in act(...).
    
    When testing, code that causes React state updates should be wrapped into act(...):
    
    act(() => {
      /* fire events that update state */
    });
    /* assert on the output */
    
    This ensures that you're testing the behavior the user would see in the browser. Learn more at https://reactjs.org/link/wrap-tests-with-act
        at FormControl (/workspaces/dajp-ae-bootcamp-session-3/node_modules/@mui/material/FormControl/FormControl.js:104:59)
        at /workspaces/dajp-ae-bootcamp-session-3/node_modules/@emotion/react/dist/emotion-element-a1829a1e.cjs.js:58:23
        at TextField (/workspaces/dajp-ae-bootcamp-session-3/node_modules/@mui/material/TextField/TextField.js:80:59)
        at form
        at /workspaces/dajp-ae-bootcamp-session-3/node_modules/@emotion/react/dist/emotion-element-a1829a1e.cjs.js:58:23
        at Box (/workspaces/dajp-ae-bootcamp-session-3/node_modules/@mui/system/createBox/createBox.js:27:41)
        at div
        at /workspaces/dajp-ae-bootcamp-session-3/node_modules/@emotion/react/dist/emotion-element-a1829a1e.cjs.js:58:23
        at Paper (/workspaces/dajp-ae-bootcamp-session-3/node_modules/@mui/material/Paper/Paper.js:75:59)
        at TaskForm (/workspaces/dajp-ae-bootcamp-session-3/packages/frontend/src/TaskForm.js:6:21)
        at div
        at /workspaces/dajp-ae-bootcamp-session-3/node_modules/@emotion/react/dist/emotion-element-a1829a1e.cjs.js:58:23
        at Box (/workspaces/dajp-ae-bootcamp-session-3/node_modules/@mui/system/createBox/createBox.js:27:41)
        at div
        at /workspaces/dajp-ae-bootcamp-session-3/node_modules/@emotion/react/dist/emotion-element-a1829a1e.cjs.js:58:23
        at Container (/workspaces/dajp-ae-bootcamp-session-3/node_modules/@mui/system/Container/createContainer.js:111:19)
        at div
        at /workspaces/dajp-ae-bootcamp-session-3/node_modules/@emotion/react/dist/emotion-element-a1829a1e.cjs.js:58:23
        at Box (/workspaces/dajp-ae-bootcamp-session-3/node_modules/@mui/system/createBox/createBox.js:27:41)
        at App (/workspaces/dajp-ae-bootcamp-session-3/packages/frontend/src/App.js:8:49)

      117 |     });
      118 |     await user.type(screen.getByTestId('title-input'), 'New Test Task');
    > 119 |     await user.type(screen.getByTestId('description-input'), 'Task description');
          |     ^
      120 |     await user.click(screen.getByTestId('submit-task'));
      121 |     await waitFor(() => {
      122 |       expect(screen.getByText(/New Test Task/i)).toBeInTheDocument();

      at printWarning (../../node_modules/react-dom/cjs/react-dom.development.js:86:30)
      at error (../../node_modules/react-dom/cjs/react-dom.development.js:60:7)
      at warnIfUpdatesNotWrappedWithActDEV (../../node_modules/react-dom/cjs/react-dom.development.js:27628:9)
      at scheduleUpdateOnFiber (../../node_modules/react-dom/cjs/react-dom.development.js:25547:5)
      at dispatchSetState (../../node_modules/react-dom/cjs/react-dom.development.js:16708:7)
      at ../../node_modules/@mui/material/InputBase/InputBase.js:448:22
      at commitHookEffectListMount (../../node_modules/react-dom/cjs/react-dom.development.js:23189:26)
      at commitPassiveMountOnFiber (../../node_modules/react-dom/cjs/react-dom.development.js:24970:11)
      at commitPassiveMountEffects_complete (../../node_modules/react-dom/cjs/react-dom.development.js:24930:9)
      at commitPassiveMountEffects_begin (../../node_modules/react-dom/cjs/react-dom.development.js:24917:7)
      at commitPassiveMountEffects (../../node_modules/react-dom/cjs/react-dom.development.js:24905:3)
      at flushPassiveEffectsImpl (../../node_modules/react-dom/cjs/react-dom.development.js:27078:3)
      at flushPassiveEffects (../../node_modules/react-dom/cjs/react-dom.development.js:27023:14)
      at commitRootImpl (../../node_modules/react-dom/cjs/react-dom.development.js:26974:5)
      at commitRoot (../../node_modules/react-dom/cjs/react-dom.development.js:26721:5)
      at performSyncWorkOnRoot (../../node_modules/react-dom/cjs/react-dom.development.js:26156:3)
      at flushSyncCallbacks (../../node_modules/react-dom/cjs/react-dom.development.js:12042:22)
      at flushSync (../../node_modules/react-dom/cjs/react-dom.development.js:26240:7)
      at finishEventHandler (../../node_modules/react-dom/cjs/react-dom.development.js:3976:5)
      at batchedUpdates (../../node_modules/react-dom/cjs/react-dom.development.js:3994:5)
      at dispatchEventForPluginEventSystem (../../node_modules/react-dom/cjs/react-dom.development.js:9287:3)
      at dispatchEventWithEnableCapturePhaseSelectiveHydrationWithoutDiscreteEventReplay (../../node_modules/react-dom/cjs/react-dom.development.js:6465:5)
      at dispatchEvent (../../node_modules/react-dom/cjs/react-dom.development.js:6457:5)
      at dispatchDiscreteEvent (../../node_modules/react-dom/cjs/react-dom.development.js:6430:5)
      at HTMLDivElement.callTheUserObjectsOperation (../../node_modules/jsdom/lib/jsdom/living/generated/EventListener.js:26:30)
      at innerInvokeEventListeners (../../node_modules/jsdom/lib/jsdom/living/events/EventTarget-impl.js:338:25)
      at invokeEventListeners (../../node_modules/jsdom/lib/jsdom/living/events/EventTarget-impl.js:274:3)
      at HTMLTextAreaElementImpl._dispatch (../../node_modules/jsdom/lib/jsdom/living/events/EventTarget-impl.js:221:9)
      at HTMLTextAreaElementImpl.dispatchEvent (../../node_modules/jsdom/lib/jsdom/living/events/EventTarget-impl.js:94:17)
      at HTMLTextAreaElement.dispatchEvent (../../node_modules/jsdom/lib/jsdom/living/generated/EventTarget.js:231:34)
      at ../../node_modules/@testing-library/user-event/dist/cjs/event/dispatchEvent.js:45:43
      at Object.eventWrapper (../../node_modules/@testing-library/dom/dist/config.js:25:23)
      at Object.wrapEvent (../../node_modules/@testing-library/user-event/dist/cjs/event/wrapEvent.js:6:28)
      at Object.dispatchEvent (../../node_modules/@testing-library/user-event/dist/cjs/event/dispatchEvent.js:45:22)
      at Object.dispatchUIEvent (../../node_modules/@testing-library/user-event/dist/cjs/event/dispatchEvent.js:22:26)
      at commitInput (../../node_modules/@testing-library/user-event/dist/cjs/event/input.js:145:14)
      at editInputElement (../../node_modules/@testing-library/user-event/dist/cjs/event/input.js:115:9)
      at Object.input (../../node_modules/@testing-library/user-event/dist/cjs/event/input.js:37:9)
      at ../../node_modules/@testing-library/user-event/dist/cjs/event/behavior/keypress.js:31:26
      at Object.dispatchEvent (../../node_modules/@testing-library/user-event/dist/cjs/event/dispatchEvent.js:41:13)
      at Object.dispatchUIEvent (../../node_modules/@testing-library/user-event/dist/cjs/event/dispatchEvent.js:22:26)
      at KeyboardHost.keydown (../../node_modules/@testing-library/user-event/dist/cjs/system/keyboard.js:76:22)
      at keyboardAction (../../node_modules/@testing-library/user-event/dist/cjs/keyboard/index.js:22:35)
      at Object.keyboard (../../node_modules/@testing-library/user-event/dist/cjs/keyboard/index.js:11:15)
      at Object.type (../../node_modules/@testing-library/user-event/dist/cjs/utility/type.js:17:5)
      at Object.<anonymous> (src/__tests__/App.test.js:119:5)

  console.error
    Warning: An update to TaskForm inside a test was not wrapped in act(...).
    
    When testing, code that causes React state updates should be wrapped into act(...):
    
    act(() => {
      /* fire events that update state */
    });
    /* assert on the output */
    
    This ensures that you're testing the behavior the user would see in the browser. Learn more at https://reactjs.org/link/wrap-tests-with-act
        at TaskForm (/workspaces/dajp-ae-bootcamp-session-3/packages/frontend/src/TaskForm.js:6:21)
        at div
        at /workspaces/dajp-ae-bootcamp-session-3/node_modules/@emotion/react/dist/emotion-element-a1829a1e.cjs.js:58:23
        at Box (/workspaces/dajp-ae-bootcamp-session-3/node_modules/@mui/system/createBox/createBox.js:27:41)
        at div
        at /workspaces/dajp-ae-bootcamp-session-3/node_modules/@emotion/react/dist/emotion-element-a1829a1e.cjs.js:58:23
        at Container (/workspaces/dajp-ae-bootcamp-session-3/node_modules/@mui/system/Container/createContainer.js:111:19)
        at div
        at /workspaces/dajp-ae-bootcamp-session-3/node_modules/@emotion/react/dist/emotion-element-a1829a1e.cjs.js:58:23
        at Box (/workspaces/dajp-ae-bootcamp-session-3/node_modules/@mui/system/createBox/createBox.js:27:41)
        at App (/workspaces/dajp-ae-bootcamp-session-3/packages/frontend/src/App.js:8:49)

      106 |           label="Description"
      107 |           value={description}
    > 108 |           onChange={e => setDescription(e.target.value)}
          |                          ^
      109 |           multiline
      110 |           minRows={2}
      111 |           variant="outlined"

      at printWarning (../../node_modules/react-dom/cjs/react-dom.development.js:86:30)
      at error (../../node_modules/react-dom/cjs/react-dom.development.js:60:7)
      at warnIfUpdatesNotWrappedWithActDEV (../../node_modules/react-dom/cjs/react-dom.development.js:27628:9)
      at scheduleUpdateOnFiber (../../node_modules/react-dom/cjs/react-dom.development.js:25547:5)
      at setDescription (../../node_modules/react-dom/cjs/react-dom.development.js:16708:7)
      at onChange (src/TaskForm.js:108:26)
      at handleChange (../../node_modules/@mui/material/InputBase/InputBase.js:396:7)
      at handleChange (../../node_modules/@mui/material/TextareaAutosize/TextareaAutosize.js:200:7)
      at HTMLUnknownElement.callCallback (../../node_modules/react-dom/cjs/react-dom.development.js:4164:14)
      at HTMLUnknownElement.callTheUserObjectsOperation (../../node_modules/jsdom/lib/jsdom/living/generated/EventListener.js:26:30)
      at innerInvokeEventListeners (../../node_modules/jsdom/lib/jsdom/living/events/EventTarget-impl.js:338:25)
      at invokeEventListeners (../../node_modules/jsdom/lib/jsdom/living/events/EventTarget-impl.js:274:3)
      at HTMLUnknownElementImpl._dispatch (../../node_modules/jsdom/lib/jsdom/living/events/EventTarget-impl.js:221:9)
      at HTMLUnknownElementImpl.dispatchEvent (../../node_modules/jsdom/lib/jsdom/living/events/EventTarget-impl.js:94:17)
      at HTMLUnknownElement.dispatchEvent (../../node_modules/jsdom/lib/jsdom/living/generated/EventTarget.js:231:34)
      at Object.invokeGuardedCallbackDev (../../node_modules/react-dom/cjs/react-dom.development.js:4213:16)
      at invokeGuardedCallback (../../node_modules/react-dom/cjs/react-dom.development.js:4277:31)
      at invokeGuardedCallbackAndCatchFirstError (../../node_modules/react-dom/cjs/react-dom.development.js:4291:25)
      at executeDispatch (../../node_modules/react-dom/cjs/react-dom.development.js:9041:3)
      at processDispatchQueueItemsInOrder (../../node_modules/react-dom/cjs/react-dom.development.js:9073:7)
      at processDispatchQueue (../../node_modules/react-dom/cjs/react-dom.development.js:9086:5)
      at dispatchEventsForPlugins (../../node_modules/react-dom/cjs/react-dom.development.js:9097:3)
      at ../../node_modules/react-dom/cjs/react-dom.development.js:9288:12
      at batchedUpdates$1 (../../node_modules/react-dom/cjs/react-dom.development.js:26179:12)
      at batchedUpdates (../../node_modules/react-dom/cjs/react-dom.development.js:3991:12)
      at dispatchEventForPluginEventSystem (../../node_modules/react-dom/cjs/react-dom.development.js:9287:3)
      at dispatchEventWithEnableCapturePhaseSelectiveHydrationWithoutDiscreteEventReplay (../../node_modules/react-dom/cjs/react-dom.development.js:6465:5)
      at dispatchEvent (../../node_modules/react-dom/cjs/react-dom.development.js:6457:5)
      at dispatchDiscreteEvent (../../node_modules/react-dom/cjs/react-dom.development.js:6430:5)
      at HTMLDivElement.callTheUserObjectsOperation (../../node_modules/jsdom/lib/jsdom/living/generated/EventListener.js:26:30)
      at innerInvokeEventListeners (../../node_modules/jsdom/lib/jsdom/living/events/EventTarget-impl.js:338:25)
      at invokeEventListeners (../../node_modules/jsdom/lib/jsdom/living/events/EventTarget-impl.js:274:3)
      at HTMLTextAreaElementImpl._dispatch (../../node_modules/jsdom/lib/jsdom/living/events/EventTarget-impl.js:221:9)
      at HTMLTextAreaElementImpl.dispatchEvent (../../node_modules/jsdom/lib/jsdom/living/events/EventTarget-impl.js:94:17)
      at HTMLTextAreaElement.dispatchEvent (../../node_modules/jsdom/lib/jsdom/living/generated/EventTarget.js:231:34)
      at ../../node_modules/@testing-library/user-event/dist/cjs/event/dispatchEvent.js:45:43
      at Object.eventWrapper (../../node_modules/@testing-library/dom/dist/config.js:25:23)
      at Object.wrapEvent (../../node_modules/@testing-library/user-event/dist/cjs/event/wrapEvent.js:6:28)
      at Object.dispatchEvent (../../node_modules/@testing-library/user-event/dist/cjs/event/dispatchEvent.js:45:22)
      at Object.dispatchUIEvent (../../node_modules/@testing-library/user-event/dist/cjs/event/dispatchEvent.js:22:26)
      at commitInput (../../node_modules/@testing-library/user-event/dist/cjs/event/input.js:145:14)
      at editInputElement (../../node_modules/@testing-library/user-event/dist/cjs/event/input.js:115:9)
      at Object.input (../../node_modules/@testing-library/user-event/dist/cjs/event/input.js:37:9)
      at ../../node_modules/@testing-library/user-event/dist/cjs/event/behavior/keypress.js:31:26
      at Object.dispatchEvent (../../node_modules/@testing-library/user-event/dist/cjs/event/dispatchEvent.js:41:13)
      at Object.dispatchUIEvent (../../node_modules/@testing-library/user-event/dist/cjs/event/dispatchEvent.js:22:26)
      at KeyboardHost.keydown (../../node_modules/@testing-library/user-event/dist/cjs/system/keyboard.js:76:22)

  console.error
    Warning: An update to ForwardRef(FormControl) inside a test was not wrapped in act(...).
    
    When testing, code that causes React state updates should be wrapped into act(...):
    
    act(() => {
      /* fire events that update state */
    });
    /* assert on the output */
    
    This ensures that you're testing the behavior the user would see in the browser. Learn more at https://reactjs.org/link/wrap-tests-with-act
        at FormControl (/workspaces/dajp-ae-bootcamp-session-3/node_modules/@mui/material/FormControl/FormControl.js:104:59)
        at /workspaces/dajp-ae-bootcamp-session-3/node_modules/@emotion/react/dist/emotion-element-a1829a1e.cjs.js:58:23
        at TextField (/workspaces/dajp-ae-bootcamp-session-3/node_modules/@mui/material/TextField/TextField.js:80:59)
        at form
        at /workspaces/dajp-ae-bootcamp-session-3/node_modules/@emotion/react/dist/emotion-element-a1829a1e.cjs.js:58:23
        at Box (/workspaces/dajp-ae-bootcamp-session-3/node_modules/@mui/system/createBox/createBox.js:27:41)
        at div
        at /workspaces/dajp-ae-bootcamp-session-3/node_modules/@emotion/react/dist/emotion-element-a1829a1e.cjs.js:58:23
        at Paper (/workspaces/dajp-ae-bootcamp-session-3/node_modules/@mui/material/Paper/Paper.js:75:59)
        at TaskForm (/workspaces/dajp-ae-bootcamp-session-3/packages/frontend/src/TaskForm.js:6:21)
        at div
        at /workspaces/dajp-ae-bootcamp-session-3/node_modules/@emotion/react/dist/emotion-element-a1829a1e.cjs.js:58:23
        at Box (/workspaces/dajp-ae-bootcamp-session-3/node_modules/@mui/system/createBox/createBox.js:27:41)
        at div
        at /workspaces/dajp-ae-bootcamp-session-3/node_modules/@emotion/react/dist/emotion-element-a1829a1e.cjs.js:58:23
        at Container (/workspaces/dajp-ae-bootcamp-session-3/node_modules/@mui/system/Container/createContainer.js:111:19)
        at div
        at /workspaces/dajp-ae-bootcamp-session-3/node_modules/@emotion/react/dist/emotion-element-a1829a1e.cjs.js:58:23
        at Box (/workspaces/dajp-ae-bootcamp-session-3/node_modules/@mui/system/createBox/createBox.js:27:41)
        at App (/workspaces/dajp-ae-bootcamp-session-3/packages/frontend/src/App.js:8:49)

      117 |     });
      118 |     await user.type(screen.getByTestId('title-input'), 'New Test Task');
    > 119 |     await user.type(screen.getByTestId('description-input'), 'Task description');
          |     ^
      120 |     await user.click(screen.getByTestId('submit-task'));
      121 |     await waitFor(() => {
      122 |       expect(screen.getByText(/New Test Task/i)).toBeInTheDocument();

      at printWarning (../../node_modules/react-dom/cjs/react-dom.development.js:86:30)
      at error (../../node_modules/react-dom/cjs/react-dom.development.js:60:7)
      at warnIfUpdatesNotWrappedWithActDEV (../../node_modules/react-dom/cjs/react-dom.development.js:27628:9)
      at scheduleUpdateOnFiber (../../node_modules/react-dom/cjs/react-dom.development.js:25547:5)
      at dispatchSetState (../../node_modules/react-dom/cjs/react-dom.development.js:16708:7)
      at ../../node_modules/@mui/material/InputBase/InputBase.js:448:22
      at commitHookEffectListMount (../../node_modules/react-dom/cjs/react-dom.development.js:23189:26)
      at commitPassiveMountOnFiber (../../node_modules/react-dom/cjs/react-dom.development.js:24970:11)
      at commitPassiveMountEffects_complete (../../node_modules/react-dom/cjs/react-dom.development.js:24930:9)
      at commitPassiveMountEffects_begin (../../node_modules/react-dom/cjs/react-dom.development.js:24917:7)
      at commitPassiveMountEffects (../../node_modules/react-dom/cjs/react-dom.development.js:24905:3)
      at flushPassiveEffectsImpl (../../node_modules/react-dom/cjs/react-dom.development.js:27078:3)
      at flushPassiveEffects (../../node_modules/react-dom/cjs/react-dom.development.js:27023:14)
      at commitRootImpl (../../node_modules/react-dom/cjs/react-dom.development.js:26974:5)
      at commitRoot (../../node_modules/react-dom/cjs/react-dom.development.js:26721:5)
      at performSyncWorkOnRoot (../../node_modules/react-dom/cjs/react-dom.development.js:26156:3)
      at flushSyncCallbacks (../../node_modules/react-dom/cjs/react-dom.development.js:12042:22)
      at flushSync (../../node_modules/react-dom/cjs/react-dom.development.js:26240:7)
      at finishEventHandler (../../node_modules/react-dom/cjs/react-dom.development.js:3976:5)
      at batchedUpdates (../../node_modules/react-dom/cjs/react-dom.development.js:3994:5)
      at dispatchEventForPluginEventSystem (../../node_modules/react-dom/cjs/react-dom.development.js:9287:3)
      at dispatchEventWithEnableCapturePhaseSelectiveHydrationWithoutDiscreteEventReplay (../../node_modules/react-dom/cjs/react-dom.development.js:6465:5)
      at dispatchEvent (../../node_modules/react-dom/cjs/react-dom.development.js:6457:5)
      at dispatchDiscreteEvent (../../node_modules/react-dom/cjs/react-dom.development.js:6430:5)
      at HTMLDivElement.callTheUserObjectsOperation (../../node_modules/jsdom/lib/jsdom/living/generated/EventListener.js:26:30)
      at innerInvokeEventListeners (../../node_modules/jsdom/lib/jsdom/living/events/EventTarget-impl.js:338:25)
      at invokeEventListeners (../../node_modules/jsdom/lib/jsdom/living/events/EventTarget-impl.js:274:3)
      at HTMLTextAreaElementImpl._dispatch (../../node_modules/jsdom/lib/jsdom/living/events/EventTarget-impl.js:221:9)
      at HTMLTextAreaElementImpl.dispatchEvent (../../node_modules/jsdom/lib/jsdom/living/events/EventTarget-impl.js:94:17)
      at HTMLTextAreaElement.dispatchEvent (../../node_modules/jsdom/lib/jsdom/living/generated/EventTarget.js:231:34)
      at ../../node_modules/@testing-library/user-event/dist/cjs/event/dispatchEvent.js:45:43
      at Object.eventWrapper (../../node_modules/@testing-library/dom/dist/config.js:25:23)
      at Object.wrapEvent (../../node_modules/@testing-library/user-event/dist/cjs/event/wrapEvent.js:6:28)
      at Object.dispatchEvent (../../node_modules/@testing-library/user-event/dist/cjs/event/dispatchEvent.js:45:22)
      at Object.dispatchUIEvent (../../node_modules/@testing-library/user-event/dist/cjs/event/dispatchEvent.js:22:26)
      at commitInput (../../node_modules/@testing-library/user-event/dist/cjs/event/input.js:145:14)
      at editInputElement (../../node_modules/@testing-library/user-event/dist/cjs/event/input.js:115:9)
      at Object.input (../../node_modules/@testing-library/user-event/dist/cjs/event/input.js:37:9)
      at ../../node_modules/@testing-library/user-event/dist/cjs/event/behavior/keypress.js:31:26
      at Object.dispatchEvent (../../node_modules/@testing-library/user-event/dist/cjs/event/dispatchEvent.js:41:13)
      at Object.dispatchUIEvent (../../node_modules/@testing-library/user-event/dist/cjs/event/dispatchEvent.js:22:26)
      at KeyboardHost.keydown (../../node_modules/@testing-library/user-event/dist/cjs/system/keyboard.js:76:22)
      at keyboardAction (../../node_modules/@testing-library/user-event/dist/cjs/keyboard/index.js:22:35)
      at Object.keyboard (../../node_modules/@testing-library/user-event/dist/cjs/keyboard/index.js:11:15)
      at Object.type (../../node_modules/@testing-library/user-event/dist/cjs/utility/type.js:17:5)
      at Object.<anonymous> (src/__tests__/App.test.js:119:5)

  console.error
    Warning: An update to ForwardRef(FormControl) inside a test was not wrapped in act(...).
    
    When testing, code that causes React state updates should be wrapped into act(...):
    
    act(() => {
      /* fire events that update state */
    });
    /* assert on the output */
    
    This ensures that you're testing the behavior the user would see in the browser. Learn more at https://reactjs.org/link/wrap-tests-with-act
        at FormControl (/workspaces/dajp-ae-bootcamp-session-3/node_modules/@mui/material/FormControl/FormControl.js:104:59)
        at /workspaces/dajp-ae-bootcamp-session-3/node_modules/@emotion/react/dist/emotion-element-a1829a1e.cjs.js:58:23
        at TextField (/workspaces/dajp-ae-bootcamp-session-3/node_modules/@mui/material/TextField/TextField.js:80:59)
        at form
        at /workspaces/dajp-ae-bootcamp-session-3/node_modules/@emotion/react/dist/emotion-element-a1829a1e.cjs.js:58:23
        at Box (/workspaces/dajp-ae-bootcamp-session-3/node_modules/@mui/system/createBox/createBox.js:27:41)
        at div
        at /workspaces/dajp-ae-bootcamp-session-3/node_modules/@emotion/react/dist/emotion-element-a1829a1e.cjs.js:58:23
        at Paper (/workspaces/dajp-ae-bootcamp-session-3/node_modules/@mui/material/Paper/Paper.js:75:59)
        at TaskForm (/workspaces/dajp-ae-bootcamp-session-3/packages/frontend/src/TaskForm.js:6:21)
        at div
        at /workspaces/dajp-ae-bootcamp-session-3/node_modules/@emotion/react/dist/emotion-element-a1829a1e.cjs.js:58:23
        at Box (/workspaces/dajp-ae-bootcamp-session-3/node_modules/@mui/system/createBox/createBox.js:27:41)
        at div
        at /workspaces/dajp-ae-bootcamp-session-3/node_modules/@emotion/react/dist/emotion-element-a1829a1e.cjs.js:58:23
        at Container (/workspaces/dajp-ae-bootcamp-session-3/node_modules/@mui/system/Container/createContainer.js:111:19)
        at div
        at /workspaces/dajp-ae-bootcamp-session-3/node_modules/@emotion/react/dist/emotion-element-a1829a1e.cjs.js:58:23
        at Box (/workspaces/dajp-ae-bootcamp-session-3/node_modules/@mui/system/createBox/createBox.js:27:41)
        at App (/workspaces/dajp-ae-bootcamp-session-3/packages/frontend/src/App.js:8:49)

      117 |     });
      118 |     await user.type(screen.getByTestId('title-input'), 'New Test Task');
    > 119 |     await user.type(screen.getByTestId('description-input'), 'Task description');
          |     ^
      120 |     await user.click(screen.getByTestId('submit-task'));
      121 |     await waitFor(() => {
      122 |       expect(screen.getByText(/New Test Task/i)).toBeInTheDocument();

      at printWarning (../../node_modules/react-dom/cjs/react-dom.development.js:86:30)
      at error (../../node_modules/react-dom/cjs/react-dom.development.js:60:7)
      at warnIfUpdatesNotWrappedWithActDEV (../../node_modules/react-dom/cjs/react-dom.development.js:27628:9)
      at scheduleUpdateOnFiber (../../node_modules/react-dom/cjs/react-dom.development.js:25547:5)
      at dispatchSetState (../../node_modules/react-dom/cjs/react-dom.development.js:16708:7)
      at ../../node_modules/@mui/material/InputBase/InputBase.js:448:22
      at commitHookEffectListMount (../../node_modules/react-dom/cjs/react-dom.development.js:23189:26)
      at commitPassiveMountOnFiber (../../node_modules/react-dom/cjs/react-dom.development.js:24970:11)
      at commitPassiveMountEffects_complete (../../node_modules/react-dom/cjs/react-dom.development.js:24930:9)
      at commitPassiveMountEffects_begin (../../node_modules/react-dom/cjs/react-dom.development.js:24917:7)
      at commitPassiveMountEffects (../../node_modules/react-dom/cjs/react-dom.development.js:24905:3)
      at flushPassiveEffectsImpl (../../node_modules/react-dom/cjs/react-dom.development.js:27078:3)
      at flushPassiveEffects (../../node_modules/react-dom/cjs/react-dom.development.js:27023:14)
      at commitRootImpl (../../node_modules/react-dom/cjs/react-dom.development.js:26974:5)
      at commitRoot (../../node_modules/react-dom/cjs/react-dom.development.js:26721:5)
      at performSyncWorkOnRoot (../../node_modules/react-dom/cjs/react-dom.development.js:26156:3)
      at flushSyncCallbacks (../../node_modules/react-dom/cjs/react-dom.development.js:12042:22)
      at flushSync (../../node_modules/react-dom/cjs/react-dom.development.js:26240:7)
      at finishEventHandler (../../node_modules/react-dom/cjs/react-dom.development.js:3976:5)
      at batchedUpdates (../../node_modules/react-dom/cjs/react-dom.development.js:3994:5)
      at dispatchEventForPluginEventSystem (../../node_modules/react-dom/cjs/react-dom.development.js:9287:3)
      at dispatchEventWithEnableCapturePhaseSelectiveHydrationWithoutDiscreteEventReplay (../../node_modules/react-dom/cjs/react-dom.development.js:6465:5)
      at dispatchEvent (../../node_modules/react-dom/cjs/react-dom.development.js:6457:5)
      at dispatchDiscreteEvent (../../node_modules/react-dom/cjs/react-dom.development.js:6430:5)
      at HTMLDivElement.callTheUserObjectsOperation (../../node_modules/jsdom/lib/jsdom/living/generated/EventListener.js:26:30)
      at innerInvokeEventListeners (../../node_modules/jsdom/lib/jsdom/living/events/EventTarget-impl.js:338:25)
      at invokeEventListeners (../../node_modules/jsdom/lib/jsdom/living/events/EventTarget-impl.js:274:3)
      at HTMLTextAreaElementImpl._dispatch (../../node_modules/jsdom/lib/jsdom/living/events/EventTarget-impl.js:221:9)
      at HTMLTextAreaElementImpl.dispatchEvent (../../node_modules/jsdom/lib/jsdom/living/events/EventTarget-impl.js:94:17)
      at HTMLTextAreaElement.dispatchEvent (../../node_modules/jsdom/lib/jsdom/living/generated/EventTarget.js:231:34)
      at ../../node_modules/@testing-library/user-event/dist/cjs/event/dispatchEvent.js:45:43
      at Object.eventWrapper (../../node_modules/@testing-library/dom/dist/config.js:25:23)
      at Object.wrapEvent (../../node_modules/@testing-library/user-event/dist/cjs/event/wrapEvent.js:6:28)
      at Object.dispatchEvent (../../node_modules/@testing-library/user-event/dist/cjs/event/dispatchEvent.js:45:22)
      at Object.dispatchUIEvent (../../node_modules/@testing-library/user-event/dist/cjs/event/dispatchEvent.js:22:26)
      at commitInput (../../node_modules/@testing-library/user-event/dist/cjs/event/input.js:145:14)
      at editInputElement (../../node_modules/@testing-library/user-event/dist/cjs/event/input.js:115:9)
      at Object.input (../../node_modules/@testing-library/user-event/dist/cjs/event/input.js:37:9)
      at ../../node_modules/@testing-library/user-event/dist/cjs/event/behavior/keypress.js:31:26
      at Object.dispatchEvent (../../node_modules/@testing-library/user-event/dist/cjs/event/dispatchEvent.js:41:13)
      at Object.dispatchUIEvent (../../node_modules/@testing-library/user-event/dist/cjs/event/dispatchEvent.js:22:26)
      at KeyboardHost.keydown (../../node_modules/@testing-library/user-event/dist/cjs/system/keyboard.js:76:22)
      at keyboardAction (../../node_modules/@testing-library/user-event/dist/cjs/keyboard/index.js:22:35)
      at Object.keyboard (../../node_modules/@testing-library/user-event/dist/cjs/keyboard/index.js:11:15)
      at Object.type (../../node_modules/@testing-library/user-event/dist/cjs/utility/type.js:17:5)
      at Object.<anonymous> (src/__tests__/App.test.js:119:5)

  console.error
    Warning: An update to TaskForm inside a test was not wrapped in act(...).
    
    When testing, code that causes React state updates should be wrapped into act(...):
    
    act(() => {
      /* fire events that update state */
    });
    /* assert on the output */
    
    This ensures that you're testing the behavior the user would see in the browser. Learn more at https://reactjs.org/link/wrap-tests-with-act
        at TaskForm (/workspaces/dajp-ae-bootcamp-session-3/packages/frontend/src/TaskForm.js:6:21)
        at div
        at /workspaces/dajp-ae-bootcamp-session-3/node_modules/@emotion/react/dist/emotion-element-a1829a1e.cjs.js:58:23
        at Box (/workspaces/dajp-ae-bootcamp-session-3/node_modules/@mui/system/createBox/createBox.js:27:41)
        at div
        at /workspaces/dajp-ae-bootcamp-session-3/node_modules/@emotion/react/dist/emotion-element-a1829a1e.cjs.js:58:23
        at Container (/workspaces/dajp-ae-bootcamp-session-3/node_modules/@mui/system/Container/createContainer.js:111:19)
        at div
        at /workspaces/dajp-ae-bootcamp-session-3/node_modules/@emotion/react/dist/emotion-element-a1829a1e.cjs.js:58:23
        at Box (/workspaces/dajp-ae-bootcamp-session-3/node_modules/@mui/system/createBox/createBox.js:27:41)
        at App (/workspaces/dajp-ae-bootcamp-session-3/packages/frontend/src/App.js:8:49)

      106 |           label="Description"
      107 |           value={description}
    > 108 |           onChange={e => setDescription(e.target.value)}
          |                          ^
      109 |           multiline
      110 |           minRows={2}
      111 |           variant="outlined"

      at printWarning (../../node_modules/react-dom/cjs/react-dom.development.js:86:30)
      at error (../../node_modules/react-dom/cjs/react-dom.development.js:60:7)
      at warnIfUpdatesNotWrappedWithActDEV (../../node_modules/react-dom/cjs/react-dom.development.js:27628:9)
      at scheduleUpdateOnFiber (../../node_modules/react-dom/cjs/react-dom.development.js:25547:5)
      at setDescription (../../node_modules/react-dom/cjs/react-dom.development.js:16708:7)
      at onChange (src/TaskForm.js:108:26)
      at handleChange (../../node_modules/@mui/material/InputBase/InputBase.js:396:7)
      at handleChange (../../node_modules/@mui/material/TextareaAutosize/TextareaAutosize.js:200:7)
      at HTMLUnknownElement.callCallback (../../node_modules/react-dom/cjs/react-dom.development.js:4164:14)
      at HTMLUnknownElement.callTheUserObjectsOperation (../../node_modules/jsdom/lib/jsdom/living/generated/EventListener.js:26:30)
      at innerInvokeEventListeners (../../node_modules/jsdom/lib/jsdom/living/events/EventTarget-impl.js:338:25)
      at invokeEventListeners (../../node_modules/jsdom/lib/jsdom/living/events/EventTarget-impl.js:274:3)
      at HTMLUnknownElementImpl._dispatch (../../node_modules/jsdom/lib/jsdom/living/events/EventTarget-impl.js:221:9)
      at HTMLUnknownElementImpl.dispatchEvent (../../node_modules/jsdom/lib/jsdom/living/events/EventTarget-impl.js:94:17)
      at HTMLUnknownElement.dispatchEvent (../../node_modules/jsdom/lib/jsdom/living/generated/EventTarget.js:231:34)
      at Object.invokeGuardedCallbackDev (../../node_modules/react-dom/cjs/react-dom.development.js:4213:16)
      at invokeGuardedCallback (../../node_modules/react-dom/cjs/react-dom.development.js:4277:31)
      at invokeGuardedCallbackAndCatchFirstError (../../node_modules/react-dom/cjs/react-dom.development.js:4291:25)
      at executeDispatch (../../node_modules/react-dom/cjs/react-dom.development.js:9041:3)
      at processDispatchQueueItemsInOrder (../../node_modules/react-dom/cjs/react-dom.development.js:9073:7)
      at processDispatchQueue (../../node_modules/react-dom/cjs/react-dom.development.js:9086:5)
      at dispatchEventsForPlugins (../../node_modules/react-dom/cjs/react-dom.development.js:9097:3)
      at ../../node_modules/react-dom/cjs/react-dom.development.js:9288:12
      at batchedUpdates$1 (../../node_modules/react-dom/cjs/react-dom.development.js:26179:12)
      at batchedUpdates (../../node_modules/react-dom/cjs/react-dom.development.js:3991:12)
      at dispatchEventForPluginEventSystem (../../node_modules/react-dom/cjs/react-dom.development.js:9287:3)
      at dispatchEventWithEnableCapturePhaseSelectiveHydrationWithoutDiscreteEventReplay (../../node_modules/react-dom/cjs/react-dom.development.js:6465:5)
      at dispatchEvent (../../node_modules/react-dom/cjs/react-dom.development.js:6457:5)
      at dispatchDiscreteEvent (../../node_modules/react-dom/cjs/react-dom.development.js:6430:5)
      at HTMLDivElement.callTheUserObjectsOperation (../../node_modules/jsdom/lib/jsdom/living/generated/EventListener.js:26:30)
      at innerInvokeEventListeners (../../node_modules/jsdom/lib/jsdom/living/events/EventTarget-impl.js:338:25)
      at invokeEventListeners (../../node_modules/jsdom/lib/jsdom/living/events/EventTarget-impl.js:274:3)
      at HTMLTextAreaElementImpl._dispatch (../../node_modules/jsdom/lib/jsdom/living/events/EventTarget-impl.js:221:9)
      at HTMLTextAreaElementImpl.dispatchEvent (../../node_modules/jsdom/lib/jsdom/living/events/EventTarget-impl.js:94:17)
      at HTMLTextAreaElement.dispatchEvent (../../node_modules/jsdom/lib/jsdom/living/generated/EventTarget.js:231:34)
      at ../../node_modules/@testing-library/user-event/dist/cjs/event/dispatchEvent.js:45:43
      at Object.eventWrapper (../../node_modules/@testing-library/dom/dist/config.js:25:23)
      at Object.wrapEvent (../../node_modules/@testing-library/user-event/dist/cjs/event/wrapEvent.js:6:28)
      at Object.dispatchEvent (../../node_modules/@testing-library/user-event/dist/cjs/event/dispatchEvent.js:45:22)
      at Object.dispatchUIEvent (../../node_modules/@testing-library/user-event/dist/cjs/event/dispatchEvent.js:22:26)
      at commitInput (../../node_modules/@testing-library/user-event/dist/cjs/event/input.js:145:14)
      at editInputElement (../../node_modules/@testing-library/user-event/dist/cjs/event/input.js:115:9)
      at Object.input (../../node_modules/@testing-library/user-event/dist/cjs/event/input.js:37:9)
      at ../../node_modules/@testing-library/user-event/dist/cjs/event/behavior/keypress.js:31:26
      at Object.dispatchEvent (../../node_modules/@testing-library/user-event/dist/cjs/event/dispatchEvent.js:41:13)
      at Object.dispatchUIEvent (../../node_modules/@testing-library/user-event/dist/cjs/event/dispatchEvent.js:22:26)
      at KeyboardHost.keydown (../../node_modules/@testing-library/user-event/dist/cjs/system/keyboard.js:76:22)

  console.error
    Warning: An update to ForwardRef(FormControl) inside a test was not wrapped in act(...).
    
    When testing, code that causes React state updates should be wrapped into act(...):
    
    act(() => {
      /* fire events that update state */
    });
    /* assert on the output */
    
    This ensures that you're testing the behavior the user would see in the browser. Learn more at https://reactjs.org/link/wrap-tests-with-act
        at FormControl (/workspaces/dajp-ae-bootcamp-session-3/node_modules/@mui/material/FormControl/FormControl.js:104:59)
        at /workspaces/dajp-ae-bootcamp-session-3/node_modules/@emotion/react/dist/emotion-element-a1829a1e.cjs.js:58:23
        at TextField (/workspaces/dajp-ae-bootcamp-session-3/node_modules/@mui/material/TextField/TextField.js:80:59)
        at form
        at /workspaces/dajp-ae-bootcamp-session-3/node_modules/@emotion/react/dist/emotion-element-a1829a1e.cjs.js:58:23
        at Box (/workspaces/dajp-ae-bootcamp-session-3/node_modules/@mui/system/createBox/createBox.js:27:41)
        at div
        at /workspaces/dajp-ae-bootcamp-session-3/node_modules/@emotion/react/dist/emotion-element-a1829a1e.cjs.js:58:23
        at Paper (/workspaces/dajp-ae-bootcamp-session-3/node_modules/@mui/material/Paper/Paper.js:75:59)
        at TaskForm (/workspaces/dajp-ae-bootcamp-session-3/packages/frontend/src/TaskForm.js:6:21)
        at div
        at /workspaces/dajp-ae-bootcamp-session-3/node_modules/@emotion/react/dist/emotion-element-a1829a1e.cjs.js:58:23
        at Box (/workspaces/dajp-ae-bootcamp-session-3/node_modules/@mui/system/createBox/createBox.js:27:41)
        at div
        at /workspaces/dajp-ae-bootcamp-session-3/node_modules/@emotion/react/dist/emotion-element-a1829a1e.cjs.js:58:23
        at Container (/workspaces/dajp-ae-bootcamp-session-3/node_modules/@mui/system/Container/createContainer.js:111:19)
        at div
        at /workspaces/dajp-ae-bootcamp-session-3/node_modules/@emotion/react/dist/emotion-element-a1829a1e.cjs.js:58:23
        at Box (/workspaces/dajp-ae-bootcamp-session-3/node_modules/@mui/system/createBox/createBox.js:27:41)
        at App (/workspaces/dajp-ae-bootcamp-session-3/packages/frontend/src/App.js:8:49)

      117 |     });
      118 |     await user.type(screen.getByTestId('title-input'), 'New Test Task');
    > 119 |     await user.type(screen.getByTestId('description-input'), 'Task description');
          |     ^
      120 |     await user.click(screen.getByTestId('submit-task'));
      121 |     await waitFor(() => {
      122 |       expect(screen.getByText(/New Test Task/i)).toBeInTheDocument();

      at printWarning (../../node_modules/react-dom/cjs/react-dom.development.js:86:30)
      at error (../../node_modules/react-dom/cjs/react-dom.development.js:60:7)
      at warnIfUpdatesNotWrappedWithActDEV (../../node_modules/react-dom/cjs/react-dom.development.js:27628:9)
      at scheduleUpdateOnFiber (../../node_modules/react-dom/cjs/react-dom.development.js:25547:5)
      at dispatchSetState (../../node_modules/react-dom/cjs/react-dom.development.js:16708:7)
      at ../../node_modules/@mui/material/FormControl/FormControl.js:190:5
      at ../../node_modules/@mui/material/InputBase/InputBase.js:341:9
      at ../../node_modules/@mui/material/InputBase/InputBase.js:349:7
      at commitHookEffectListMount (../../node_modules/react-dom/cjs/react-dom.development.js:23189:26)
      at commitLayoutEffectOnFiber (../../node_modules/react-dom/cjs/react-dom.development.js:23312:15)
      at commitLayoutMountEffects_complete (../../node_modules/react-dom/cjs/react-dom.development.js:24727:9)
      at commitLayoutEffects_begin (../../node_modules/react-dom/cjs/react-dom.development.js:24713:7)
      at commitLayoutEffects (../../node_modules/react-dom/cjs/react-dom.development.js:24651:3)
      at commitRootImpl (../../node_modules/react-dom/cjs/react-dom.development.js:26862:5)
      at commitRoot (../../node_modules/react-dom/cjs/react-dom.development.js:26721:5)
      at performSyncWorkOnRoot (../../node_modules/react-dom/cjs/react-dom.development.js:26156:3)
      at flushSyncCallbacks (../../node_modules/react-dom/cjs/react-dom.development.js:12042:22)
      at flushSync (../../node_modules/react-dom/cjs/react-dom.development.js:26240:7)
      at finishEventHandler (../../node_modules/react-dom/cjs/react-dom.development.js:3976:5)
      at batchedUpdates (../../node_modules/react-dom/cjs/react-dom.development.js:3994:5)
      at dispatchEventForPluginEventSystem (../../node_modules/react-dom/cjs/react-dom.development.js:9287:3)
      at dispatchEventWithEnableCapturePhaseSelectiveHydrationWithoutDiscreteEventReplay (../../node_modules/react-dom/cjs/react-dom.development.js:6465:5)
      at dispatchEvent (../../node_modules/react-dom/cjs/react-dom.development.js:6457:5)
      at dispatchDiscreteEvent (../../node_modules/react-dom/cjs/react-dom.development.js:6430:5)
      at HTMLDivElement.callTheUserObjectsOperation (../../node_modules/jsdom/lib/jsdom/living/generated/EventListener.js:26:30)
      at innerInvokeEventListeners (../../node_modules/jsdom/lib/jsdom/living/events/EventTarget-impl.js:338:25)
      at invokeEventListeners (../../node_modules/jsdom/lib/jsdom/living/events/EventTarget-impl.js:274:3)
      at HTMLTextAreaElementImpl._dispatch (../../node_modules/jsdom/lib/jsdom/living/events/EventTarget-impl.js:221:9)
      at HTMLTextAreaElementImpl.dispatchEvent (../../node_modules/jsdom/lib/jsdom/living/events/EventTarget-impl.js:94:17)
      at HTMLTextAreaElement.dispatchEvent (../../node_modules/jsdom/lib/jsdom/living/generated/EventTarget.js:231:34)
      at ../../node_modules/@testing-library/user-event/dist/cjs/event/dispatchEvent.js:45:43
      at Object.eventWrapper (../../node_modules/@testing-library/dom/dist/config.js:25:23)
      at Object.wrapEvent (../../node_modules/@testing-library/user-event/dist/cjs/event/wrapEvent.js:6:28)
      at Object.dispatchEvent (../../node_modules/@testing-library/user-event/dist/cjs/event/dispatchEvent.js:45:22)
      at Object.dispatchUIEvent (../../node_modules/@testing-library/user-event/dist/cjs/event/dispatchEvent.js:22:26)
      at commitInput (../../node_modules/@testing-library/user-event/dist/cjs/event/input.js:145:14)
      at editInputElement (../../node_modules/@testing-library/user-event/dist/cjs/event/input.js:115:9)
      at Object.input (../../node_modules/@testing-library/user-event/dist/cjs/event/input.js:37:9)
      at ../../node_modules/@testing-library/user-event/dist/cjs/event/behavior/keypress.js:31:26
      at Object.dispatchEvent (../../node_modules/@testing-library/user-event/dist/cjs/event/dispatchEvent.js:41:13)
      at Object.dispatchUIEvent (../../node_modules/@testing-library/user-event/dist/cjs/event/dispatchEvent.js:22:26)
      at KeyboardHost.keydown (../../node_modules/@testing-library/user-event/dist/cjs/system/keyboard.js:76:22)
      at keyboardAction (../../node_modules/@testing-library/user-event/dist/cjs/keyboard/index.js:22:35)
      at Object.keyboard (../../node_modules/@testing-library/user-event/dist/cjs/keyboard/index.js:11:15)
      at Object.type (../../node_modules/@testing-library/user-event/dist/cjs/utility/type.js:17:5)
      at Object.<anonymous> (src/__tests__/App.test.js:119:5)

  console.error
    Warning: An update to ForwardRef(FormControl) inside a test was not wrapped in act(...).
    
    When testing, code that causes React state updates should be wrapped into act(...):
    
    act(() => {
      /* fire events that update state */
    });
    /* assert on the output */
    
    This ensures that you're testing the behavior the user would see in the browser. Learn more at https://reactjs.org/link/wrap-tests-with-act
        at FormControl (/workspaces/dajp-ae-bootcamp-session-3/node_modules/@mui/material/FormControl/FormControl.js:104:59)
        at /workspaces/dajp-ae-bootcamp-session-3/node_modules/@emotion/react/dist/emotion-element-a1829a1e.cjs.js:58:23
        at TextField (/workspaces/dajp-ae-bootcamp-session-3/node_modules/@mui/material/TextField/TextField.js:80:59)
        at form
        at /workspaces/dajp-ae-bootcamp-session-3/node_modules/@emotion/react/dist/emotion-element-a1829a1e.cjs.js:58:23
        at Box (/workspaces/dajp-ae-bootcamp-session-3/node_modules/@mui/system/createBox/createBox.js:27:41)
        at div
        at /workspaces/dajp-ae-bootcamp-session-3/node_modules/@emotion/react/dist/emotion-element-a1829a1e.cjs.js:58:23
        at Paper (/workspaces/dajp-ae-bootcamp-session-3/node_modules/@mui/material/Paper/Paper.js:75:59)
        at TaskForm (/workspaces/dajp-ae-bootcamp-session-3/packages/frontend/src/TaskForm.js:6:21)
        at div
        at /workspaces/dajp-ae-bootcamp-session-3/node_modules/@emotion/react/dist/emotion-element-a1829a1e.cjs.js:58:23
        at Box (/workspaces/dajp-ae-bootcamp-session-3/node_modules/@mui/system/createBox/createBox.js:27:41)
        at div
        at /workspaces/dajp-ae-bootcamp-session-3/node_modules/@emotion/react/dist/emotion-element-a1829a1e.cjs.js:58:23
        at Container (/workspaces/dajp-ae-bootcamp-session-3/node_modules/@mui/system/Container/createContainer.js:111:19)
        at div
        at /workspaces/dajp-ae-bootcamp-session-3/node_modules/@emotion/react/dist/emotion-element-a1829a1e.cjs.js:58:23
        at Box (/workspaces/dajp-ae-bootcamp-session-3/node_modules/@mui/system/createBox/createBox.js:27:41)
        at App (/workspaces/dajp-ae-bootcamp-session-3/packages/frontend/src/App.js:8:49)

      117 |     });
      118 |     await user.type(screen.getByTestId('title-input'), 'New Test Task');
    > 119 |     await user.type(screen.getByTestId('description-input'), 'Task description');
          |     ^
      120 |     await user.click(screen.getByTestId('submit-task'));
      121 |     await waitFor(() => {
      122 |       expect(screen.getByText(/New Test Task/i)).toBeInTheDocument();

      at printWarning (../../node_modules/react-dom/cjs/react-dom.development.js:86:30)
      at error (../../node_modules/react-dom/cjs/react-dom.development.js:60:7)
      at warnIfUpdatesNotWrappedWithActDEV (../../node_modules/react-dom/cjs/react-dom.development.js:27628:9)
      at scheduleUpdateOnFiber (../../node_modules/react-dom/cjs/react-dom.development.js:25547:5)
      at dispatchSetState (../../node_modules/react-dom/cjs/react-dom.development.js:16708:7)
      at ../../node_modules/@mui/material/InputBase/InputBase.js:448:22
      at commitHookEffectListMount (../../node_modules/react-dom/cjs/react-dom.development.js:23189:26)
      at commitPassiveMountOnFiber (../../node_modules/react-dom/cjs/react-dom.development.js:24970:11)
      at commitPassiveMountEffects_complete (../../node_modules/react-dom/cjs/react-dom.development.js:24930:9)
      at commitPassiveMountEffects_begin (../../node_modules/react-dom/cjs/react-dom.development.js:24917:7)
      at commitPassiveMountEffects (../../node_modules/react-dom/cjs/react-dom.development.js:24905:3)
      at flushPassiveEffectsImpl (../../node_modules/react-dom/cjs/react-dom.development.js:27078:3)
      at flushPassiveEffects (../../node_modules/react-dom/cjs/react-dom.development.js:27023:14)
      at commitRootImpl (../../node_modules/react-dom/cjs/react-dom.development.js:26974:5)
      at commitRoot (../../node_modules/react-dom/cjs/react-dom.development.js:26721:5)
      at performSyncWorkOnRoot (../../node_modules/react-dom/cjs/react-dom.development.js:26156:3)
      at flushSyncCallbacks (../../node_modules/react-dom/cjs/react-dom.development.js:12042:22)
      at flushSync (../../node_modules/react-dom/cjs/react-dom.development.js:26240:7)
      at finishEventHandler (../../node_modules/react-dom/cjs/react-dom.development.js:3976:5)
      at batchedUpdates (../../node_modules/react-dom/cjs/react-dom.development.js:3994:5)
      at dispatchEventForPluginEventSystem (../../node_modules/react-dom/cjs/react-dom.development.js:9287:3)
      at dispatchEventWithEnableCapturePhaseSelectiveHydrationWithoutDiscreteEventReplay (../../node_modules/react-dom/cjs/react-dom.development.js:6465:5)
      at dispatchEvent (../../node_modules/react-dom/cjs/react-dom.development.js:6457:5)
      at dispatchDiscreteEvent (../../node_modules/react-dom/cjs/react-dom.development.js:6430:5)
      at HTMLDivElement.callTheUserObjectsOperation (../../node_modules/jsdom/lib/jsdom/living/generated/EventListener.js:26:30)
      at innerInvokeEventListeners (../../node_modules/jsdom/lib/jsdom/living/events/EventTarget-impl.js:338:25)
      at invokeEventListeners (../../node_modules/jsdom/lib/jsdom/living/events/EventTarget-impl.js:274:3)
      at HTMLTextAreaElementImpl._dispatch (../../node_modules/jsdom/lib/jsdom/living/events/EventTarget-impl.js:221:9)
      at HTMLTextAreaElementImpl.dispatchEvent (../../node_modules/jsdom/lib/jsdom/living/events/EventTarget-impl.js:94:17)
      at HTMLTextAreaElement.dispatchEvent (../../node_modules/jsdom/lib/jsdom/living/generated/EventTarget.js:231:34)
      at ../../node_modules/@testing-library/user-event/dist/cjs/event/dispatchEvent.js:45:43
      at Object.eventWrapper (../../node_modules/@testing-library/dom/dist/config.js:25:23)
      at Object.wrapEvent (../../node_modules/@testing-library/user-event/dist/cjs/event/wrapEvent.js:6:28)
      at Object.dispatchEvent (../../node_modules/@testing-library/user-event/dist/cjs/event/dispatchEvent.js:45:22)
      at Object.dispatchUIEvent (../../node_modules/@testing-library/user-event/dist/cjs/event/dispatchEvent.js:22:26)
      at commitInput (../../node_modules/@testing-library/user-event/dist/cjs/event/input.js:145:14)
      at editInputElement (../../node_modules/@testing-library/user-event/dist/cjs/event/input.js:115:9)
      at Object.input (../../node_modules/@testing-library/user-event/dist/cjs/event/input.js:37:9)
      at ../../node_modules/@testing-library/user-event/dist/cjs/event/behavior/keypress.js:31:26
      at Object.dispatchEvent (../../node_modules/@testing-library/user-event/dist/cjs/event/dispatchEvent.js:41:13)
      at Object.dispatchUIEvent (../../node_modules/@testing-library/user-event/dist/cjs/event/dispatchEvent.js:22:26)
      at KeyboardHost.keydown (../../node_modules/@testing-library/user-event/dist/cjs/system/keyboard.js:76:22)
      at keyboardAction (../../node_modules/@testing-library/user-event/dist/cjs/keyboard/index.js:22:35)
      at Object.keyboard (../../node_modules/@testing-library/user-event/dist/cjs/keyboard/index.js:11:15)
      at Object.type (../../node_modules/@testing-library/user-event/dist/cjs/utility/type.js:17:5)
      at Object.<anonymous> (src/__tests__/App.test.js:119:5)

  console.error
    Warning: An update to TaskForm inside a test was not wrapped in act(...).
    
    When testing, code that causes React state updates should be wrapped into act(...):
    
    act(() => {
      /* fire events that update state */
    });
    /* assert on the output */
    
    This ensures that you're testing the behavior the user would see in the browser. Learn more at https://reactjs.org/link/wrap-tests-with-act
        at TaskForm (/workspaces/dajp-ae-bootcamp-session-3/packages/frontend/src/TaskForm.js:6:21)
        at div
        at /workspaces/dajp-ae-bootcamp-session-3/node_modules/@emotion/react/dist/emotion-element-a1829a1e.cjs.js:58:23
        at Box (/workspaces/dajp-ae-bootcamp-session-3/node_modules/@mui/system/createBox/createBox.js:27:41)
        at div
        at /workspaces/dajp-ae-bootcamp-session-3/node_modules/@emotion/react/dist/emotion-element-a1829a1e.cjs.js:58:23
        at Container (/workspaces/dajp-ae-bootcamp-session-3/node_modules/@mui/system/Container/createContainer.js:111:19)
        at div
        at /workspaces/dajp-ae-bootcamp-session-3/node_modules/@emotion/react/dist/emotion-element-a1829a1e.cjs.js:58:23
        at Box (/workspaces/dajp-ae-bootcamp-session-3/node_modules/@mui/system/createBox/createBox.js:27:41)
        at App (/workspaces/dajp-ae-bootcamp-session-3/packages/frontend/src/App.js:8:49)

      106 |           label="Description"
      107 |           value={description}
    > 108 |           onChange={e => setDescription(e.target.value)}
          |                          ^
      109 |           multiline
      110 |           minRows={2}
      111 |           variant="outlined"

      at printWarning (../../node_modules/react-dom/cjs/react-dom.development.js:86:30)
      at error (../../node_modules/react-dom/cjs/react-dom.development.js:60:7)
      at warnIfUpdatesNotWrappedWithActDEV (../../node_modules/react-dom/cjs/react-dom.development.js:27628:9)
      at scheduleUpdateOnFiber (../../node_modules/react-dom/cjs/react-dom.development.js:25547:5)
      at setDescription (../../node_modules/react-dom/cjs/react-dom.development.js:16708:7)
      at onChange (src/TaskForm.js:108:26)
      at handleChange (../../node_modules/@mui/material/InputBase/InputBase.js:396:7)
      at handleChange (../../node_modules/@mui/material/TextareaAutosize/TextareaAutosize.js:200:7)
      at HTMLUnknownElement.callCallback (../../node_modules/react-dom/cjs/react-dom.development.js:4164:14)
      at HTMLUnknownElement.callTheUserObjectsOperation (../../node_modules/jsdom/lib/jsdom/living/generated/EventListener.js:26:30)
      at innerInvokeEventListeners (../../node_modules/jsdom/lib/jsdom/living/events/EventTarget-impl.js:338:25)
      at invokeEventListeners (../../node_modules/jsdom/lib/jsdom/living/events/EventTarget-impl.js:274:3)
      at HTMLUnknownElementImpl._dispatch (../../node_modules/jsdom/lib/jsdom/living/events/EventTarget-impl.js:221:9)
      at HTMLUnknownElementImpl.dispatchEvent (../../node_modules/jsdom/lib/jsdom/living/events/EventTarget-impl.js:94:17)
      at HTMLUnknownElement.dispatchEvent (../../node_modules/jsdom/lib/jsdom/living/generated/EventTarget.js:231:34)
      at Object.invokeGuardedCallbackDev (../../node_modules/react-dom/cjs/react-dom.development.js:4213:16)
      at invokeGuardedCallback (../../node_modules/react-dom/cjs/react-dom.development.js:4277:31)
      at invokeGuardedCallbackAndCatchFirstError (../../node_modules/react-dom/cjs/react-dom.development.js:4291:25)
      at executeDispatch (../../node_modules/react-dom/cjs/react-dom.development.js:9041:3)
      at processDispatchQueueItemsInOrder (../../node_modules/react-dom/cjs/react-dom.development.js:9073:7)
      at processDispatchQueue (../../node_modules/react-dom/cjs/react-dom.development.js:9086:5)
      at dispatchEventsForPlugins (../../node_modules/react-dom/cjs/react-dom.development.js:9097:3)
      at ../../node_modules/react-dom/cjs/react-dom.development.js:9288:12
      at batchedUpdates$1 (../../node_modules/react-dom/cjs/react-dom.development.js:26179:12)
      at batchedUpdates (../../node_modules/react-dom/cjs/react-dom.development.js:3991:12)
      at dispatchEventForPluginEventSystem (../../node_modules/react-dom/cjs/react-dom.development.js:9287:3)
      at dispatchEventWithEnableCapturePhaseSelectiveHydrationWithoutDiscreteEventReplay (../../node_modules/react-dom/cjs/react-dom.development.js:6465:5)
      at dispatchEvent (../../node_modules/react-dom/cjs/react-dom.development.js:6457:5)
      at dispatchDiscreteEvent (../../node_modules/react-dom/cjs/react-dom.development.js:6430:5)
      at HTMLDivElement.callTheUserObjectsOperation (../../node_modules/jsdom/lib/jsdom/living/generated/EventListener.js:26:30)
      at innerInvokeEventListeners (../../node_modules/jsdom/lib/jsdom/living/events/EventTarget-impl.js:338:25)
      at invokeEventListeners (../../node_modules/jsdom/lib/jsdom/living/events/EventTarget-impl.js:274:3)
      at HTMLTextAreaElementImpl._dispatch (../../node_modules/jsdom/lib/jsdom/living/events/EventTarget-impl.js:221:9)
      at HTMLTextAreaElementImpl.dispatchEvent (../../node_modules/jsdom/lib/jsdom/living/events/EventTarget-impl.js:94:17)
      at HTMLTextAreaElement.dispatchEvent (../../node_modules/jsdom/lib/jsdom/living/generated/EventTarget.js:231:34)
      at ../../node_modules/@testing-library/user-event/dist/cjs/event/dispatchEvent.js:45:43
      at Object.eventWrapper (../../node_modules/@testing-library/dom/dist/config.js:25:23)
      at Object.wrapEvent (../../node_modules/@testing-library/user-event/dist/cjs/event/wrapEvent.js:6:28)
      at Object.dispatchEvent (../../node_modules/@testing-library/user-event/dist/cjs/event/dispatchEvent.js:45:22)
      at Object.dispatchUIEvent (../../node_modules/@testing-library/user-event/dist/cjs/event/dispatchEvent.js:22:26)
      at commitInput (../../node_modules/@testing-library/user-event/dist/cjs/event/input.js:145:14)
      at editInputElement (../../node_modules/@testing-library/user-event/dist/cjs/event/input.js:115:9)
      at Object.input (../../node_modules/@testing-library/user-event/dist/cjs/event/input.js:37:9)
      at ../../node_modules/@testing-library/user-event/dist/cjs/event/behavior/keypress.js:31:26
      at Object.dispatchEvent (../../node_modules/@testing-library/user-event/dist/cjs/event/dispatchEvent.js:41:13)
      at Object.dispatchUIEvent (../../node_modules/@testing-library/user-event/dist/cjs/event/dispatchEvent.js:22:26)
      at KeyboardHost.keydown (../../node_modules/@testing-library/user-event/dist/cjs/system/keyboard.js:76:22)

  console.error
    Warning: An update to ForwardRef(FormControl) inside a test was not wrapped in act(...).
    
    When testing, code that causes React state updates should be wrapped into act(...):
    
    act(() => {
      /* fire events that update state */
    });
    /* assert on the output */
    
    This ensures that you're testing the behavior the user would see in the browser. Learn more at https://reactjs.org/link/wrap-tests-with-act
        at FormControl (/workspaces/dajp-ae-bootcamp-session-3/node_modules/@mui/material/FormControl/FormControl.js:104:59)
        at /workspaces/dajp-ae-bootcamp-session-3/node_modules/@emotion/react/dist/emotion-element-a1829a1e.cjs.js:58:23
        at TextField (/workspaces/dajp-ae-bootcamp-session-3/node_modules/@mui/material/TextField/TextField.js:80:59)
        at form
        at /workspaces/dajp-ae-bootcamp-session-3/node_modules/@emotion/react/dist/emotion-element-a1829a1e.cjs.js:58:23
        at Box (/workspaces/dajp-ae-bootcamp-session-3/node_modules/@mui/system/createBox/createBox.js:27:41)
        at div
        at /workspaces/dajp-ae-bootcamp-session-3/node_modules/@emotion/react/dist/emotion-element-a1829a1e.cjs.js:58:23
        at Paper (/workspaces/dajp-ae-bootcamp-session-3/node_modules/@mui/material/Paper/Paper.js:75:59)
        at TaskForm (/workspaces/dajp-ae-bootcamp-session-3/packages/frontend/src/TaskForm.js:6:21)
        at div
        at /workspaces/dajp-ae-bootcamp-session-3/node_modules/@emotion/react/dist/emotion-element-a1829a1e.cjs.js:58:23
        at Box (/workspaces/dajp-ae-bootcamp-session-3/node_modules/@mui/system/createBox/createBox.js:27:41)
        at div
        at /workspaces/dajp-ae-bootcamp-session-3/node_modules/@emotion/react/dist/emotion-element-a1829a1e.cjs.js:58:23
        at Container (/workspaces/dajp-ae-bootcamp-session-3/node_modules/@mui/system/Container/createContainer.js:111:19)
        at div
        at /workspaces/dajp-ae-bootcamp-session-3/node_modules/@emotion/react/dist/emotion-element-a1829a1e.cjs.js:58:23
        at Box (/workspaces/dajp-ae-bootcamp-session-3/node_modules/@mui/system/createBox/createBox.js:27:41)
        at App (/workspaces/dajp-ae-bootcamp-session-3/packages/frontend/src/App.js:8:49)

      117 |     });
      118 |     await user.type(screen.getByTestId('title-input'), 'New Test Task');
    > 119 |     await user.type(screen.getByTestId('description-input'), 'Task description');
          |     ^
      120 |     await user.click(screen.getByTestId('submit-task'));
      121 |     await waitFor(() => {
      122 |       expect(screen.getByText(/New Test Task/i)).toBeInTheDocument();

      at printWarning (../../node_modules/react-dom/cjs/react-dom.development.js:86:30)
      at error (../../node_modules/react-dom/cjs/react-dom.development.js:60:7)
      at warnIfUpdatesNotWrappedWithActDEV (../../node_modules/react-dom/cjs/react-dom.development.js:27628:9)
      at scheduleUpdateOnFiber (../../node_modules/react-dom/cjs/react-dom.development.js:25547:5)
      at dispatchSetState (../../node_modules/react-dom/cjs/react-dom.development.js:16708:7)
      at ../../node_modules/@mui/material/InputBase/InputBase.js:448:22
      at commitHookEffectListMount (../../node_modules/react-dom/cjs/react-dom.development.js:23189:26)
      at commitPassiveMountOnFiber (../../node_modules/react-dom/cjs/react-dom.development.js:24970:11)
      at commitPassiveMountEffects_complete (../../node_modules/react-dom/cjs/react-dom.development.js:24930:9)
      at commitPassiveMountEffects_begin (../../node_modules/react-dom/cjs/react-dom.development.js:24917:7)
      at commitPassiveMountEffects (../../node_modules/react-dom/cjs/react-dom.development.js:24905:3)
      at flushPassiveEffectsImpl (../../node_modules/react-dom/cjs/react-dom.development.js:27078:3)
      at flushPassiveEffects (../../node_modules/react-dom/cjs/react-dom.development.js:27023:14)
      at commitRootImpl (../../node_modules/react-dom/cjs/react-dom.development.js:26974:5)
      at commitRoot (../../node_modules/react-dom/cjs/react-dom.development.js:26721:5)
      at performSyncWorkOnRoot (../../node_modules/react-dom/cjs/react-dom.development.js:26156:3)
      at flushSyncCallbacks (../../node_modules/react-dom/cjs/react-dom.development.js:12042:22)
      at flushSync (../../node_modules/react-dom/cjs/react-dom.development.js:26240:7)
      at finishEventHandler (../../node_modules/react-dom/cjs/react-dom.development.js:3976:5)
      at batchedUpdates (../../node_modules/react-dom/cjs/react-dom.development.js:3994:5)
      at dispatchEventForPluginEventSystem (../../node_modules/react-dom/cjs/react-dom.development.js:9287:3)
      at dispatchEventWithEnableCapturePhaseSelectiveHydrationWithoutDiscreteEventReplay (../../node_modules/react-dom/cjs/react-dom.development.js:6465:5)
      at dispatchEvent (../../node_modules/react-dom/cjs/react-dom.development.js:6457:5)
      at dispatchDiscreteEvent (../../node_modules/react-dom/cjs/react-dom.development.js:6430:5)
      at HTMLDivElement.callTheUserObjectsOperation (../../node_modules/jsdom/lib/jsdom/living/generated/EventListener.js:26:30)
      at innerInvokeEventListeners (../../node_modules/jsdom/lib/jsdom/living/events/EventTarget-impl.js:338:25)
      at invokeEventListeners (../../node_modules/jsdom/lib/jsdom/living/events/EventTarget-impl.js:274:3)
      at HTMLTextAreaElementImpl._dispatch (../../node_modules/jsdom/lib/jsdom/living/events/EventTarget-impl.js:221:9)
      at HTMLTextAreaElementImpl.dispatchEvent (../../node_modules/jsdom/lib/jsdom/living/events/EventTarget-impl.js:94:17)
      at HTMLTextAreaElement.dispatchEvent (../../node_modules/jsdom/lib/jsdom/living/generated/EventTarget.js:231:34)
      at ../../node_modules/@testing-library/user-event/dist/cjs/event/dispatchEvent.js:45:43
      at Object.eventWrapper (../../node_modules/@testing-library/dom/dist/config.js:25:23)
      at Object.wrapEvent (../../node_modules/@testing-library/user-event/dist/cjs/event/wrapEvent.js:6:28)
      at Object.dispatchEvent (../../node_modules/@testing-library/user-event/dist/cjs/event/dispatchEvent.js:45:22)
      at Object.dispatchUIEvent (../../node_modules/@testing-library/user-event/dist/cjs/event/dispatchEvent.js:22:26)
      at commitInput (../../node_modules/@testing-library/user-event/dist/cjs/event/input.js:145:14)
      at editInputElement (../../node_modules/@testing-library/user-event/dist/cjs/event/input.js:115:9)
      at Object.input (../../node_modules/@testing-library/user-event/dist/cjs/event/input.js:37:9)
      at ../../node_modules/@testing-library/user-event/dist/cjs/event/behavior/keypress.js:31:26
      at Object.dispatchEvent (../../node_modules/@testing-library/user-event/dist/cjs/event/dispatchEvent.js:41:13)
      at Object.dispatchUIEvent (../../node_modules/@testing-library/user-event/dist/cjs/event/dispatchEvent.js:22:26)
      at KeyboardHost.keydown (../../node_modules/@testing-library/user-event/dist/cjs/system/keyboard.js:76:22)
      at keyboardAction (../../node_modules/@testing-library/user-event/dist/cjs/keyboard/index.js:22:35)
      at Object.keyboard (../../node_modules/@testing-library/user-event/dist/cjs/keyboard/index.js:11:15)
      at Object.type (../../node_modules/@testing-library/user-event/dist/cjs/utility/type.js:17:5)
      at Object.<anonymous> (src/__tests__/App.test.js:119:5)

  console.error
    Warning: An update to ForwardRef(FormControl) inside a test was not wrapped in act(...).
    
    When testing, code that causes React state updates should be wrapped into act(...):
    
    act(() => {
      /* fire events that update state */
    });
    /* assert on the output */
    
    This ensures that you're testing the behavior the user would see in the browser. Learn more at https://reactjs.org/link/wrap-tests-with-act
        at FormControl (/workspaces/dajp-ae-bootcamp-session-3/node_modules/@mui/material/FormControl/FormControl.js:104:59)
        at /workspaces/dajp-ae-bootcamp-session-3/node_modules/@emotion/react/dist/emotion-element-a1829a1e.cjs.js:58:23
        at TextField (/workspaces/dajp-ae-bootcamp-session-3/node_modules/@mui/material/TextField/TextField.js:80:59)
        at form
        at /workspaces/dajp-ae-bootcamp-session-3/node_modules/@emotion/react/dist/emotion-element-a1829a1e.cjs.js:58:23
        at Box (/workspaces/dajp-ae-bootcamp-session-3/node_modules/@mui/system/createBox/createBox.js:27:41)
        at div
        at /workspaces/dajp-ae-bootcamp-session-3/node_modules/@emotion/react/dist/emotion-element-a1829a1e.cjs.js:58:23
        at Paper (/workspaces/dajp-ae-bootcamp-session-3/node_modules/@mui/material/Paper/Paper.js:75:59)
        at TaskForm (/workspaces/dajp-ae-bootcamp-session-3/packages/frontend/src/TaskForm.js:6:21)
        at div
        at /workspaces/dajp-ae-bootcamp-session-3/node_modules/@emotion/react/dist/emotion-element-a1829a1e.cjs.js:58:23
        at Box (/workspaces/dajp-ae-bootcamp-session-3/node_modules/@mui/system/createBox/createBox.js:27:41)
        at div
        at /workspaces/dajp-ae-bootcamp-session-3/node_modules/@emotion/react/dist/emotion-element-a1829a1e.cjs.js:58:23
        at Container (/workspaces/dajp-ae-bootcamp-session-3/node_modules/@mui/system/Container/createContainer.js:111:19)
        at div
        at /workspaces/dajp-ae-bootcamp-session-3/node_modules/@emotion/react/dist/emotion-element-a1829a1e.cjs.js:58:23
        at Box (/workspaces/dajp-ae-bootcamp-session-3/node_modules/@mui/system/createBox/createBox.js:27:41)
        at App (/workspaces/dajp-ae-bootcamp-session-3/packages/frontend/src/App.js:8:49)

      117 |     });
      118 |     await user.type(screen.getByTestId('title-input'), 'New Test Task');
    > 119 |     await user.type(screen.getByTestId('description-input'), 'Task description');
          |     ^
      120 |     await user.click(screen.getByTestId('submit-task'));
      121 |     await waitFor(() => {
      122 |       expect(screen.getByText(/New Test Task/i)).toBeInTheDocument();

      at printWarning (../../node_modules/react-dom/cjs/react-dom.development.js:86:30)
      at error (../../node_modules/react-dom/cjs/react-dom.development.js:60:7)
      at warnIfUpdatesNotWrappedWithActDEV (../../node_modules/react-dom/cjs/react-dom.development.js:27628:9)
      at scheduleUpdateOnFiber (../../node_modules/react-dom/cjs/react-dom.development.js:25547:5)
      at dispatchSetState (../../node_modules/react-dom/cjs/react-dom.development.js:16708:7)
      at ../../node_modules/@mui/material/InputBase/InputBase.js:448:22
      at commitHookEffectListMount (../../node_modules/react-dom/cjs/react-dom.development.js:23189:26)
      at commitPassiveMountOnFiber (../../node_modules/react-dom/cjs/react-dom.development.js:24970:11)
      at commitPassiveMountEffects_complete (../../node_modules/react-dom/cjs/react-dom.development.js:24930:9)
      at commitPassiveMountEffects_begin (../../node_modules/react-dom/cjs/react-dom.development.js:24917:7)
      at commitPassiveMountEffects (../../node_modules/react-dom/cjs/react-dom.development.js:24905:3)
      at flushPassiveEffectsImpl (../../node_modules/react-dom/cjs/react-dom.development.js:27078:3)
      at flushPassiveEffects (../../node_modules/react-dom/cjs/react-dom.development.js:27023:14)
      at commitRootImpl (../../node_modules/react-dom/cjs/react-dom.development.js:26974:5)
      at commitRoot (../../node_modules/react-dom/cjs/react-dom.development.js:26721:5)
      at performSyncWorkOnRoot (../../node_modules/react-dom/cjs/react-dom.development.js:26156:3)
      at flushSyncCallbacks (../../node_modules/react-dom/cjs/react-dom.development.js:12042:22)
      at flushSync (../../node_modules/react-dom/cjs/react-dom.development.js:26240:7)
      at finishEventHandler (../../node_modules/react-dom/cjs/react-dom.development.js:3976:5)
      at batchedUpdates (../../node_modules/react-dom/cjs/react-dom.development.js:3994:5)
      at dispatchEventForPluginEventSystem (../../node_modules/react-dom/cjs/react-dom.development.js:9287:3)
      at dispatchEventWithEnableCapturePhaseSelectiveHydrationWithoutDiscreteEventReplay (../../node_modules/react-dom/cjs/react-dom.development.js:6465:5)
      at dispatchEvent (../../node_modules/react-dom/cjs/react-dom.development.js:6457:5)
      at dispatchDiscreteEvent (../../node_modules/react-dom/cjs/react-dom.development.js:6430:5)
      at HTMLDivElement.callTheUserObjectsOperation (../../node_modules/jsdom/lib/jsdom/living/generated/EventListener.js:26:30)
      at innerInvokeEventListeners (../../node_modules/jsdom/lib/jsdom/living/events/EventTarget-impl.js:338:25)
      at invokeEventListeners (../../node_modules/jsdom/lib/jsdom/living/events/EventTarget-impl.js:274:3)
      at HTMLTextAreaElementImpl._dispatch (../../node_modules/jsdom/lib/jsdom/living/events/EventTarget-impl.js:221:9)
      at HTMLTextAreaElementImpl.dispatchEvent (../../node_modules/jsdom/lib/jsdom/living/events/EventTarget-impl.js:94:17)
      at HTMLTextAreaElement.dispatchEvent (../../node_modules/jsdom/lib/jsdom/living/generated/EventTarget.js:231:34)
      at ../../node_modules/@testing-library/user-event/dist/cjs/event/dispatchEvent.js:45:43
      at Object.eventWrapper (../../node_modules/@testing-library/dom/dist/config.js:25:23)
      at Object.wrapEvent (../../node_modules/@testing-library/user-event/dist/cjs/event/wrapEvent.js:6:28)
      at Object.dispatchEvent (../../node_modules/@testing-library/user-event/dist/cjs/event/dispatchEvent.js:45:22)
      at Object.dispatchUIEvent (../../node_modules/@testing-library/user-event/dist/cjs/event/dispatchEvent.js:22:26)
      at commitInput (../../node_modules/@testing-library/user-event/dist/cjs/event/input.js:145:14)
      at editInputElement (../../node_modules/@testing-library/user-event/dist/cjs/event/input.js:115:9)
      at Object.input (../../node_modules/@testing-library/user-event/dist/cjs/event/input.js:37:9)
      at ../../node_modules/@testing-library/user-event/dist/cjs/event/behavior/keypress.js:31:26
      at Object.dispatchEvent (../../node_modules/@testing-library/user-event/dist/cjs/event/dispatchEvent.js:41:13)
      at Object.dispatchUIEvent (../../node_modules/@testing-library/user-event/dist/cjs/event/dispatchEvent.js:22:26)
      at KeyboardHost.keydown (../../node_modules/@testing-library/user-event/dist/cjs/system/keyboard.js:76:22)
      at keyboardAction (../../node_modules/@testing-library/user-event/dist/cjs/keyboard/index.js:22:35)
      at Object.keyboard (../../node_modules/@testing-library/user-event/dist/cjs/keyboard/index.js:11:15)
      at Object.type (../../node_modules/@testing-library/user-event/dist/cjs/utility/type.js:17:5)
      at Object.<anonymous> (src/__tests__/App.test.js:119:5)

  console.error
    Warning: An update to TaskForm inside a test was not wrapped in act(...).
    
    When testing, code that causes React state updates should be wrapped into act(...):
    
    act(() => {
      /* fire events that update state */
    });
    /* assert on the output */
    
    This ensures that you're testing the behavior the user would see in the browser. Learn more at https://reactjs.org/link/wrap-tests-with-act
        at TaskForm (/workspaces/dajp-ae-bootcamp-session-3/packages/frontend/src/TaskForm.js:6:21)
        at div
        at /workspaces/dajp-ae-bootcamp-session-3/node_modules/@emotion/react/dist/emotion-element-a1829a1e.cjs.js:58:23
        at Box (/workspaces/dajp-ae-bootcamp-session-3/node_modules/@mui/system/createBox/createBox.js:27:41)
        at div
        at /workspaces/dajp-ae-bootcamp-session-3/node_modules/@emotion/react/dist/emotion-element-a1829a1e.cjs.js:58:23
        at Container (/workspaces/dajp-ae-bootcamp-session-3/node_modules/@mui/system/Container/createContainer.js:111:19)
        at div
        at /workspaces/dajp-ae-bootcamp-session-3/node_modules/@emotion/react/dist/emotion-element-a1829a1e.cjs.js:58:23
        at Box (/workspaces/dajp-ae-bootcamp-session-3/node_modules/@mui/system/createBox/createBox.js:27:41)
        at App (/workspaces/dajp-ae-bootcamp-session-3/packages/frontend/src/App.js:8:49)

      106 |           label="Description"
      107 |           value={description}
    > 108 |           onChange={e => setDescription(e.target.value)}
          |                          ^
      109 |           multiline
      110 |           minRows={2}
      111 |           variant="outlined"

      at printWarning (../../node_modules/react-dom/cjs/react-dom.development.js:86:30)
      at error (../../node_modules/react-dom/cjs/react-dom.development.js:60:7)
      at warnIfUpdatesNotWrappedWithActDEV (../../node_modules/react-dom/cjs/react-dom.development.js:27628:9)
      at scheduleUpdateOnFiber (../../node_modules/react-dom/cjs/react-dom.development.js:25547:5)
      at setDescription (../../node_modules/react-dom/cjs/react-dom.development.js:16708:7)
      at onChange (src/TaskForm.js:108:26)
      at handleChange (../../node_modules/@mui/material/InputBase/InputBase.js:396:7)
      at handleChange (../../node_modules/@mui/material/TextareaAutosize/TextareaAutosize.js:200:7)
      at HTMLUnknownElement.callCallback (../../node_modules/react-dom/cjs/react-dom.development.js:4164:14)
      at HTMLUnknownElement.callTheUserObjectsOperation (../../node_modules/jsdom/lib/jsdom/living/generated/EventListener.js:26:30)
      at innerInvokeEventListeners (../../node_modules/jsdom/lib/jsdom/living/events/EventTarget-impl.js:338:25)
      at invokeEventListeners (../../node_modules/jsdom/lib/jsdom/living/events/EventTarget-impl.js:274:3)
      at HTMLUnknownElementImpl._dispatch (../../node_modules/jsdom/lib/jsdom/living/events/EventTarget-impl.js:221:9)
      at HTMLUnknownElementImpl.dispatchEvent (../../node_modules/jsdom/lib/jsdom/living/events/EventTarget-impl.js:94:17)
      at HTMLUnknownElement.dispatchEvent (../../node_modules/jsdom/lib/jsdom/living/generated/EventTarget.js:231:34)
      at Object.invokeGuardedCallbackDev (../../node_modules/react-dom/cjs/react-dom.development.js:4213:16)
      at invokeGuardedCallback (../../node_modules/react-dom/cjs/react-dom.development.js:4277:31)
      at invokeGuardedCallbackAndCatchFirstError (../../node_modules/react-dom/cjs/react-dom.development.js:4291:25)
      at executeDispatch (../../node_modules/react-dom/cjs/react-dom.development.js:9041:3)
      at processDispatchQueueItemsInOrder (../../node_modules/react-dom/cjs/react-dom.development.js:9073:7)
      at processDispatchQueue (../../node_modules/react-dom/cjs/react-dom.development.js:9086:5)
      at dispatchEventsForPlugins (../../node_modules/react-dom/cjs/react-dom.development.js:9097:3)
      at ../../node_modules/react-dom/cjs/react-dom.development.js:9288:12
      at batchedUpdates$1 (../../node_modules/react-dom/cjs/react-dom.development.js:26179:12)
      at batchedUpdates (../../node_modules/react-dom/cjs/react-dom.development.js:3991:12)
      at dispatchEventForPluginEventSystem (../../node_modules/react-dom/cjs/react-dom.development.js:9287:3)
      at dispatchEventWithEnableCapturePhaseSelectiveHydrationWithoutDiscreteEventReplay (../../node_modules/react-dom/cjs/react-dom.development.js:6465:5)
      at dispatchEvent (../../node_modules/react-dom/cjs/react-dom.development.js:6457:5)
      at dispatchDiscreteEvent (../../node_modules/react-dom/cjs/react-dom.development.js:6430:5)
      at HTMLDivElement.callTheUserObjectsOperation (../../node_modules/jsdom/lib/jsdom/living/generated/EventListener.js:26:30)
      at innerInvokeEventListeners (../../node_modules/jsdom/lib/jsdom/living/events/EventTarget-impl.js:338:25)
      at invokeEventListeners (../../node_modules/jsdom/lib/jsdom/living/events/EventTarget-impl.js:274:3)
      at HTMLTextAreaElementImpl._dispatch (../../node_modules/jsdom/lib/jsdom/living/events/EventTarget-impl.js:221:9)
      at HTMLTextAreaElementImpl.dispatchEvent (../../node_modules/jsdom/lib/jsdom/living/events/EventTarget-impl.js:94:17)
      at HTMLTextAreaElement.dispatchEvent (../../node_modules/jsdom/lib/jsdom/living/generated/EventTarget.js:231:34)
      at ../../node_modules/@testing-library/user-event/dist/cjs/event/dispatchEvent.js:45:43
      at Object.eventWrapper (../../node_modules/@testing-library/dom/dist/config.js:25:23)
      at Object.wrapEvent (../../node_modules/@testing-library/user-event/dist/cjs/event/wrapEvent.js:6:28)
      at Object.dispatchEvent (../../node_modules/@testing-library/user-event/dist/cjs/event/dispatchEvent.js:45:22)
      at Object.dispatchUIEvent (../../node_modules/@testing-library/user-event/dist/cjs/event/dispatchEvent.js:22:26)
      at commitInput (../../node_modules/@testing-library/user-event/dist/cjs/event/input.js:145:14)
      at editInputElement (../../node_modules/@testing-library/user-event/dist/cjs/event/input.js:115:9)
      at Object.input (../../node_modules/@testing-library/user-event/dist/cjs/event/input.js:37:9)
      at ../../node_modules/@testing-library/user-event/dist/cjs/event/behavior/keypress.js:31:26
      at Object.dispatchEvent (../../node_modules/@testing-library/user-event/dist/cjs/event/dispatchEvent.js:41:13)
      at Object.dispatchUIEvent (../../node_modules/@testing-library/user-event/dist/cjs/event/dispatchEvent.js:22:26)
      at KeyboardHost.keydown (../../node_modules/@testing-library/user-event/dist/cjs/system/keyboard.js:76:22)

  console.error
    Warning: An update to ForwardRef(FormControl) inside a test was not wrapped in act(...).
    
    When testing, code that causes React state updates should be wrapped into act(...):
    
    act(() => {
      /* fire events that update state */
    });
    /* assert on the output */
    
    This ensures that you're testing the behavior the user would see in the browser. Learn more at https://reactjs.org/link/wrap-tests-with-act
        at FormControl (/workspaces/dajp-ae-bootcamp-session-3/node_modules/@mui/material/FormControl/FormControl.js:104:59)
        at /workspaces/dajp-ae-bootcamp-session-3/node_modules/@emotion/react/dist/emotion-element-a1829a1e.cjs.js:58:23
        at TextField (/workspaces/dajp-ae-bootcamp-session-3/node_modules/@mui/material/TextField/TextField.js:80:59)
        at form
        at /workspaces/dajp-ae-bootcamp-session-3/node_modules/@emotion/react/dist/emotion-element-a1829a1e.cjs.js:58:23
        at Box (/workspaces/dajp-ae-bootcamp-session-3/node_modules/@mui/system/createBox/createBox.js:27:41)
        at div
        at /workspaces/dajp-ae-bootcamp-session-3/node_modules/@emotion/react/dist/emotion-element-a1829a1e.cjs.js:58:23
        at Paper (/workspaces/dajp-ae-bootcamp-session-3/node_modules/@mui/material/Paper/Paper.js:75:59)
        at TaskForm (/workspaces/dajp-ae-bootcamp-session-3/packages/frontend/src/TaskForm.js:6:21)
        at div
        at /workspaces/dajp-ae-bootcamp-session-3/node_modules/@emotion/react/dist/emotion-element-a1829a1e.cjs.js:58:23
        at Box (/workspaces/dajp-ae-bootcamp-session-3/node_modules/@mui/system/createBox/createBox.js:27:41)
        at div
        at /workspaces/dajp-ae-bootcamp-session-3/node_modules/@emotion/react/dist/emotion-element-a1829a1e.cjs.js:58:23
        at Container (/workspaces/dajp-ae-bootcamp-session-3/node_modules/@mui/system/Container/createContainer.js:111:19)
        at div
        at /workspaces/dajp-ae-bootcamp-session-3/node_modules/@emotion/react/dist/emotion-element-a1829a1e.cjs.js:58:23
        at Box (/workspaces/dajp-ae-bootcamp-session-3/node_modules/@mui/system/createBox/createBox.js:27:41)
        at App (/workspaces/dajp-ae-bootcamp-session-3/packages/frontend/src/App.js:8:49)

      117 |     });
      118 |     await user.type(screen.getByTestId('title-input'), 'New Test Task');
    > 119 |     await user.type(screen.getByTestId('description-input'), 'Task description');
          |     ^
      120 |     await user.click(screen.getByTestId('submit-task'));
      121 |     await waitFor(() => {
      122 |       expect(screen.getByText(/New Test Task/i)).toBeInTheDocument();

      at printWarning (../../node_modules/react-dom/cjs/react-dom.development.js:86:30)
      at error (../../node_modules/react-dom/cjs/react-dom.development.js:60:7)
      at warnIfUpdatesNotWrappedWithActDEV (../../node_modules/react-dom/cjs/react-dom.development.js:27628:9)
      at scheduleUpdateOnFiber (../../node_modules/react-dom/cjs/react-dom.development.js:25547:5)
      at dispatchSetState (../../node_modules/react-dom/cjs/react-dom.development.js:16708:7)
      at ../../node_modules/@mui/material/FormControl/FormControl.js:190:5
      at ../../node_modules/@mui/material/InputBase/InputBase.js:341:9
      at ../../node_modules/@mui/material/InputBase/InputBase.js:349:7
      at commitHookEffectListMount (../../node_modules/react-dom/cjs/react-dom.development.js:23189:26)
      at commitLayoutEffectOnFiber (../../node_modules/react-dom/cjs/react-dom.development.js:23312:15)
      at commitLayoutMountEffects_complete (../../node_modules/react-dom/cjs/react-dom.development.js:24727:9)
      at commitLayoutEffects_begin (../../node_modules/react-dom/cjs/react-dom.development.js:24713:7)
      at commitLayoutEffects (../../node_modules/react-dom/cjs/react-dom.development.js:24651:3)
      at commitRootImpl (../../node_modules/react-dom/cjs/react-dom.development.js:26862:5)
      at commitRoot (../../node_modules/react-dom/cjs/react-dom.development.js:26721:5)
      at performSyncWorkOnRoot (../../node_modules/react-dom/cjs/react-dom.development.js:26156:3)
      at flushSyncCallbacks (../../node_modules/react-dom/cjs/react-dom.development.js:12042:22)
      at flushSync (../../node_modules/react-dom/cjs/react-dom.development.js:26240:7)
      at finishEventHandler (../../node_modules/react-dom/cjs/react-dom.development.js:3976:5)
      at batchedUpdates (../../node_modules/react-dom/cjs/react-dom.development.js:3994:5)
      at dispatchEventForPluginEventSystem (../../node_modules/react-dom/cjs/react-dom.development.js:9287:3)
      at dispatchEventWithEnableCapturePhaseSelectiveHydrationWithoutDiscreteEventReplay (../../node_modules/react-dom/cjs/react-dom.development.js:6465:5)
      at dispatchEvent (../../node_modules/react-dom/cjs/react-dom.development.js:6457:5)
      at dispatchDiscreteEvent (../../node_modules/react-dom/cjs/react-dom.development.js:6430:5)
      at HTMLDivElement.callTheUserObjectsOperation (../../node_modules/jsdom/lib/jsdom/living/generated/EventListener.js:26:30)
      at innerInvokeEventListeners (../../node_modules/jsdom/lib/jsdom/living/events/EventTarget-impl.js:338:25)
      at invokeEventListeners (../../node_modules/jsdom/lib/jsdom/living/events/EventTarget-impl.js:274:3)
      at HTMLTextAreaElementImpl._dispatch (../../node_modules/jsdom/lib/jsdom/living/events/EventTarget-impl.js:221:9)
      at HTMLTextAreaElementImpl.dispatchEvent (../../node_modules/jsdom/lib/jsdom/living/events/EventTarget-impl.js:94:17)
      at HTMLTextAreaElement.dispatchEvent (../../node_modules/jsdom/lib/jsdom/living/generated/EventTarget.js:231:34)
      at ../../node_modules/@testing-library/user-event/dist/cjs/event/dispatchEvent.js:45:43
      at Object.eventWrapper (../../node_modules/@testing-library/dom/dist/config.js:25:23)
      at Object.wrapEvent (../../node_modules/@testing-library/user-event/dist/cjs/event/wrapEvent.js:6:28)
      at Object.dispatchEvent (../../node_modules/@testing-library/user-event/dist/cjs/event/dispatchEvent.js:45:22)
      at Object.dispatchUIEvent (../../node_modules/@testing-library/user-event/dist/cjs/event/dispatchEvent.js:22:26)
      at commitInput (../../node_modules/@testing-library/user-event/dist/cjs/event/input.js:145:14)
      at editInputElement (../../node_modules/@testing-library/user-event/dist/cjs/event/input.js:115:9)
      at Object.input (../../node_modules/@testing-library/user-event/dist/cjs/event/input.js:37:9)
      at ../../node_modules/@testing-library/user-event/dist/cjs/event/behavior/keypress.js:31:26
      at Object.dispatchEvent (../../node_modules/@testing-library/user-event/dist/cjs/event/dispatchEvent.js:41:13)
      at Object.dispatchUIEvent (../../node_modules/@testing-library/user-event/dist/cjs/event/dispatchEvent.js:22:26)
      at KeyboardHost.keydown (../../node_modules/@testing-library/user-event/dist/cjs/system/keyboard.js:76:22)
      at keyboardAction (../../node_modules/@testing-library/user-event/dist/cjs/keyboard/index.js:22:35)
      at Object.keyboard (../../node_modules/@testing-library/user-event/dist/cjs/keyboard/index.js:11:15)
      at Object.type (../../node_modules/@testing-library/user-event/dist/cjs/utility/type.js:17:5)
      at Object.<anonymous> (src/__tests__/App.test.js:119:5)

  console.error
    Warning: An update to ForwardRef(FormControl) inside a test was not wrapped in act(...).
    
    When testing, code that causes React state updates should be wrapped into act(...):
    
    act(() => {
      /* fire events that update state */
    });
    /* assert on the output */
    
    This ensures that you're testing the behavior the user would see in the browser. Learn more at https://reactjs.org/link/wrap-tests-with-act
        at FormControl (/workspaces/dajp-ae-bootcamp-session-3/node_modules/@mui/material/FormControl/FormControl.js:104:59)
        at /workspaces/dajp-ae-bootcamp-session-3/node_modules/@emotion/react/dist/emotion-element-a1829a1e.cjs.js:58:23
        at TextField (/workspaces/dajp-ae-bootcamp-session-3/node_modules/@mui/material/TextField/TextField.js:80:59)
        at form
        at /workspaces/dajp-ae-bootcamp-session-3/node_modules/@emotion/react/dist/emotion-element-a1829a1e.cjs.js:58:23
        at Box (/workspaces/dajp-ae-bootcamp-session-3/node_modules/@mui/system/createBox/createBox.js:27:41)
        at div
        at /workspaces/dajp-ae-bootcamp-session-3/node_modules/@emotion/react/dist/emotion-element-a1829a1e.cjs.js:58:23
        at Paper (/workspaces/dajp-ae-bootcamp-session-3/node_modules/@mui/material/Paper/Paper.js:75:59)
        at TaskForm (/workspaces/dajp-ae-bootcamp-session-3/packages/frontend/src/TaskForm.js:6:21)
        at div
        at /workspaces/dajp-ae-bootcamp-session-3/node_modules/@emotion/react/dist/emotion-element-a1829a1e.cjs.js:58:23
        at Box (/workspaces/dajp-ae-bootcamp-session-3/node_modules/@mui/system/createBox/createBox.js:27:41)
        at div
        at /workspaces/dajp-ae-bootcamp-session-3/node_modules/@emotion/react/dist/emotion-element-a1829a1e.cjs.js:58:23
        at Container (/workspaces/dajp-ae-bootcamp-session-3/node_modules/@mui/system/Container/createContainer.js:111:19)
        at div
        at /workspaces/dajp-ae-bootcamp-session-3/node_modules/@emotion/react/dist/emotion-element-a1829a1e.cjs.js:58:23
        at Box (/workspaces/dajp-ae-bootcamp-session-3/node_modules/@mui/system/createBox/createBox.js:27:41)
        at App (/workspaces/dajp-ae-bootcamp-session-3/packages/frontend/src/App.js:8:49)

      117 |     });
      118 |     await user.type(screen.getByTestId('title-input'), 'New Test Task');
    > 119 |     await user.type(screen.getByTestId('description-input'), 'Task description');
          |     ^
      120 |     await user.click(screen.getByTestId('submit-task'));
      121 |     await waitFor(() => {
      122 |       expect(screen.getByText(/New Test Task/i)).toBeInTheDocument();

      at printWarning (../../node_modules/react-dom/cjs/react-dom.development.js:86:30)
      at error (../../node_modules/react-dom/cjs/react-dom.development.js:60:7)
      at warnIfUpdatesNotWrappedWithActDEV (../../node_modules/react-dom/cjs/react-dom.development.js:27628:9)
      at scheduleUpdateOnFiber (../../node_modules/react-dom/cjs/react-dom.development.js:25547:5)
      at dispatchSetState (../../node_modules/react-dom/cjs/react-dom.development.js:16708:7)
      at ../../node_modules/@mui/material/InputBase/InputBase.js:448:22
      at commitHookEffectListMount (../../node_modules/react-dom/cjs/react-dom.development.js:23189:26)
      at commitPassiveMountOnFiber (../../node_modules/react-dom/cjs/react-dom.development.js:24970:11)
      at commitPassiveMountEffects_complete (../../node_modules/react-dom/cjs/react-dom.development.js:24930:9)
      at commitPassiveMountEffects_begin (../../node_modules/react-dom/cjs/react-dom.development.js:24917:7)
      at commitPassiveMountEffects (../../node_modules/react-dom/cjs/react-dom.development.js:24905:3)
      at flushPassiveEffectsImpl (../../node_modules/react-dom/cjs/react-dom.development.js:27078:3)
      at flushPassiveEffects (../../node_modules/react-dom/cjs/react-dom.development.js:27023:14)
      at commitRootImpl (../../node_modules/react-dom/cjs/react-dom.development.js:26974:5)
      at commitRoot (../../node_modules/react-dom/cjs/react-dom.development.js:26721:5)
      at performSyncWorkOnRoot (../../node_modules/react-dom/cjs/react-dom.development.js:26156:3)
      at flushSyncCallbacks (../../node_modules/react-dom/cjs/react-dom.development.js:12042:22)
      at flushSync (../../node_modules/react-dom/cjs/react-dom.development.js:26240:7)
      at finishEventHandler (../../node_modules/react-dom/cjs/react-dom.development.js:3976:5)
      at batchedUpdates (../../node_modules/react-dom/cjs/react-dom.development.js:3994:5)
      at dispatchEventForPluginEventSystem (../../node_modules/react-dom/cjs/react-dom.development.js:9287:3)
      at dispatchEventWithEnableCapturePhaseSelectiveHydrationWithoutDiscreteEventReplay (../../node_modules/react-dom/cjs/react-dom.development.js:6465:5)
      at dispatchEvent (../../node_modules/react-dom/cjs/react-dom.development.js:6457:5)
      at dispatchDiscreteEvent (../../node_modules/react-dom/cjs/react-dom.development.js:6430:5)
      at HTMLDivElement.callTheUserObjectsOperation (../../node_modules/jsdom/lib/jsdom/living/generated/EventListener.js:26:30)
      at innerInvokeEventListeners (../../node_modules/jsdom/lib/jsdom/living/events/EventTarget-impl.js:338:25)
      at invokeEventListeners (../../node_modules/jsdom/lib/jsdom/living/events/EventTarget-impl.js:274:3)
      at HTMLTextAreaElementImpl._dispatch (../../node_modules/jsdom/lib/jsdom/living/events/EventTarget-impl.js:221:9)
      at HTMLTextAreaElementImpl.dispatchEvent (../../node_modules/jsdom/lib/jsdom/living/events/EventTarget-impl.js:94:17)
      at HTMLTextAreaElement.dispatchEvent (../../node_modules/jsdom/lib/jsdom/living/generated/EventTarget.js:231:34)
      at ../../node_modules/@testing-library/user-event/dist/cjs/event/dispatchEvent.js:45:43
      at Object.eventWrapper (../../node_modules/@testing-library/dom/dist/config.js:25:23)
      at Object.wrapEvent (../../node_modules/@testing-library/user-event/dist/cjs/event/wrapEvent.js:6:28)
      at Object.dispatchEvent (../../node_modules/@testing-library/user-event/dist/cjs/event/dispatchEvent.js:45:22)
      at Object.dispatchUIEvent (../../node_modules/@testing-library/user-event/dist/cjs/event/dispatchEvent.js:22:26)
      at commitInput (../../node_modules/@testing-library/user-event/dist/cjs/event/input.js:145:14)
      at editInputElement (../../node_modules/@testing-library/user-event/dist/cjs/event/input.js:115:9)
      at Object.input (../../node_modules/@testing-library/user-event/dist/cjs/event/input.js:37:9)
      at ../../node_modules/@testing-library/user-event/dist/cjs/event/behavior/keypress.js:31:26
      at Object.dispatchEvent (../../node_modules/@testing-library/user-event/dist/cjs/event/dispatchEvent.js:41:13)
      at Object.dispatchUIEvent (../../node_modules/@testing-library/user-event/dist/cjs/event/dispatchEvent.js:22:26)
      at KeyboardHost.keydown (../../node_modules/@testing-library/user-event/dist/cjs/system/keyboard.js:76:22)
      at keyboardAction (../../node_modules/@testing-library/user-event/dist/cjs/keyboard/index.js:22:35)
      at Object.keyboard (../../node_modules/@testing-library/user-event/dist/cjs/keyboard/index.js:11:15)
      at Object.type (../../node_modules/@testing-library/user-event/dist/cjs/utility/type.js:17:5)
      at Object.<anonymous> (src/__tests__/App.test.js:119:5)

  console.error
    Warning: An update to TaskForm inside a test was not wrapped in act(...).
    
    When testing, code that causes React state updates should be wrapped into act(...):
    
    act(() => {
      /* fire events that update state */
    });
    /* assert on the output */
    
    This ensures that you're testing the behavior the user would see in the browser. Learn more at https://reactjs.org/link/wrap-tests-with-act
        at TaskForm (/workspaces/dajp-ae-bootcamp-session-3/packages/frontend/src/TaskForm.js:6:21)
        at div
        at /workspaces/dajp-ae-bootcamp-session-3/node_modules/@emotion/react/dist/emotion-element-a1829a1e.cjs.js:58:23
        at Box (/workspaces/dajp-ae-bootcamp-session-3/node_modules/@mui/system/createBox/createBox.js:27:41)
        at div
        at /workspaces/dajp-ae-bootcamp-session-3/node_modules/@emotion/react/dist/emotion-element-a1829a1e.cjs.js:58:23
        at Container (/workspaces/dajp-ae-bootcamp-session-3/node_modules/@mui/system/Container/createContainer.js:111:19)
        at div
        at /workspaces/dajp-ae-bootcamp-session-3/node_modules/@emotion/react/dist/emotion-element-a1829a1e.cjs.js:58:23
        at Box (/workspaces/dajp-ae-bootcamp-session-3/node_modules/@mui/system/createBox/createBox.js:27:41)
        at App (/workspaces/dajp-ae-bootcamp-session-3/packages/frontend/src/App.js:8:49)

      106 |           label="Description"
      107 |           value={description}
    > 108 |           onChange={e => setDescription(e.target.value)}
          |                          ^
      109 |           multiline
      110 |           minRows={2}
      111 |           variant="outlined"

      at printWarning (../../node_modules/react-dom/cjs/react-dom.development.js:86:30)
      at error (../../node_modules/react-dom/cjs/react-dom.development.js:60:7)
      at warnIfUpdatesNotWrappedWithActDEV (../../node_modules/react-dom/cjs/react-dom.development.js:27628:9)
      at scheduleUpdateOnFiber (../../node_modules/react-dom/cjs/react-dom.development.js:25547:5)
      at setDescription (../../node_modules/react-dom/cjs/react-dom.development.js:16708:7)
      at onChange (src/TaskForm.js:108:26)
      at handleChange (../../node_modules/@mui/material/InputBase/InputBase.js:396:7)
      at handleChange (../../node_modules/@mui/material/TextareaAutosize/TextareaAutosize.js:200:7)
      at HTMLUnknownElement.callCallback (../../node_modules/react-dom/cjs/react-dom.development.js:4164:14)
      at HTMLUnknownElement.callTheUserObjectsOperation (../../node_modules/jsdom/lib/jsdom/living/generated/EventListener.js:26:30)
      at innerInvokeEventListeners (../../node_modules/jsdom/lib/jsdom/living/events/EventTarget-impl.js:338:25)
      at invokeEventListeners (../../node_modules/jsdom/lib/jsdom/living/events/EventTarget-impl.js:274:3)
      at HTMLUnknownElementImpl._dispatch (../../node_modules/jsdom/lib/jsdom/living/events/EventTarget-impl.js:221:9)
      at HTMLUnknownElementImpl.dispatchEvent (../../node_modules/jsdom/lib/jsdom/living/events/EventTarget-impl.js:94:17)
      at HTMLUnknownElement.dispatchEvent (../../node_modules/jsdom/lib/jsdom/living/generated/EventTarget.js:231:34)
      at Object.invokeGuardedCallbackDev (../../node_modules/react-dom/cjs/react-dom.development.js:4213:16)
      at invokeGuardedCallback (../../node_modules/react-dom/cjs/react-dom.development.js:4277:31)
      at invokeGuardedCallbackAndCatchFirstError (../../node_modules/react-dom/cjs/react-dom.development.js:4291:25)
      at executeDispatch (../../node_modules/react-dom/cjs/react-dom.development.js:9041:3)
      at processDispatchQueueItemsInOrder (../../node_modules/react-dom/cjs/react-dom.development.js:9073:7)
      at processDispatchQueue (../../node_modules/react-dom/cjs/react-dom.development.js:9086:5)
      at dispatchEventsForPlugins (../../node_modules/react-dom/cjs/react-dom.development.js:9097:3)
      at ../../node_modules/react-dom/cjs/react-dom.development.js:9288:12
      at batchedUpdates$1 (../../node_modules/react-dom/cjs/react-dom.development.js:26179:12)
      at batchedUpdates (../../node_modules/react-dom/cjs/react-dom.development.js:3991:12)
      at dispatchEventForPluginEventSystem (../../node_modules/react-dom/cjs/react-dom.development.js:9287:3)
      at dispatchEventWithEnableCapturePhaseSelectiveHydrationWithoutDiscreteEventReplay (../../node_modules/react-dom/cjs/react-dom.development.js:6465:5)
      at dispatchEvent (../../node_modules/react-dom/cjs/react-dom.development.js:6457:5)
      at dispatchDiscreteEvent (../../node_modules/react-dom/cjs/react-dom.development.js:6430:5)
      at HTMLDivElement.callTheUserObjectsOperation (../../node_modules/jsdom/lib/jsdom/living/generated/EventListener.js:26:30)
      at innerInvokeEventListeners (../../node_modules/jsdom/lib/jsdom/living/events/EventTarget-impl.js:338:25)
      at invokeEventListeners (../../node_modules/jsdom/lib/jsdom/living/events/EventTarget-impl.js:274:3)
      at HTMLTextAreaElementImpl._dispatch (../../node_modules/jsdom/lib/jsdom/living/events/EventTarget-impl.js:221:9)
      at HTMLTextAreaElementImpl.dispatchEvent (../../node_modules/jsdom/lib/jsdom/living/events/EventTarget-impl.js:94:17)
      at HTMLTextAreaElement.dispatchEvent (../../node_modules/jsdom/lib/jsdom/living/generated/EventTarget.js:231:34)
      at ../../node_modules/@testing-library/user-event/dist/cjs/event/dispatchEvent.js:45:43
      at Object.eventWrapper (../../node_modules/@testing-library/dom/dist/config.js:25:23)
      at Object.wrapEvent (../../node_modules/@testing-library/user-event/dist/cjs/event/wrapEvent.js:6:28)
      at Object.dispatchEvent (../../node_modules/@testing-library/user-event/dist/cjs/event/dispatchEvent.js:45:22)
      at Object.dispatchUIEvent (../../node_modules/@testing-library/user-event/dist/cjs/event/dispatchEvent.js:22:26)
      at commitInput (../../node_modules/@testing-library/user-event/dist/cjs/event/input.js:145:14)
      at editInputElement (../../node_modules/@testing-library/user-event/dist/cjs/event/input.js:115:9)
      at Object.input (../../node_modules/@testing-library/user-event/dist/cjs/event/input.js:37:9)
      at ../../node_modules/@testing-library/user-event/dist/cjs/event/behavior/keypress.js:31:26
      at Object.dispatchEvent (../../node_modules/@testing-library/user-event/dist/cjs/event/dispatchEvent.js:41:13)
      at Object.dispatchUIEvent (../../node_modules/@testing-library/user-event/dist/cjs/event/dispatchEvent.js:22:26)
      at KeyboardHost.keydown (../../node_modules/@testing-library/user-event/dist/cjs/system/keyboard.js:76:22)

  console.error
    Warning: An update to ForwardRef(FormControl) inside a test was not wrapped in act(...).
    
    When testing, code that causes React state updates should be wrapped into act(...):
    
    act(() => {
      /* fire events that update state */
    });
    /* assert on the output */
    
    This ensures that you're testing the behavior the user would see in the browser. Learn more at https://reactjs.org/link/wrap-tests-with-act
        at FormControl (/workspaces/dajp-ae-bootcamp-session-3/node_modules/@mui/material/FormControl/FormControl.js:104:59)
        at /workspaces/dajp-ae-bootcamp-session-3/node_modules/@emotion/react/dist/emotion-element-a1829a1e.cjs.js:58:23
        at TextField (/workspaces/dajp-ae-bootcamp-session-3/node_modules/@mui/material/TextField/TextField.js:80:59)
        at form
        at /workspaces/dajp-ae-bootcamp-session-3/node_modules/@emotion/react/dist/emotion-element-a1829a1e.cjs.js:58:23
        at Box (/workspaces/dajp-ae-bootcamp-session-3/node_modules/@mui/system/createBox/createBox.js:27:41)
        at div
        at /workspaces/dajp-ae-bootcamp-session-3/node_modules/@emotion/react/dist/emotion-element-a1829a1e.cjs.js:58:23
        at Paper (/workspaces/dajp-ae-bootcamp-session-3/node_modules/@mui/material/Paper/Paper.js:75:59)
        at TaskForm (/workspaces/dajp-ae-bootcamp-session-3/packages/frontend/src/TaskForm.js:6:21)
        at div
        at /workspaces/dajp-ae-bootcamp-session-3/node_modules/@emotion/react/dist/emotion-element-a1829a1e.cjs.js:58:23
        at Box (/workspaces/dajp-ae-bootcamp-session-3/node_modules/@mui/system/createBox/createBox.js:27:41)
        at div
        at /workspaces/dajp-ae-bootcamp-session-3/node_modules/@emotion/react/dist/emotion-element-a1829a1e.cjs.js:58:23
        at Container (/workspaces/dajp-ae-bootcamp-session-3/node_modules/@mui/system/Container/createContainer.js:111:19)
        at div
        at /workspaces/dajp-ae-bootcamp-session-3/node_modules/@emotion/react/dist/emotion-element-a1829a1e.cjs.js:58:23
        at Box (/workspaces/dajp-ae-bootcamp-session-3/node_modules/@mui/system/createBox/createBox.js:27:41)
        at App (/workspaces/dajp-ae-bootcamp-session-3/packages/frontend/src/App.js:8:49)

      117 |     });
      118 |     await user.type(screen.getByTestId('title-input'), 'New Test Task');
    > 119 |     await user.type(screen.getByTestId('description-input'), 'Task description');
          |     ^
      120 |     await user.click(screen.getByTestId('submit-task'));
      121 |     await waitFor(() => {
      122 |       expect(screen.getByText(/New Test Task/i)).toBeInTheDocument();

      at printWarning (../../node_modules/react-dom/cjs/react-dom.development.js:86:30)
      at error (../../node_modules/react-dom/cjs/react-dom.development.js:60:7)
      at warnIfUpdatesNotWrappedWithActDEV (../../node_modules/react-dom/cjs/react-dom.development.js:27628:9)
      at scheduleUpdateOnFiber (../../node_modules/react-dom/cjs/react-dom.development.js:25547:5)
      at dispatchSetState (../../node_modules/react-dom/cjs/react-dom.development.js:16708:7)
      at ../../node_modules/@mui/material/InputBase/InputBase.js:448:22
      at commitHookEffectListMount (../../node_modules/react-dom/cjs/react-dom.development.js:23189:26)
      at commitPassiveMountOnFiber (../../node_modules/react-dom/cjs/react-dom.development.js:24970:11)
      at commitPassiveMountEffects_complete (../../node_modules/react-dom/cjs/react-dom.development.js:24930:9)
      at commitPassiveMountEffects_begin (../../node_modules/react-dom/cjs/react-dom.development.js:24917:7)
      at commitPassiveMountEffects (../../node_modules/react-dom/cjs/react-dom.development.js:24905:3)
      at flushPassiveEffectsImpl (../../node_modules/react-dom/cjs/react-dom.development.js:27078:3)
      at flushPassiveEffects (../../node_modules/react-dom/cjs/react-dom.development.js:27023:14)
      at commitRootImpl (../../node_modules/react-dom/cjs/react-dom.development.js:26974:5)
      at commitRoot (../../node_modules/react-dom/cjs/react-dom.development.js:26721:5)
      at performSyncWorkOnRoot (../../node_modules/react-dom/cjs/react-dom.development.js:26156:3)
      at flushSyncCallbacks (../../node_modules/react-dom/cjs/react-dom.development.js:12042:22)
      at flushSync (../../node_modules/react-dom/cjs/react-dom.development.js:26240:7)
      at finishEventHandler (../../node_modules/react-dom/cjs/react-dom.development.js:3976:5)
      at batchedUpdates (../../node_modules/react-dom/cjs/react-dom.development.js:3994:5)
      at dispatchEventForPluginEventSystem (../../node_modules/react-dom/cjs/react-dom.development.js:9287:3)
      at dispatchEventWithEnableCapturePhaseSelectiveHydrationWithoutDiscreteEventReplay (../../node_modules/react-dom/cjs/react-dom.development.js:6465:5)
      at dispatchEvent (../../node_modules/react-dom/cjs/react-dom.development.js:6457:5)
      at dispatchDiscreteEvent (../../node_modules/react-dom/cjs/react-dom.development.js:6430:5)
      at HTMLDivElement.callTheUserObjectsOperation (../../node_modules/jsdom/lib/jsdom/living/generated/EventListener.js:26:30)
      at innerInvokeEventListeners (../../node_modules/jsdom/lib/jsdom/living/events/EventTarget-impl.js:338:25)
      at invokeEventListeners (../../node_modules/jsdom/lib/jsdom/living/events/EventTarget-impl.js:274:3)
      at HTMLTextAreaElementImpl._dispatch (../../node_modules/jsdom/lib/jsdom/living/events/EventTarget-impl.js:221:9)
      at HTMLTextAreaElementImpl.dispatchEvent (../../node_modules/jsdom/lib/jsdom/living/events/EventTarget-impl.js:94:17)
      at HTMLTextAreaElement.dispatchEvent (../../node_modules/jsdom/lib/jsdom/living/generated/EventTarget.js:231:34)
      at ../../node_modules/@testing-library/user-event/dist/cjs/event/dispatchEvent.js:45:43
      at Object.eventWrapper (../../node_modules/@testing-library/dom/dist/config.js:25:23)
      at Object.wrapEvent (../../node_modules/@testing-library/user-event/dist/cjs/event/wrapEvent.js:6:28)
      at Object.dispatchEvent (../../node_modules/@testing-library/user-event/dist/cjs/event/dispatchEvent.js:45:22)
      at Object.dispatchUIEvent (../../node_modules/@testing-library/user-event/dist/cjs/event/dispatchEvent.js:22:26)
      at commitInput (../../node_modules/@testing-library/user-event/dist/cjs/event/input.js:145:14)
      at editInputElement (../../node_modules/@testing-library/user-event/dist/cjs/event/input.js:115:9)
      at Object.input (../../node_modules/@testing-library/user-event/dist/cjs/event/input.js:37:9)
      at ../../node_modules/@testing-library/user-event/dist/cjs/event/behavior/keypress.js:31:26
      at Object.dispatchEvent (../../node_modules/@testing-library/user-event/dist/cjs/event/dispatchEvent.js:41:13)
      at Object.dispatchUIEvent (../../node_modules/@testing-library/user-event/dist/cjs/event/dispatchEvent.js:22:26)
      at KeyboardHost.keydown (../../node_modules/@testing-library/user-event/dist/cjs/system/keyboard.js:76:22)
      at keyboardAction (../../node_modules/@testing-library/user-event/dist/cjs/keyboard/index.js:22:35)
      at Object.keyboard (../../node_modules/@testing-library/user-event/dist/cjs/keyboard/index.js:11:15)
      at Object.type (../../node_modules/@testing-library/user-event/dist/cjs/utility/type.js:17:5)
      at Object.<anonymous> (src/__tests__/App.test.js:119:5)

  console.error
    Warning: An update to ForwardRef(FormControl) inside a test was not wrapped in act(...).
    
    When testing, code that causes React state updates should be wrapped into act(...):
    
    act(() => {
      /* fire events that update state */
    });
    /* assert on the output */
    
    This ensures that you're testing the behavior the user would see in the browser. Learn more at https://reactjs.org/link/wrap-tests-with-act
        at FormControl (/workspaces/dajp-ae-bootcamp-session-3/node_modules/@mui/material/FormControl/FormControl.js:104:59)
        at /workspaces/dajp-ae-bootcamp-session-3/node_modules/@emotion/react/dist/emotion-element-a1829a1e.cjs.js:58:23
        at TextField (/workspaces/dajp-ae-bootcamp-session-3/node_modules/@mui/material/TextField/TextField.js:80:59)
        at form
        at /workspaces/dajp-ae-bootcamp-session-3/node_modules/@emotion/react/dist/emotion-element-a1829a1e.cjs.js:58:23
        at Box (/workspaces/dajp-ae-bootcamp-session-3/node_modules/@mui/system/createBox/createBox.js:27:41)
        at div
        at /workspaces/dajp-ae-bootcamp-session-3/node_modules/@emotion/react/dist/emotion-element-a1829a1e.cjs.js:58:23
        at Paper (/workspaces/dajp-ae-bootcamp-session-3/node_modules/@mui/material/Paper/Paper.js:75:59)
        at TaskForm (/workspaces/dajp-ae-bootcamp-session-3/packages/frontend/src/TaskForm.js:6:21)
        at div
        at /workspaces/dajp-ae-bootcamp-session-3/node_modules/@emotion/react/dist/emotion-element-a1829a1e.cjs.js:58:23
        at Box (/workspaces/dajp-ae-bootcamp-session-3/node_modules/@mui/system/createBox/createBox.js:27:41)
        at div
        at /workspaces/dajp-ae-bootcamp-session-3/node_modules/@emotion/react/dist/emotion-element-a1829a1e.cjs.js:58:23
        at Container (/workspaces/dajp-ae-bootcamp-session-3/node_modules/@mui/system/Container/createContainer.js:111:19)
        at div
        at /workspaces/dajp-ae-bootcamp-session-3/node_modules/@emotion/react/dist/emotion-element-a1829a1e.cjs.js:58:23
        at Box (/workspaces/dajp-ae-bootcamp-session-3/node_modules/@mui/system/createBox/createBox.js:27:41)
        at App (/workspaces/dajp-ae-bootcamp-session-3/packages/frontend/src/App.js:8:49)

      117 |     });
      118 |     await user.type(screen.getByTestId('title-input'), 'New Test Task');
    > 119 |     await user.type(screen.getByTestId('description-input'), 'Task description');
          |     ^
      120 |     await user.click(screen.getByTestId('submit-task'));
      121 |     await waitFor(() => {
      122 |       expect(screen.getByText(/New Test Task/i)).toBeInTheDocument();

      at printWarning (../../node_modules/react-dom/cjs/react-dom.development.js:86:30)
      at error (../../node_modules/react-dom/cjs/react-dom.development.js:60:7)
      at warnIfUpdatesNotWrappedWithActDEV (../../node_modules/react-dom/cjs/react-dom.development.js:27628:9)
      at scheduleUpdateOnFiber (../../node_modules/react-dom/cjs/react-dom.development.js:25547:5)
      at dispatchSetState (../../node_modules/react-dom/cjs/react-dom.development.js:16708:7)
      at ../../node_modules/@mui/material/InputBase/InputBase.js:448:22
      at commitHookEffectListMount (../../node_modules/react-dom/cjs/react-dom.development.js:23189:26)
      at commitPassiveMountOnFiber (../../node_modules/react-dom/cjs/react-dom.development.js:24970:11)
      at commitPassiveMountEffects_complete (../../node_modules/react-dom/cjs/react-dom.development.js:24930:9)
      at commitPassiveMountEffects_begin (../../node_modules/react-dom/cjs/react-dom.development.js:24917:7)
      at commitPassiveMountEffects (../../node_modules/react-dom/cjs/react-dom.development.js:24905:3)
      at flushPassiveEffectsImpl (../../node_modules/react-dom/cjs/react-dom.development.js:27078:3)
      at flushPassiveEffects (../../node_modules/react-dom/cjs/react-dom.development.js:27023:14)
      at commitRootImpl (../../node_modules/react-dom/cjs/react-dom.development.js:26974:5)
      at commitRoot (../../node_modules/react-dom/cjs/react-dom.development.js:26721:5)
      at performSyncWorkOnRoot (../../node_modules/react-dom/cjs/react-dom.development.js:26156:3)
      at flushSyncCallbacks (../../node_modules/react-dom/cjs/react-dom.development.js:12042:22)
      at flushSync (../../node_modules/react-dom/cjs/react-dom.development.js:26240:7)
      at finishEventHandler (../../node_modules/react-dom/cjs/react-dom.development.js:3976:5)
      at batchedUpdates (../../node_modules/react-dom/cjs/react-dom.development.js:3994:5)
      at dispatchEventForPluginEventSystem (../../node_modules/react-dom/cjs/react-dom.development.js:9287:3)
      at dispatchEventWithEnableCapturePhaseSelectiveHydrationWithoutDiscreteEventReplay (../../node_modules/react-dom/cjs/react-dom.development.js:6465:5)
      at dispatchEvent (../../node_modules/react-dom/cjs/react-dom.development.js:6457:5)
      at dispatchDiscreteEvent (../../node_modules/react-dom/cjs/react-dom.development.js:6430:5)
      at HTMLDivElement.callTheUserObjectsOperation (../../node_modules/jsdom/lib/jsdom/living/generated/EventListener.js:26:30)
      at innerInvokeEventListeners (../../node_modules/jsdom/lib/jsdom/living/events/EventTarget-impl.js:338:25)
      at invokeEventListeners (../../node_modules/jsdom/lib/jsdom/living/events/EventTarget-impl.js:274:3)
      at HTMLTextAreaElementImpl._dispatch (../../node_modules/jsdom/lib/jsdom/living/events/EventTarget-impl.js:221:9)
      at HTMLTextAreaElementImpl.dispatchEvent (../../node_modules/jsdom/lib/jsdom/living/events/EventTarget-impl.js:94:17)
      at HTMLTextAreaElement.dispatchEvent (../../node_modules/jsdom/lib/jsdom/living/generated/EventTarget.js:231:34)
      at ../../node_modules/@testing-library/user-event/dist/cjs/event/dispatchEvent.js:45:43
      at Object.eventWrapper (../../node_modules/@testing-library/dom/dist/config.js:25:23)
      at Object.wrapEvent (../../node_modules/@testing-library/user-event/dist/cjs/event/wrapEvent.js:6:28)
      at Object.dispatchEvent (../../node_modules/@testing-library/user-event/dist/cjs/event/dispatchEvent.js:45:22)
      at Object.dispatchUIEvent (../../node_modules/@testing-library/user-event/dist/cjs/event/dispatchEvent.js:22:26)
      at commitInput (../../node_modules/@testing-library/user-event/dist/cjs/event/input.js:145:14)
      at editInputElement (../../node_modules/@testing-library/user-event/dist/cjs/event/input.js:115:9)
      at Object.input (../../node_modules/@testing-library/user-event/dist/cjs/event/input.js:37:9)
      at ../../node_modules/@testing-library/user-event/dist/cjs/event/behavior/keypress.js:31:26
      at Object.dispatchEvent (../../node_modules/@testing-library/user-event/dist/cjs/event/dispatchEvent.js:41:13)
      at Object.dispatchUIEvent (../../node_modules/@testing-library/user-event/dist/cjs/event/dispatchEvent.js:22:26)
      at KeyboardHost.keydown (../../node_modules/@testing-library/user-event/dist/cjs/system/keyboard.js:76:22)
      at keyboardAction (../../node_modules/@testing-library/user-event/dist/cjs/keyboard/index.js:22:35)
      at Object.keyboard (../../node_modules/@testing-library/user-event/dist/cjs/keyboard/index.js:11:15)
      at Object.type (../../node_modules/@testing-library/user-event/dist/cjs/utility/type.js:17:5)
      at Object.<anonymous> (src/__tests__/App.test.js:119:5)

  console.error
    Warning: An update to ForwardRef(ButtonBase) inside a test was not wrapped in act(...).
    
    When testing, code that causes React state updates should be wrapped into act(...):
    
    act(() => {
      /* fire events that update state */
    });
    /* assert on the output */
    
    This ensures that you're testing the behavior the user would see in the browser. Learn more at https://reactjs.org/link/wrap-tests-with-act
        at ButtonBase (/workspaces/dajp-ae-bootcamp-session-3/node_modules/@mui/material/ButtonBase/ButtonBase.js:90:59)
        at /workspaces/dajp-ae-bootcamp-session-3/node_modules/@emotion/react/dist/emotion-element-a1829a1e.cjs.js:58:23
        at Button (/workspaces/dajp-ae-bootcamp-session-3/node_modules/@mui/material/Button/Button.js:480:30)
        at div
        at /workspaces/dajp-ae-bootcamp-session-3/node_modules/@emotion/react/dist/emotion-element-a1829a1e.cjs.js:58:23
        at Box (/workspaces/dajp-ae-bootcamp-session-3/node_modules/@mui/system/createBox/createBox.js:27:41)
        at form
        at /workspaces/dajp-ae-bootcamp-session-3/node_modules/@emotion/react/dist/emotion-element-a1829a1e.cjs.js:58:23
        at Box (/workspaces/dajp-ae-bootcamp-session-3/node_modules/@mui/system/createBox/createBox.js:27:41)
        at div
        at /workspaces/dajp-ae-bootcamp-session-3/node_modules/@emotion/react/dist/emotion-element-a1829a1e.cjs.js:58:23
        at Paper (/workspaces/dajp-ae-bootcamp-session-3/node_modules/@mui/material/Paper/Paper.js:75:59)
        at TaskForm (/workspaces/dajp-ae-bootcamp-session-3/packages/frontend/src/TaskForm.js:6:21)
        at div
        at /workspaces/dajp-ae-bootcamp-session-3/node_modules/@emotion/react/dist/emotion-element-a1829a1e.cjs.js:58:23
        at Box (/workspaces/dajp-ae-bootcamp-session-3/node_modules/@mui/system/createBox/createBox.js:27:41)
        at div
        at /workspaces/dajp-ae-bootcamp-session-3/node_modules/@emotion/react/dist/emotion-element-a1829a1e.cjs.js:58:23
        at Container (/workspaces/dajp-ae-bootcamp-session-3/node_modules/@mui/system/Container/createContainer.js:111:19)
        at div
        at /workspaces/dajp-ae-bootcamp-session-3/node_modules/@emotion/react/dist/emotion-element-a1829a1e.cjs.js:58:23
        at Box (/workspaces/dajp-ae-bootcamp-session-3/node_modules/@mui/system/createBox/createBox.js:27:41)
        at App (/workspaces/dajp-ae-bootcamp-session-3/packages/frontend/src/App.js:8:49)

      118 |     await user.type(screen.getByTestId('title-input'), 'New Test Task');
      119 |     await user.type(screen.getByTestId('description-input'), 'Task description');
    > 120 |     await user.click(screen.getByTestId('submit-task'));
          |     ^
      121 |     await waitFor(() => {
      122 |       expect(screen.getByText(/New Test Task/i)).toBeInTheDocument();
      123 |     });

      at printWarning (../../node_modules/react-dom/cjs/react-dom.development.js:86:30)
      at error (../../node_modules/react-dom/cjs/react-dom.development.js:60:7)
      at warnIfUpdatesNotWrappedWithActDEV (../../node_modules/react-dom/cjs/react-dom.development.js:27628:9)
      at scheduleUpdateOnFiber (../../node_modules/react-dom/cjs/react-dom.development.js:25547:5)
      at dispatchSetState (../../node_modules/react-dom/cjs/react-dom.development.js:16708:7)
      at LazyRipple.mount (../../node_modules/@mui/material/useLazyRipple/useLazyRipple.js:55:12)
      at LazyRipple.start (../../node_modules/@mui/material/useLazyRipple/useLazyRipple.js:71:10)
      at ../../node_modules/@mui/material/ButtonBase/ButtonBase.js:290:27
      at ../../node_modules/@mui/utils/useEventCallback/useEventCallback.js:24:19
      at HTMLUnknownElement.callCallback (../../node_modules/react-dom/cjs/react-dom.development.js:4164:14)
      at HTMLUnknownElement.callTheUserObjectsOperation (../../node_modules/jsdom/lib/jsdom/living/generated/EventListener.js:26:30)
      at innerInvokeEventListeners (../../node_modules/jsdom/lib/jsdom/living/events/EventTarget-impl.js:338:25)
      at invokeEventListeners (../../node_modules/jsdom/lib/jsdom/living/events/EventTarget-impl.js:274:3)
      at HTMLUnknownElementImpl._dispatch (../../node_modules/jsdom/lib/jsdom/living/events/EventTarget-impl.js:221:9)
      at HTMLUnknownElementImpl.dispatchEvent (../../node_modules/jsdom/lib/jsdom/living/events/EventTarget-impl.js:94:17)
      at HTMLUnknownElement.dispatchEvent (../../node_modules/jsdom/lib/jsdom/living/generated/EventTarget.js:231:34)
      at Object.invokeGuardedCallbackDev (../../node_modules/react-dom/cjs/react-dom.development.js:4213:16)
      at invokeGuardedCallback (../../node_modules/react-dom/cjs/react-dom.development.js:4277:31)
      at invokeGuardedCallbackAndCatchFirstError (../../node_modules/react-dom/cjs/react-dom.development.js:4291:25)
      at executeDispatch (../../node_modules/react-dom/cjs/react-dom.development.js:9041:3)
      at processDispatchQueueItemsInOrder (../../node_modules/react-dom/cjs/react-dom.development.js:9073:7)
      at processDispatchQueue (../../node_modules/react-dom/cjs/react-dom.development.js:9086:5)
      at dispatchEventsForPlugins (../../node_modules/react-dom/cjs/react-dom.development.js:9097:3)
      at ../../node_modules/react-dom/cjs/react-dom.development.js:9288:12
      at batchedUpdates$1 (../../node_modules/react-dom/cjs/react-dom.development.js:26179:12)
      at batchedUpdates (../../node_modules/react-dom/cjs/react-dom.development.js:3991:12)
      at dispatchEventForPluginEventSystem (../../node_modules/react-dom/cjs/react-dom.development.js:9287:3)
      at dispatchEventWithEnableCapturePhaseSelectiveHydrationWithoutDiscreteEventReplay (../../node_modules/react-dom/cjs/react-dom.development.js:6465:5)
      at dispatchEvent (../../node_modules/react-dom/cjs/react-dom.development.js:6457:5)
      at dispatchDiscreteEvent (../../node_modules/react-dom/cjs/react-dom.development.js:6430:5)
      at HTMLDivElement.callTheUserObjectsOperation (../../node_modules/jsdom/lib/jsdom/living/generated/EventListener.js:26:30)
      at innerInvokeEventListeners (../../node_modules/jsdom/lib/jsdom/living/events/EventTarget-impl.js:338:25)
      at invokeEventListeners (../../node_modules/jsdom/lib/jsdom/living/events/EventTarget-impl.js:274:3)
      at HTMLButtonElementImpl._dispatch (../../node_modules/jsdom/lib/jsdom/living/events/EventTarget-impl.js:221:9)
      at HTMLButtonElementImpl.dispatchEvent (../../node_modules/jsdom/lib/jsdom/living/events/EventTarget-impl.js:94:17)
      at HTMLButtonElement.dispatchEvent (../../node_modules/jsdom/lib/jsdom/living/generated/EventTarget.js:231:34)
      at ../../node_modules/@testing-library/user-event/dist/cjs/event/dispatchEvent.js:45:43
      at Object.eventWrapper (../../node_modules/@testing-library/dom/dist/config.js:25:23)
      at Object.wrapEvent (../../node_modules/@testing-library/user-event/dist/cjs/event/wrapEvent.js:6:28)
      at Object.dispatchEvent (../../node_modules/@testing-library/user-event/dist/cjs/event/dispatchEvent.js:45:22)
      at Object.dispatchUIEvent (../../node_modules/@testing-library/user-event/dist/cjs/event/dispatchEvent.js:22:26)
      at Mouse.down (../../node_modules/@testing-library/user-event/dist/cjs/system/pointer/mouse.js:76:51)
      at PointerHost.press (../../node_modules/@testing-library/user-event/dist/cjs/system/pointer/index.js:40:24)
      at pointerAction (../../node_modules/@testing-library/user-event/dist/cjs/pointer/index.js:51:43)
      at Object.pointer (../../node_modules/@testing-library/user-event/dist/cjs/pointer/index.js:27:15)
      at Object.<anonymous> (src/__tests__/App.test.js:120:5)

  console.error
    Warning: An update to ForwardRef(FormControl) inside a test was not wrapped in act(...).
    
    When testing, code that causes React state updates should be wrapped into act(...):
    
    act(() => {
      /* fire events that update state */
    });
    /* assert on the output */
    
    This ensures that you're testing the behavior the user would see in the browser. Learn more at https://reactjs.org/link/wrap-tests-with-act
        at FormControl (/workspaces/dajp-ae-bootcamp-session-3/node_modules/@mui/material/FormControl/FormControl.js:104:59)
        at /workspaces/dajp-ae-bootcamp-session-3/node_modules/@emotion/react/dist/emotion-element-a1829a1e.cjs.js:58:23
        at TextField (/workspaces/dajp-ae-bootcamp-session-3/node_modules/@mui/material/TextField/TextField.js:80:59)
        at form
        at /workspaces/dajp-ae-bootcamp-session-3/node_modules/@emotion/react/dist/emotion-element-a1829a1e.cjs.js:58:23
        at Box (/workspaces/dajp-ae-bootcamp-session-3/node_modules/@mui/system/createBox/createBox.js:27:41)
        at div
        at /workspaces/dajp-ae-bootcamp-session-3/node_modules/@emotion/react/dist/emotion-element-a1829a1e.cjs.js:58:23
        at Paper (/workspaces/dajp-ae-bootcamp-session-3/node_modules/@mui/material/Paper/Paper.js:75:59)
        at TaskForm (/workspaces/dajp-ae-bootcamp-session-3/packages/frontend/src/TaskForm.js:6:21)
        at div
        at /workspaces/dajp-ae-bootcamp-session-3/node_modules/@emotion/react/dist/emotion-element-a1829a1e.cjs.js:58:23
        at Box (/workspaces/dajp-ae-bootcamp-session-3/node_modules/@mui/system/createBox/createBox.js:27:41)
        at div
        at /workspaces/dajp-ae-bootcamp-session-3/node_modules/@emotion/react/dist/emotion-element-a1829a1e.cjs.js:58:23
        at Container (/workspaces/dajp-ae-bootcamp-session-3/node_modules/@mui/system/Container/createContainer.js:111:19)
        at div
        at /workspaces/dajp-ae-bootcamp-session-3/node_modules/@emotion/react/dist/emotion-element-a1829a1e.cjs.js:58:23
        at Box (/workspaces/dajp-ae-bootcamp-session-3/node_modules/@mui/system/createBox/createBox.js:27:41)
        at App (/workspaces/dajp-ae-bootcamp-session-3/packages/frontend/src/App.js:8:49)

      118 |     await user.type(screen.getByTestId('title-input'), 'New Test Task');
      119 |     await user.type(screen.getByTestId('description-input'), 'Task description');
    > 120 |     await user.click(screen.getByTestId('submit-task'));
          |     ^
      121 |     await waitFor(() => {
      122 |       expect(screen.getByText(/New Test Task/i)).toBeInTheDocument();
      123 |     });

      at printWarning (../../node_modules/react-dom/cjs/react-dom.development.js:86:30)
      at error (../../node_modules/react-dom/cjs/react-dom.development.js:60:7)
      at warnIfUpdatesNotWrappedWithActDEV (../../node_modules/react-dom/cjs/react-dom.development.js:27628:9)
      at scheduleUpdateOnFiber (../../node_modules/react-dom/cjs/react-dom.development.js:25547:5)
      at dispatchSetState (../../node_modules/react-dom/cjs/react-dom.development.js:16708:7)
      at Object.onBlur (../../node_modules/@mui/material/FormControl/FormControl.js:208:9)
      at handleBlur (../../node_modules/@mui/material/InputBase/InputBase.js:375:22)
      at HTMLUnknownElement.callCallback (../../node_modules/react-dom/cjs/react-dom.development.js:4164:14)
      at HTMLUnknownElement.callTheUserObjectsOperation (../../node_modules/jsdom/lib/jsdom/living/generated/EventListener.js:26:30)
      at innerInvokeEventListeners (../../node_modules/jsdom/lib/jsdom/living/events/EventTarget-impl.js:338:25)
      at invokeEventListeners (../../node_modules/jsdom/lib/jsdom/living/events/EventTarget-impl.js:274:3)
      at HTMLUnknownElementImpl._dispatch (../../node_modules/jsdom/lib/jsdom/living/events/EventTarget-impl.js:221:9)
      at HTMLUnknownElementImpl.dispatchEvent (../../node_modules/jsdom/lib/jsdom/living/events/EventTarget-impl.js:94:17)
      at HTMLUnknownElement.dispatchEvent (../../node_modules/jsdom/lib/jsdom/living/generated/EventTarget.js:231:34)
      at Object.invokeGuardedCallbackDev (../../node_modules/react-dom/cjs/react-dom.development.js:4213:16)
      at invokeGuardedCallback (../../node_modules/react-dom/cjs/react-dom.development.js:4277:31)
      at invokeGuardedCallbackAndCatchFirstError (../../node_modules/react-dom/cjs/react-dom.development.js:4291:25)
      at executeDispatch (../../node_modules/react-dom/cjs/react-dom.development.js:9041:3)
      at processDispatchQueueItemsInOrder (../../node_modules/react-dom/cjs/react-dom.development.js:9073:7)
      at processDispatchQueue (../../node_modules/react-dom/cjs/react-dom.development.js:9086:5)
      at dispatchEventsForPlugins (../../node_modules/react-dom/cjs/react-dom.development.js:9097:3)
      at ../../node_modules/react-dom/cjs/react-dom.development.js:9288:12
      at batchedUpdates$1 (../../node_modules/react-dom/cjs/react-dom.development.js:26179:12)
      at batchedUpdates (../../node_modules/react-dom/cjs/react-dom.development.js:3991:12)
      at dispatchEventForPluginEventSystem (../../node_modules/react-dom/cjs/react-dom.development.js:9287:3)
      at dispatchEventWithEnableCapturePhaseSelectiveHydrationWithoutDiscreteEventReplay (../../node_modules/react-dom/cjs/react-dom.development.js:6465:5)
      at dispatchEvent (../../node_modules/react-dom/cjs/react-dom.development.js:6457:5)
      at dispatchDiscreteEvent (../../node_modules/react-dom/cjs/react-dom.development.js:6430:5)
      at HTMLDivElement.callTheUserObjectsOperation (../../node_modules/jsdom/lib/jsdom/living/generated/EventListener.js:26:30)
      at innerInvokeEventListeners (../../node_modules/jsdom/lib/jsdom/living/events/EventTarget-impl.js:338:25)
      at invokeEventListeners (../../node_modules/jsdom/lib/jsdom/living/events/EventTarget-impl.js:274:3)
      at HTMLTextAreaElementImpl._dispatch (../../node_modules/jsdom/lib/jsdom/living/events/EventTarget-impl.js:221:9)
      at Object.exports.fireFocusEventWithTargetAdjustment (../../node_modules/jsdom/lib/jsdom/living/helpers/focusing.js:103:10)
      at HTMLButtonElementImpl.focus (../../node_modules/jsdom/lib/jsdom/living/nodes/HTMLOrSVGElement-impl.js:55:16)
      at HTMLButtonElement.focus (../../node_modules/jsdom/lib/jsdom/living/generated/HTMLElement.js:119:34)
      at HTMLButtonElement.patchedFocus (../../node_modules/@testing-library/user-event/dist/cjs/document/patchFocus.js:35:26)
      at ../../node_modules/@testing-library/user-event/dist/cjs/event/focus.js:20:40
      at Object.eventWrapper (../../node_modules/@testing-library/dom/dist/config.js:25:23)
      at Object.wrapEvent (../../node_modules/@testing-library/user-event/dist/cjs/event/wrapEvent.js:6:28)
      at Object.focusElement (../../node_modules/@testing-library/user-event/dist/cjs/event/focus.js:20:19)
      at Mouse.down (../../node_modules/@testing-library/user-event/dist/cjs/system/pointer/mouse.js:78:19)
      at PointerHost.press (../../node_modules/@testing-library/user-event/dist/cjs/system/pointer/index.js:40:24)
      at pointerAction (../../node_modules/@testing-library/user-event/dist/cjs/pointer/index.js:51:43)
      at Object.pointer (../../node_modules/@testing-library/user-event/dist/cjs/pointer/index.js:27:15)
      at Object.<anonymous> (src/__tests__/App.test.js:120:5)

  console.error
    Warning: An update to ForwardRef(ButtonBase) inside a test was not wrapped in act(...).
    
    When testing, code that causes React state updates should be wrapped into act(...):
    
    act(() => {
      /* fire events that update state */
    });
    /* assert on the output */
    
    This ensures that you're testing the behavior the user would see in the browser. Learn more at https://reactjs.org/link/wrap-tests-with-act
        at ButtonBase (/workspaces/dajp-ae-bootcamp-session-3/node_modules/@mui/material/ButtonBase/ButtonBase.js:90:59)
        at /workspaces/dajp-ae-bootcamp-session-3/node_modules/@emotion/react/dist/emotion-element-a1829a1e.cjs.js:58:23
        at Button (/workspaces/dajp-ae-bootcamp-session-3/node_modules/@mui/material/Button/Button.js:480:30)
        at div
        at /workspaces/dajp-ae-bootcamp-session-3/node_modules/@emotion/react/dist/emotion-element-a1829a1e.cjs.js:58:23
        at Box (/workspaces/dajp-ae-bootcamp-session-3/node_modules/@mui/system/createBox/createBox.js:27:41)
        at form
        at /workspaces/dajp-ae-bootcamp-session-3/node_modules/@emotion/react/dist/emotion-element-a1829a1e.cjs.js:58:23
        at Box (/workspaces/dajp-ae-bootcamp-session-3/node_modules/@mui/system/createBox/createBox.js:27:41)
        at div
        at /workspaces/dajp-ae-bootcamp-session-3/node_modules/@emotion/react/dist/emotion-element-a1829a1e.cjs.js:58:23
        at Paper (/workspaces/dajp-ae-bootcamp-session-3/node_modules/@mui/material/Paper/Paper.js:75:59)
        at TaskForm (/workspaces/dajp-ae-bootcamp-session-3/packages/frontend/src/TaskForm.js:6:21)
        at div
        at /workspaces/dajp-ae-bootcamp-session-3/node_modules/@emotion/react/dist/emotion-element-a1829a1e.cjs.js:58:23
        at Box (/workspaces/dajp-ae-bootcamp-session-3/node_modules/@mui/system/createBox/createBox.js:27:41)
        at div
        at /workspaces/dajp-ae-bootcamp-session-3/node_modules/@emotion/react/dist/emotion-element-a1829a1e.cjs.js:58:23
        at Container (/workspaces/dajp-ae-bootcamp-session-3/node_modules/@mui/system/Container/createContainer.js:111:19)
        at div
        at /workspaces/dajp-ae-bootcamp-session-3/node_modules/@emotion/react/dist/emotion-element-a1829a1e.cjs.js:58:23
        at Box (/workspaces/dajp-ae-bootcamp-session-3/node_modules/@mui/system/createBox/createBox.js:27:41)
        at App (/workspaces/dajp-ae-bootcamp-session-3/packages/frontend/src/App.js:8:49)

      118 |     await user.type(screen.getByTestId('title-input'), 'New Test Task');
      119 |     await user.type(screen.getByTestId('description-input'), 'Task description');
    > 120 |     await user.click(screen.getByTestId('submit-task'));
          |     ^
      121 |     await waitFor(() => {
      122 |       expect(screen.getByText(/New Test Task/i)).toBeInTheDocument();
      123 |     });

      at printWarning (../../node_modules/react-dom/cjs/react-dom.development.js:86:30)
      at error (../../node_modules/react-dom/cjs/react-dom.development.js:60:7)
      at warnIfUpdatesNotWrappedWithActDEV (../../node_modules/react-dom/cjs/react-dom.development.js:27628:9)
      at scheduleUpdateOnFiber (../../node_modules/react-dom/cjs/react-dom.development.js:25547:5)
      at dispatchSetState (../../node_modules/react-dom/cjs/react-dom.development.js:16708:7)
      at ../../node_modules/@mui/material/ButtonBase/ButtonBase.js:174:7
      at ../../node_modules/@mui/utils/useEventCallback/useEventCallback.js:24:19
      at HTMLUnknownElement.callCallback (../../node_modules/react-dom/cjs/react-dom.development.js:4164:14)
      at HTMLUnknownElement.callTheUserObjectsOperation (../../node_modules/jsdom/lib/jsdom/living/generated/EventListener.js:26:30)
      at innerInvokeEventListeners (../../node_modules/jsdom/lib/jsdom/living/events/EventTarget-impl.js:338:25)
      at invokeEventListeners (../../node_modules/jsdom/lib/jsdom/living/events/EventTarget-impl.js:274:3)
      at HTMLUnknownElementImpl._dispatch (../../node_modules/jsdom/lib/jsdom/living/events/EventTarget-impl.js:221:9)
      at HTMLUnknownElementImpl.dispatchEvent (../../node_modules/jsdom/lib/jsdom/living/events/EventTarget-impl.js:94:17)
      at HTMLUnknownElement.dispatchEvent (../../node_modules/jsdom/lib/jsdom/living/generated/EventTarget.js:231:34)
      at Object.invokeGuardedCallbackDev (../../node_modules/react-dom/cjs/react-dom.development.js:4213:16)
      at invokeGuardedCallback (../../node_modules/react-dom/cjs/react-dom.development.js:4277:31)
      at invokeGuardedCallbackAndCatchFirstError (../../node_modules/react-dom/cjs/react-dom.development.js:4291:25)
      at executeDispatch (../../node_modules/react-dom/cjs/react-dom.development.js:9041:3)
      at processDispatchQueueItemsInOrder (../../node_modules/react-dom/cjs/react-dom.development.js:9073:7)
      at processDispatchQueue (../../node_modules/react-dom/cjs/react-dom.development.js:9086:5)
      at dispatchEventsForPlugins (../../node_modules/react-dom/cjs/react-dom.development.js:9097:3)
      at ../../node_modules/react-dom/cjs/react-dom.development.js:9288:12
      at batchedUpdates$1 (../../node_modules/react-dom/cjs/react-dom.development.js:26179:12)
      at batchedUpdates (../../node_modules/react-dom/cjs/react-dom.development.js:3991:12)
      at dispatchEventForPluginEventSystem (../../node_modules/react-dom/cjs/react-dom.development.js:9287:3)
      at dispatchEventWithEnableCapturePhaseSelectiveHydrationWithoutDiscreteEventReplay (../../node_modules/react-dom/cjs/react-dom.development.js:6465:5)
      at dispatchEvent (../../node_modules/react-dom/cjs/react-dom.development.js:6457:5)
      at dispatchDiscreteEvent (../../node_modules/react-dom/cjs/react-dom.development.js:6430:5)
      at HTMLDivElement.callTheUserObjectsOperation (../../node_modules/jsdom/lib/jsdom/living/generated/EventListener.js:26:30)
      at innerInvokeEventListeners (../../node_modules/jsdom/lib/jsdom/living/events/EventTarget-impl.js:338:25)
      at invokeEventListeners (../../node_modules/jsdom/lib/jsdom/living/events/EventTarget-impl.js:274:3)
      at HTMLButtonElementImpl._dispatch (../../node_modules/jsdom/lib/jsdom/living/events/EventTarget-impl.js:221:9)
      at Object.exports.fireFocusEventWithTargetAdjustment (../../node_modules/jsdom/lib/jsdom/living/helpers/focusing.js:103:10)
      at HTMLButtonElementImpl.focus (../../node_modules/jsdom/lib/jsdom/living/nodes/HTMLOrSVGElement-impl.js:69:14)
      at HTMLButtonElement.focus (../../node_modules/jsdom/lib/jsdom/living/generated/HTMLElement.js:119:34)
      at HTMLButtonElement.patchedFocus (../../node_modules/@testing-library/user-event/dist/cjs/document/patchFocus.js:35:26)
      at ../../node_modules/@testing-library/user-event/dist/cjs/event/focus.js:20:40
      at Object.eventWrapper (../../node_modules/@testing-library/dom/dist/config.js:25:23)
      at Object.wrapEvent (../../node_modules/@testing-library/user-event/dist/cjs/event/wrapEvent.js:6:28)
      at Object.focusElement (../../node_modules/@testing-library/user-event/dist/cjs/event/focus.js:20:19)
      at Mouse.down (../../node_modules/@testing-library/user-event/dist/cjs/system/pointer/mouse.js:78:19)
      at PointerHost.press (../../node_modules/@testing-library/user-event/dist/cjs/system/pointer/index.js:40:24)
      at pointerAction (../../node_modules/@testing-library/user-event/dist/cjs/pointer/index.js:51:43)
      at Object.pointer (../../node_modules/@testing-library/user-event/dist/cjs/pointer/index.js:27:15)
      at Object.<anonymous> (src/__tests__/App.test.js:120:5)

  console.error
    Warning: An update to TransitionGroup inside a test was not wrapped in act(...).
    
    When testing, code that causes React state updates should be wrapped into act(...):
    
    act(() => {
      /* fire events that update state */
    });
    /* assert on the output */
    
    This ensures that you're testing the behavior the user would see in the browser. Learn more at https://reactjs.org/link/wrap-tests-with-act
        at TransitionGroup (/workspaces/dajp-ae-bootcamp-session-3/node_modules/react-transition-group/cjs/TransitionGroup.js:57:30)
        at span
        at /workspaces/dajp-ae-bootcamp-session-3/node_modules/@emotion/react/dist/emotion-element-a1829a1e.cjs.js:58:23
        at TouchRipple (/workspaces/dajp-ae-bootcamp-session-3/node_modules/@mui/material/ButtonBase/TouchRipple.js:134:59)
        at button
        at /workspaces/dajp-ae-bootcamp-session-3/node_modules/@emotion/react/dist/emotion-element-a1829a1e.cjs.js:58:23
        at ButtonBase (/workspaces/dajp-ae-bootcamp-session-3/node_modules/@mui/material/ButtonBase/ButtonBase.js:90:59)
        at /workspaces/dajp-ae-bootcamp-session-3/node_modules/@emotion/react/dist/emotion-element-a1829a1e.cjs.js:58:23
        at Button (/workspaces/dajp-ae-bootcamp-session-3/node_modules/@mui/material/Button/Button.js:480:30)
        at div
        at /workspaces/dajp-ae-bootcamp-session-3/node_modules/@emotion/react/dist/emotion-element-a1829a1e.cjs.js:58:23
        at Box (/workspaces/dajp-ae-bootcamp-session-3/node_modules/@mui/system/createBox/createBox.js:27:41)
        at form
        at /workspaces/dajp-ae-bootcamp-session-3/node_modules/@emotion/react/dist/emotion-element-a1829a1e.cjs.js:58:23
        at Box (/workspaces/dajp-ae-bootcamp-session-3/node_modules/@mui/system/createBox/createBox.js:27:41)
        at div
        at /workspaces/dajp-ae-bootcamp-session-3/node_modules/@emotion/react/dist/emotion-element-a1829a1e.cjs.js:58:23
        at Paper (/workspaces/dajp-ae-bootcamp-session-3/node_modules/@mui/material/Paper/Paper.js:75:59)
        at TaskForm (/workspaces/dajp-ae-bootcamp-session-3/packages/frontend/src/TaskForm.js:6:21)
        at div
        at /workspaces/dajp-ae-bootcamp-session-3/node_modules/@emotion/react/dist/emotion-element-a1829a1e.cjs.js:58:23
        at Box (/workspaces/dajp-ae-bootcamp-session-3/node_modules/@mui/system/createBox/createBox.js:27:41)
        at div
        at /workspaces/dajp-ae-bootcamp-session-3/node_modules/@emotion/react/dist/emotion-element-a1829a1e.cjs.js:58:23
        at Container (/workspaces/dajp-ae-bootcamp-session-3/node_modules/@mui/system/Container/createContainer.js:111:19)
        at div
        at /workspaces/dajp-ae-bootcamp-session-3/node_modules/@emotion/react/dist/emotion-element-a1829a1e.cjs.js:58:23
        at Box (/workspaces/dajp-ae-bootcamp-session-3/node_modules/@mui/system/createBox/createBox.js:27:41)
        at App (/workspaces/dajp-ae-bootcamp-session-3/packages/frontend/src/App.js:8:49)

      at printWarning (../../node_modules/react-dom/cjs/react-dom.development.js:86:30)
      at error (../../node_modules/react-dom/cjs/react-dom.development.js:60:7)
      at warnIfUpdatesNotWrappedWithActDEV (../../node_modules/react-dom/cjs/react-dom.development.js:27628:9)
      at scheduleUpdateOnFiber (../../node_modules/react-dom/cjs/react-dom.development.js:25547:5)
      at Object.enqueueSetState (../../node_modules/react-dom/cjs/react-dom.development.js:17925:7)
      at TransitionGroup.Object.<anonymous>.Component.setState (../../node_modules/react/cjs/react.development.js:354:16)
      at TransitionGroup.componentDidMount (../../node_modules/react-transition-group/cjs/TransitionGroup.js:76:10)
      at commitLayoutEffectOnFiber (../../node_modules/react-dom/cjs/react-dom.development.js:23349:28)
      at commitLayoutMountEffects_complete (../../node_modules/react-dom/cjs/react-dom.development.js:24727:9)
      at commitLayoutEffects_begin (../../node_modules/react-dom/cjs/react-dom.development.js:24713:7)
      at commitLayoutEffects (../../node_modules/react-dom/cjs/react-dom.development.js:24651:3)
      at commitRootImpl (../../node_modules/react-dom/cjs/react-dom.development.js:26862:5)
      at commitRoot (../../node_modules/react-dom/cjs/react-dom.development.js:26721:5)
      at performSyncWorkOnRoot (../../node_modules/react-dom/cjs/react-dom.development.js:26156:3)
      at flushSyncCallbacks (../../node_modules/react-dom/cjs/react-dom.development.js:12042:22)
      at ../../node_modules/react-dom/cjs/react-dom.development.js:25690:13
      at ../../node_modules/jsdom/lib/jsdom/browser/Window.js:550:9

  console.error
    Warning: An update to ForwardRef(FormControl) inside a test was not wrapped in act(...).
    
    When testing, code that causes React state updates should be wrapped into act(...):
    
    act(() => {
      /* fire events that update state */
    });
    /* assert on the output */
    
    This ensures that you're testing the behavior the user would see in the browser. Learn more at https://reactjs.org/link/wrap-tests-with-act
        at FormControl (/workspaces/dajp-ae-bootcamp-session-3/node_modules/@mui/material/FormControl/FormControl.js:104:59)
        at /workspaces/dajp-ae-bootcamp-session-3/node_modules/@emotion/react/dist/emotion-element-a1829a1e.cjs.js:58:23
        at TextField (/workspaces/dajp-ae-bootcamp-session-3/node_modules/@mui/material/TextField/TextField.js:80:59)
        at form
        at /workspaces/dajp-ae-bootcamp-session-3/node_modules/@emotion/react/dist/emotion-element-a1829a1e.cjs.js:58:23
        at Box (/workspaces/dajp-ae-bootcamp-session-3/node_modules/@mui/system/createBox/createBox.js:27:41)
        at div
        at /workspaces/dajp-ae-bootcamp-session-3/node_modules/@emotion/react/dist/emotion-element-a1829a1e.cjs.js:58:23
        at Paper (/workspaces/dajp-ae-bootcamp-session-3/node_modules/@mui/material/Paper/Paper.js:75:59)
        at TaskForm (/workspaces/dajp-ae-bootcamp-session-3/packages/frontend/src/TaskForm.js:6:21)
        at div
        at /workspaces/dajp-ae-bootcamp-session-3/node_modules/@emotion/react/dist/emotion-element-a1829a1e.cjs.js:58:23
        at Box (/workspaces/dajp-ae-bootcamp-session-3/node_modules/@mui/system/createBox/createBox.js:27:41)
        at div
        at /workspaces/dajp-ae-bootcamp-session-3/node_modules/@emotion/react/dist/emotion-element-a1829a1e.cjs.js:58:23
        at Container (/workspaces/dajp-ae-bootcamp-session-3/node_modules/@mui/system/Container/createContainer.js:111:19)
        at div
        at /workspaces/dajp-ae-bootcamp-session-3/node_modules/@emotion/react/dist/emotion-element-a1829a1e.cjs.js:58:23
        at Box (/workspaces/dajp-ae-bootcamp-session-3/node_modules/@mui/system/createBox/createBox.js:27:41)
        at App (/workspaces/dajp-ae-bootcamp-session-3/packages/frontend/src/App.js:8:49)

      at printWarning (../../node_modules/react-dom/cjs/react-dom.development.js:86:30)
      at error (../../node_modules/react-dom/cjs/react-dom.development.js:60:7)
      at warnIfUpdatesNotWrappedWithActDEV (../../node_modules/react-dom/cjs/react-dom.development.js:27628:9)
      at scheduleUpdateOnFiber (../../node_modules/react-dom/cjs/react-dom.development.js:25547:5)
      at dispatchSetState (../../node_modules/react-dom/cjs/react-dom.development.js:16708:7)
      at ../../node_modules/@mui/material/InputBase/InputBase.js:448:22
      at commitHookEffectListMount (../../node_modules/react-dom/cjs/react-dom.development.js:23189:26)
      at commitPassiveMountOnFiber (../../node_modules/react-dom/cjs/react-dom.development.js:24970:11)
      at commitPassiveMountEffects_complete (../../node_modules/react-dom/cjs/react-dom.development.js:24930:9)
      at commitPassiveMountEffects_begin (../../node_modules/react-dom/cjs/react-dom.development.js:24917:7)
      at commitPassiveMountEffects (../../node_modules/react-dom/cjs/react-dom.development.js:24905:3)
      at flushPassiveEffectsImpl (../../node_modules/react-dom/cjs/react-dom.development.js:27078:3)
      at flushPassiveEffects (../../node_modules/react-dom/cjs/react-dom.development.js:27023:14)
      at commitRootImpl (../../node_modules/react-dom/cjs/react-dom.development.js:26974:5)
      at commitRoot (../../node_modules/react-dom/cjs/react-dom.development.js:26721:5)
      at performSyncWorkOnRoot (../../node_modules/react-dom/cjs/react-dom.development.js:26156:3)
      at flushSyncCallbacks (../../node_modules/react-dom/cjs/react-dom.development.js:12042:22)
      at ../../node_modules/react-dom/cjs/react-dom.development.js:25690:13
      at ../../node_modules/jsdom/lib/jsdom/browser/Window.js:550:9

  console.error
    Warning: An update to ForwardRef(TouchRipple) inside a test was not wrapped in act(...).
    
    When testing, code that causes React state updates should be wrapped into act(...):
    
    act(() => {
      /* fire events that update state */
    });
    /* assert on the output */
    
    This ensures that you're testing the behavior the user would see in the browser. Learn more at https://reactjs.org/link/wrap-tests-with-act
        at TouchRipple (/workspaces/dajp-ae-bootcamp-session-3/node_modules/@mui/material/ButtonBase/TouchRipple.js:134:59)
        at button
        at /workspaces/dajp-ae-bootcamp-session-3/node_modules/@emotion/react/dist/emotion-element-a1829a1e.cjs.js:58:23
        at ButtonBase (/workspaces/dajp-ae-bootcamp-session-3/node_modules/@mui/material/ButtonBase/ButtonBase.js:90:59)
        at /workspaces/dajp-ae-bootcamp-session-3/node_modules/@emotion/react/dist/emotion-element-a1829a1e.cjs.js:58:23
        at Button (/workspaces/dajp-ae-bootcamp-session-3/node_modules/@mui/material/Button/Button.js:480:30)
        at div
        at /workspaces/dajp-ae-bootcamp-session-3/node_modules/@emotion/react/dist/emotion-element-a1829a1e.cjs.js:58:23
        at Box (/workspaces/dajp-ae-bootcamp-session-3/node_modules/@mui/system/createBox/createBox.js:27:41)
        at form
        at /workspaces/dajp-ae-bootcamp-session-3/node_modules/@emotion/react/dist/emotion-element-a1829a1e.cjs.js:58:23
        at Box (/workspaces/dajp-ae-bootcamp-session-3/node_modules/@mui/system/createBox/createBox.js:27:41)
        at div
        at /workspaces/dajp-ae-bootcamp-session-3/node_modules/@emotion/react/dist/emotion-element-a1829a1e.cjs.js:58:23
        at Paper (/workspaces/dajp-ae-bootcamp-session-3/node_modules/@mui/material/Paper/Paper.js:75:59)
        at TaskForm (/workspaces/dajp-ae-bootcamp-session-3/packages/frontend/src/TaskForm.js:6:21)
        at div
        at /workspaces/dajp-ae-bootcamp-session-3/node_modules/@emotion/react/dist/emotion-element-a1829a1e.cjs.js:58:23
        at Box (/workspaces/dajp-ae-bootcamp-session-3/node_modules/@mui/system/createBox/createBox.js:27:41)
        at div
        at /workspaces/dajp-ae-bootcamp-session-3/node_modules/@emotion/react/dist/emotion-element-a1829a1e.cjs.js:58:23
        at Container (/workspaces/dajp-ae-bootcamp-session-3/node_modules/@mui/system/Container/createContainer.js:111:19)
        at div
        at /workspaces/dajp-ae-bootcamp-session-3/node_modules/@emotion/react/dist/emotion-element-a1829a1e.cjs.js:58:23
        at Box (/workspaces/dajp-ae-bootcamp-session-3/node_modules/@mui/system/createBox/createBox.js:27:41)
        at App (/workspaces/dajp-ae-bootcamp-session-3/packages/frontend/src/App.js:8:49)

      at printWarning (../../node_modules/react-dom/cjs/react-dom.development.js:86:30)
      at error (../../node_modules/react-dom/cjs/react-dom.development.js:60:7)
      at warnIfUpdatesNotWrappedWithActDEV (../../node_modules/react-dom/cjs/react-dom.development.js:27628:9)
      at scheduleUpdateOnFiber (../../node_modules/react-dom/cjs/react-dom.development.js:25547:5)
      at dispatchSetState (../../node_modules/react-dom/cjs/react-dom.development.js:16708:7)
      at ../../node_modules/@mui/material/ButtonBase/TouchRipple.js:171:5
      at Object.start (../../node_modules/@mui/material/ButtonBase/TouchRipple.js:264:7)
      at ../../node_modules/@mui/material/useLazyRipple/useLazyRipple.js:71:47

  console.error
    Warning: An update to ForwardRef(TouchRipple) inside a test was not wrapped in act(...).
    
    When testing, code that causes React state updates should be wrapped into act(...):
    
    act(() => {
      /* fire events that update state */
    });
    /* assert on the output */
    
    This ensures that you're testing the behavior the user would see in the browser. Learn more at https://reactjs.org/link/wrap-tests-with-act
        at TouchRipple (/workspaces/dajp-ae-bootcamp-session-3/node_modules/@mui/material/ButtonBase/TouchRipple.js:134:59)
        at button
        at /workspaces/dajp-ae-bootcamp-session-3/node_modules/@emotion/react/dist/emotion-element-a1829a1e.cjs.js:58:23
        at ButtonBase (/workspaces/dajp-ae-bootcamp-session-3/node_modules/@mui/material/ButtonBase/ButtonBase.js:90:59)
        at /workspaces/dajp-ae-bootcamp-session-3/node_modules/@emotion/react/dist/emotion-element-a1829a1e.cjs.js:58:23
        at Button (/workspaces/dajp-ae-bootcamp-session-3/node_modules/@mui/material/Button/Button.js:480:30)
        at div
        at /workspaces/dajp-ae-bootcamp-session-3/node_modules/@emotion/react/dist/emotion-element-a1829a1e.cjs.js:58:23
        at Box (/workspaces/dajp-ae-bootcamp-session-3/node_modules/@mui/system/createBox/createBox.js:27:41)
        at form
        at /workspaces/dajp-ae-bootcamp-session-3/node_modules/@emotion/react/dist/emotion-element-a1829a1e.cjs.js:58:23
        at Box (/workspaces/dajp-ae-bootcamp-session-3/node_modules/@mui/system/createBox/createBox.js:27:41)
        at div
        at /workspaces/dajp-ae-bootcamp-session-3/node_modules/@emotion/react/dist/emotion-element-a1829a1e.cjs.js:58:23
        at Paper (/workspaces/dajp-ae-bootcamp-session-3/node_modules/@mui/material/Paper/Paper.js:75:59)
        at TaskForm (/workspaces/dajp-ae-bootcamp-session-3/packages/frontend/src/TaskForm.js:6:21)
        at div
        at /workspaces/dajp-ae-bootcamp-session-3/node_modules/@emotion/react/dist/emotion-element-a1829a1e.cjs.js:58:23
        at Box (/workspaces/dajp-ae-bootcamp-session-3/node_modules/@mui/system/createBox/createBox.js:27:41)
        at div
        at /workspaces/dajp-ae-bootcamp-session-3/node_modules/@emotion/react/dist/emotion-element-a1829a1e.cjs.js:58:23
        at Container (/workspaces/dajp-ae-bootcamp-session-3/node_modules/@mui/system/Container/createContainer.js:111:19)
        at div
        at /workspaces/dajp-ae-bootcamp-session-3/node_modules/@emotion/react/dist/emotion-element-a1829a1e.cjs.js:58:23
        at Box (/workspaces/dajp-ae-bootcamp-session-3/node_modules/@mui/system/createBox/createBox.js:27:41)
        at App (/workspaces/dajp-ae-bootcamp-session-3/packages/frontend/src/App.js:8:49)

      at printWarning (../../node_modules/react-dom/cjs/react-dom.development.js:86:30)
      at error (../../node_modules/react-dom/cjs/react-dom.development.js:60:7)
      at warnIfUpdatesNotWrappedWithActDEV (../../node_modules/react-dom/cjs/react-dom.development.js:27628:9)
      at scheduleUpdateOnFiber (../../node_modules/react-dom/cjs/react-dom.development.js:25547:5)
      at dispatchSetState (../../node_modules/react-dom/cjs/react-dom.development.js:16708:7)
      at ../../node_modules/@mui/material/ButtonBase/TouchRipple.js:171:5
      at ../../node_modules/@mui/material/ButtonBase/TouchRipple.js:264:7
      at Object.pulsate (../../node_modules/@mui/material/ButtonBase/TouchRipple.js:274:5)
      at ../../node_modules/@mui/material/useLazyRipple/useLazyRipple.js:77:47

  console.error
    Warning: An update to ForwardRef(TouchRipple) inside a test was not wrapped in act(...).
    
    When testing, code that causes React state updates should be wrapped into act(...):
    
    act(() => {
      /* fire events that update state */
    });
    /* assert on the output */
    
    This ensures that you're testing the behavior the user would see in the browser. Learn more at https://reactjs.org/link/wrap-tests-with-act
        at TouchRipple (/workspaces/dajp-ae-bootcamp-session-3/node_modules/@mui/material/ButtonBase/TouchRipple.js:134:59)
        at button
        at /workspaces/dajp-ae-bootcamp-session-3/node_modules/@emotion/react/dist/emotion-element-a1829a1e.cjs.js:58:23
        at ButtonBase (/workspaces/dajp-ae-bootcamp-session-3/node_modules/@mui/material/ButtonBase/ButtonBase.js:90:59)
        at /workspaces/dajp-ae-bootcamp-session-3/node_modules/@emotion/react/dist/emotion-element-a1829a1e.cjs.js:58:23
        at Button (/workspaces/dajp-ae-bootcamp-session-3/node_modules/@mui/material/Button/Button.js:480:30)
        at div
        at /workspaces/dajp-ae-bootcamp-session-3/node_modules/@emotion/react/dist/emotion-element-a1829a1e.cjs.js:58:23
        at Box (/workspaces/dajp-ae-bootcamp-session-3/node_modules/@mui/system/createBox/createBox.js:27:41)
        at form
        at /workspaces/dajp-ae-bootcamp-session-3/node_modules/@emotion/react/dist/emotion-element-a1829a1e.cjs.js:58:23
        at Box (/workspaces/dajp-ae-bootcamp-session-3/node_modules/@mui/system/createBox/createBox.js:27:41)
        at div
        at /workspaces/dajp-ae-bootcamp-session-3/node_modules/@emotion/react/dist/emotion-element-a1829a1e.cjs.js:58:23
        at Paper (/workspaces/dajp-ae-bootcamp-session-3/node_modules/@mui/material/Paper/Paper.js:75:59)
        at TaskForm (/workspaces/dajp-ae-bootcamp-session-3/packages/frontend/src/TaskForm.js:6:21)
        at div
        at /workspaces/dajp-ae-bootcamp-session-3/node_modules/@emotion/react/dist/emotion-element-a1829a1e.cjs.js:58:23
        at Box (/workspaces/dajp-ae-bootcamp-session-3/node_modules/@mui/system/createBox/createBox.js:27:41)
        at div
        at /workspaces/dajp-ae-bootcamp-session-3/node_modules/@emotion/react/dist/emotion-element-a1829a1e.cjs.js:58:23
        at Container (/workspaces/dajp-ae-bootcamp-session-3/node_modules/@mui/system/Container/createContainer.js:111:19)
        at div
        at /workspaces/dajp-ae-bootcamp-session-3/node_modules/@emotion/react/dist/emotion-element-a1829a1e.cjs.js:58:23
        at Box (/workspaces/dajp-ae-bootcamp-session-3/node_modules/@mui/system/createBox/createBox.js:27:41)
        at App (/workspaces/dajp-ae-bootcamp-session-3/packages/frontend/src/App.js:8:49)

      at printWarning (../../node_modules/react-dom/cjs/react-dom.development.js:86:30)
      at error (../../node_modules/react-dom/cjs/react-dom.development.js:60:7)
      at warnIfUpdatesNotWrappedWithActDEV (../../node_modules/react-dom/cjs/react-dom.development.js:27628:9)
      at scheduleUpdateOnFiber (../../node_modules/react-dom/cjs/react-dom.development.js:25547:5)
      at dispatchSetState (../../node_modules/react-dom/cjs/react-dom.development.js:16708:7)
      at Object.stop (../../node_modules/@mui/material/ButtonBase/TouchRipple.js:292:5)
      at ../../node_modules/@mui/material/useLazyRipple/useLazyRipple.js:74:47

  console.error
    Warning: An update to App inside a test was not wrapped in act(...).
    
    When testing, code that causes React state updates should be wrapped into act(...):
    
    act(() => {
      /* fire events that update state */
    });
    /* assert on the output */
    
    This ensures that you're testing the behavior the user would see in the browser. Learn more at https://reactjs.org/link/wrap-tests-with-act
        at App (/workspaces/dajp-ae-bootcamp-session-3/packages/frontend/src/App.js:8:49)

      26 |       });
      27 |     }
    > 28 |     setRefreshKey(k => k + 1);
         |     ^
      29 |   };
      30 |
      31 |   const handlePriorityUpdate = async (taskId, priority) => {

      at printWarning (../../node_modules/react-dom/cjs/react-dom.development.js:86:30)
      at error (../../node_modules/react-dom/cjs/react-dom.development.js:60:7)
      at warnIfUpdatesNotWrappedWithActDEV (../../node_modules/react-dom/cjs/react-dom.development.js:27628:9)
      at scheduleUpdateOnFiber (../../node_modules/react-dom/cjs/react-dom.development.js:25547:5)
      at setRefreshKey (../../node_modules/react-dom/cjs/react-dom.development.js:16708:7)
      at handleSave (src/App.js:28:5)
      at handleSubmit (src/TaskForm.js:50:5)

  console.error
    Warning: An update to TaskForm inside a test was not wrapped in act(...).
    
    When testing, code that causes React state updates should be wrapped into act(...):
    
    act(() => {
      /* fire events that update state */
    });
    /* assert on the output */
    
    This ensures that you're testing the behavior the user would see in the browser. Learn more at https://reactjs.org/link/wrap-tests-with-act
        at TaskForm (/workspaces/dajp-ae-bootcamp-session-3/packages/frontend/src/TaskForm.js:6:21)
        at div
        at /workspaces/dajp-ae-bootcamp-session-3/node_modules/@emotion/react/dist/emotion-element-a1829a1e.cjs.js:58:23
        at Box (/workspaces/dajp-ae-bootcamp-session-3/node_modules/@mui/system/createBox/createBox.js:27:41)
        at div
        at /workspaces/dajp-ae-bootcamp-session-3/node_modules/@emotion/react/dist/emotion-element-a1829a1e.cjs.js:58:23
        at Container (/workspaces/dajp-ae-bootcamp-session-3/node_modules/@mui/system/Container/createContainer.js:111:19)
        at div
        at /workspaces/dajp-ae-bootcamp-session-3/node_modules/@emotion/react/dist/emotion-element-a1829a1e.cjs.js:58:23
        at Box (/workspaces/dajp-ae-bootcamp-session-3/node_modules/@mui/system/createBox/createBox.js:27:41)
        at App (/workspaces/dajp-ae-bootcamp-session-3/packages/frontend/src/App.js:8:49)

      49 |     setError(null);
      50 |     await onSave({ title, description, due_date: dueDate, priority });
    > 51 |     setTitle('');
         |     ^
      52 |     setDescription('');
      53 |     setDueDate('');
      54 |     setPriority('P3');

      at printWarning (../../node_modules/react-dom/cjs/react-dom.development.js:86:30)
      at error (../../node_modules/react-dom/cjs/react-dom.development.js:60:7)
      at warnIfUpdatesNotWrappedWithActDEV (../../node_modules/react-dom/cjs/react-dom.development.js:27628:9)
      at scheduleUpdateOnFiber (../../node_modules/react-dom/cjs/react-dom.development.js:25547:5)
      at setTitle (../../node_modules/react-dom/cjs/react-dom.development.js:16708:7)
      at handleSubmit (src/TaskForm.js:51:5)

  console.error
    Warning: An update to TaskForm inside a test was not wrapped in act(...).
    
    When testing, code that causes React state updates should be wrapped into act(...):
    
    act(() => {
      /* fire events that update state */
    });
    /* assert on the output */
    
    This ensures that you're testing the behavior the user would see in the browser. Learn more at https://reactjs.org/link/wrap-tests-with-act
        at TaskForm (/workspaces/dajp-ae-bootcamp-session-3/packages/frontend/src/TaskForm.js:6:21)
        at div
        at /workspaces/dajp-ae-bootcamp-session-3/node_modules/@emotion/react/dist/emotion-element-a1829a1e.cjs.js:58:23
        at Box (/workspaces/dajp-ae-bootcamp-session-3/node_modules/@mui/system/createBox/createBox.js:27:41)
        at div
        at /workspaces/dajp-ae-bootcamp-session-3/node_modules/@emotion/react/dist/emotion-element-a1829a1e.cjs.js:58:23
        at Container (/workspaces/dajp-ae-bootcamp-session-3/node_modules/@mui/system/Container/createContainer.js:111:19)
        at div
        at /workspaces/dajp-ae-bootcamp-session-3/node_modules/@emotion/react/dist/emotion-element-a1829a1e.cjs.js:58:23
        at Box (/workspaces/dajp-ae-bootcamp-session-3/node_modules/@mui/system/createBox/createBox.js:27:41)
        at App (/workspaces/dajp-ae-bootcamp-session-3/packages/frontend/src/App.js:8:49)

      50 |     await onSave({ title, description, due_date: dueDate, priority });
      51 |     setTitle('');
    > 52 |     setDescription('');
         |     ^
      53 |     setDueDate('');
      54 |     setPriority('P3');
      55 |   };

      at printWarning (../../node_modules/react-dom/cjs/react-dom.development.js:86:30)
      at error (../../node_modules/react-dom/cjs/react-dom.development.js:60:7)
      at warnIfUpdatesNotWrappedWithActDEV (../../node_modules/react-dom/cjs/react-dom.development.js:27628:9)
      at scheduleUpdateOnFiber (../../node_modules/react-dom/cjs/react-dom.development.js:25547:5)
      at setDescription (../../node_modules/react-dom/cjs/react-dom.development.js:16708:7)
      at handleSubmit (src/TaskForm.js:52:5)

  console.error
    Warning: An update to TaskForm inside a test was not wrapped in act(...).
    
    When testing, code that causes React state updates should be wrapped into act(...):
    
    act(() => {
      /* fire events that update state */
    });
    /* assert on the output */
    
    This ensures that you're testing the behavior the user would see in the browser. Learn more at https://reactjs.org/link/wrap-tests-with-act
        at TaskForm (/workspaces/dajp-ae-bootcamp-session-3/packages/frontend/src/TaskForm.js:6:21)
        at div
        at /workspaces/dajp-ae-bootcamp-session-3/node_modules/@emotion/react/dist/emotion-element-a1829a1e.cjs.js:58:23
        at Box (/workspaces/dajp-ae-bootcamp-session-3/node_modules/@mui/system/createBox/createBox.js:27:41)
        at div
        at /workspaces/dajp-ae-bootcamp-session-3/node_modules/@emotion/react/dist/emotion-element-a1829a1e.cjs.js:58:23
        at Container (/workspaces/dajp-ae-bootcamp-session-3/node_modules/@mui/system/Container/createContainer.js:111:19)
        at div
        at /workspaces/dajp-ae-bootcamp-session-3/node_modules/@emotion/react/dist/emotion-element-a1829a1e.cjs.js:58:23
        at Box (/workspaces/dajp-ae-bootcamp-session-3/node_modules/@mui/system/createBox/createBox.js:27:41)
        at App (/workspaces/dajp-ae-bootcamp-session-3/packages/frontend/src/App.js:8:49)

      51 |     setTitle('');
      52 |     setDescription('');
    > 53 |     setDueDate('');
         |     ^
      54 |     setPriority('P3');
      55 |   };
      56 |

      at printWarning (../../node_modules/react-dom/cjs/react-dom.development.js:86:30)
      at error (../../node_modules/react-dom/cjs/react-dom.development.js:60:7)
      at warnIfUpdatesNotWrappedWithActDEV (../../node_modules/react-dom/cjs/react-dom.development.js:27628:9)
      at scheduleUpdateOnFiber (../../node_modules/react-dom/cjs/react-dom.development.js:25547:5)
      at setDueDate (../../node_modules/react-dom/cjs/react-dom.development.js:16708:7)
      at handleSubmit (src/TaskForm.js:53:5)

  console.error
    Warning: An update to TaskForm inside a test was not wrapped in act(...).
    
    When testing, code that causes React state updates should be wrapped into act(...):
    
    act(() => {
      /* fire events that update state */
    });
    /* assert on the output */
    
    This ensures that you're testing the behavior the user would see in the browser. Learn more at https://reactjs.org/link/wrap-tests-with-act
        at TaskForm (/workspaces/dajp-ae-bootcamp-session-3/packages/frontend/src/TaskForm.js:6:21)
        at div
        at /workspaces/dajp-ae-bootcamp-session-3/node_modules/@emotion/react/dist/emotion-element-a1829a1e.cjs.js:58:23
        at Box (/workspaces/dajp-ae-bootcamp-session-3/node_modules/@mui/system/createBox/createBox.js:27:41)
        at div
        at /workspaces/dajp-ae-bootcamp-session-3/node_modules/@emotion/react/dist/emotion-element-a1829a1e.cjs.js:58:23
        at Container (/workspaces/dajp-ae-bootcamp-session-3/node_modules/@mui/system/Container/createContainer.js:111:19)
        at div
        at /workspaces/dajp-ae-bootcamp-session-3/node_modules/@emotion/react/dist/emotion-element-a1829a1e.cjs.js:58:23
        at Box (/workspaces/dajp-ae-bootcamp-session-3/node_modules/@mui/system/createBox/createBox.js:27:41)
        at App (/workspaces/dajp-ae-bootcamp-session-3/packages/frontend/src/App.js:8:49)

      52 |     setDescription('');
      53 |     setDueDate('');
    > 54 |     setPriority('P3');
         |     ^
      55 |   };
      56 |
      57 |   return (

      at printWarning (../../node_modules/react-dom/cjs/react-dom.development.js:86:30)
      at error (../../node_modules/react-dom/cjs/react-dom.development.js:60:7)
      at warnIfUpdatesNotWrappedWithActDEV (../../node_modules/react-dom/cjs/react-dom.development.js:27628:9)
      at scheduleUpdateOnFiber (../../node_modules/react-dom/cjs/react-dom.development.js:25547:5)
      at setPriority (../../node_modules/react-dom/cjs/react-dom.development.js:16708:7)
      at handleSubmit (src/TaskForm.js:54:5)

PASS src/__tests__/App.test.js
  TODO App
    ✓ renders the main UI (169 ms)
    ✓ loads and displays tasks (189 ms)
    ✓ adds a new task (1666 ms)
    ✓ handles API error (36 ms)
    ✓ shows empty state when no tasks (83 ms)

-------------|---------|----------|---------|---------|---------------------------
File         | % Stmts | % Branch | % Funcs | % Lines | Uncovered Line #s         
-------------|---------|----------|---------|---------|---------------------------
All files    |   64.64 |       75 |   57.69 |   65.21 |                           
 App.js      |   64.28 |       50 |      60 |   66.66 | 14-19,32-37               
 TaskForm.js |   59.52 |    52.94 |   66.66 |   60.97 | 15-25,31-34,46-47,132,158 
 TaskList.js |   69.76 |    97.22 |      50 |   69.23 | 46-54,59-63,156,213-277   
-------------|---------|----------|---------|---------|---------------------------
Test Suites: 1 passed, 1 total
Tests:       5 passed, 5 total
Snapshots:   0 total
Time:        4.407 s, estimated 5 s
Ran all test suites.
npm warn Unknown cli config "--watchAll". This will stop working in the next major version of npm.

> copilot-bootcamp@1.0.0 test:backend
> npm run test --workspace=backend


> backend@1.0.0 test
> jest --detectOpenHandles

  console.log
    In-memory database initialized for TODO tasks

      at Object.log (src/app.js:58:9)

[0mPOST /api/tasks [32m201[0m 1.776 ms - 145[0m
[0mGET /api/tasks [32m200[0m 0.936 ms - 147[0m
[0mGET /api/tasks/1 [32m200[0m 0.505 ms - 145[0m
[0mPUT /api/tasks/1 [32m200[0m 0.480 ms - 144[0m
[0mPATCH /api/tasks/1 [32m200[0m 0.425 ms - 144[0m
[0mDELETE /api/tasks/1 [32m204[0m 0.294 ms - -[0m
PASS __tests__/tasks.test.js
  Tasks API
    ✓ should create a new task (101 ms)
    ✓ should get all tasks (21 ms)
    ✓ should get a single task by id (13 ms)
    ✓ should update a task (12 ms)
    ✓ should mark a task as completed (12 ms)
    ✓ should delete a task (11 ms)

----------|---------|----------|---------|---------|--------------------------------------------------------------------------------------
File      | % Stmts | % Branch | % Funcs | % Lines | Uncovered Line #s                                                                    
----------|---------|----------|---------|---------|--------------------------------------------------------------------------------------
All files |   61.68 |    48.14 |    87.5 |    64.7 |                                                                                      
 app.js   |   61.68 |    48.14 |    87.5 |    64.7 | 67-68,71-72,89-90,99,107-108,119-120,129,138-139,145-157,169,173-180,186-187,199-200 
----------|---------|----------|---------|---------|--------------------------------------------------------------------------------------
Test Suites: 1 passed, 1 total
Tests:       6 passed, 6 total
Snapshots:   0 total
Time:        0.832 s, estimated 1 s
Ran all test suites.
